Build started 08/05/26 5:35:44 AM.
     1>Project "D:\AB3\clnsr_prjct\CleanserBlazorUI\CleanserBlazorUI.csproj" on node 1 (Restore target(s)).
     1>_GetAllRestoreProjectPathItems:
         Determining projects to restore...
       Restore:
         X.509 certificate chain validation will use the default trust store selected by .NET for code signing.
         X.509 certificate chain validation will use the default trust store selected by .NET for timestamping.
         Restoring packages for D:\AB3\clnsr_prjct\CleanserBlazorUI\CleanserBlazorUI.csproj...
         Restoring packages for D:\AB3\clnsr_prjct\CleanserMonitor\CleanserMonitor.ServiceDefaults\CleanserMonitor.ServiceDefaults.csproj...
           GET https://api.nuget.org/v3/vulnerabilities/index.json
           OK https://api.nuget.org/v3/vulnerabilities/index.json 201ms
           GET https://api.nuget.org/v3-vulnerabilities/2026.08.04.11.53.37/vulnerability.base.json
           GET https://api.nuget.org/v3-vulnerabilities/2026.08.04.11.53.37/2026.08.04.23.53.39/vulnerability.update.json
           OK https://api.nuget.org/v3-vulnerabilities/2026.08.04.11.53.37/vulnerability.base.json 199ms
           OK https://api.nuget.org/v3-vulnerabilities/2026.08.04.11.53.37/2026.08.04.23.53.39/vulnerability.update.json 236ms
     1>D:\AB3\clnsr_prjct\CleanserMonitor\CleanserMonitor.ServiceDefaults\CleanserMonitor.ServiceDefaults.csproj : warning NU1902: Package 'OpenTelemetry.Exporter.OpenTelemetryProtocol' 1.12.0 has a known moderate severity vulnerability, https://github.com/advisories/GHSA-4625-4j76-fww9 [D:\AB3\clnsr_prjct\CleanserBlazorUI\CleanserBlazorUI.csproj]
         Generating MSBuild file D:\AB3\clnsr_prjct\CleanserMonitor\CleanserMonitor.ServiceDefaults\obj\CleanserMonitor.ServiceDefaults.csproj.nuget.g.props.
         Writing assets file to disk. Path: D:\AB3\clnsr_prjct\CleanserMonitor\CleanserMonitor.ServiceDefaults\obj\project.assets.json
         Restored D:\AB3\clnsr_prjct\CleanserMonitor\CleanserMonitor.ServiceDefaults\CleanserMonitor.ServiceDefaults.csproj (in 1.76 sec).
         Generating MSBuild file D:\AB3\clnsr_prjct\CleanserBlazorUI\obj\CleanserBlazorUI.csproj.nuget.g.props.
         Writing assets file to disk. Path: D:\AB3\clnsr_prjct\CleanserBlazorUI\obj\project.assets.json
         Restored D:\AB3\clnsr_prjct\CleanserBlazorUI\CleanserBlazorUI.csproj (in 1.89 sec).
         
         NuGet Config files used:
             C:\Users\AAddy\AppData\Roaming\NuGet\NuGet.Config
         
         Feeds used:
             https://api.nuget.org/v3/index.json
     1>Done Building Project "D:\AB3\clnsr_prjct\CleanserBlazorUI\CleanserBlazorUI.csproj" (Restore target(s)).
   1:7>Project "D:\AB3\clnsr_prjct\CleanserBlazorUI\CleanserBlazorUI.csproj" on node 1 (default targets).
   1:7>Project "D:\AB3\clnsr_prjct\CleanserBlazorUI\CleanserBlazorUI.csproj" (1:7) is building "D:\AB3\clnsr_prjct\CleanserMonitor\CleanserMonitor.ServiceDefaults\CleanserMonitor.ServiceDefaults.csproj" (2:6) on node 1 (default targets).
     2>D:\AB3\clnsr_prjct\CleanserMonitor\CleanserMonitor.ServiceDefaults\CleanserMonitor.ServiceDefaults.csproj : warning NU1902: Package 'OpenTelemetry.Exporter.OpenTelemetryProtocol' 1.12.0 has a known moderate severity vulnerability, https://github.com/advisories/GHSA-4625-4j76-fww9
     2>GenerateTargetFrameworkMonikerAttribute:
       Skipping target "GenerateTargetFrameworkMonikerAttribute" because all output files are up-to-date with respect to the input files.
       _GenerateSourceLinkFile:
         Updating Source Link file 'obj\Debug\net9.0\CleanserMonitor.ServiceDefaults.sourcelink.json'.
       CoreCompile:
         C:\Program Files\dotnet\dotnet.exe exec "C:\Program Files\dotnet\sdk\9.0.316\Roslyn\bincore\csc.dll" /noconfig /unsafe- /checked- /nowarn:1701,1702,1701,1702 /fullpaths /nostdlib+ /errorreport:prompt /warn:9 /define:TRACE;DEBUG;NET;NET9_0;NETCOREAPP;NET5_0_OR_GREATER;NET6_0_OR_GREATER;NET7_0_OR_GREATER;NET8_0_OR_GREATER;NET9_0_OR_GREATER;NETCOREAPP1_0_OR_GREATER;NETCOREAPP1_1_OR_GREATER;NETCOREAPP2_0_OR_GREATER;NETCOREAPP2_1_OR_GREATER;NETCOREAPP2_2_OR_GREATER;NETCOREAPP3_0_OR_GREATER;NETCOREAPP3_1_OR_GREATER /highentropyva+ /nullable:enable /reference:"C:\Program Files\dotnet\packs\Microsoft.AspNetCore.App.Ref\9.0.18\ref\net9.0\Microsoft.AspNetCore.Antiforgery.dll" /reference:"C:\Program Files\dotnet\packs\Microsoft.AspNetCore.App.Ref\9.0.18\ref\net9.0\Microsoft.AspNetCore.Authentication.Abstractions.dll" /reference:"C:\Program Files\dotnet\packs\Microsoft.AspNetCore.App.Ref\9.0.18\ref\net9.0\Microsoft.AspNetCore.Authentication.BearerToken.dll" /reference:"C:\Program Files\dotnet\packs\Microsoft.AspNetCore.App.Ref\9.0.18\ref\net9.0\Microsoft.AspNetCore.Authentication.Cookies.dll" /reference:"C:\Program Files\dotnet\packs\Microsoft.AspNetCore.App.Ref\9.0.18\ref\net9.0\Microsoft.AspNetCore.Authentication.Core.dll" /reference:"C:\Program Files\dotnet\packs\Microsoft.AspNetCore.App.Ref\9.0.18\ref\net9.0\Microsoft.AspNetCore.Authentication.dll" /reference:"C:\Program Files\dotnet\packs\Microsoft.AspNetCore.App.Ref\9.0.18\ref\net9.0\Microsoft.AspNetCore.Authentication.OAuth.dll" /reference:"C:\Program Files\dotnet\packs\Microsoft.AspNetCore.App.Ref\9.0.18\ref\net9.0\Microsoft.AspNetCore.Authorization.dll" /reference:"C:\Program Files\dotnet\packs\Microsoft.AspNetCore.App.Ref\9.0.18\ref\net9.0\Microsoft.AspNetCore.Authorization.Policy.dll" /reference:"C:\Program Files\dotnet\packs\Microsoft.AspNetCore.App.Ref\9.0.18\ref\net9.0\Microsoft.AspNetCore.Components.Authorization.dll" /reference:"C:\Program Files\dotnet\packs\Microsoft.AspNetCore.App.Ref\9.0.18\ref\net9.0\Microsoft.AspNetCore.Components.dll" /reference:"C:\Program Files\dotnet\packs\Microsoft.AspNetCore.App.Ref\9.0.18\ref\net9.0\Microsoft.AspNetCore.Components.Endpoints.dll" /reference:"C:\Program Files\dotnet\packs\Microsoft.AspNetCore.App.Ref\9.0.18\ref\net9.0\Microsoft.AspNetCore.Components.Forms.dll" /reference:"C:\Program Files\dotnet\packs\Microsoft.AspNetCore.App.Ref\9.0.18\ref\net9.0\Microsoft.AspNetCore.Components.Server.dll" /reference:"C:\Program Files\dotnet\packs\Microsoft.AspNetCore.App.Ref\9.0.18\ref\net9.0\Microsoft.AspNetCore.Components.Web.dll" /reference:"C:\Program Files\dotnet\packs\Microsoft.AspNetCore.App.Ref\9.0.18\ref\net9.0\Microsoft.AspNetCore.Connections.Abstractions.dll" /reference:"C:\Program Files\dotnet\packs\Microsoft.AspNetCore.App.Ref\9.0.18\ref\net9.0\Microsoft.AspNetCore.CookiePolicy.dll" /reference:"C:\Program Files\dotnet\packs\Microsoft.AspNetCore.App.Ref\9.0.18\ref\net9.0\Microsoft.AspNetCore.Cors.dll" /reference:"C:\Program Files\dotnet\packs\Microsoft.AspNetCore.App.Ref\9.0.18\ref\net9.0\Microsoft.AspNetCore.Cryptography.Internal.dll" /reference:"C:\Program Files\dotnet\packs\Microsoft.AspNetCore.App.Ref\9.0.18\ref\net9.0\Microsoft.AspNetCore.Cryptography.KeyDerivation.dll" /reference:"C:\Program Files\dotnet\packs\Microsoft.AspNetCore.App.Ref\9.0.18\ref\net9.0\Microsoft.AspNetCore.DataProtection.Abstractions.dll" /reference:"C:\Program Files\dotnet\packs\Microsoft.AspNetCore.App.Ref\9.0.18\ref\net9.0\Microsoft.AspNetCore.DataProtection.dll" /reference:"C:\Program Files\dotnet\packs\Microsoft.AspNetCore.App.Ref\9.0.18\ref\net9.0\Microsoft.AspNetCore.DataProtection.Extensions.dll" /reference:"C:\Program Files\dotnet\packs\Microsoft.AspNetCore.App.Ref\9.0.18\ref\net9.0\Microsoft.AspNetCore.Diagnostics.Abstractions.dll" /reference:"C:\Program Files\dotnet\packs\Microsoft.AspNetCore.App.Ref\9.0.18\ref\net9.0\Microsoft.AspNetCore.Diagnostics.dll" /reference:"C:\Program Files\dotnet\packs\Microsoft.AspNetCore.App.Ref\9.0.18\ref\net9.0\Microsoft.AspNetCore.Diagnostics.HealthChecks.dll" /reference:"C:\Program Files\dotnet\packs\Microsoft.AspNetCore.App.Ref\9.0.18\ref\net9.0\Microsoft.AspNetCore.dll" /reference:"C:\Program Files\dotnet\packs\Microsoft.AspNetCore.App.Ref\9.0.18\ref\net9.0\Microsoft.AspNetCore.HostFiltering.dll" /reference:"C:\Program Files\dotnet\packs\Microsoft.AspNetCore.App.Ref\9.0.18\ref\net9.0\Microsoft.AspNetCore.Hosting.Abstractions.dll" /reference:"C:\Program Files\dotnet\packs\Microsoft.AspNetCore.App.Ref\9.0.18\ref\net9.0\Microsoft.AspNetCore.Hosting.dll" /reference:"C:\Program Files\dotnet\packs\Microsoft.AspNetCore.App.Ref\9.0.18\ref\net9.0\Microsoft.AspNetCore.Hosting.Server.Abstractions.dll" /reference:"C:\Program Files\dotnet\packs\Microsoft.AspNetCore.App.Ref\9.0.18\ref\net9.0\Microsoft.AspNetCore.Html.Abstractions.dll" /reference:"C:\Program Files\dotnet\packs\Microsoft.AspNetCore.App.Ref\9.0.18\ref\net9.0\Microsoft.AspNetCore.Http.Abstractions.dll" /reference:"C:\Program Files\dotnet\packs\Microsoft.AspNetCore.App.Ref\9.0.18\ref\net9.0\Microsoft.AspNetCore.Http.Connections.Common.dll" /reference:"C:\Program Files\dotnet\packs\Microsoft.AspNetCore.App.Ref\9.0.18\ref\net9.0\Microsoft.AspNetCore.Http.Connections.dll" /reference:"C:\Program Files\dotnet\packs\Microsoft.AspNetCore.App.Ref\9.0.18\ref\net9.0\Microsoft.AspNetCore.Http.dll" /reference:"C:\Program Files\dotnet\packs\Microsoft.AspNetCore.App.Ref\9.0.18\ref\net9.0\Microsoft.AspNetCore.Http.Extensions.dll" /reference:"C:\Program Files\dotnet\packs\Microsoft.AspNetCore.App.Ref\9.0.18\ref\net9.0\Microsoft.AspNetCore.Http.Features.dll" /reference:"C:\Program Files\dotnet\packs\Microsoft.AspNetCore.App.Ref\9.0.18\ref\net9.0\Microsoft.AspNetCore.Http.Results.dll" /reference:"C:\Program Files\dotnet\packs\Microsoft.AspNetCore.App.Ref\9.0.18\ref\net9.0\Microsoft.AspNetCore.HttpLogging.dll" /reference:"C:\Program Files\dotnet\packs\Microsoft.AspNetCore.App.Ref\9.0.18\ref\net9.0\Microsoft.AspNetCore.HttpOverrides.dll" /reference:"C:\Program Files\dotnet\packs\Microsoft.AspNetCore.App.Ref\9.0.18\ref\net9.0\Microsoft.AspNetCore.HttpsPolicy.dll" /reference:"C:\Program Files\dotnet\packs\Microsoft.AspNetCore.App.Ref\9.0.18\ref\net9.0\Microsoft.AspNetCore.Identity.dll" /reference:"C:\Program Files\dotnet\packs\Microsoft.AspNetCore.App.Ref\9.0.18\ref\net9.0\Microsoft.AspNetCore.Localization.dll" /reference:"C:\Program Files\dotnet\packs\Microsoft.AspNetCore.App.Ref\9.0.18\ref\net9.0\Microsoft.AspNetCore.Localization.Routing.dll" /reference:"C:\Program Files\dotnet\packs\Microsoft.AspNetCore.App.Ref\9.0.18\ref\net9.0\Microsoft.AspNetCore.Metadata.dll" /reference:"C:\Program Files\dotnet\packs\Microsoft.AspNetCore.App.Ref\9.0.18\ref\net9.0\Microsoft.AspNetCore.Mvc.Abstractions.dll" /reference:"C:\Program Files\dotnet\packs\Microsoft.AspNetCore.App.Ref\9.0.18\ref\net9.0\Microsoft.AspNetCore.Mvc.ApiExplorer.dll" /reference:"C:\Program Files\dotnet\packs\Microsoft.AspNetCore.App.Ref\9.0.18\ref\net9.0\Microsoft.AspNetCore.Mvc.Core.dll" /reference:"C:\Program Files\dotnet\packs\Microsoft.AspNetCore.App.Ref\9.0.18\ref\net9.0\Microsoft.AspNetCore.Mvc.Cors.dll" /reference:"C:\Program Files\dotnet\packs\Microsoft.AspNetCore.App.Ref\9.0.18\ref\net9.0\Microsoft.AspNetCore.Mvc.DataAnnotations.dll" /reference:"C:\Program Files\dotnet\packs\Microsoft.AspNetCore.App.Ref\9.0.18\ref\net9.0\Microsoft.AspNetCore.Mvc.dll" /reference:"C:\Program Files\dotnet\packs\Microsoft.AspNetCore.App.Ref\9.0.18\ref\net9.0\Microsoft.AspNetCore.Mvc.Formatters.Json.dll" /reference:"C:\Program Files\dotnet\packs\Microsoft.AspNetCore.App.Ref\9.0.18\ref\net9.0\Microsoft.AspNetCore.Mvc.Formatters.Xml.dll" /reference:"C:\Program Files\dotnet\packs\Microsoft.AspNetCore.App.Ref\9.0.18\ref\net9.0\Microsoft.AspNetCore.Mvc.Localization.dll" /reference:"C:\Program Files\dotnet\packs\Microsoft.AspNetCore.App.Ref\9.0.18\ref\net9.0\Microsoft.AspNetCore.Mvc.Razor.dll" /reference:"C:\Program Files\dotnet\packs\Microsoft.AspNetCore.App.Ref\9.0.18\ref\net9.0\Microsoft.AspNetCore.Mvc.RazorPages.dll" /reference:"C:\Program Files\dotnet\packs\Microsoft.AspNetCore.App.Ref\9.0.18\ref\net9.0\Microsoft.AspNetCore.Mvc.TagHelpers.dll" /reference:"C:\Program Files\dotnet\packs\Microsoft.AspNetCore.App.Ref\9.0.18\ref\net9.0\Microsoft.AspNetCore.Mvc.ViewFeatures.dll" /reference:"C:\Program Files\dotnet\packs\Microsoft.AspNetCore.App.Ref\9.0.18\ref\net9.0\Microsoft.AspNetCore.OutputCaching.dll" /reference:"C:\Program Files\dotnet\packs\Microsoft.AspNetCore.App.Ref\9.0.18\ref\net9.0\Microsoft.AspNetCore.RateLimiting.dll" /reference:"C:\Program Files\dotnet\packs\Microsoft.AspNetCore.App.Ref\9.0.18\ref\net9.0\Microsoft.AspNetCore.Razor.dll" /reference:"C:\Program Files\dotnet\packs\Microsoft.AspNetCore.App.Ref\9.0.18\ref\net9.0\Microsoft.AspNetCore.Razor.Runtime.dll" /reference:"C:\Program Files\dotnet\packs\Microsoft.AspNetCore.App.Ref\9.0.18\ref\net9.0\Microsoft.AspNetCore.RequestDecompression.dll" /reference:"C:\Program Files\dotnet\packs\Microsoft.AspNetCore.App.Ref\9.0.18\ref\net9.0\Microsoft.AspNetCore.ResponseCaching.Abstractions.dll" /reference:"C:\Program Files\dotnet\packs\Microsoft.AspNetCore.App.Ref\9.0.18\ref\net9.0\Microsoft.AspNetCore.ResponseCaching.dll" /reference:"C:\Program Files\dotnet\packs\Microsoft.AspNetCore.App.Ref\9.0.18\ref\net9.0\Microsoft.AspNetCore.ResponseCompression.dll" /reference:"C:\Program Files\dotnet\packs\Microsoft.AspNetCore.App.Ref\9.0.18\ref\net9.0\Microsoft.AspNetCore.Rewrite.dll" /reference:"C:\Program Files\dotnet\packs\Microsoft.AspNetCore.App.Ref\9.0.18\ref\net9.0\Microsoft.AspNetCore.Routing.Abstractions.dll" /reference:"C:\Program Files\dotnet\packs\Microsoft.AspNetCore.App.Ref\9.0.18\ref\net9.0\Microsoft.AspNetCore.Routing.dll" /reference:"C:\Program Files\dotnet\packs\Microsoft.AspNetCore.App.Ref\9.0.18\ref\net9.0\Microsoft.AspNetCore.Server.HttpSys.dll" /reference:"C:\Program Files\dotnet\packs\Microsoft.AspNetCore.App.Ref\9.0.18\ref\net9.0\Microsoft.AspNetCore.Server.IIS.dll" /reference:"C:\Program Files\dotnet\packs\Microsoft.AspNetCore.App.Ref\9.0.18\ref\net9.0\Microsoft.AspNetCore.Server.IISIntegration.dll" /reference:"C:\Program Files\dotnet\packs\Microsoft.AspNetCore.App.Ref\9.0.18\ref\net9.0\Microsoft.AspNetCore.Server.Kestrel.Core.dll" /reference:"C:\Program Files\dotnet\packs\Microsoft.AspNetCore.App.Ref\9.0.18\ref\net9.0\Microsoft.AspNetCore.Server.Kestrel.dll" /reference:"C:\Program Files\dotnet\packs\Microsoft.AspNetCore.App.Ref\9.0.18\ref\net9.0\Microsoft.AspNetCore.Server.Kestrel.Transport.NamedPipes.dll" /reference:"C:\Program Files\dotnet\packs\Microsoft.AspNetCore.App.Ref\9.0.18\ref\net9.0\Microsoft.AspNetCore.Server.Kestrel.Transport.Quic.dll" /reference:"C:\Program Files\dotnet\packs\Microsoft.AspNetCore.App.Ref\9.0.18\ref\net9.0\Microsoft.AspNetCore.Server.Kestrel.Transport.Sockets.dll" /reference:"C:\Program Files\dotnet\packs\Microsoft.AspNetCore.App.Ref\9.0.18\ref\net9.0\Microsoft.AspNetCore.Session.dll" /reference:"C:\Program Files\dotnet\packs\Microsoft.AspNetCore.App.Ref\9.0.18\ref\net9.0\Microsoft.AspNetCore.SignalR.Common.dll" /reference:"C:\Program Files\dotnet\packs\Microsoft.AspNetCore.App.Ref\9.0.18\ref\net9.0\Microsoft.AspNetCore.SignalR.Core.dll" /reference:"C:\Program Files\dotnet\packs\Microsoft.AspNetCore.App.Ref\9.0.18\ref\net9.0\Microsoft.AspNetCore.SignalR.dll" /reference:"C:\Program Files\dotnet\packs\Microsoft.AspNetCore.App.Ref\9.0.18\ref\net9.0\Microsoft.AspNetCore.SignalR.Protocols.Json.dll" /reference:"C:\Program Files\dotnet\packs\Microsoft.AspNetCore.App.Ref\9.0.18\ref\net9.0\Microsoft.AspNetCore.StaticAssets.dll" /reference:"C:\Program Files\dotnet\packs\Microsoft.AspNetCore.App.Ref\9.0.18\ref\net9.0\Microsoft.AspNetCore.StaticFiles.dll" /reference:"C:\Program Files\dotnet\packs\Microsoft.AspNetCore.App.Ref\9.0.18\ref\net9.0\Microsoft.AspNetCore.WebSockets.dll" /reference:"C:\Program Files\dotnet\packs\Microsoft.AspNetCore.App.Ref\9.0.18\ref\net9.0\Microsoft.AspNetCore.WebUtilities.dll" /reference:"C:\Program Files\dotnet\packs\Microsoft.NETCore.App.Ref\9.0.18\ref\net9.0\Microsoft.CSharp.dll" /reference:C:\Users\AAddy\.nuget\packages\microsoft.extensions.ambientmetadata.application\9.7.0\lib\net9.0\Microsoft.Extensions.AmbientMetadata.Application.dll /reference:"C:\Program Files\dotnet\packs\Microsoft.AspNetCore.App.Ref\9.0.18\ref\net9.0\Microsoft.Extensions.Caching.Abstractions.dll" /reference:"C:\Program Files\dotnet\packs\Microsoft.AspNetCore.App.Ref\9.0.18\ref\net9.0\Microsoft.Extensions.Caching.Memory.dll" /reference:C:\Users\AAddy\.nuget\packages\microsoft.extensions.compliance.abstractions\9.7.0\lib\net9.0\Microsoft.Extensions.Compliance.Abstractions.dll /reference:"C:\Program Files\dotnet\packs\Microsoft.AspNetCore.App.Ref\9.0.18\ref\net9.0\Microsoft.Extensions.Configuration.Abstractions.dll" /reference:"C:\Program Files\dotnet\packs\Microsoft.AspNetCore.App.Ref\9.0.18\ref\net9.0\Microsoft.Extensions.Configuration.Binder.dll" /reference:"C:\Program Files\dotnet\packs\Microsoft.AspNetCore.App.Ref\9.0.18\ref\net9.0\Microsoft.Extensions.Configuration.CommandLine.dll" /reference:"C:\Program Files\dotnet\packs\Microsoft.AspNetCore.App.Ref\9.0.18\ref\net9.0\Microsoft.Extensions.Configuration.dll" /reference:"C:\Program Files\dotnet\packs\Microsoft.AspNetCore.App.Ref\9.0.18\ref\net9.0\Microsoft.Extensions.Configuration.EnvironmentVariables.dll" /reference:"C:\Program Files\dotnet\packs\Microsoft.AspNetCore.App.Ref\9.0.18\ref\net9.0\Microsoft.Extensions.Configuration.FileExtensions.dll" /reference:"C:\Program Files\dotnet\packs\Microsoft.AspNetCore.App.Ref\9.0.18\ref\net9.0\Microsoft.Extensions.Configuration.Ini.dll" /reference:"C:\Program Files\dotnet\packs\Microsoft.AspNetCore.App.Ref\9.0.18\ref\net9.0\Microsoft.Extensions.Configuration.Json.dll" /reference:"C:\Program Files\dotnet\packs\Microsoft.AspNetCore.App.Ref\9.0.18\ref\net9.0\Microsoft.Extensions.Configuration.KeyPerFile.dll" /reference:"C:\Program Files\dotnet\packs\Microsoft.AspNetCore.App.Ref\9.0.18\ref\net9.0\Microsoft.Extensions.Configuration.UserSecrets.dll" /reference:"C:\Program Files\dotnet\packs\Microsoft.AspNetCore.App.Ref\9.0.18\ref\net9.0\Microsoft.Extensions.Configuration.Xml.dll" /reference:"C:\Program Files\dotnet\packs\Microsoft.AspNetCore.App.Ref\9.0.18\ref\net9.0\Microsoft.Extensions.DependencyInjection.Abstractions.dll" /reference:C:\Users\AAddy\.nuget\packages\microsoft.extensions.dependencyinjection.autoactivation\9.7.0\lib\net9.0\Microsoft.Extensions.DependencyInjection.AutoActivation.dll /reference:"C:\Program Files\dotnet\packs\Microsoft.AspNetCore.App.Ref\9.0.18\ref\net9.0\Microsoft.Extensions.DependencyInjection.dll" /reference:"C:\Program Files\dotnet\packs\Microsoft.AspNetCore.App.Ref\9.0.18\ref\net9.0\Microsoft.Extensions.Diagnostics.Abstractions.dll" /reference:"C:\Program Files\dotnet\packs\Microsoft.AspNetCore.App.Ref\9.0.18\ref\net9.0\Microsoft.Extensions.Diagnostics.dll" /reference:C:\Users\AAddy\.nuget\packages\microsoft.extensions.diagnostics.exceptionsummarization\9.7.0\lib\net9.0\Microsoft.Extensions.Diagnostics.ExceptionSummarization.dll /reference:"C:\Program Files\dotnet\packs\Microsoft.AspNetCore.App.Ref\9.0.18\ref\net9.0\Microsoft.Extensions.Diagnostics.HealthChecks.Abstractions.dll" /reference:"C:\Program Files\dotnet\packs\Microsoft.AspNetCore.App.Ref\9.0.18\ref\net9.0\Microsoft.Extensions.Diagnostics.HealthChecks.dll" /reference:"C:\Program Files\dotnet\packs\Microsoft.AspNetCore.App.Ref\9.0.18\ref\net9.0\Microsoft.Extensions.Features.dll" /reference:"C:\Program Files\dotnet\packs\Microsoft.AspNetCore.App.Ref\9.0.18\ref\net9.0\Microsoft.Extensions.FileProviders.Abstractions.dll" /reference:"C:\Program Files\dotnet\packs\Microsoft.AspNetCore.App.Ref\9.0.18\ref\net9.0\Microsoft.Extensions.FileProviders.Composite.dll" /reference:"C:\Program Files\dotnet\packs\Microsoft.AspNetCore.App.Ref\9.0.18\ref\net9.0\Microsoft.Extensions.FileProviders.Embedded.dll" /reference:"C:\Program Files\dotnet\packs\Microsoft.AspNetCore.App.Ref\9.0.18\ref\net9.0\Microsoft.Extensions.FileProviders.Physical.dll" /reference:"C:\Program Files\dotnet\packs\Microsoft.AspNetCore.App.Ref\9.0.18\ref\net9.0\Microsoft.Extensions.FileSystemGlobbing.dll" /reference:"C:\Program Files\dotnet\packs\Microsoft.AspNetCore.App.Ref\9.0.18\ref\net9.0\Microsoft.Extensions.Hosting.Abstractions.dll" /reference:"C:\Program Files\dotnet\packs\Microsoft.AspNetCore.App.Ref\9.0.18\ref\net9.0\Microsoft.Extensions.Hosting.dll" /reference:C:\Users\AAddy\.nuget\packages\microsoft.extensions.http.diagnostics\9.7.0\lib\net9.0\Microsoft.Extensions.Http.Diagnostics.dll /reference:"C:\Program Files\dotnet\packs\Microsoft.AspNetCore.App.Ref\9.0.18\ref\net9.0\Microsoft.Extensions.Http.dll" /reference:C:\Users\AAddy\.nuget\packages\microsoft.extensions.http.resilience\9.7.0\lib\net9.0\Microsoft.Extensions.Http.Resilience.dll /reference:"C:\Program Files\dotnet\packs\Microsoft.AspNetCore.App.Ref\9.0.18\ref\net9.0\Microsoft.Extensions.Identity.Core.dll" /reference:"C:\Program Files\dotnet\packs\Microsoft.AspNetCore.App.Ref\9.0.18\ref\net9.0\Microsoft.Extensions.Identity.Stores.dll" /reference:"C:\Program Files\dotnet\packs\Microsoft.AspNetCore.App.Ref\9.0.18\ref\net9.0\Microsoft.Extensions.Localization.Abstractions.dll" /reference:"C:\Program Files\dotnet\packs\Microsoft.AspNetCore.App.Ref\9.0.18\ref\net9.0\Microsoft.Extensions.Localization.dll" /reference:"C:\Program Files\dotnet\packs\Microsoft.AspNetCore.App.Ref\9.0.18\ref\net9.0\Microsoft.Extensions.Logging.Abstractions.dll" /reference:"C:\Program Files\dotnet\packs\Microsoft.AspNetCore.App.Ref\9.0.18\ref\net9.0\Microsoft.Extensions.Logging.Configuration.dll" /reference:"C:\Program Files\dotnet\packs\Microsoft.AspNetCore.App.Ref\9.0.18\ref\net9.0\Microsoft.Extensions.Logging.Console.dll" /reference:"C:\Program Files\dotnet\packs\Microsoft.AspNetCore.App.Ref\9.0.18\ref\net9.0\Microsoft.Extensions.Logging.Debug.dll" /reference:"C:\Program Files\dotnet\packs\Microsoft.AspNetCore.App.Ref\9.0.18\ref\net9.0\Microsoft.Extensions.Logging.dll" /reference:"C:\Program Files\dotnet\packs\Microsoft.AspNetCore.App.Ref\9.0.18\ref\net9.0\Microsoft.Extensions.Logging.EventLog.dll" /reference:"C:\Program Files\dotnet\packs\Microsoft.AspNetCore.App.Ref\9.0.18\ref\net9.0\Microsoft.Extensions.Logging.EventSource.dll" /reference:"C:\Program Files\dotnet\packs\Microsoft.AspNetCore.App.Ref\9.0.18\ref\net9.0\Microsoft.Extensions.Logging.TraceSource.dll" /reference:"C:\Program Files\dotnet\packs\Microsoft.AspNetCore.App.Ref\9.0.18\ref\net9.0\Microsoft.Extensions.ObjectPool.dll" /reference:"C:\Program Files\dotnet\packs\Microsoft.AspNetCore.App.Ref\9.0.18\ref\net9.0\Microsoft.Extensions.Options.ConfigurationExtensions.dll" /reference:"C:\Program Files\dotnet\packs\Microsoft.AspNetCore.App.Ref\9.0.18\ref\net9.0\Microsoft.Extensions.Options.DataAnnotations.dll" /reference:"C:\Program Files\dotnet\packs\Microsoft.AspNetCore.App.Ref\9.0.18\ref\net9.0\Microsoft.Extensions.Options.dll" /reference:"C:\Program Files\dotnet\packs\Microsoft.AspNetCore.App.Ref\9.0.18\ref\net9.0\Microsoft.Extensions.Primitives.dll" /reference:C:\Users\AAddy\.nuget\packages\microsoft.extensions.resilience\9.7.0\lib\net9.0\Microsoft.Extensions.Resilience.dll /reference:C:\Users\AAddy\.nuget\packages\microsoft.extensions.servicediscovery.abstractions\9.3.1\lib\net8.0\Microsoft.Extensions.ServiceDiscovery.Abstractions.dll /reference:C:\Users\AAddy\.nuget\packages\microsoft.extensions.servicediscovery\9.3.1\lib\net8.0\Microsoft.Extensions.ServiceDiscovery.dll /reference:C:\Users\AAddy\.nuget\packages\microsoft.extensions.telemetry.abstractions\9.7.0\lib\net9.0\Microsoft.Extensions.Telemetry.Abstractions.dll /reference:C:\Users\AAddy\.nuget\packages\microsoft.extensions.telemetry\9.7.0\lib\net9.0\Microsoft.Extensions.Telemetry.dll /reference:"C:\Program Files\dotnet\packs\Microsoft.AspNetCore.App.Ref\9.0.18\ref\net9.0\Microsoft.Extensions.WebEncoders.dll" /reference:"C:\Program Files\dotnet\packs\Microsoft.AspNetCore.App.Ref\9.0.18\ref\net9.0\Microsoft.JSInterop.dll" /reference:"C:\Program Files\dotnet\packs\Microsoft.AspNetCore.App.Ref\9.0.18\ref\net9.0\Microsoft.Net.Http.Headers.dll" /reference:"C:\Program Files\dotnet\packs\Microsoft.NETCore.App.Ref\9.0.18\ref\net9.0\Microsoft.VisualBasic.Core.dll" /reference:"C:\Program Files\dotnet\packs\Microsoft.NETCore.App.Ref\9.0.18\ref\net9.0\Microsoft.VisualBasic.dll" /reference:"C:\Program Files\dotnet\packs\Microsoft.NETCore.App.Ref\9.0.18\ref\net9.0\Microsoft.Win32.Primitives.dll" /reference:"C:\Program Files\dotnet\packs\Microsoft.NETCore.App.Ref\9.0.18\ref\net9.0\Microsoft.Win32.Registry.dll" /reference:"C:\Program Files\dotnet\packs\Microsoft.NETCore.App.Ref\9.0.18\ref\net9.0\mscorlib.dll" /reference:"C:\Program Files\dotnet\packs\Microsoft.NETCore.App.Ref\9.0.18\ref\net9.0\netstandard.dll" /reference:C:\Users\AAddy\.nuget\packages\opentelemetry.api\1.12.0\lib\net9.0\OpenTelemetry.Api.dll /reference:C:\Users\AAddy\.nuget\packages\opentelemetry.api.providerbuilderextensions\1.12.0\lib\net9.0\OpenTelemetry.Api.ProviderBuilderExtensions.dll /reference:C:\Users\AAddy\.nuget\packages\opentelemetry\1.12.0\lib\net9.0\OpenTelemetry.dll /reference:C:\Users\AAddy\.nuget\packages\opentelemetry.exporter.opentelemetryprotocol\1.12.0\lib\net9.0\OpenTelemetry.Exporter.OpenTelemetryProtocol.dll /reference:C:\Users\AAddy\.nuget\packages\opentelemetry.extensions.hosting\1.12.0\lib\net9.0\OpenTelemetry.Extensions.Hosting.dll /reference:C:\Users\AAddy\.nuget\packages\opentelemetry.instrumentation.aspnetcore\1.12.0\lib\net8.0\OpenTelemetry.Instrumentation.AspNetCore.dll /reference:C:\Users\AAddy\.nuget\packages\opentelemetry.instrumentation.http\1.12.0\lib\net8.0\OpenTelemetry.Instrumentation.Http.dll /reference:C:\Users\AAddy\.nuget\packages\opentelemetry.instrumentation.runtime\1.12.0\lib\net8.0\OpenTelemetry.Instrumentation.Runtime.dll /reference:C:\Users\AAddy\.nuget\packages\polly.core\8.4.2\lib\net8.0\Polly.Core.dll /reference:C:\Users\AAddy\.nuget\packages\polly.extensions\8.4.2\lib\net8.0\Polly.Extensions.dll /reference:C:\Users\AAddy\.nuget\packages\polly.ratelimiting\8.4.2\lib\net8.0\Polly.RateLimiting.dll /reference:"C:\Program Files\dotnet\packs\Microsoft.NETCore.App.Ref\9.0.18\ref\net9.0\System.AppContext.dll" /reference:"C:\Program Files\dotnet\packs\Microsoft.NETCore.App.Ref\9.0.18\ref\net9.0\System.Buffers.dll" /reference:"C:\Program Files\dotnet\packs\Microsoft.NETCore.App.Ref\9.0.18\ref\net9.0\System.Collections.Concurrent.dll" /reference:"C:\Program Files\dotnet\packs\Microsoft.NETCore.App.Ref\9.0.18\ref\net9.0\System.Collections.dll" /reference:"C:\Program Files\dotnet\packs\Microsoft.NETCore.App.Ref\9.0.18\ref\net9.0\System.Collections.Immutable.dll" /reference:"C:\Program Files\dotnet\packs\Microsoft.NETCore.App.Ref\9.0.18\ref\net9.0\System.Collections.NonGeneric.dll" /reference:"C:\Program Files\dotnet\packs\Microsoft.NETCore.App.Ref\9.0.18\ref\net9.0\System.Collections.Specialized.dll" /reference:"C:\Program Files\dotnet\packs\Microsoft.NETCore.App.Ref\9.0.18\ref\net9.0\System.ComponentModel.Annotations.dll" /reference:"C:\Program Files\dotnet\packs\Microsoft.NETCore.App.Ref\9.0.18\ref\net9.0\System.ComponentModel.DataAnnotations.dll" /reference:"C:\Program Files\dotnet\packs\Microsoft.NETCore.App.Ref\9.0.18\ref\net9.0\System.ComponentModel.dll" /reference:"C:\Program Files\dotnet\packs\Microsoft.NETCore.App.Ref\9.0.18\ref\net9.0\System.ComponentModel.EventBasedAsync.dll" /reference:"C:\Program Files\dotnet\packs\Microsoft.NETCore.App.Ref\9.0.18\ref\net9.0\System.ComponentModel.Primitives.dll" /reference:"C:\Program Files\dotnet\packs\Microsoft.NETCore.App.Ref\9.0.18\ref\net9.0\System.ComponentModel.TypeConverter.dll" /reference:"C:\Program Files\dotnet\packs\Microsoft.NETCore.App.Ref\9.0.18\ref\net9.0\System.Configuration.dll" /reference:"C:\Program Files\dotnet\packs\Microsoft.NETCore.App.Ref\9.0.18\ref\net9.0\System.Console.dll" /reference:"C:\Program Files\dotnet\packs\Microsoft.NETCore.App.Ref\9.0.18\ref\net9.0\System.Core.dll" /reference:"C:\Program Files\dotnet\packs\Microsoft.NETCore.App.Ref\9.0.18\ref\net9.0\System.Data.Common.dll" /reference:"C:\Program Files\dotnet\packs\Microsoft.NETCore.App.Ref\9.0.18\ref\net9.0\System.Data.DataSetExtensions.dll" /reference:"C:\Program Files\dotnet\packs\Microsoft.NETCore.App.Ref\9.0.18\ref\net9.0\System.Data.dll" /reference:"C:\Program Files\dotnet\packs\Microsoft.NETCore.App.Ref\9.0.18\ref\net9.0\System.Diagnostics.Contracts.dll" /reference:"C:\Program Files\dotnet\packs\Microsoft.NETCore.App.Ref\9.0.18\ref\net9.0\System.Diagnostics.Debug.dll" /reference:"C:\Program Files\dotnet\packs\Microsoft.NETCore.App.Ref\9.0.18\ref\net9.0\System.Diagnostics.DiagnosticSource.dll" /reference:"C:\Program Files\dotnet\packs\Microsoft.AspNetCore.App.Ref\9.0.18\ref\net9.0\System.Diagnostics.EventLog.dll" /reference:"C:\Program Files\dotnet\packs\Microsoft.NETCore.App.Ref\9.0.18\ref\net9.0\System.Diagnostics.FileVersionInfo.dll" /reference:"C:\Program Files\dotnet\packs\Microsoft.NETCore.App.Ref\9.0.18\ref\net9.0\System.Diagnostics.Process.dll" /reference:"C:\Program Files\dotnet\packs\Microsoft.NETCore.App.Ref\9.0.18\ref\net9.0\System.Diagnostics.StackTrace.dll" /reference:"C:\Program Files\dotnet\packs\Microsoft.NETCore.App.Ref\9.0.18\ref\net9.0\System.Diagnostics.TextWriterTraceListener.dll" /reference:"C:\Program Files\dotnet\packs\Microsoft.NETCore.App.Ref\9.0.18\ref\net9.0\System.Diagnostics.Tools.dll" /reference:"C:\Program Files\dotnet\packs\Microsoft.NETCore.App.Ref\9.0.18\ref\net9.0\System.Diagnostics.TraceSource.dll" /reference:"C:\Program Files\dotnet\packs\Microsoft.NETCore.App.Ref\9.0.18\ref\net9.0\System.Diagnostics.Tracing.dll" /reference:"C:\Program Files\dotnet\packs\Microsoft.NETCore.App.Ref\9.0.18\ref\net9.0\System.dll" /reference:"C:\Program Files\dotnet\packs\Microsoft.NETCore.App.Ref\9.0.18\ref\net9.0\System.Drawing.dll" /reference:"C:\Program Files\dotnet\packs\Microsoft.NETCore.App.Ref\9.0.18\ref\net9.0\System.Drawing.Primitives.dll" /reference:"C:\Program Files\dotnet\packs\Microsoft.NETCore.App.Ref\9.0.18\ref\net9.0\System.Dynamic.Runtime.dll" /reference:"C:\Program Files\dotnet\packs\Microsoft.NETCore.App.Ref\9.0.18\ref\net9.0\System.Formats.Asn1.dll" /reference:"C:\Program Files\dotnet\packs\Microsoft.NETCore.App.Ref\9.0.18\ref\net9.0\System.Formats.Tar.dll" /reference:"C:\Program Files\dotnet\packs\Microsoft.NETCore.App.Ref\9.0.18\ref\net9.0\System.Globalization.Calendars.dll" /reference:"C:\Program Files\dotnet\packs\Microsoft.NETCore.App.Ref\9.0.18\ref\net9.0\System.Globalization.dll" /reference:"C:\Program Files\dotnet\packs\Microsoft.NETCore.App.Ref\9.0.18\ref\net9.0\System.Globalization.Extensions.dll" /reference:"C:\Program Files\dotnet\packs\Microsoft.NETCore.App.Ref\9.0.18\ref\net9.0\System.IO.Compression.Brotli.dll" /reference:"C:\Program Files\dotnet\packs\Microsoft.NETCore.App.Ref\9.0.18\ref\net9.0\System.IO.Compression.dll" /reference:"C:\Program Files\dotnet\packs\Microsoft.NETCore.App.Ref\9.0.18\ref\net9.0\System.IO.Compression.FileSystem.dll" /reference:"C:\Program Files\dotnet\packs\Microsoft.NETCore.App.Ref\9.0.18\ref\net9.0\System.IO.Compression.ZipFile.dll" /reference:"C:\Program Files\dotnet\packs\Microsoft.NETCore.App.Ref\9.0.18\ref\net9.0\System.IO.dll" /reference:"C:\Program Files\dotnet\packs\Microsoft.NETCore.App.Ref\9.0.18\ref\net9.0\System.IO.FileSystem.AccessControl.dll" /reference:"C:\Program Files\dotnet\packs\Microsoft.NETCore.App.Ref\9.0.18\ref\net9.0\System.IO.FileSystem.dll" /reference:"C:\Program Files\dotnet\packs\Microsoft.NETCore.App.Ref\9.0.18\ref\net9.0\System.IO.FileSystem.DriveInfo.dll" /reference:"C:\Program Files\dotnet\packs\Microsoft.NETCore.App.Ref\9.0.18\ref\net9.0\System.IO.FileSystem.Primitives.dll" /reference:"C:\Program Files\dotnet\packs\Microsoft.NETCore.App.Ref\9.0.18\ref\net9.0\System.IO.FileSystem.Watcher.dll" /reference:"C:\Program Files\dotnet\packs\Microsoft.NETCore.App.Ref\9.0.18\ref\net9.0\System.IO.IsolatedStorage.dll" /reference:"C:\Program Files\dotnet\packs\Microsoft.NETCore.App.Ref\9.0.18\ref\net9.0\System.IO.MemoryMappedFiles.dll" /reference:"C:\Program Files\dotnet\packs\Microsoft.NETCore.App.Ref\9.0.18\ref\net9.0\System.IO.Pipelines.dll" /reference:"C:\Program Files\dotnet\packs\Microsoft.NETCore.App.Ref\9.0.18\ref\net9.0\System.IO.Pipes.AccessControl.dll" /reference:"C:\Program Files\dotnet\packs\Microsoft.NETCore.App.Ref\9.0.18\ref\net9.0\System.IO.Pipes.dll" /reference:"C:\Program Files\dotnet\packs\Microsoft.NETCore.App.Ref\9.0.18\ref\net9.0\System.IO.UnmanagedMemoryStream.dll" /reference:"C:\Program Files\dotnet\packs\Microsoft.NETCore.App.Ref\9.0.18\ref\net9.0\System.Linq.dll" /reference:"C:\Program Files\dotnet\packs\Microsoft.NETCore.App.Ref\9.0.18\ref\net9.0\System.Linq.Expressions.dll" /reference:"C:\Program Files\dotnet\packs\Microsoft.NETCore.App.Ref\9.0.18\ref\net9.0\System.Linq.Parallel.dll" /reference:"C:\Program Files\dotnet\packs\Microsoft.NETCore.App.Ref\9.0.18\ref\net9.0\System.Linq.Queryable.dll" /reference:"C:\Program Files\dotnet\packs\Microsoft.NETCore.App.Ref\9.0.18\ref\net9.0\System.Memory.dll" /reference:"C:\Program Files\dotnet\packs\Microsoft.NETCore.App.Ref\9.0.18\ref\net9.0\System.Net.dll" /reference:"C:\Program Files\dotnet\packs\Microsoft.NETCore.App.Ref\9.0.18\ref\net9.0\System.Net.Http.dll" /reference:"C:\Program Files\dotnet\packs\Microsoft.NETCore.App.Ref\9.0.18\ref\net9.0\System.Net.Http.Json.dll" /reference:"C:\Program Files\dotnet\packs\Microsoft.NETCore.App.Ref\9.0.18\ref\net9.0\System.Net.HttpListener.dll" /reference:"C:\Program Files\dotnet\packs\Microsoft.NETCore.App.Ref\9.0.18\ref\net9.0\System.Net.Mail.dll" /reference:"C:\Program Files\dotnet\packs\Microsoft.NETCore.App.Ref\9.0.18\ref\net9.0\System.Net.NameResolution.dll" /reference:"C:\Program Files\dotnet\packs\Microsoft.NETCore.App.Ref\9.0.18\ref\net9.0\System.Net.NetworkInformation.dll" /reference:"C:\Program Files\dotnet\packs\Microsoft.NETCore.App.Ref\9.0.18\ref\net9.0\System.Net.Ping.dll" /reference:"C:\Program Files\dotnet\packs\Microsoft.NETCore.App.Ref\9.0.18\ref\net9.0\System.Net.Primitives.dll" /reference:"C:\Program Files\dotnet\packs\Microsoft.NETCore.App.Ref\9.0.18\ref\net9.0\System.Net.Quic.dll" /reference:"C:\Program Files\dotnet\packs\Microsoft.NETCore.App.Ref\9.0.18\ref\net9.0\System.Net.Requests.dll" /reference:"C:\Program Files\dotnet\packs\Microsoft.NETCore.App.Ref\9.0.18\ref\net9.0\System.Net.Security.dll" /reference:"C:\Program Files\dotnet\packs\Microsoft.NETCore.App.Ref\9.0.18\ref\net9.0\System.Net.ServicePoint.dll" /reference:"C:\Program Files\dotnet\packs\Microsoft.NETCore.App.Ref\9.0.18\ref\net9.0\System.Net.Sockets.dll" /reference:"C:\Program Files\dotnet\packs\Microsoft.NETCore.App.Ref\9.0.18\ref\net9.0\System.Net.WebClient.dll" /reference:"C:\Program Files\dotnet\packs\Microsoft.NETCore.App.Ref\9.0.18\ref\net9.0\System.Net.WebHeaderCollection.dll" /reference:"C:\Program Files\dotnet\packs\Microsoft.NETCore.App.Ref\9.0.18\ref\net9.0\System.Net.WebProxy.dll" /reference:"C:\Program Files\dotnet\packs\Microsoft.NETCore.App.Ref\9.0.18\ref\net9.0\System.Net.WebSockets.Client.dll" /reference:"C:\Program Files\dotnet\packs\Microsoft.NETCore.App.Ref\9.0.18\ref\net9.0\System.Net.WebSockets.dll" /reference:"C:\Program Files\dotnet\packs\Microsoft.NETCore.App.Ref\9.0.18\ref\net9.0\System.Numerics.dll" /reference:"C:\Program Files\dotnet\packs\Microsoft.NETCore.App.Ref\9.0.18\ref\net9.0\System.Numerics.Vectors.dll" /reference:"C:\Program Files\dotnet\packs\Microsoft.NETCore.App.Ref\9.0.18\ref\net9.0\System.ObjectModel.dll" /reference:"C:\Program Files\dotnet\packs\Microsoft.NETCore.App.Ref\9.0.18\ref\net9.0\System.Reflection.DispatchProxy.dll" /reference:"C:\Program Files\dotnet\packs\Microsoft.NETCore.App.Ref\9.0.18\ref\net9.0\System.Reflection.dll" /reference:"C:\Program Files\dotnet\packs\Microsoft.NETCore.App.Ref\9.0.18\ref\net9.0\System.Reflection.Emit.dll" /reference:"C:\Program Files\dotnet\packs\Microsoft.NETCore.App.Ref\9.0.18\ref\net9.0\System.Reflection.Emit.ILGeneration.dll" /reference:"C:\Program Files\dotnet\packs\Microsoft.NETCore.App.Ref\9.0.18\ref\net9.0\System.Reflection.Emit.Lightweight.dll" /reference:"C:\Program Files\dotnet\packs\Microsoft.NETCore.App.Ref\9.0.18\ref\net9.0\System.Reflection.Extensions.dll" /reference:"C:\Program Files\dotnet\packs\Microsoft.NETCore.App.Ref\9.0.18\ref\net9.0\System.Reflection.Metadata.dll" /reference:"C:\Program Files\dotnet\packs\Microsoft.NETCore.App.Ref\9.0.18\ref\net9.0\System.Reflection.Primitives.dll" /reference:"C:\Program Files\dotnet\packs\Microsoft.NETCore.App.Ref\9.0.18\ref\net9.0\System.Reflection.TypeExtensions.dll" /reference:"C:\Program Files\dotnet\packs\Microsoft.NETCore.App.Ref\9.0.18\ref\net9.0\System.Resources.Reader.dll" /reference:"C:\Program Files\dotnet\packs\Microsoft.NETCore.App.Ref\9.0.18\ref\net9.0\System.Resources.ResourceManager.dll" /reference:"C:\Program Files\dotnet\packs\Microsoft.NETCore.App.Ref\9.0.18\ref\net9.0\System.Resources.Writer.dll" /reference:"C:\Program Files\dotnet\packs\Microsoft.NETCore.App.Ref\9.0.18\ref\net9.0\System.Runtime.CompilerServices.Unsafe.dll" /reference:"C:\Program Files\dotnet\packs\Microsoft.NETCore.App.Ref\9.0.18\ref\net9.0\System.Runtime.CompilerServices.VisualC.dll" /reference:"C:\Program Files\dotnet\packs\Microsoft.NETCore.App.Ref\9.0.18\ref\net9.0\System.Runtime.dll" /reference:"C:\Program Files\dotnet\packs\Microsoft.NETCore.App.Ref\9.0.18\ref\net9.0\System.Runtime.Extensions.dll" /reference:"C:\Program Files\dotnet\packs\Microsoft.NETCore.App.Ref\9.0.18\ref\net9.0\System.Runtime.Handles.dll" /reference:"C:\Program Files\dotnet\packs\Microsoft.NETCore.App.Ref\9.0.18\ref\net9.0\System.Runtime.InteropServices.dll" /reference:"C:\Program Files\dotnet\packs\Microsoft.NETCore.App.Ref\9.0.18\ref\net9.0\System.Runtime.InteropServices.JavaScript.dll" /reference:"C:\Program Files\dotnet\packs\Microsoft.NETCore.App.Ref\9.0.18\ref\net9.0\System.Runtime.InteropServices.RuntimeInformation.dll" /reference:"C:\Program Files\dotnet\packs\Microsoft.NETCore.App.Ref\9.0.18\ref\net9.0\System.Runtime.Intrinsics.dll" /reference:"C:\Program Files\dotnet\packs\Microsoft.NETCore.App.Ref\9.0.18\ref\net9.0\System.Runtime.Loader.dll" /reference:"C:\Program Files\dotnet\packs\Microsoft.NETCore.App.Ref\9.0.18\ref\net9.0\System.Runtime.Numerics.dll" /reference:"C:\Program Files\dotnet\packs\Microsoft.NETCore.App.Ref\9.0.18\ref\net9.0\System.Runtime.Serialization.dll" /reference:"C:\Program Files\dotnet\packs\Microsoft.NETCore.App.Ref\9.0.18\ref\net9.0\System.Runtime.Serialization.Formatters.dll" /reference:"C:\Program Files\dotnet\packs\Microsoft.NETCore.App.Ref\9.0.18\ref\net9.0\System.Runtime.Serialization.Json.dll" /reference:"C:\Program Files\dotnet\packs\Microsoft.NETCore.App.Ref\9.0.18\ref\net9.0\System.Runtime.Serialization.Primitives.dll" /reference:"C:\Program Files\dotnet\packs\Microsoft.NETCore.App.Ref\9.0.18\ref\net9.0\System.Runtime.Serialization.Xml.dll" /reference:"C:\Program Files\dotnet\packs\Microsoft.NETCore.App.Ref\9.0.18\ref\net9.0\System.Security.AccessControl.dll" /reference:"C:\Program Files\dotnet\packs\Microsoft.NETCore.App.Ref\9.0.18\ref\net9.0\System.Security.Claims.dll" /reference:"C:\Program Files\dotnet\packs\Microsoft.NETCore.App.Ref\9.0.18\ref\net9.0\System.Security.Cryptography.Algorithms.dll" /reference:"C:\Program Files\dotnet\packs\Microsoft.NETCore.App.Ref\9.0.18\ref\net9.0\System.Security.Cryptography.Cng.dll" /reference:"C:\Program Files\dotnet\packs\Microsoft.NETCore.App.Ref\9.0.18\ref\net9.0\System.Security.Cryptography.Csp.dll" /reference:"C:\Program Files\dotnet\packs\Microsoft.NETCore.App.Ref\9.0.18\ref\net9.0\System.Security.Cryptography.dll" /reference:"C:\Program Files\dotnet\packs\Microsoft.NETCore.App.Ref\9.0.18\ref\net9.0\System.Security.Cryptography.Encoding.dll" /reference:"C:\Program Files\dotnet\packs\Microsoft.NETCore.App.Ref\9.0.18\ref\net9.0\System.Security.Cryptography.OpenSsl.dll" /reference:"C:\Program Files\dotnet\packs\Microsoft.NETCore.App.Ref\9.0.18\ref\net9.0\System.Security.Cryptography.Primitives.dll" /reference:"C:\Program Files\dotnet\packs\Microsoft.NETCore.App.Ref\9.0.18\ref\net9.0\System.Security.Cryptography.X509Certificates.dll" /reference:"C:\Program Files\dotnet\packs\Microsoft.AspNetCore.App.Ref\9.0.18\ref\net9.0\System.Security.Cryptography.Xml.dll" /reference:"C:\Program Files\dotnet\packs\Microsoft.NETCore.App.Ref\9.0.18\ref\net9.0\System.Security.dll" /reference:"C:\Program Files\dotnet\packs\Microsoft.NETCore.App.Ref\9.0.18\ref\net9.0\System.Security.Principal.dll" /reference:"C:\Program Files\dotnet\packs\Microsoft.NETCore.App.Ref\9.0.18\ref\net9.0\System.Security.Principal.Windows.dll" /reference:"C:\Program Files\dotnet\packs\Microsoft.NETCore.App.Ref\9.0.18\ref\net9.0\System.Security.SecureString.dll" /reference:"C:\Program Files\dotnet\packs\Microsoft.NETCore.App.Ref\9.0.18\ref\net9.0\System.ServiceModel.Web.dll" /reference:"C:\Program Files\dotnet\packs\Microsoft.NETCore.App.Ref\9.0.18\ref\net9.0\System.ServiceProcess.dll" /reference:"C:\Program Files\dotnet\packs\Microsoft.NETCore.App.Ref\9.0.18\ref\net9.0\System.Text.Encoding.CodePages.dll" /reference:"C:\Program Files\dotnet\packs\Microsoft.NETCore.App.Ref\9.0.18\ref\net9.0\System.Text.Encoding.dll" /reference:"C:\Program Files\dotnet\packs\Microsoft.NETCore.App.Ref\9.0.18\ref\net9.0\System.Text.Encoding.Extensions.dll" /reference:"C:\Program Files\dotnet\packs\Microsoft.NETCore.App.Ref\9.0.18\ref\net9.0\System.Text.Encodings.Web.dll" /reference:"C:\Program Files\dotnet\packs\Microsoft.NETCore.App.Ref\9.0.18\ref\net9.0\System.Text.Json.dll" /reference:"C:\Program Files\dotnet\packs\Microsoft.NETCore.App.Ref\9.0.18\ref\net9.0\System.Text.RegularExpressions.dll" /reference:"C:\Program Files\dotnet\packs\Microsoft.NETCore.App.Ref\9.0.18\ref\net9.0\System.Threading.Channels.dll" /reference:"C:\Program Files\dotnet\packs\Microsoft.NETCore.App.Ref\9.0.18\ref\net9.0\System.Threading.dll" /reference:"C:\Program Files\dotnet\packs\Microsoft.NETCore.App.Ref\9.0.18\ref\net9.0\System.Threading.Overlapped.dll" /reference:"C:\Program Files\dotnet\packs\Microsoft.AspNetCore.App.Ref\9.0.18\ref\net9.0\System.Threading.RateLimiting.dll" /reference:"C:\Program Files\dotnet\packs\Microsoft.NETCore.App.Ref\9.0.18\ref\net9.0\System.Threading.Tasks.Dataflow.dll" /reference:"C:\Program Files\dotnet\packs\Microsoft.NETCore.App.Ref\9.0.18\ref\net9.0\System.Threading.Tasks.dll" /reference:"C:\Program Files\dotnet\packs\Microsoft.NETCore.App.Ref\9.0.18\ref\net9.0\System.Threading.Tasks.Extensions.dll" /reference:"C:\Program Files\dotnet\packs\Microsoft.NETCore.App.Ref\9.0.18\ref\net9.0\System.Threading.Tasks.Parallel.dll" /reference:"C:\Program Files\dotnet\packs\Microsoft.NETCore.App.Ref\9.0.18\ref\net9.0\System.Threading.Thread.dll" /reference:"C:\Program Files\dotnet\packs\Microsoft.NETCore.App.Ref\9.0.18\ref\net9.0\System.Threading.ThreadPool.dll" /reference:"C:\Program Files\dotnet\packs\Microsoft.NETCore.App.Ref\9.0.18\ref\net9.0\System.Threading.Timer.dll" /reference:"C:\Program Files\dotnet\packs\Microsoft.NETCore.App.Ref\9.0.18\ref\net9.0\System.Transactions.dll" /reference:"C:\Program Files\dotnet\packs\Microsoft.NETCore.App.Ref\9.0.18\ref\net9.0\System.Transactions.Local.dll" /reference:"C:\Program Files\dotnet\packs\Microsoft.NETCore.App.Ref\9.0.18\ref\net9.0\System.ValueTuple.dll" /reference:"C:\Program Files\dotnet\packs\Microsoft.NETCore.App.Ref\9.0.18\ref\net9.0\System.Web.dll" /reference:"C:\Program Files\dotnet\packs\Microsoft.NETCore.App.Ref\9.0.18\ref\net9.0\System.Web.HttpUtility.dll" /reference:"C:\Program Files\dotnet\packs\Microsoft.NETCore.App.Ref\9.0.18\ref\net9.0\System.Windows.dll" /reference:"C:\Program Files\dotnet\packs\Microsoft.NETCore.App.Ref\9.0.18\ref\net9.0\System.Xml.dll" /reference:"C:\Program Files\dotnet\packs\Microsoft.NETCore.App.Ref\9.0.18\ref\net9.0\System.Xml.Linq.dll" /reference:"C:\Program Files\dotnet\packs\Microsoft.NETCore.App.Ref\9.0.18\ref\net9.0\System.Xml.ReaderWriter.dll" /reference:"C:\Program Files\dotnet\packs\Microsoft.NETCore.App.Ref\9.0.18\ref\net9.0\System.Xml.Serialization.dll" /reference:"C:\Program Files\dotnet\packs\Microsoft.NETCore.App.Ref\9.0.18\ref\net9.0\System.Xml.XDocument.dll" /reference:"C:\Program Files\dotnet\packs\Microsoft.NETCore.App.Ref\9.0.18\ref\net9.0\System.Xml.XmlDocument.dll" /reference:"C:\Program Files\dotnet\packs\Microsoft.NETCore.App.Ref\9.0.18\ref\net9.0\System.Xml.XmlSerializer.dll" /reference:"C:\Program Files\dotnet\packs\Microsoft.NETCore.App.Ref\9.0.18\ref\net9.0\System.Xml.XPath.dll" /reference:"C:\Program Files\dotnet\packs\Microsoft.NETCore.App.Ref\9.0.18\ref\net9.0\System.Xml.XPath.XDocument.dll" /reference:"C:\Program Files\dotnet\packs\Microsoft.NETCore.App.Ref\9.0.18\ref\net9.0\WindowsBase.dll" /debug+ /debug:portable /filealign:512 /optimize- /out:obj\Debug\net9.0\CleanserMonitor.ServiceDefaults.dll /refout:obj\Debug\net9.0\refint\CleanserMonitor.ServiceDefaults.dll /target:library /warnaserror- /utf8output /deterministic+ /sourcelink:obj\Debug\net9.0\CleanserMonitor.ServiceDefaults.sourcelink.json /langversion:13.0 /embed:obj\Debug\net9.0\CleanserMonitor.ServiceDefaults.GlobalUsings.g.cs /embed:"obj\Debug\net9.0\.NETCoreApp,Version=v9.0.AssemblyAttributes.cs" /embed:obj\Debug\net9.0\CleanserMonitor.ServiceDefaults.AssemblyInfo.cs /analyzerconfig:obj\Debug\net9.0\CleanserMonitor.ServiceDefaults.GeneratedMSBuildEditorConfig.editorconfig /analyzerconfig:"C:\Program Files\dotnet\sdk\9.0.316\Sdks\Microsoft.NET.Sdk\analyzers\build\config\analysislevel_9_default.globalconfig" /analyzer:"C:\Program Files\dotnet\sdk\9.0.316\Sdks\Microsoft.NET.Sdk\targets\..\analyzers\Microsoft.CodeAnalysis.CSharp.NetAnalyzers.dll" /analyzer:"C:\Program Files\dotnet\sdk\9.0.316\Sdks\Microsoft.NET.Sdk\targets\..\analyzers\Microsoft.CodeAnalysis.NetAnalyzers.dll" /analyzer:C:\Users\AAddy\.nuget\packages\microsoft.extensions.telemetry.abstractions\9.7.0\analyzers\dotnet\cs\Microsoft.Gen.Logging.dll /analyzer:C:\Users\AAddy\.nuget\packages\microsoft.extensions.telemetry.abstractions\9.7.0\analyzers\dotnet\cs\Microsoft.Gen.Metrics.dll /analyzer:"C:\Program Files\dotnet\packs\Microsoft.NETCore.App.Ref\9.0.18\analyzers/dotnet/cs/Microsoft.Interop.ComInterfaceGenerator.dll" /analyzer:"C:\Program Files\dotnet\packs\Microsoft.NETCore.App.Ref\9.0.18\analyzers/dotnet/cs/Microsoft.Interop.JavaScript.JSImportGenerator.dll" /analyzer:"C:\Program Files\dotnet\packs\Microsoft.NETCore.App.Ref\9.0.18\analyzers/dotnet/cs/Microsoft.Interop.LibraryImportGenerator.dll" /analyzer:"C:\Program Files\dotnet\packs\Microsoft.NETCore.App.Ref\9.0.18\analyzers/dotnet/cs/Microsoft.Interop.SourceGeneration.dll" /analyzer:"C:\Program Files\dotnet\packs\Microsoft.NETCore.App.Ref\9.0.18\analyzers/dotnet/cs/System.Text.Json.SourceGeneration.dll" /analyzer:"C:\Program Files\dotnet\packs\Microsoft.NETCore.App.Ref\9.0.18\analyzers/dotnet/cs/System.Text.RegularExpressions.Generator.dll" /analyzer:"C:\Program Files\dotnet\packs\Microsoft.AspNetCore.App.Ref\9.0.18\analyzers/dotnet/cs/Microsoft.AspNetCore.App.Analyzers.dll" /analyzer:"C:\Program Files\dotnet\packs\Microsoft.AspNetCore.App.Ref\9.0.18\analyzers/dotnet/cs/Microsoft.AspNetCore.App.CodeFixes.dll" /analyzer:"C:\Program Files\dotnet\packs\Microsoft.AspNetCore.App.Ref\9.0.18\analyzers/dotnet/cs/Microsoft.AspNetCore.Components.Analyzers.dll" /analyzer:"C:\Program Files\dotnet\packs\Microsoft.AspNetCore.App.Ref\9.0.18\analyzers/dotnet/roslyn4.4/cs/Microsoft.Extensions.Options.SourceGeneration.dll" Extensions.cs obj\Debug\net9.0\CleanserMonitor.ServiceDefaults.GlobalUsings.g.cs "obj\Debug\net9.0\.NETCoreApp,Version=v9.0.AssemblyAttributes.cs" obj\Debug\net9.0\CleanserMonitor.ServiceDefaults.AssemblyInfo.cs /warnaserror+:NU1605,SYSLIB0011
         CompilerServer: server - server processed compilation - CleanserMonitor.ServiceDefaults (net9.0)
       CopyFilesToOutputDirectory:
         Copying file from "D:\AB3\clnsr_prjct\CleanserMonitor\CleanserMonitor.ServiceDefaults\obj\Debug\net9.0\CleanserMonitor.ServiceDefaults.dll" to "D:\AB3\clnsr_prjct\CleanserMonitor\CleanserMonitor.ServiceDefaults\bin\Debug\net9.0\CleanserMonitor.ServiceDefaults.dll".
         Copying reference assembly from "obj\Debug\net9.0\refint\CleanserMonitor.ServiceDefaults.dll" to "D:\AB3\clnsr_prjct\CleanserMonitor\CleanserMonitor.ServiceDefaults\obj\Debug\net9.0\ref\CleanserMonitor.ServiceDefaults.dll".
         CleanserMonitor.ServiceDefaults -> D:\AB3\clnsr_prjct\CleanserMonitor\CleanserMonitor.ServiceDefaults\bin\Debug\net9.0\CleanserMonitor.ServiceDefaults.dll
         Copying file from "D:\AB3\clnsr_prjct\CleanserMonitor\CleanserMonitor.ServiceDefaults\obj\Debug\net9.0\CleanserMonitor.ServiceDefaults.pdb" to "D:\AB3\clnsr_prjct\CleanserMonitor\CleanserMonitor.ServiceDefaults\bin\Debug\net9.0\CleanserMonitor.ServiceDefaults.pdb".
     2>Done Building Project "D:\AB3\clnsr_prjct\CleanserMonitor\CleanserMonitor.ServiceDefaults\CleanserMonitor.ServiceDefaults.csproj" (default targets).
     1>GenerateTargetFrameworkMonikerAttribute:
       Skipping target "GenerateTargetFrameworkMonikerAttribute" because all output files are up-to-date with respect to the input files.
       CoreGenerateAssemblyInfo:
         Could not infer the type of parameter "#1" because the attribute type is unknown. The value will be treated as a string.
       _DiscoverMvcApplicationParts:
         Touching "obj\Debug\net9.0\CleanserBlazorUI.MvcApplicationPartsAssemblyInfo.cache".
       _GenerateSourceLinkFile:
         Updating Source Link file 'obj\Debug\net9.0\CleanserBlazorUI.sourcelink.json'.
       CoreCompile:
         C:\Program Files\dotnet\dotnet.exe exec "C:\Program Files\dotnet\sdk\9.0.316\Roslyn\bincore\csc.dll" /noconfig /unsafe- /checked- /nowarn:1701,1702,1701,1702 /fullpaths /nostdlib+ /errorreport:prompt /warn:9 /define:TRACE;DEBUG;NET;NET9_0;NETCOREAPP;NET5_0_OR_GREATER;NET6_0_OR_GREATER;NET7_0_OR_GREATER;NET8_0_OR_GREATER;NET9_0_OR_GREATER;NETCOREAPP1_0_OR_GREATER;NETCOREAPP1_1_OR_GREATER;NETCOREAPP2_0_OR_GREATER;NETCOREAPP2_1_OR_GREATER;NETCOREAPP2_2_OR_GREATER;NETCOREAPP3_0_OR_GREATER;NETCOREAPP3_1_OR_GREATER /highentropyva+ /nullable:enable /reference:C:\Users\AAddy\.nuget\packages\aspire.hosting\9.3.2\lib\net8.0\Aspire.Hosting.dll /reference:C:\Users\AAddy\.nuget\packages\aspire.microsoft.entityframeworkcore.sqlserver\9.3.1\lib\net9.0\Aspire.Microsoft.EntityFrameworkCore.SqlServer.dll /reference:C:\Users\AAddy\.nuget\packages\azure.core\1.46.0\lib\net8.0\Azure.Core.dll /reference:C:\Users\AAddy\.nuget\packages\azure.identity\1.13.2\lib\net8.0\Azure.Identity.dll /reference:D:\AB3\clnsr_prjct\CleanserMonitor\CleanserMonitor.ServiceDefaults\obj\Debug\net9.0\ref\CleanserMonitor.ServiceDefaults.dll /reference:C:\Users\AAddy\.nuget\packages\closedxml\0.105.0\lib\netstandard2.1\ClosedXML.dll /reference:C:\Users\AAddy\.nuget\packages\closedxml.parser\2.0.0\lib\netstandard2.1\ClosedXML.Parser.dll /reference:C:\Users\AAddy\.nuget\packages\documentformat.openxml\3.1.1\lib\net8.0\DocumentFormat.OpenXml.dll /reference:C:\Users\AAddy\.nuget\packages\documentformat.openxml.framework\3.1.1\lib\net8.0\DocumentFormat.OpenXml.Framework.dll /reference:C:\Users\AAddy\.nuget\packages\microsoft.visualstudio.web.codegeneration.design\9.0.0\lib\net8.0\dotnet-aspnet-codegenerator-design.dll /reference:C:\Users\AAddy\.nuget\packages\efcore.bulkextensions.core\9.0.1\lib\net9.0\EFCore.BulkExtensions.Core.dll /reference:C:\Users\AAddy\.nuget\packages\efcore.bulkextensions.oracle\9.0.1\lib\net9.0\EFCore.BulkExtensions.Oracle.dll /reference:C:\Users\AAddy\.nuget\packages\efcore.bulkextensions.postgresql\9.0.1\lib\net9.0\EFCore.BulkExtensions.PostgreSql.dll /reference:C:\Users\AAddy\.nuget\packages\efcore.bulkextensions.sqlite\9.0.1\lib\net9.0\EFCore.BulkExtensions.Sqlite.dll /reference:C:\Users\AAddy\.nuget\packages\efcore.bulkextensions.sqlserver\9.0.1\lib\net9.0\EFCore.BulkExtensions.SqlServer.dll /reference:C:\Users\AAddy\.nuget\packages\excelnumberformat\1.1.0\lib\netstandard2.0\ExcelNumberFormat.dll /reference:C:\Users\AAddy\.nuget\packages\fluentvalidation\12.0.0\lib\net8.0\FluentValidation.dll /reference:C:\Users\AAddy\.nuget\packages\fractions\7.3.0\lib\netstandard2.1\Fractions.dll /reference:C:\Users\AAddy\.nuget\packages\google.protobuf\3.30.2\lib\net5.0\Google.Protobuf.dll /reference:C:\Users\AAddy\.nuget\packages\grpc.aspnetcore.server.clientfactory\2.71.0\lib\net9.0\Grpc.AspNetCore.Server.ClientFactory.dll /reference:C:\Users\AAddy\.nuget\packages\grpc.aspnetcore.server\2.71.0\lib\net9.0\Grpc.AspNetCore.Server.dll /reference:C:\Users\AAddy\.nuget\packages\grpc.core.api\2.71.0\lib\netstandard2.1\Grpc.Core.Api.dll /reference:C:\Users\AAddy\.nuget\packages\grpc.net.client\2.71.0\lib\net8.0\Grpc.Net.Client.dll /reference:C:\Users\AAddy\.nuget\packages\grpc.net.clientfactory\2.71.0\lib\net8.0\Grpc.Net.ClientFactory.dll /reference:C:\Users\AAddy\.nuget\packages\grpc.net.common\2.71.0\lib\net8.0\Grpc.Net.Common.dll /reference:C:\Users\AAddy\.nuget\packages\aspnetcore.healthchecks.uris\9.0.0\lib\net8.0\HealthChecks.Uris.dll /reference:C:\Users\AAddy\.nuget\packages\humanizer.core\2.14.1\lib\net6.0\Humanizer.dll /reference:C:\Users\AAddy\.nuget\packages\json.more.net\2.1.0\lib\net9.0\Json.More.dll /reference:C:\Users\AAddy\.nuget\packages\jsonpatch.net\3.3.0\lib\net9.0\JsonPatch.Net.dll /reference:C:\Users\AAddy\.nuget\packages\jsonpointer.net\5.2.0\lib\net9.0\JsonPointer.Net.dll /reference:C:\Users\AAddy\.nuget\packages\kubernetesclient\16.0.7\lib\net9.0\KubernetesClient.dll /reference:C:\Users\AAddy\.nuget\packages\medalliontopologicalsort\1.0.0\lib\netstandard2.0\MedallionTopologicalSort.dll /reference:C:\Users\AAddy\.nuget\packages\messagepack.annotations\2.5.192\lib\netstandard2.0\MessagePack.Annotations.dll /reference:C:\Users\AAddy\.nuget\packages\messagepack\2.5.192\lib\net6.0\MessagePack.dll /reference:"C:\Program Files\dotnet\packs\Microsoft.AspNetCore.App.Ref\9.0.18\ref\net9.0\Microsoft.AspNetCore.Antiforgery.dll" /reference:"C:\Program Files\dotnet\packs\Microsoft.AspNetCore.App.Ref\9.0.18\ref\net9.0\Microsoft.AspNetCore.Authentication.Abstractions.dll" /reference:"C:\Program Files\dotnet\packs\Microsoft.AspNetCore.App.Ref\9.0.18\ref\net9.0\Microsoft.AspNetCore.Authentication.BearerToken.dll" /reference:"C:\Program Files\dotnet\packs\Microsoft.AspNetCore.App.Ref\9.0.18\ref\net9.0\Microsoft.AspNetCore.Authentication.Cookies.dll" /reference:"C:\Program Files\dotnet\packs\Microsoft.AspNetCore.App.Ref\9.0.18\ref\net9.0\Microsoft.AspNetCore.Authentication.Core.dll" /reference:"C:\Program Files\dotnet\packs\Microsoft.AspNetCore.App.Ref\9.0.18\ref\net9.0\Microsoft.AspNetCore.Authentication.dll" /reference:"C:\Program Files\dotnet\packs\Microsoft.AspNetCore.App.Ref\9.0.18\ref\net9.0\Microsoft.AspNetCore.Authentication.OAuth.dll" /reference:"C:\Program Files\dotnet\packs\Microsoft.AspNetCore.App.Ref\9.0.18\ref\net9.0\Microsoft.AspNetCore.Authorization.dll" /reference:"C:\Program Files\dotnet\packs\Microsoft.AspNetCore.App.Ref\9.0.18\ref\net9.0\Microsoft.AspNetCore.Authorization.Policy.dll" /reference:"C:\Program Files\dotnet\packs\Microsoft.AspNetCore.App.Ref\9.0.18\ref\net9.0\Microsoft.AspNetCore.Components.Authorization.dll" /reference:"C:\Program Files\dotnet\packs\Microsoft.AspNetCore.App.Ref\9.0.18\ref\net9.0\Microsoft.AspNetCore.Components.dll" /reference:"C:\Program Files\dotnet\packs\Microsoft.AspNetCore.App.Ref\9.0.18\ref\net9.0\Microsoft.AspNetCore.Components.Endpoints.dll" /reference:"C:\Program Files\dotnet\packs\Microsoft.AspNetCore.App.Ref\9.0.18\ref\net9.0\Microsoft.AspNetCore.Components.Forms.dll" /reference:C:\Users\AAddy\.nuget\packages\microsoft.aspnetcore.components.quickgrid\9.0.7\lib\net9.0\Microsoft.AspNetCore.Components.QuickGrid.dll /reference:C:\Users\AAddy\.nuget\packages\microsoft.aspnetcore.components.quickgrid.entityframeworkadapter\9.0.7\lib\net9.0\Microsoft.AspNetCore.Components.QuickGrid.EntityFrameworkAdapter.dll /reference:"C:\Program Files\dotnet\packs\Microsoft.AspNetCore.App.Ref\9.0.18\ref\net9.0\Microsoft.AspNetCore.Components.Server.dll" /reference:"C:\Program Files\dotnet\packs\Microsoft.AspNetCore.App.Ref\9.0.18\ref\net9.0\Microsoft.AspNetCore.Components.Web.dll" /reference:"C:\Program Files\dotnet\packs\Microsoft.AspNetCore.App.Ref\9.0.18\ref\net9.0\Microsoft.AspNetCore.Connections.Abstractions.dll" /reference:"C:\Program Files\dotnet\packs\Microsoft.AspNetCore.App.Ref\9.0.18\ref\net9.0\Microsoft.AspNetCore.CookiePolicy.dll" /reference:"C:\Program Files\dotnet\packs\Microsoft.AspNetCore.App.Ref\9.0.18\ref\net9.0\Microsoft.AspNetCore.Cors.dll" /reference:"C:\Program Files\dotnet\packs\Microsoft.AspNetCore.App.Ref\9.0.18\ref\net9.0\Microsoft.AspNetCore.Cryptography.Internal.dll" /reference:"C:\Program Files\dotnet\packs\Microsoft.AspNetCore.App.Ref\9.0.18\ref\net9.0\Microsoft.AspNetCore.Cryptography.KeyDerivation.dll" /reference:"C:\Program Files\dotnet\packs\Microsoft.AspNetCore.App.Ref\9.0.18\ref\net9.0\Microsoft.AspNetCore.DataProtection.Abstractions.dll" /reference:"C:\Program Files\dotnet\packs\Microsoft.AspNetCore.App.Ref\9.0.18\ref\net9.0\Microsoft.AspNetCore.DataProtection.dll" /reference:"C:\Program Files\dotnet\packs\Microsoft.AspNetCore.App.Ref\9.0.18\ref\net9.0\Microsoft.AspNetCore.DataProtection.Extensions.dll" /reference:"C:\Program Files\dotnet\packs\Microsoft.AspNetCore.App.Ref\9.0.18\ref\net9.0\Microsoft.AspNetCore.Diagnostics.Abstractions.dll" /reference:"C:\Program Files\dotnet\packs\Microsoft.AspNetCore.App.Ref\9.0.18\ref\net9.0\Microsoft.AspNetCore.Diagnostics.dll" /reference:C:\Users\AAddy\.nuget\packages\microsoft.aspnetcore.diagnostics.entityframeworkcore\9.0.7\lib\net9.0\Microsoft.AspNetCore.Diagnostics.EntityFrameworkCore.dll /reference:"C:\Program Files\dotnet\packs\Microsoft.AspNetCore.App.Ref\9.0.18\ref\net9.0\Microsoft.AspNetCore.Diagnostics.HealthChecks.dll" /reference:"C:\Program Files\dotnet\packs\Microsoft.AspNetCore.App.Ref\9.0.18\ref\net9.0\Microsoft.AspNetCore.dll" /reference:"C:\Program Files\dotnet\packs\Microsoft.AspNetCore.App.Ref\9.0.18\ref\net9.0\Microsoft.AspNetCore.HostFiltering.dll" /reference:"C:\Program Files\dotnet\packs\Microsoft.AspNetCore.App.Ref\9.0.18\ref\net9.0\Microsoft.AspNetCore.Hosting.Abstractions.dll" /reference:"C:\Program Files\dotnet\packs\Microsoft.AspNetCore.App.Ref\9.0.18\ref\net9.0\Microsoft.AspNetCore.Hosting.dll" /reference:"C:\Program Files\dotnet\packs\Microsoft.AspNetCore.App.Ref\9.0.18\ref\net9.0\Microsoft.AspNetCore.Hosting.Server.Abstractions.dll" /reference:"C:\Program Files\dotnet\packs\Microsoft.AspNetCore.App.Ref\9.0.18\ref\net9.0\Microsoft.AspNetCore.Html.Abstractions.dll" /reference:"C:\Program Files\dotnet\packs\Microsoft.AspNetCore.App.Ref\9.0.18\ref\net9.0\Microsoft.AspNetCore.Http.Abstractions.dll" /reference:"C:\Program Files\dotnet\packs\Microsoft.AspNetCore.App.Ref\9.0.18\ref\net9.0\Microsoft.AspNetCore.Http.Connections.Common.dll" /reference:"C:\Program Files\dotnet\packs\Microsoft.AspNetCore.App.Ref\9.0.18\ref\net9.0\Microsoft.AspNetCore.Http.Connections.dll" /reference:"C:\Program Files\dotnet\packs\Microsoft.AspNetCore.App.Ref\9.0.18\ref\net9.0\Microsoft.AspNetCore.Http.dll" /reference:"C:\Program Files\dotnet\packs\Microsoft.AspNetCore.App.Ref\9.0.18\ref\net9.0\Microsoft.AspNetCore.Http.Extensions.dll" /reference:"C:\Program Files\dotnet\packs\Microsoft.AspNetCore.App.Ref\9.0.18\ref\net9.0\Microsoft.AspNetCore.Http.Features.dll" /reference:"C:\Program Files\dotnet\packs\Microsoft.AspNetCore.App.Ref\9.0.18\ref\net9.0\Microsoft.AspNetCore.Http.Results.dll" /reference:"C:\Program Files\dotnet\packs\Microsoft.AspNetCore.App.Ref\9.0.18\ref\net9.0\Microsoft.AspNetCore.HttpLogging.dll" /reference:"C:\Program Files\dotnet\packs\Microsoft.AspNetCore.App.Ref\9.0.18\ref\net9.0\Microsoft.AspNetCore.HttpOverrides.dll" /reference:"C:\Program Files\dotnet\packs\Microsoft.AspNetCore.App.Ref\9.0.18\ref\net9.0\Microsoft.AspNetCore.HttpsPolicy.dll" /reference:"C:\Program Files\dotnet\packs\Microsoft.AspNetCore.App.Ref\9.0.18\ref\net9.0\Microsoft.AspNetCore.Identity.dll" /reference:C:\Users\AAddy\.nuget\packages\microsoft.aspnetcore.identity.entityframeworkcore\9.0.7\lib\net9.0\Microsoft.AspNetCore.Identity.EntityFrameworkCore.dll /reference:"C:\Program Files\dotnet\packs\Microsoft.AspNetCore.App.Ref\9.0.18\ref\net9.0\Microsoft.AspNetCore.Localization.dll" /reference:"C:\Program Files\dotnet\packs\Microsoft.AspNetCore.App.Ref\9.0.18\ref\net9.0\Microsoft.AspNetCore.Localization.Routing.dll" /reference:"C:\Program Files\dotnet\packs\Microsoft.AspNetCore.App.Ref\9.0.18\ref\net9.0\Microsoft.AspNetCore.Metadata.dll" /reference:"C:\Program Files\dotnet\packs\Microsoft.AspNetCore.App.Ref\9.0.18\ref\net9.0\Microsoft.AspNetCore.Mvc.Abstractions.dll" /reference:"C:\Program Files\dotnet\packs\Microsoft.AspNetCore.App.Ref\9.0.18\ref\net9.0\Microsoft.AspNetCore.Mvc.ApiExplorer.dll" /reference:"C:\Program Files\dotnet\packs\Microsoft.AspNetCore.App.Ref\9.0.18\ref\net9.0\Microsoft.AspNetCore.Mvc.Core.dll" /reference:"C:\Program Files\dotnet\packs\Microsoft.AspNetCore.App.Ref\9.0.18\ref\net9.0\Microsoft.AspNetCore.Mvc.Cors.dll" /reference:"C:\Program Files\dotnet\packs\Microsoft.AspNetCore.App.Ref\9.0.18\ref\net9.0\Microsoft.AspNetCore.Mvc.DataAnnotations.dll" /reference:"C:\Program Files\dotnet\packs\Microsoft.AspNetCore.App.Ref\9.0.18\ref\net9.0\Microsoft.AspNetCore.Mvc.dll" /reference:"C:\Program Files\dotnet\packs\Microsoft.AspNetCore.App.Ref\9.0.18\ref\net9.0\Microsoft.AspNetCore.Mvc.Formatters.Json.dll" /reference:"C:\Program Files\dotnet\packs\Microsoft.AspNetCore.App.Ref\9.0.18\ref\net9.0\Microsoft.AspNetCore.Mvc.Formatters.Xml.dll" /reference:"C:\Program Files\dotnet\packs\Microsoft.AspNetCore.App.Ref\9.0.18\ref\net9.0\Microsoft.AspNetCore.Mvc.Localization.dll" /reference:"C:\Program Files\dotnet\packs\Microsoft.AspNetCore.App.Ref\9.0.18\ref\net9.0\Microsoft.AspNetCore.Mvc.Razor.dll" /reference:"C:\Program Files\dotnet\packs\Microsoft.AspNetCore.App.Ref\9.0.18\ref\net9.0\Microsoft.AspNetCore.Mvc.RazorPages.dll" /reference:"C:\Program Files\dotnet\packs\Microsoft.AspNetCore.App.Ref\9.0.18\ref\net9.0\Microsoft.AspNetCore.Mvc.TagHelpers.dll" /reference:"C:\Program Files\dotnet\packs\Microsoft.AspNetCore.App.Ref\9.0.18\ref\net9.0\Microsoft.AspNetCore.Mvc.ViewFeatures.dll" /reference:"C:\Program Files\dotnet\packs\Microsoft.AspNetCore.App.Ref\9.0.18\ref\net9.0\Microsoft.AspNetCore.OutputCaching.dll" /reference:"C:\Program Files\dotnet\packs\Microsoft.AspNetCore.App.Ref\9.0.18\ref\net9.0\Microsoft.AspNetCore.RateLimiting.dll" /reference:"C:\Program Files\dotnet\packs\Microsoft.AspNetCore.App.Ref\9.0.18\ref\net9.0\Microsoft.AspNetCore.Razor.dll" /reference:C:\Users\AAddy\.nuget\packages\microsoft.aspnetcore.razor.language\6.0.24\lib\netstandard2.0\Microsoft.AspNetCore.Razor.Language.dll /reference:"C:\Program Files\dotnet\packs\Microsoft.AspNetCore.App.Ref\9.0.18\ref\net9.0\Microsoft.AspNetCore.Razor.Runtime.dll" /reference:"C:\Program Files\dotnet\packs\Microsoft.AspNetCore.App.Ref\9.0.18\ref\net9.0\Microsoft.AspNetCore.RequestDecompression.dll" /reference:"C:\Program Files\dotnet\packs\Microsoft.AspNetCore.App.Ref\9.0.18\ref\net9.0\Microsoft.AspNetCore.ResponseCaching.Abstractions.dll" /reference:"C:\Program Files\dotnet\packs\Microsoft.AspNetCore.App.Ref\9.0.18\ref\net9.0\Microsoft.AspNetCore.ResponseCaching.dll" /reference:"C:\Program Files\dotnet\packs\Microsoft.AspNetCore.App.Ref\9.0.18\ref\net9.0\Microsoft.AspNetCore.ResponseCompression.dll" /reference:"C:\Program Files\dotnet\packs\Microsoft.AspNetCore.App.Ref\9.0.18\ref\net9.0\Microsoft.AspNetCore.Rewrite.dll" /reference:"C:\Program Files\dotnet\packs\Microsoft.AspNetCore.App.Ref\9.0.18\ref\net9.0\Microsoft.AspNetCore.Routing.Abstractions.dll" /reference:"C:\Program Files\dotnet\packs\Microsoft.AspNetCore.App.Ref\9.0.18\ref\net9.0\Microsoft.AspNetCore.Routing.dll" /reference:"C:\Program Files\dotnet\packs\Microsoft.AspNetCore.App.Ref\9.0.18\ref\net9.0\Microsoft.AspNetCore.Server.HttpSys.dll" /reference:"C:\Program Files\dotnet\packs\Microsoft.AspNetCore.App.Ref\9.0.18\ref\net9.0\Microsoft.AspNetCore.Server.IIS.dll" /reference:"C:\Program Files\dotnet\packs\Microsoft.AspNetCore.App.Ref\9.0.18\ref\net9.0\Microsoft.AspNetCore.Server.IISIntegration.dll" /reference:"C:\Program Files\dotnet\packs\Microsoft.AspNetCore.App.Ref\9.0.18\ref\net9.0\Microsoft.AspNetCore.Server.Kestrel.Core.dll" /reference:"C:\Program Files\dotnet\packs\Microsoft.AspNetCore.App.Ref\9.0.18\ref\net9.0\Microsoft.AspNetCore.Server.Kestrel.dll" /reference:"C:\Program Files\dotnet\packs\Microsoft.AspNetCore.App.Ref\9.0.18\ref\net9.0\Microsoft.AspNetCore.Server.Kestrel.Transport.NamedPipes.dll" /reference:"C:\Program Files\dotnet\packs\Microsoft.AspNetCore.App.Ref\9.0.18\ref\net9.0\Microsoft.AspNetCore.Server.Kestrel.Transport.Quic.dll" /reference:"C:\Program Files\dotnet\packs\Microsoft.AspNetCore.App.Ref\9.0.18\ref\net9.0\Microsoft.AspNetCore.Server.Kestrel.Transport.Sockets.dll" /reference:"C:\Program Files\dotnet\packs\Microsoft.AspNetCore.App.Ref\9.0.18\ref\net9.0\Microsoft.AspNetCore.Session.dll" /reference:"C:\Program Files\dotnet\packs\Microsoft.AspNetCore.App.Ref\9.0.18\ref\net9.0\Microsoft.AspNetCore.SignalR.Common.dll" /reference:"C:\Program Files\dotnet\packs\Microsoft.AspNetCore.App.Ref\9.0.18\ref\net9.0\Microsoft.AspNetCore.SignalR.Core.dll" /reference:"C:\Program Files\dotnet\packs\Microsoft.AspNetCore.App.Ref\9.0.18\ref\net9.0\Microsoft.AspNetCore.SignalR.dll" /reference:"C:\Program Files\dotnet\packs\Microsoft.AspNetCore.App.Ref\9.0.18\ref\net9.0\Microsoft.AspNetCore.SignalR.Protocols.Json.dll" /reference:"C:\Program Files\dotnet\packs\Microsoft.AspNetCore.App.Ref\9.0.18\ref\net9.0\Microsoft.AspNetCore.StaticAssets.dll" /reference:"C:\Program Files\dotnet\packs\Microsoft.AspNetCore.App.Ref\9.0.18\ref\net9.0\Microsoft.AspNetCore.StaticFiles.dll" /reference:"C:\Program Files\dotnet\packs\Microsoft.AspNetCore.App.Ref\9.0.18\ref\net9.0\Microsoft.AspNetCore.WebSockets.dll" /reference:"C:\Program Files\dotnet\packs\Microsoft.AspNetCore.App.Ref\9.0.18\ref\net9.0\Microsoft.AspNetCore.WebUtilities.dll" /reference:C:\Users\AAddy\.nuget\packages\microsoft.bcl.asyncinterfaces\8.0.0\lib\netstandard2.1\Microsoft.Bcl.AsyncInterfaces.dll /reference:C:\Users\AAddy\.nuget\packages\microsoft.bcl.cryptography\9.0.4\lib\net9.0\Microsoft.Bcl.Cryptography.dll /reference:C:\Users\AAddy\.nuget\packages\microsoft.build\17.10.4\ref\net8.0\Microsoft.Build.dll /reference:C:\Users\AAddy\.nuget\packages\microsoft.build.framework\17.10.4\ref\net8.0\Microsoft.Build.Framework.dll /reference:C:\Users\AAddy\.nuget\packages\microsoft.codeanalysis.analyzerutilities\3.3.0\lib\netstandard2.0\Microsoft.CodeAnalysis.AnalyzerUtilities.dll /reference:C:\Users\AAddy\.nuget\packages\microsoft.codeanalysis.csharp\4.8.0\lib\net7.0\Microsoft.CodeAnalysis.CSharp.dll /reference:C:\Users\AAddy\.nuget\packages\microsoft.codeanalysis.csharp.features\4.8.0\lib\net7.0\Microsoft.CodeAnalysis.CSharp.Features.dll /reference:C:\Users\AAddy\.nuget\packages\microsoft.codeanalysis.csharp.workspaces\4.8.0\lib\net7.0\Microsoft.CodeAnalysis.CSharp.Workspaces.dll /reference:C:\Users\AAddy\.nuget\packages\microsoft.codeanalysis.common\4.8.0\lib\net7.0\Microsoft.CodeAnalysis.dll /reference:C:\Users\AAddy\.nuget\packages\microsoft.codeanalysis.elfie\1.0.0\lib\netstandard2.0\Microsoft.CodeAnalysis.Elfie.dll /reference:C:\Users\AAddy\.nuget\packages\microsoft.codeanalysis.features\4.8.0\lib\net7.0\Microsoft.CodeAnalysis.Features.dll /reference:C:\Users\AAddy\.nuget\packages\microsoft.codeanalysis.razor\6.0.24\lib\netstandard2.0\Microsoft.CodeAnalysis.Razor.dll /reference:C:\Users\AAddy\.nuget\packages\microsoft.codeanalysis.scripting.common\4.8.0\lib\net7.0\Microsoft.CodeAnalysis.Scripting.dll /reference:C:\Users\AAddy\.nuget\packages\microsoft.codeanalysis.workspaces.common\4.8.0\lib\net7.0\Microsoft.CodeAnalysis.Workspaces.dll /reference:"C:\Program Files\dotnet\packs\Microsoft.NETCore.App.Ref\9.0.18\ref\net9.0\Microsoft.CSharp.dll" /reference:C:\Users\AAddy\.nuget\packages\microsoft.data.sqlclient\6.0.2\ref\net9.0\Microsoft.Data.SqlClient.dll /reference:C:\Users\AAddy\.nuget\packages\microsoft.data.sqlite.core\9.0.2\lib\net8.0\Microsoft.Data.Sqlite.dll /reference:C:\Users\AAddy\.nuget\packages\microsoft.diasymreader\2.0.0\lib\netstandard2.0\Microsoft.DiaSymReader.dll /reference:C:\Users\AAddy\.nuget\packages\microsoft.dotnet.scaffolding.shared\9.0.0\lib\netstandard2.0\Microsoft.DotNet.Scaffolding.Shared.dll /reference:C:\Users\AAddy\.nuget\packages\microsoft.entityframeworkcore.abstractions\9.0.7\lib\net8.0\Microsoft.EntityFrameworkCore.Abstractions.dll /reference:C:\Users\AAddy\.nuget\packages\microsoft.entityframeworkcore\9.0.7\lib\net8.0\Microsoft.EntityFrameworkCore.dll /reference:C:\Users\AAddy\.nuget\packages\microsoft.entityframeworkcore.relational\9.0.7\lib\net8.0\Microsoft.EntityFrameworkCore.Relational.dll /reference:C:\Users\AAddy\.nuget\packages\microsoft.entityframeworkcore.sqlite.core\9.0.2\lib\net8.0\Microsoft.EntityFrameworkCore.Sqlite.dll /reference:C:\Users\AAddy\.nuget\packages\microsoft.entityframeworkcore.sqlserver.abstractions\9.0.2\lib\netstandard2.1\Microsoft.EntityFrameworkCore.SqlServer.Abstractions.dll /reference:C:\Users\AAddy\.nuget\packages\microsoft.entityframeworkcore.sqlserver\9.0.7\lib\net8.0\Microsoft.EntityFrameworkCore.SqlServer.dll /reference:C:\Users\AAddy\.nuget\packages\microsoft.entityframeworkcore.sqlserver.hierarchyid\9.0.2\lib\net8.0\Microsoft.EntityFrameworkCore.SqlServer.HierarchyId.dll /reference:C:\Users\AAddy\.nuget\packages\microsoft.extensions.ambientmetadata.application\9.7.0\lib\net9.0\Microsoft.Extensions.AmbientMetadata.Application.dll /reference:"C:\Program Files\dotnet\packs\Microsoft.AspNetCore.App.Ref\9.0.18\ref\net9.0\Microsoft.Extensions.Caching.Abstractions.dll" /reference:"C:\Program Files\dotnet\packs\Microsoft.AspNetCore.App.Ref\9.0.18\ref\net9.0\Microsoft.Extensions.Caching.Memory.dll" /reference:C:\Users\AAddy\.nuget\packages\microsoft.extensions.compliance.abstractions\9.7.0\lib\net9.0\Microsoft.Extensions.Compliance.Abstractions.dll /reference:"C:\Program Files\dotnet\packs\Microsoft.AspNetCore.App.Ref\9.0.18\ref\net9.0\Microsoft.Extensions.Configuration.Abstractions.dll" /reference:"C:\Program Files\dotnet\packs\Microsoft.AspNetCore.App.Ref\9.0.18\ref\net9.0\Microsoft.Extensions.Configuration.Binder.dll" /reference:"C:\Program Files\dotnet\packs\Microsoft.AspNetCore.App.Ref\9.0.18\ref\net9.0\Microsoft.Extensions.Configuration.CommandLine.dll" /reference:"C:\Program Files\dotnet\packs\Microsoft.AspNetCore.App.Ref\9.0.18\ref\net9.0\Microsoft.Extensions.Configuration.dll" /reference:"C:\Program Files\dotnet\packs\Microsoft.AspNetCore.App.Ref\9.0.18\ref\net9.0\Microsoft.Extensions.Configuration.EnvironmentVariables.dll" /reference:"C:\Program Files\dotnet\packs\Microsoft.AspNetCore.App.Ref\9.0.18\ref\net9.0\Microsoft.Extensions.Configuration.FileExtensions.dll" /reference:"C:\Program Files\dotnet\packs\Microsoft.AspNetCore.App.Ref\9.0.18\ref\net9.0\Microsoft.Extensions.Configuration.Ini.dll" /reference:"C:\Program Files\dotnet\packs\Microsoft.AspNetCore.App.Ref\9.0.18\ref\net9.0\Microsoft.Extensions.Configuration.Json.dll" /reference:"C:\Program Files\dotnet\packs\Microsoft.AspNetCore.App.Ref\9.0.18\ref\net9.0\Microsoft.Extensions.Configuration.KeyPerFile.dll" /reference:"C:\Program Files\dotnet\packs\Microsoft.AspNetCore.App.Ref\9.0.18\ref\net9.0\Microsoft.Extensions.Configuration.UserSecrets.dll" /reference:"C:\Program Files\dotnet\packs\Microsoft.AspNetCore.App.Ref\9.0.18\ref\net9.0\Microsoft.Extensions.Configuration.Xml.dll" /reference:"C:\Program Files\dotnet\packs\Microsoft.AspNetCore.App.Ref\9.0.18\ref\net9.0\Microsoft.Extensions.DependencyInjection.Abstractions.dll" /reference:C:\Users\AAddy\.nuget\packages\microsoft.extensions.dependencyinjection.autoactivation\9.7.0\lib\net9.0\Microsoft.Extensions.DependencyInjection.AutoActivation.dll /reference:"C:\Program Files\dotnet\packs\Microsoft.AspNetCore.App.Ref\9.0.18\ref\net9.0\Microsoft.Extensions.DependencyInjection.dll" /reference:C:\Users\AAddy\.nuget\packages\microsoft.extensions.dependencymodel\9.0.7\lib\net9.0\Microsoft.Extensions.DependencyModel.dll /reference:"C:\Program Files\dotnet\packs\Microsoft.AspNetCore.App.Ref\9.0.18\ref\net9.0\Microsoft.Extensions.Diagnostics.Abstractions.dll" /reference:"C:\Program Files\dotnet\packs\Microsoft.AspNetCore.App.Ref\9.0.18\ref\net9.0\Microsoft.Extensions.Diagnostics.dll" /reference:C:\Users\AAddy\.nuget\packages\microsoft.extensions.diagnostics.exceptionsummarization\9.7.0\lib\net9.0\Microsoft.Extensions.Diagnostics.ExceptionSummarization.dll /reference:"C:\Program Files\dotnet\packs\Microsoft.AspNetCore.App.Ref\9.0.18\ref\net9.0\Microsoft.Extensions.Diagnostics.HealthChecks.Abstractions.dll" /reference:"C:\Program Files\dotnet\packs\Microsoft.AspNetCore.App.Ref\9.0.18\ref\net9.0\Microsoft.Extensions.Diagnostics.HealthChecks.dll" /reference:C:\Users\AAddy\.nuget\packages\microsoft.extensions.diagnostics.healthchecks.entityframeworkcore\9.0.4\lib\net9.0\Microsoft.Extensions.Diagnostics.HealthChecks.EntityFrameworkCore.dll /reference:"C:\Program Files\dotnet\packs\Microsoft.AspNetCore.App.Ref\9.0.18\ref\net9.0\Microsoft.Extensions.Features.dll" /reference:"C:\Program Files\dotnet\packs\Microsoft.AspNetCore.App.Ref\9.0.18\ref\net9.0\Microsoft.Extensions.FileProviders.Abstractions.dll" /reference:"C:\Program Files\dotnet\packs\Microsoft.AspNetCore.App.Ref\9.0.18\ref\net9.0\Microsoft.Extensions.FileProviders.Composite.dll" /reference:"C:\Program Files\dotnet\packs\Microsoft.AspNetCore.App.Ref\9.0.18\ref\net9.0\Microsoft.Extensions.FileProviders.Embedded.dll" /reference:"C:\Program Files\dotnet\packs\Microsoft.AspNetCore.App.Ref\9.0.18\ref\net9.0\Microsoft.Extensions.FileProviders.Physical.dll" /reference:"C:\Program Files\dotnet\packs\Microsoft.AspNetCore.App.Ref\9.0.18\ref\net9.0\Microsoft.Extensions.FileSystemGlobbing.dll" /reference:"C:\Program Files\dotnet\packs\Microsoft.AspNetCore.App.Ref\9.0.18\ref\net9.0\Microsoft.Extensions.Hosting.Abstractions.dll" /reference:"C:\Program Files\dotnet\packs\Microsoft.AspNetCore.App.Ref\9.0.18\ref\net9.0\Microsoft.Extensions.Hosting.dll" /reference:C:\Users\AAddy\.nuget\packages\microsoft.extensions.http.diagnostics\9.7.0\lib\net9.0\Microsoft.Extensions.Http.Diagnostics.dll /reference:"C:\Program Files\dotnet\packs\Microsoft.AspNetCore.App.Ref\9.0.18\ref\net9.0\Microsoft.Extensions.Http.dll" /reference:C:\Users\AAddy\.nuget\packages\microsoft.extensions.http.resilience\9.7.0\lib\net9.0\Microsoft.Extensions.Http.Resilience.dll /reference:"C:\Program Files\dotnet\packs\Microsoft.AspNetCore.App.Ref\9.0.18\ref\net9.0\Microsoft.Extensions.Identity.Core.dll" /reference:"C:\Program Files\dotnet\packs\Microsoft.AspNetCore.App.Ref\9.0.18\ref\net9.0\Microsoft.Extensions.Identity.Stores.dll" /reference:"C:\Program Files\dotnet\packs\Microsoft.AspNetCore.App.Ref\9.0.18\ref\net9.0\Microsoft.Extensions.Localization.Abstractions.dll" /reference:"C:\Program Files\dotnet\packs\Microsoft.AspNetCore.App.Ref\9.0.18\ref\net9.0\Microsoft.Extensions.Localization.dll" /reference:"C:\Program Files\dotnet\packs\Microsoft.AspNetCore.App.Ref\9.0.18\ref\net9.0\Microsoft.Extensions.Logging.Abstractions.dll" /reference:"C:\Program Files\dotnet\packs\Microsoft.AspNetCore.App.Ref\9.0.18\ref\net9.0\Microsoft.Extensions.Logging.Configuration.dll" /reference:"C:\Program Files\dotnet\packs\Microsoft.AspNetCore.App.Ref\9.0.18\ref\net9.0\Microsoft.Extensions.Logging.Console.dll" /reference:"C:\Program Files\dotnet\packs\Microsoft.AspNetCore.App.Ref\9.0.18\ref\net9.0\Microsoft.Extensions.Logging.Debug.dll" /reference:"C:\Program Files\dotnet\packs\Microsoft.AspNetCore.App.Ref\9.0.18\ref\net9.0\Microsoft.Extensions.Logging.dll" /reference:"C:\Program Files\dotnet\packs\Microsoft.AspNetCore.App.Ref\9.0.18\ref\net9.0\Microsoft.Extensions.Logging.EventLog.dll" /reference:"C:\Program Files\dotnet\packs\Microsoft.AspNetCore.App.Ref\9.0.18\ref\net9.0\Microsoft.Extensions.Logging.EventSource.dll" /reference:"C:\Program Files\dotnet\packs\Microsoft.AspNetCore.App.Ref\9.0.18\ref\net9.0\Microsoft.Extensions.Logging.TraceSource.dll" /reference:"C:\Program Files\dotnet\packs\Microsoft.AspNetCore.App.Ref\9.0.18\ref\net9.0\Microsoft.Extensions.ObjectPool.dll" /reference:"C:\Program Files\dotnet\packs\Microsoft.AspNetCore.App.Ref\9.0.18\ref\net9.0\Microsoft.Extensions.Options.ConfigurationExtensions.dll" /reference:"C:\Program Files\dotnet\packs\Microsoft.AspNetCore.App.Ref\9.0.18\ref\net9.0\Microsoft.Extensions.Options.DataAnnotations.dll" /reference:"C:\Program Files\dotnet\packs\Microsoft.AspNetCore.App.Ref\9.0.18\ref\net9.0\Microsoft.Extensions.Options.dll" /reference:"C:\Program Files\dotnet\packs\Microsoft.AspNetCore.App.Ref\9.0.18\ref\net9.0\Microsoft.Extensions.Primitives.dll" /reference:C:\Users\AAddy\.nuget\packages\microsoft.extensions.resilience\9.7.0\lib\net9.0\Microsoft.Extensions.Resilience.dll /reference:C:\Users\AAddy\.nuget\packages\microsoft.extensions.servicediscovery.abstractions\9.3.1\lib\net8.0\Microsoft.Extensions.ServiceDiscovery.Abstractions.dll /reference:C:\Users\AAddy\.nuget\packages\microsoft.extensions.servicediscovery\9.3.1\lib\net8.0\Microsoft.Extensions.ServiceDiscovery.dll /reference:C:\Users\AAddy\.nuget\packages\microsoft.extensions.telemetry.abstractions\9.7.0\lib\net9.0\Microsoft.Extensions.Telemetry.Abstractions.dll /reference:C:\Users\AAddy\.nuget\packages\microsoft.extensions.telemetry\9.7.0\lib\net9.0\Microsoft.Extensions.Telemetry.dll /reference:"C:\Program Files\dotnet\packs\Microsoft.AspNetCore.App.Ref\9.0.18\ref\net9.0\Microsoft.Extensions.WebEncoders.dll" /reference:C:\Users\AAddy\.nuget\packages\microsoft.identity.client\4.67.2\lib\net8.0\Microsoft.Identity.Client.dll /reference:C:\Users\AAddy\.nuget\packages\microsoft.identity.client.extensions.msal\4.67.2\lib\net8.0\Microsoft.Identity.Client.Extensions.Msal.dll /reference:C:\Users\AAddy\.nuget\packages\microsoft.identitymodel.abstractions\7.5.0\lib\net8.0\Microsoft.IdentityModel.Abstractions.dll /reference:C:\Users\AAddy\.nuget\packages\microsoft.identitymodel.jsonwebtokens\7.5.0\lib\net8.0\Microsoft.IdentityModel.JsonWebTokens.dll /reference:C:\Users\AAddy\.nuget\packages\microsoft.identitymodel.logging\7.5.0\lib\net8.0\Microsoft.IdentityModel.Logging.dll /reference:C:\Users\AAddy\.nuget\packages\microsoft.identitymodel.protocols\7.5.0\lib\net8.0\Microsoft.IdentityModel.Protocols.dll /reference:C:\Users\AAddy\.nuget\packages\microsoft.identitymodel.protocols.openidconnect\7.5.0\lib\net8.0\Microsoft.IdentityModel.Protocols.OpenIdConnect.dll /reference:C:\Users\AAddy\.nuget\packages\microsoft.identitymodel.tokens\7.5.0\lib\net8.0\Microsoft.IdentityModel.Tokens.dll /reference:"C:\Program Files\dotnet\packs\Microsoft.AspNetCore.App.Ref\9.0.18\ref\net9.0\Microsoft.JSInterop.dll" /reference:"C:\Program Files\dotnet\packs\Microsoft.AspNetCore.App.Ref\9.0.18\ref\net9.0\Microsoft.Net.Http.Headers.dll" /reference:C:\Users\AAddy\.nuget\packages\microsoft.net.stringtools\17.10.4\ref\net8.0\Microsoft.NET.StringTools.dll /reference:C:\Users\AAddy\.nuget\packages\microsoft.sqlserver.server\1.0.0\lib\netstandard2.0\Microsoft.SqlServer.Server.dll /reference:C:\Users\AAddy\.nuget\packages\microsoft.sqlserver.types\160.1000.6\lib\netstandard2.1\Microsoft.SqlServer.Types.dll /reference:"C:\Program Files\dotnet\packs\Microsoft.NETCore.App.Ref\9.0.18\ref\net9.0\Microsoft.VisualBasic.Core.dll" /reference:"C:\Program Files\dotnet\packs\Microsoft.NETCore.App.Ref\9.0.18\ref\net9.0\Microsoft.VisualBasic.dll" /reference:C:\Users\AAddy\.nuget\packages\microsoft.visualstudio.threading.only\17.13.61\lib\net8.0\Microsoft.VisualStudio.Threading.dll /reference:C:\Users\AAddy\.nuget\packages\microsoft.visualstudio.validation\17.8.8\lib\net6.0\Microsoft.VisualStudio.Validation.dll /reference:C:\Users\AAddy\.nuget\packages\microsoft.visualstudio.web.codegeneration.core\9.0.0\lib\net8.0\Microsoft.VisualStudio.Web.CodeGeneration.Core.dll /reference:C:\Users\AAddy\.nuget\packages\microsoft.visualstudio.web.codegeneration\9.0.0\lib\net8.0\Microsoft.VisualStudio.Web.CodeGeneration.dll /reference:C:\Users\AAddy\.nuget\packages\microsoft.visualstudio.web.codegeneration.entityframeworkcore\9.0.0\lib\net8.0\Microsoft.VisualStudio.Web.CodeGeneration.EntityFrameworkCore.dll /reference:C:\Users\AAddy\.nuget\packages\microsoft.visualstudio.web.codegeneration.templating\9.0.0\lib\net8.0\Microsoft.VisualStudio.Web.CodeGeneration.Templating.dll /reference:C:\Users\AAddy\.nuget\packages\microsoft.visualstudio.web.codegeneration.utils\9.0.0\lib\net8.0\Microsoft.VisualStudio.Web.CodeGeneration.Utils.dll /reference:C:\Users\AAddy\.nuget\packages\microsoft.visualstudio.web.codegenerators.mvc\9.0.0\lib\net8.0\Microsoft.VisualStudio.Web.CodeGenerators.Mvc.dll /reference:"C:\Program Files\dotnet\packs\Microsoft.NETCore.App.Ref\9.0.18\ref\net9.0\Microsoft.Win32.Primitives.dll" /reference:"C:\Program Files\dotnet\packs\Microsoft.NETCore.App.Ref\9.0.18\ref\net9.0\Microsoft.Win32.Registry.dll" /reference:C:\Users\AAddy\.nuget\packages\mono.texttemplating\3.0.0\lib\net6.0\Mono.TextTemplating.dll /reference:"C:\Program Files\dotnet\packs\Microsoft.NETCore.App.Ref\9.0.18\ref\net9.0\mscorlib.dll" /reference:C:\Users\AAddy\.nuget\packages\mudblazor\8.9.0\lib\net9.0\MudBlazor.dll /reference:C:\Users\AAddy\.nuget\packages\nerdbank.streams\2.11.90\lib\net6.0\Nerdbank.Streams.dll /reference:"C:\Program Files\dotnet\packs\Microsoft.NETCore.App.Ref\9.0.18\ref\net9.0\netstandard.dll" /reference:C:\Users\AAddy\.nuget\packages\nettopologysuite\2.5.0\lib\netstandard2.0\NetTopologySuite.dll /reference:C:\Users\AAddy\.nuget\packages\nettopologysuite.io.spatialite\2.0.0\lib\netstandard2.0\NetTopologySuite.IO.SpatiaLite.dll /reference:C:\Users\AAddy\.nuget\packages\nettopologysuite.io.sqlserverbytes\2.1.0\lib\netstandard2.0\NetTopologySuite.IO.SqlServerBytes.dll /reference:C:\Users\AAddy\.nuget\packages\newtonsoft.json\13.0.3\lib\net6.0\Newtonsoft.Json.dll /reference:C:\Users\AAddy\.nuget\packages\npgsql\9.0.2\lib\net8.0\Npgsql.dll /reference:C:\Users\AAddy\.nuget\packages\npgsql.entityframeworkcore.postgresql\9.0.3\lib\net8.0\Npgsql.EntityFrameworkCore.PostgreSQL.dll /reference:C:\Users\AAddy\.nuget\packages\nuget.common\6.11.0\lib\netstandard2.0\NuGet.Common.dll /reference:C:\Users\AAddy\.nuget\packages\nuget.configuration\6.11.0\lib\netstandard2.0\NuGet.Configuration.dll /reference:C:\Users\AAddy\.nuget\packages\nuget.dependencyresolver.core\6.11.0\lib\net5.0\NuGet.DependencyResolver.Core.dll /reference:C:\Users\AAddy\.nuget\packages\nuget.frameworks\6.11.0\lib\netstandard2.0\NuGet.Frameworks.dll /reference:C:\Users\AAddy\.nuget\packages\nuget.librarymodel\6.11.0\lib\netstandard2.0\NuGet.LibraryModel.dll /reference:C:\Users\AAddy\.nuget\packages\nuget.packaging\6.11.0\lib\net5.0\NuGet.Packaging.dll /reference:C:\Users\AAddy\.nuget\packages\nuget.projectmodel\6.11.0\lib\net5.0\NuGet.ProjectModel.dll /reference:C:\Users\AAddy\.nuget\packages\nuget.protocol\6.11.0\lib\net5.0\NuGet.Protocol.dll /reference:C:\Users\AAddy\.nuget\packages\nuget.versioning\6.11.0\lib\netstandard2.0\NuGet.Versioning.dll /reference:C:\Users\AAddy\.nuget\packages\opentelemetry.api\1.12.0\lib\net9.0\OpenTelemetry.Api.dll /reference:C:\Users\AAddy\.nuget\packages\opentelemetry.api.providerbuilderextensions\1.12.0\lib\net9.0\OpenTelemetry.Api.ProviderBuilderExtensions.dll /reference:C:\Users\AAddy\.nuget\packages\opentelemetry\1.12.0\lib\net9.0\OpenTelemetry.dll /reference:C:\Users\AAddy\.nuget\packages\opentelemetry.exporter.opentelemetryprotocol\1.12.0\lib\net9.0\OpenTelemetry.Exporter.OpenTelemetryProtocol.dll /reference:C:\Users\AAddy\.nuget\packages\opentelemetry.extensions.hosting\1.12.0\lib\net9.0\OpenTelemetry.Extensions.Hosting.dll /reference:C:\Users\AAddy\.nuget\packages\opentelemetry.instrumentation.aspnetcore\1.12.0\lib\net8.0\OpenTelemetry.Instrumentation.AspNetCore.dll /reference:C:\Users\AAddy\.nuget\packages\opentelemetry.instrumentation.http\1.12.0\lib\net8.0\OpenTelemetry.Instrumentation.Http.dll /reference:C:\Users\AAddy\.nuget\packages\opentelemetry.instrumentation.runtime\1.12.0\lib\net8.0\OpenTelemetry.Instrumentation.Runtime.dll /reference:C:\Users\AAddy\.nuget\packages\oracle.entityframeworkcore\9.23.60\lib\net8.0\Oracle.EntityFrameworkCore.dll /reference:C:\Users\AAddy\.nuget\packages\oracle.manageddataaccess.core\23.6.1\lib\net8.0\Oracle.ManagedDataAccess.dll /reference:C:\Users\AAddy\.nuget\packages\polly.core\8.5.2\lib\net8.0\Polly.Core.dll /reference:C:\Users\AAddy\.nuget\packages\polly.extensions\8.4.2\lib\net8.0\Polly.Extensions.dll /reference:C:\Users\AAddy\.nuget\packages\polly.ratelimiting\8.4.2\lib\net8.0\Polly.RateLimiting.dll /reference:C:\Users\AAddy\.nuget\packages\rbush.signed\4.0.0\lib\net8.0\RBush.dll /reference:C:\Users\AAddy\.nuget\packages\serilog.aspnetcore\9.0.0\lib\net9.0\Serilog.AspNetCore.dll /reference:C:\Users\AAddy\.nuget\packages\serilog\4.2.0\lib\net9.0\Serilog.dll /reference:C:\Users\AAddy\.nuget\packages\serilog.enrichers.environment\3.0.1\lib\net8.0\Serilog.Enrichers.Environment.dll /reference:C:\Users\AAddy\.nuget\packages\serilog.enrichers.process\3.0.0\lib\net8.0\Serilog.Enrichers.Process.dll /reference:C:\Users\AAddy\.nuget\packages\serilog.enrichers.thread\4.0.0\lib\net8.0\Serilog.Enrichers.Thread.dll /reference:C:\Users\AAddy\.nuget\packages\serilog.extensions.hosting\9.0.0\lib\net9.0\Serilog.Extensions.Hosting.dll /reference:C:\Users\AAddy\.nuget\packages\serilog.extensions.logging\9.0.0\lib\net9.0\Serilog.Extensions.Logging.dll /reference:C:\Users\AAddy\.nuget\packages\serilog.formatting.compact\3.0.0\lib\net8.0\Serilog.Formatting.Compact.dll /reference:C:\Users\AAddy\.nuget\packages\serilog.settings.configuration\9.0.0\lib\net9.0\Serilog.Settings.Configuration.dll /reference:C:\Users\AAddy\.nuget\packages\serilog.sinks.console\6.0.0\lib\net8.0\Serilog.Sinks.Console.dll /reference:C:\Users\AAddy\.nuget\packages\serilog.sinks.debug\3.0.0\lib\net8.0\Serilog.Sinks.Debug.dll /reference:C:\Users\AAddy\.nuget\packages\serilog.sinks.file\7.0.0\lib\net9.0\Serilog.Sinks.File.dll /reference:C:\Users\AAddy\.nuget\packages\serilog.sinks.seq\9.0.0\lib\net6.0\Serilog.Sinks.Seq.dll /reference:C:\Users\AAddy\.nuget\packages\sixlabors.fonts\1.0.0\lib\netcoreapp3.1\SixLabors.Fonts.dll /reference:C:\Users\AAddy\.nuget\packages\sqlitepclraw.core\2.1.10\lib\netstandard2.0\SQLitePCLRaw.core.dll /reference:C:\Users\AAddy\.nuget\packages\streamjsonrpc\2.21.69\lib\net8.0\StreamJsonRpc.dll /reference:"C:\Program Files\dotnet\packs\Microsoft.NETCore.App.Ref\9.0.18\ref\net9.0\System.AppContext.dll" /reference:"C:\Program Files\dotnet\packs\Microsoft.NETCore.App.Ref\9.0.18\ref\net9.0\System.Buffers.dll" /reference:C:\Users\AAddy\.nuget\packages\system.clientmodel\1.4.0\lib\net8.0\System.ClientModel.dll /reference:C:\Users\AAddy\.nuget\packages\system.codedom\6.0.0\lib\net6.0\System.CodeDom.dll /reference:"C:\Program Files\dotnet\packs\Microsoft.NETCore.App.Ref\9.0.18\ref\net9.0\System.Collections.Concurrent.dll" /reference:"C:\Program Files\dotnet\packs\Microsoft.NETCore.App.Ref\9.0.18\ref\net9.0\System.Collections.dll" /reference:"C:\Program Files\dotnet\packs\Microsoft.NETCore.App.Ref\9.0.18\ref\net9.0\System.Collections.Immutable.dll" /reference:"C:\Program Files\dotnet\packs\Microsoft.NETCore.App.Ref\9.0.18\ref\net9.0\System.Collections.NonGeneric.dll" /reference:"C:\Program Files\dotnet\packs\Microsoft.NETCore.App.Ref\9.0.18\ref\net9.0\System.Collections.Specialized.dll" /reference:"C:\Program Files\dotnet\packs\Microsoft.NETCore.App.Ref\9.0.18\ref\net9.0\System.ComponentModel.Annotations.dll" /reference:"C:\Program Files\dotnet\packs\Microsoft.NETCore.App.Ref\9.0.18\ref\net9.0\System.ComponentModel.DataAnnotations.dll" /reference:"C:\Program Files\dotnet\packs\Microsoft.NETCore.App.Ref\9.0.18\ref\net9.0\System.ComponentModel.dll" /reference:"C:\Program Files\dotnet\packs\Microsoft.NETCore.App.Ref\9.0.18\ref\net9.0\System.ComponentModel.EventBasedAsync.dll" /reference:"C:\Program Files\dotnet\packs\Microsoft.NETCore.App.Ref\9.0.18\ref\net9.0\System.ComponentModel.Primitives.dll" /reference:"C:\Program Files\dotnet\packs\Microsoft.NETCore.App.Ref\9.0.18\ref\net9.0\System.ComponentModel.TypeConverter.dll" /reference:C:\Users\AAddy\.nuget\packages\system.composition.attributedmodel\7.0.0\lib\net7.0\System.Composition.AttributedModel.dll /reference:C:\Users\AAddy\.nuget\packages\system.composition.convention\7.0.0\lib\net7.0\System.Composition.Convention.dll /reference:C:\Users\AAddy\.nuget\packages\system.composition.hosting\7.0.0\lib\net7.0\System.Composition.Hosting.dll /reference:C:\Users\AAddy\.nuget\packages\system.composition.runtime\7.0.0\lib\net7.0\System.Composition.Runtime.dll /reference:C:\Users\AAddy\.nuget\packages\system.composition.typedparts\7.0.0\lib\net7.0\System.Composition.TypedParts.dll /reference:C:\Users\AAddy\.nuget\packages\system.configuration.configurationmanager\9.0.4\lib\net9.0\System.Configuration.ConfigurationManager.dll /reference:"C:\Program Files\dotnet\packs\Microsoft.NETCore.App.Ref\9.0.18\ref\net9.0\System.Configuration.dll" /reference:"C:\Program Files\dotnet\packs\Microsoft.NETCore.App.Ref\9.0.18\ref\net9.0\System.Console.dll" /reference:"C:\Program Files\dotnet\packs\Microsoft.NETCore.App.Ref\9.0.18\ref\net9.0\System.Core.dll" /reference:"C:\Program Files\dotnet\packs\Microsoft.NETCore.App.Ref\9.0.18\ref\net9.0\System.Data.Common.dll" /reference:"C:\Program Files\dotnet\packs\Microsoft.NETCore.App.Ref\9.0.18\ref\net9.0\System.Data.DataSetExtensions.dll" /reference:"C:\Program Files\dotnet\packs\Microsoft.NETCore.App.Ref\9.0.18\ref\net9.0\System.Data.dll" /reference:"C:\Program Files\dotnet\packs\Microsoft.NETCore.App.Ref\9.0.18\ref\net9.0\System.Diagnostics.Contracts.dll" /reference:"C:\Program Files\dotnet\packs\Microsoft.NETCore.App.Ref\9.0.18\ref\net9.0\System.Diagnostics.Debug.dll" /reference:"C:\Program Files\dotnet\packs\Microsoft.NETCore.App.Ref\9.0.18\ref\net9.0\System.Diagnostics.DiagnosticSource.dll" /reference:"C:\Program Files\dotnet\packs\Microsoft.AspNetCore.App.Ref\9.0.18\ref\net9.0\System.Diagnostics.EventLog.dll" /reference:"C:\Program Files\dotnet\packs\Microsoft.NETCore.App.Ref\9.0.18\ref\net9.0\System.Diagnostics.FileVersionInfo.dll" /reference:C:\Users\AAddy\.nuget\packages\system.diagnostics.performancecounter\8.0.0\lib\net8.0\System.Diagnostics.PerformanceCounter.dll /reference:"C:\Program Files\dotnet\packs\Microsoft.NETCore.App.Ref\9.0.18\ref\net9.0\System.Diagnostics.Process.dll" /reference:"C:\Program Files\dotnet\packs\Microsoft.NETCore.App.Ref\9.0.18\ref\net9.0\System.Diagnostics.StackTrace.dll" /reference:"C:\Program Files\dotnet\packs\Microsoft.NETCore.App.Ref\9.0.18\ref\net9.0\System.Diagnostics.TextWriterTraceListener.dll" /reference:"C:\Program Files\dotnet\packs\Microsoft.NETCore.App.Ref\9.0.18\ref\net9.0\System.Diagnostics.Tools.dll" /reference:"C:\Program Files\dotnet\packs\Microsoft.NETCore.App.Ref\9.0.18\ref\net9.0\System.Diagnostics.TraceSource.dll" /reference:"C:\Program Files\dotnet\packs\Microsoft.NETCore.App.Ref\9.0.18\ref\net9.0\System.Diagnostics.Tracing.dll" /reference:C:\Users\AAddy\.nuget\packages\system.directoryservices.protocols\8.0.0\lib\net8.0\System.DirectoryServices.Protocols.dll /reference:"C:\Program Files\dotnet\packs\Microsoft.NETCore.App.Ref\9.0.18\ref\net9.0\System.dll" /reference:"C:\Program Files\dotnet\packs\Microsoft.NETCore.App.Ref\9.0.18\ref\net9.0\System.Drawing.dll" /reference:"C:\Program Files\dotnet\packs\Microsoft.NETCore.App.Ref\9.0.18\ref\net9.0\System.Drawing.Primitives.dll" /reference:"C:\Program Files\dotnet\packs\Microsoft.NETCore.App.Ref\9.0.18\ref\net9.0\System.Dynamic.Runtime.dll" /reference:"C:\Program Files\dotnet\packs\Microsoft.NETCore.App.Ref\9.0.18\ref\net9.0\System.Formats.Asn1.dll" /reference:"C:\Program Files\dotnet\packs\Microsoft.NETCore.App.Ref\9.0.18\ref\net9.0\System.Formats.Tar.dll" /reference:"C:\Program Files\dotnet\packs\Microsoft.NETCore.App.Ref\9.0.18\ref\net9.0\System.Globalization.Calendars.dll" /reference:"C:\Program Files\dotnet\packs\Microsoft.NETCore.App.Ref\9.0.18\ref\net9.0\System.Globalization.dll" /reference:"C:\Program Files\dotnet\packs\Microsoft.NETCore.App.Ref\9.0.18\ref\net9.0\System.Globalization.Extensions.dll" /reference:C:\Users\AAddy\.nuget\packages\system.identitymodel.tokens.jwt\7.5.0\lib\net8.0\System.IdentityModel.Tokens.Jwt.dll /reference:"C:\Program Files\dotnet\packs\Microsoft.NETCore.App.Ref\9.0.18\ref\net9.0\System.IO.Compression.Brotli.dll" /reference:"C:\Program Files\dotnet\packs\Microsoft.NETCore.App.Ref\9.0.18\ref\net9.0\System.IO.Compression.dll" /reference:"C:\Program Files\dotnet\packs\Microsoft.NETCore.App.Ref\9.0.18\ref\net9.0\System.IO.Compression.FileSystem.dll" /reference:"C:\Program Files\dotnet\packs\Microsoft.NETCore.App.Ref\9.0.18\ref\net9.0\System.IO.Compression.ZipFile.dll" /reference:"C:\Program Files\dotnet\packs\Microsoft.NETCore.App.Ref\9.0.18\ref\net9.0\System.IO.dll" /reference:"C:\Program Files\dotnet\packs\Microsoft.NETCore.App.Ref\9.0.18\ref\net9.0\System.IO.FileSystem.AccessControl.dll" /reference:"C:\Program Files\dotnet\packs\Microsoft.NETCore.App.Ref\9.0.18\ref\net9.0\System.IO.FileSystem.dll" /reference:"C:\Program Files\dotnet\packs\Microsoft.NETCore.App.Ref\9.0.18\ref\net9.0\System.IO.FileSystem.DriveInfo.dll" /reference:"C:\Program Files\dotnet\packs\Microsoft.NETCore.App.Ref\9.0.18\ref\net9.0\System.IO.FileSystem.Primitives.dll" /reference:"C:\Program Files\dotnet\packs\Microsoft.NETCore.App.Ref\9.0.18\ref\net9.0\System.IO.FileSystem.Watcher.dll" /reference:C:\Users\AAddy\.nuget\packages\system.io.hashing\9.0.4\lib\net9.0\System.IO.Hashing.dll /reference:"C:\Program Files\dotnet\packs\Microsoft.NETCore.App.Ref\9.0.18\ref\net9.0\System.IO.IsolatedStorage.dll" /reference:"C:\Program Files\dotnet\packs\Microsoft.NETCore.App.Ref\9.0.18\ref\net9.0\System.IO.MemoryMappedFiles.dll" /reference:C:\Users\AAddy\.nuget\packages\system.io.packaging\8.0.1\lib\net8.0\System.IO.Packaging.dll /reference:"C:\Program Files\dotnet\packs\Microsoft.NETCore.App.Ref\9.0.18\ref\net9.0\System.IO.Pipelines.dll" /reference:"C:\Program Files\dotnet\packs\Microsoft.NETCore.App.Ref\9.0.18\ref\net9.0\System.IO.Pipes.AccessControl.dll" /reference:"C:\Program Files\dotnet\packs\Microsoft.NETCore.App.Ref\9.0.18\ref\net9.0\System.IO.Pipes.dll" /reference:"C:\Program Files\dotnet\packs\Microsoft.NETCore.App.Ref\9.0.18\ref\net9.0\System.IO.UnmanagedMemoryStream.dll" /reference:"C:\Program Files\dotnet\packs\Microsoft.NETCore.App.Ref\9.0.18\ref\net9.0\System.Linq.dll" /reference:"C:\Program Files\dotnet\packs\Microsoft.NETCore.App.Ref\9.0.18\ref\net9.0\System.Linq.Expressions.dll" /reference:"C:\Program Files\dotnet\packs\Microsoft.NETCore.App.Ref\9.0.18\ref\net9.0\System.Linq.Parallel.dll" /reference:"C:\Program Files\dotnet\packs\Microsoft.NETCore.App.Ref\9.0.18\ref\net9.0\System.Linq.Queryable.dll" /reference:C:\Users\AAddy\.nuget\packages\system.memory.data\6.0.1\lib\net6.0\System.Memory.Data.dll /reference:"C:\Program Files\dotnet\packs\Microsoft.NETCore.App.Ref\9.0.18\ref\net9.0\System.Memory.dll" /reference:"C:\Program Files\dotnet\packs\Microsoft.NETCore.App.Ref\9.0.18\ref\net9.0\System.Net.dll" /reference:"C:\Program Files\dotnet\packs\Microsoft.NETCore.App.Ref\9.0.18\ref\net9.0\System.Net.Http.dll" /reference:"C:\Program Files\dotnet\packs\Microsoft.NETCore.App.Ref\9.0.18\ref\net9.0\System.Net.Http.Json.dll" /reference:"C:\Program Files\dotnet\packs\Microsoft.NETCore.App.Ref\9.0.18\ref\net9.0\System.Net.HttpListener.dll" /reference:"C:\Program Files\dotnet\packs\Microsoft.NETCore.App.Ref\9.0.18\ref\net9.0\System.Net.Mail.dll" /reference:"C:\Program Files\dotnet\packs\Microsoft.NETCore.App.Ref\9.0.18\ref\net9.0\System.Net.NameResolution.dll" /reference:"C:\Program Files\dotnet\packs\Microsoft.NETCore.App.Ref\9.0.18\ref\net9.0\System.Net.NetworkInformation.dll" /reference:"C:\Program Files\dotnet\packs\Microsoft.NETCore.App.Ref\9.0.18\ref\net9.0\System.Net.Ping.dll" /reference:"C:\Program Files\dotnet\packs\Microsoft.NETCore.App.Ref\9.0.18\ref\net9.0\System.Net.Primitives.dll" /reference:"C:\Program Files\dotnet\packs\Microsoft.NETCore.App.Ref\9.0.18\ref\net9.0\System.Net.Quic.dll" /reference:"C:\Program Files\dotnet\packs\Microsoft.NETCore.App.Ref\9.0.18\ref\net9.0\System.Net.Requests.dll" /reference:"C:\Program Files\dotnet\packs\Microsoft.NETCore.App.Ref\9.0.18\ref\net9.0\System.Net.Security.dll" /reference:"C:\Program Files\dotnet\packs\Microsoft.NETCore.App.Ref\9.0.18\ref\net9.0\System.Net.ServicePoint.dll" /reference:"C:\Program Files\dotnet\packs\Microsoft.NETCore.App.Ref\9.0.18\ref\net9.0\System.Net.Sockets.dll" /reference:"C:\Program Files\dotnet\packs\Microsoft.NETCore.App.Ref\9.0.18\ref\net9.0\System.Net.WebClient.dll" /reference:"C:\Program Files\dotnet\packs\Microsoft.NETCore.App.Ref\9.0.18\ref\net9.0\System.Net.WebHeaderCollection.dll" /reference:"C:\Program Files\dotnet\packs\Microsoft.NETCore.App.Ref\9.0.18\ref\net9.0\System.Net.WebProxy.dll" /reference:"C:\Program Files\dotnet\packs\Microsoft.NETCore.App.Ref\9.0.18\ref\net9.0\System.Net.WebSockets.Client.dll" /reference:"C:\Program Files\dotnet\packs\Microsoft.NETCore.App.Ref\9.0.18\ref\net9.0\System.Net.WebSockets.dll" /reference:"C:\Program Files\dotnet\packs\Microsoft.NETCore.App.Ref\9.0.18\ref\net9.0\System.Numerics.dll" /reference:"C:\Program Files\dotnet\packs\Microsoft.NETCore.App.Ref\9.0.18\ref\net9.0\System.Numerics.Vectors.dll" /reference:"C:\Program Files\dotnet\packs\Microsoft.NETCore.App.Ref\9.0.18\ref\net9.0\System.ObjectModel.dll" /reference:"C:\Program Files\dotnet\packs\Microsoft.NETCore.App.Ref\9.0.18\ref\net9.0\System.Reflection.DispatchProxy.dll" /reference:"C:\Program Files\dotnet\packs\Microsoft.NETCore.App.Ref\9.0.18\ref\net9.0\System.Reflection.dll" /reference:"C:\Program Files\dotnet\packs\Microsoft.NETCore.App.Ref\9.0.18\ref\net9.0\System.Reflection.Emit.dll" /reference:"C:\Program Files\dotnet\packs\Microsoft.NETCore.App.Ref\9.0.18\ref\net9.0\System.Reflection.Emit.ILGeneration.dll" /reference:"C:\Program Files\dotnet\packs\Microsoft.NETCore.App.Ref\9.0.18\ref\net9.0\System.Reflection.Emit.Lightweight.dll" /reference:"C:\Program Files\dotnet\packs\Microsoft.NETCore.App.Ref\9.0.18\ref\net9.0\System.Reflection.Extensions.dll" /reference:"C:\Program Files\dotnet\packs\Microsoft.NETCore.App.Ref\9.0.18\ref\net9.0\System.Reflection.Metadata.dll" /reference:C:\Users\AAddy\.nuget\packages\system.reflection.metadataloadcontext\8.0.0\lib\net8.0\System.Reflection.MetadataLoadContext.dll /reference:"C:\Program Files\dotnet\packs\Microsoft.NETCore.App.Ref\9.0.18\ref\net9.0\System.Reflection.Primitives.dll" /reference:"C:\Program Files\dotnet\packs\Microsoft.NETCore.App.Ref\9.0.18\ref\net9.0\System.Reflection.TypeExtensions.dll" /reference:"C:\Program Files\dotnet\packs\Microsoft.NETCore.App.Ref\9.0.18\ref\net9.0\System.Resources.Reader.dll" /reference:"C:\Program Files\dotnet\packs\Microsoft.NETCore.App.Ref\9.0.18\ref\net9.0\System.Resources.ResourceManager.dll" /reference:"C:\Program Files\dotnet\packs\Microsoft.NETCore.App.Ref\9.0.18\ref\net9.0\System.Resources.Writer.dll" /reference:"C:\Program Files\dotnet\packs\Microsoft.NETCore.App.Ref\9.0.18\ref\net9.0\System.Runtime.CompilerServices.Unsafe.dll" /reference:"C:\Program Files\dotnet\packs\Microsoft.NETCore.App.Ref\9.0.18\ref\net9.0\System.Runtime.CompilerServices.VisualC.dll" /reference:"C:\Program Files\dotnet\packs\Microsoft.NETCore.App.Ref\9.0.18\ref\net9.0\System.Runtime.dll" /reference:"C:\Program Files\dotnet\packs\Microsoft.NETCore.App.Ref\9.0.18\ref\net9.0\System.Runtime.Extensions.dll" /reference:"C:\Program Files\dotnet\packs\Microsoft.NETCore.App.Ref\9.0.18\ref\net9.0\System.Runtime.Handles.dll" /reference:"C:\Program Files\dotnet\packs\Microsoft.NETCore.App.Ref\9.0.18\ref\net9.0\System.Runtime.InteropServices.dll" /reference:"C:\Program Files\dotnet\packs\Microsoft.NETCore.App.Ref\9.0.18\ref\net9.0\System.Runtime.InteropServices.JavaScript.dll" /reference:"C:\Program Files\dotnet\packs\Microsoft.NETCore.App.Ref\9.0.18\ref\net9.0\System.Runtime.InteropServices.RuntimeInformation.dll" /reference:"C:\Program Files\dotnet\packs\Microsoft.NETCore.App.Ref\9.0.18\ref\net9.0\System.Runtime.Intrinsics.dll" /reference:"C:\Program Files\dotnet\packs\Microsoft.NETCore.App.Ref\9.0.18\ref\net9.0\System.Runtime.Loader.dll" /reference:"C:\Program Files\dotnet\packs\Microsoft.NETCore.App.Ref\9.0.18\ref\net9.0\System.Runtime.Numerics.dll" /reference:"C:\Program Files\dotnet\packs\Microsoft.NETCore.App.Ref\9.0.18\ref\net9.0\System.Runtime.Serialization.dll" /reference:"C:\Program Files\dotnet\packs\Microsoft.NETCore.App.Ref\9.0.18\ref\net9.0\System.Runtime.Serialization.Formatters.dll" /reference:"C:\Program Files\dotnet\packs\Microsoft.NETCore.App.Ref\9.0.18\ref\net9.0\System.Runtime.Serialization.Json.dll" /reference:"C:\Program Files\dotnet\packs\Microsoft.NETCore.App.Ref\9.0.18\ref\net9.0\System.Runtime.Serialization.Primitives.dll" /reference:"C:\Program Files\dotnet\packs\Microsoft.NETCore.App.Ref\9.0.18\ref\net9.0\System.Runtime.Serialization.Xml.dll" /reference:"C:\Program Files\dotnet\packs\Microsoft.NETCore.App.Ref\9.0.18\ref\net9.0\System.Security.AccessControl.dll" /reference:"C:\Program Files\dotnet\packs\Microsoft.NETCore.App.Ref\9.0.18\ref\net9.0\System.Security.Claims.dll" /reference:"C:\Program Files\dotnet\packs\Microsoft.NETCore.App.Ref\9.0.18\ref\net9.0\System.Security.Cryptography.Algorithms.dll" /reference:"C:\Program Files\dotnet\packs\Microsoft.NETCore.App.Ref\9.0.18\ref\net9.0\System.Security.Cryptography.Cng.dll" /reference:"C:\Program Files\dotnet\packs\Microsoft.NETCore.App.Ref\9.0.18\ref\net9.0\System.Security.Cryptography.Csp.dll" /reference:"C:\Program Files\dotnet\packs\Microsoft.NETCore.App.Ref\9.0.18\ref\net9.0\System.Security.Cryptography.dll" /reference:"C:\Program Files\dotnet\packs\Microsoft.NETCore.App.Ref\9.0.18\ref\net9.0\System.Security.Cryptography.Encoding.dll" /reference:"C:\Program Files\dotnet\packs\Microsoft.NETCore.App.Ref\9.0.18\ref\net9.0\System.Security.Cryptography.OpenSsl.dll" /reference:C:\Users\AAddy\.nuget\packages\system.security.cryptography.pkcs\9.0.4\lib\net9.0\System.Security.Cryptography.Pkcs.dll /reference:"C:\Program Files\dotnet\packs\Microsoft.NETCore.App.Ref\9.0.18\ref\net9.0\System.Security.Cryptography.Primitives.dll" /reference:C:\Users\AAddy\.nuget\packages\system.security.cryptography.protecteddata\9.0.4\lib\net9.0\System.Security.Cryptography.ProtectedData.dll /reference:"C:\Program Files\dotnet\packs\Microsoft.NETCore.App.Ref\9.0.18\ref\net9.0\System.Security.Cryptography.X509Certificates.dll" /reference:"C:\Program Files\dotnet\packs\Microsoft.AspNetCore.App.Ref\9.0.18\ref\net9.0\System.Security.Cryptography.Xml.dll" /reference:"C:\Program Files\dotnet\packs\Microsoft.NETCore.App.Ref\9.0.18\ref\net9.0\System.Security.dll" /reference:"C:\Program Files\dotnet\packs\Microsoft.NETCore.App.Ref\9.0.18\ref\net9.0\System.Security.Principal.dll" /reference:"C:\Program Files\dotnet\packs\Microsoft.NETCore.App.Ref\9.0.18\ref\net9.0\System.Security.Principal.Windows.dll" /reference:"C:\Program Files\dotnet\packs\Microsoft.NETCore.App.Ref\9.0.18\ref\net9.0\System.Security.SecureString.dll" /reference:"C:\Program Files\dotnet\packs\Microsoft.NETCore.App.Ref\9.0.18\ref\net9.0\System.ServiceModel.Web.dll" /reference:"C:\Program Files\dotnet\packs\Microsoft.NETCore.App.Ref\9.0.18\ref\net9.0\System.ServiceProcess.dll" /reference:"C:\Program Files\dotnet\packs\Microsoft.NETCore.App.Ref\9.0.18\ref\net9.0\System.Text.Encoding.CodePages.dll" /reference:"C:\Program Files\dotnet\packs\Microsoft.NETCore.App.Ref\9.0.18\ref\net9.0\System.Text.Encoding.dll" /reference:"C:\Program Files\dotnet\packs\Microsoft.NETCore.App.Ref\9.0.18\ref\net9.0\System.Text.Encoding.Extensions.dll" /reference:"C:\Program Files\dotnet\packs\Microsoft.NETCore.App.Ref\9.0.18\ref\net9.0\System.Text.Encodings.Web.dll" /reference:"C:\Program Files\dotnet\packs\Microsoft.NETCore.App.Ref\9.0.18\ref\net9.0\System.Text.Json.dll" /reference:"C:\Program Files\dotnet\packs\Microsoft.NETCore.App.Ref\9.0.18\ref\net9.0\System.Text.RegularExpressions.dll" /reference:"C:\Program Files\dotnet\packs\Microsoft.NETCore.App.Ref\9.0.18\ref\net9.0\System.Threading.Channels.dll" /reference:"C:\Program Files\dotnet\packs\Microsoft.NETCore.App.Ref\9.0.18\ref\net9.0\System.Threading.dll" /reference:"C:\Program Files\dotnet\packs\Microsoft.NETCore.App.Ref\9.0.18\ref\net9.0\System.Threading.Overlapped.dll" /reference:"C:\Program Files\dotnet\packs\Microsoft.AspNetCore.App.Ref\9.0.18\ref\net9.0\System.Threading.RateLimiting.dll" /reference:"C:\Program Files\dotnet\packs\Microsoft.NETCore.App.Ref\9.0.18\ref\net9.0\System.Threading.Tasks.Dataflow.dll" /reference:"C:\Program Files\dotnet\packs\Microsoft.NETCore.App.Ref\9.0.18\ref\net9.0\System.Threading.Tasks.dll" /reference:"C:\Program Files\dotnet\packs\Microsoft.NETCore.App.Ref\9.0.18\ref\net9.0\System.Threading.Tasks.Extensions.dll" /reference:"C:\Program Files\dotnet\packs\Microsoft.NETCore.App.Ref\9.0.18\ref\net9.0\System.Threading.Tasks.Parallel.dll" /reference:"C:\Program Files\dotnet\packs\Microsoft.NETCore.App.Ref\9.0.18\ref\net9.0\System.Threading.Thread.dll" /reference:"C:\Program Files\dotnet\packs\Microsoft.NETCore.App.Ref\9.0.18\ref\net9.0\System.Threading.ThreadPool.dll" /reference:"C:\Program Files\dotnet\packs\Microsoft.NETCore.App.Ref\9.0.18\ref\net9.0\System.Threading.Timer.dll" /reference:"C:\Program Files\dotnet\packs\Microsoft.NETCore.App.Ref\9.0.18\ref\net9.0\System.Transactions.dll" /reference:"C:\Program Files\dotnet\packs\Microsoft.NETCore.App.Ref\9.0.18\ref\net9.0\System.Transactions.Local.dll" /reference:"C:\Program Files\dotnet\packs\Microsoft.NETCore.App.Ref\9.0.18\ref\net9.0\System.ValueTuple.dll" /reference:"C:\Program Files\dotnet\packs\Microsoft.NETCore.App.Ref\9.0.18\ref\net9.0\System.Web.dll" /reference:"C:\Program Files\dotnet\packs\Microsoft.NETCore.App.Ref\9.0.18\ref\net9.0\System.Web.HttpUtility.dll" /reference:"C:\Program Files\dotnet\packs\Microsoft.NETCore.App.Ref\9.0.18\ref\net9.0\System.Windows.dll" /reference:"C:\Program Files\dotnet\packs\Microsoft.NETCore.App.Ref\9.0.18\ref\net9.0\System.Xml.dll" /reference:"C:\Program Files\dotnet\packs\Microsoft.NETCore.App.Ref\9.0.18\ref\net9.0\System.Xml.Linq.dll" /reference:"C:\Program Files\dotnet\packs\Microsoft.NETCore.App.Ref\9.0.18\ref\net9.0\System.Xml.ReaderWriter.dll" /reference:"C:\Program Files\dotnet\packs\Microsoft.NETCore.App.Ref\9.0.18\ref\net9.0\System.Xml.Serialization.dll" /reference:"C:\Program Files\dotnet\packs\Microsoft.NETCore.App.Ref\9.0.18\ref\net9.0\System.Xml.XDocument.dll" /reference:"C:\Program Files\dotnet\packs\Microsoft.NETCore.App.Ref\9.0.18\ref\net9.0\System.Xml.XmlDocument.dll" /reference:"C:\Program Files\dotnet\packs\Microsoft.NETCore.App.Ref\9.0.18\ref\net9.0\System.Xml.XmlSerializer.dll" /reference:"C:\Program Files\dotnet\packs\Microsoft.NETCore.App.Ref\9.0.18\ref\net9.0\System.Xml.XPath.dll" /reference:"C:\Program Files\dotnet\packs\Microsoft.NETCore.App.Ref\9.0.18\ref\net9.0\System.Xml.XPath.XDocument.dll" /reference:"C:\Program Files\dotnet\packs\Microsoft.NETCore.App.Ref\9.0.18\ref\net9.0\WindowsBase.dll" /reference:C:\Users\AAddy\.nuget\packages\yamldotnet\16.3.0\lib\net8.0\YamlDotNet.dll /debug+ /debug:portable /filealign:512 /optimize- /out:obj\Debug\net9.0\CleanserBlazorUI.dll /refout:obj\Debug\net9.0\refint\CleanserBlazorUI.dll /target:exe /warnaserror- /utf8output /deterministic+ /sourcelink:obj\Debug\net9.0\CleanserBlazorUI.sourcelink.json /langversion:13.0 /embed:obj\Debug\net9.0\CleanserBlazorUI.GlobalUsings.g.cs /embed:"obj\Debug\net9.0\.NETCoreApp,Version=v9.0.AssemblyAttributes.cs" /embed:obj\Debug\net9.0\CleanserBlazorUI.AssemblyInfo.cs /analyzerconfig:obj\Debug\net9.0\CleanserBlazorUI.GeneratedMSBuildEditorConfig.editorconfig /analyzerconfig:"C:\Program Files\dotnet\sdk\9.0.316\Sdks\Microsoft.NET.Sdk\analyzers\build\config\analysislevel_9_default.globalconfig" /analyzer:"C:\Program Files\dotnet\sdk\9.0.316\Sdks\Microsoft.NET.Sdk.Web\analyzers\cs\Microsoft.AspNetCore.Analyzers.dll" /analyzer:"C:\Program Files\dotnet\sdk\9.0.316\Sdks\Microsoft.NET.Sdk.Web\analyzers\cs\Microsoft.AspNetCore.Mvc.Analyzers.dll" /analyzer:"C:\Program Files\dotnet\sdk\9.0.316\Sdks\Microsoft.NET.Sdk\targets\..\analyzers\Microsoft.CodeAnalysis.CSharp.NetAnalyzers.dll" /analyzer:"C:\Program Files\dotnet\sdk\9.0.316\Sdks\Microsoft.NET.Sdk\targets\..\analyzers\Microsoft.CodeAnalysis.NetAnalyzers.dll" /analyzer:C:\Users\AAddy\.nuget\packages\microsoft.codeanalysis.analyzers\3.3.4\analyzers\dotnet\cs\Microsoft.CodeAnalysis.Analyzers.dll /analyzer:C:\Users\AAddy\.nuget\packages\microsoft.codeanalysis.analyzers\3.3.4\analyzers\dotnet\cs\Microsoft.CodeAnalysis.CSharp.Analyzers.dll /analyzer:C:\Users\AAddy\.nuget\packages\microsoft.entityframeworkcore.analyzers\9.0.7\analyzers\dotnet\cs\Microsoft.EntityFrameworkCore.Analyzers.dll /analyzer:C:\Users\AAddy\.nuget\packages\microsoft.extensions.telemetry.abstractions\9.7.0\analyzers\dotnet\cs\Microsoft.Gen.Logging.dll /analyzer:C:\Users\AAddy\.nuget\packages\microsoft.extensions.telemetry.abstractions\9.7.0\analyzers\dotnet\cs\Microsoft.Gen.Metrics.dll /analyzer:C:\Users\AAddy\.nuget\packages\mudblazor\8.9.0\analyzers\dotnet\cs\MudBlazor.Analyzers.dll /analyzer:C:\Users\AAddy\.nuget\packages\system.clientmodel\1.4.0\analyzers\dotnet\cs\System.ClientModel.SourceGeneration.dll /analyzer:"C:\Program Files\dotnet\packs\Microsoft.NETCore.App.Ref\9.0.18\analyzers/dotnet/cs/Microsoft.Interop.ComInterfaceGenerator.dll" /analyzer:"C:\Program Files\dotnet\packs\Microsoft.NETCore.App.Ref\9.0.18\analyzers/dotnet/cs/Microsoft.Interop.JavaScript.JSImportGenerator.dll" /analyzer:"C:\Program Files\dotnet\packs\Microsoft.NETCore.App.Ref\9.0.18\analyzers/dotnet/cs/Microsoft.Interop.LibraryImportGenerator.dll" /analyzer:"C:\Program Files\dotnet\packs\Microsoft.NETCore.App.Ref\9.0.18\analyzers/dotnet/cs/Microsoft.Interop.SourceGeneration.dll" /analyzer:"C:\Program Files\dotnet\packs\Microsoft.NETCore.App.Ref\9.0.18\analyzers/dotnet/cs/System.Text.Json.SourceGeneration.dll" /analyzer:"C:\Program Files\dotnet\packs\Microsoft.NETCore.App.Ref\9.0.18\analyzers/dotnet/cs/System.Text.RegularExpressions.Generator.dll" /analyzer:"C:\Program Files\dotnet\packs\Microsoft.AspNetCore.App.Ref\9.0.18\analyzers/dotnet/cs/Microsoft.AspNetCore.App.Analyzers.dll" /analyzer:"C:\Program Files\dotnet\packs\Microsoft.AspNetCore.App.Ref\9.0.18\analyzers/dotnet/cs/Microsoft.AspNetCore.App.CodeFixes.dll" /analyzer:"C:\Program Files\dotnet\packs\Microsoft.AspNetCore.App.Ref\9.0.18\analyzers/dotnet/cs/Microsoft.AspNetCore.Components.Analyzers.dll" /analyzer:"C:\Program Files\dotnet\packs\Microsoft.AspNetCore.App.Ref\9.0.18\analyzers/dotnet/roslyn4.4/cs/Microsoft.Extensions.Options.SourceGeneration.dll" /analyzer:"C:\Program Files\dotnet\sdk\9.0.316\Sdks\Microsoft.NET.Sdk.Razor\targets\..\source-generators\Microsoft.AspNetCore.Razor.Utilities.Shared.dll" /analyzer:"C:\Program Files\dotnet\sdk\9.0.316\Sdks\Microsoft.NET.Sdk.Razor\targets\..\source-generators\Microsoft.CodeAnalysis.Razor.Compiler.dll" /analyzer:"C:\Program Files\dotnet\sdk\9.0.316\Sdks\Microsoft.NET.Sdk.Razor\targets\..\source-generators\Microsoft.Extensions.ObjectPool.dll" /analyzer:"C:\Program Files\dotnet\sdk\9.0.316\Sdks\Microsoft.NET.Sdk.Razor\targets\..\source-generators\System.Collections.Immutable.dll" /additionalfile:Components\Account\Pages\AccessDenied.razor /additionalfile:Components\Account\Pages\ConfirmEmail.razor /additionalfile:Components\Account\Pages\ConfirmEmailChange.razor /additionalfile:Components\Account\Pages\ExternalLogin.razor /additionalfile:Components\Account\Pages\ForgotPassword.razor /additionalfile:Components\Account\Pages\ForgotPasswordConfirmation.razor /additionalfile:Components\Account\Pages\InvalidPasswordReset.razor /additionalfile:Components\Account\Pages\InvalidUser.razor /additionalfile:Components\Account\Pages\Lockout.razor /additionalfile:Components\Account\Pages\Login.razor /additionalfile:Components\Account\Pages\LoginWith2fa.razor /additionalfile:Components\Account\Pages\LoginWithRecoveryCode.razor /additionalfile:Components\Account\Pages\Manage\ChangePassword.razor /additionalfile:Components\Account\Pages\Manage\DeletePersonalData.razor /additionalfile:Components\Account\Pages\Manage\Disable2fa.razor /additionalfile:Components\Account\Pages\Manage\Email.razor /additionalfile:Components\Account\Pages\Manage\EnableAuthenticator.razor /additionalfile:Components\Account\Pages\Manage\ExternalLogins.razor /additionalfile:Components\Account\Pages\Manage\GenerateRecoveryCodes.razor /additionalfile:Components\Account\Pages\Manage\Index.razor /additionalfile:Components\Account\Pages\Manage\PersonalData.razor /additionalfile:Components\Account\Pages\Manage\ResetAuthenticator.razor /additionalfile:Components\Account\Pages\Manage\SetPassword.razor /additionalfile:Components\Account\Pages\Manage\TwoFactorAuthentication.razor /additionalfile:Components\Account\Pages\Manage\_Imports.razor /additionalfile:Components\Account\Pages\Register.razor /additionalfile:Components\Account\Pages\RegisterConfirmation.razor /additionalfile:Components\Account\Pages\ResendEmailConfirmation.razor /additionalfile:Components\Account\Pages\ResetPassword.razor /additionalfile:Components\Account\Pages\ResetPasswordConfirmation.razor /additionalfile:Components\Account\Pages\_Imports.razor /additionalfile:Components\Account\Shared\AccountLayout.razor /additionalfile:Components\Account\Shared\ExternalLoginPicker.razor /additionalfile:Components\Account\Shared\ManageLayout.razor /additionalfile:Components\Account\Shared\ManageNavMenu.razor /additionalfile:Components\Account\Shared\RedirectToLogin.razor /additionalfile:Components\Account\Shared\ShowRecoveryCodes.razor /additionalfile:Components\Account\Shared\StatusMessage.razor /additionalfile:Components\App.razor /additionalfile:Components\Copyright\CookiesConsent.razor /additionalfile:Components\Copyright\Privacy.razor /additionalfile:Components\Copyright\Terms.razor /additionalfile:Components\Pages\AddDateJobTask.razor /additionalfile:Components\Pages\Auth.razor /additionalfile:Components\Pages\Businessnames.razor /additionalfile:Components\Pages\BusinessNamesNormalizer.razor /additionalfile:Components\Pages\Error.razor /additionalfile:Components\Pages\Home.razor /additionalfile:Components\Pages\Manageroles.razor /additionalfile:Components\Pages\Ref.razor /additionalfile:Components\Routes.razor /additionalfile:Components\_Imports.razor /additionalfile:Components\Layout\MainLayout.razor /additionalfile:Components\Layout\NavMenu.razor AllowedWordsAttribute.cs Components\Account\IdentityComponentsEndpointRouteBuilderExtensions.cs Components\Account\IdentityNoOpEmailSender.cs Components\Account\IdentityRedirectManager.cs Components\Account\IdentityRevalidatingAuthenticationStateProvider.cs Components\Account\IdentityUserAccessor.cs Constants\EnumRunningCleanserStatus.cs Constants\SpreadSheetHeadersData.cs Converters\BusinessDataTransformer.cs Converters\BusinessDataTransformerDud.cs Converters\BusinessDataTransformerRef.cs Converters\ExcelProcessorService.cs Converters\IndividualDataTransformer.cs Converters\IndividualDataTransformerDud.cs Converters\IndividualDataTransformerRef.cs Data\ApplicationDbContext.cs Data\ApplicationUser.cs Data\DataManagementService.cs Data\SeedData.cs DevelopmentFolder\ExtractSpreadSheetHeader.cs Entities\BusinessContext.cs Entities\BusinessContextDud.cs Entities\BusinessContextRef.cs Entities\CellDataAndStatus.cs Entities\FileCleanupSettings.cs Entities\IndividualContext.cs Entities\IndividualContextDud.cs Entities\IndividualContextRef.cs Entities\SingleSpreadSheetStatusContext.cs Entities\SpreadsheetFileAndChipColor.cs Entities\SubscribeContext.cs Entities\SubScribersDBContext.cs GlobalUsings.cs Helpers\StreamHelper.cs Helpers\StringHelper.cs Interface\EventService.cs Interface\ICustomEmailSender.cs Interface\IDataWrapper.cs Interface\ITempFileCleanerService.cs Migrations\20250408095937_init4.cs Migrations\20250408095937_init4.Designer.cs Migrations\20250411153447_clean1.cs Migrations\20250411153447_clean1.Designer.cs Migrations\20250416163224_bus1.cs Migrations\20250416163224_bus1.Designer.cs Migrations\20260716112156_sprint5_ref_id_fields.cs Migrations\20260716112156_sprint5_ref_id_fields.Designer.cs Migrations\20260716120255_sprint5_ref_id_fields_v2.cs Migrations\20260716120255_sprint5_ref_id_fields_v2.Designer.cs Migrations\20260719143223_sprint10_ref_name_fields.cs Migrations\20260719143223_sprint10_ref_name_fields.Designer.cs Migrations\20260728005909_AddSubscriberProfile.cs Migrations\20260728005909_AddSubscriberProfile.Designer.cs Migrations\20260729025215_AddIndividualRefMiddleNames.cs Migrations\20260729025215_AddIndividualRefMiddleNames.Designer.cs Migrations\20260730040711_AddFacilityStatusAndBusinessIdentity.cs Migrations\20260730040711_AddFacilityStatusAndBusinessIdentity.Designer.cs Migrations\20260802024214_AddBusinessRefTinumAndBusregnumFlag.cs Migrations\20260802024214_AddBusinessRefTinumAndBusregnumFlag.Designer.cs Migrations\ApplicationDbContextModelSnapshot.cs Models\SmtpSettings.cs PasswordChangeMiddleware.cs Program.cs Repository\DataCleaningType.cs Services\FileCleanupService.cs Services\FileCleanupSettingsService.cs Services\ScheduledTaskService.cs Services\TempFileCleaner.cs Services\TempFileCleanerService.cs Services\UnloadableLogService.cs obj\Debug\net9.0\CleanserBlazorUI.GlobalUsings.g.cs "obj\Debug\net9.0\.NETCoreApp,Version=v9.0.AssemblyAttributes.cs" obj\Debug\net9.0\CleanserBlazorUI.AssemblyInfo.cs /warnaserror+:NU1605,SYSLIB0011
     1>D:\AB3\clnsr_prjct\CleanserBlazorUI\Components\Pages\Manageroles.razor(31,1): warning RZ10012: Found markup element with unexpected name 'StatusMessage'. If this is intended to be a component, add a @using directive for its namespace. [D:\AB3\clnsr_prjct\CleanserBlazorUI\CleanserBlazorUI.csproj]
     1>D:\AB3\clnsr_prjct\CleanserBlazorUI\AllowedWordsAttribute.cs(17,41): warning CS8765: Nullability of type of parameter 'value' doesn't match overridden member (possibly because of nullability attributes). [D:\AB3\clnsr_prjct\CleanserBlazorUI\CleanserBlazorUI.csproj]
     1>D:\AB3\clnsr_prjct\CleanserBlazorUI\Interface\ICustomEmailSender.cs(10,10): warning CS0108: 'ICustomEmailSender.SendEmailAsync(string, string, string)' hides inherited member 'IEmailSender.SendEmailAsync(string, string, string)'. Use the new keyword if hiding was intended. [D:\AB3\clnsr_prjct\CleanserBlazorUI\CleanserBlazorUI.csproj]
     1>D:\AB3\clnsr_prjct\CleanserBlazorUI\AllowedWordsAttribute.cs(31,16): warning CS8603: Possible null reference return. [D:\AB3\clnsr_prjct\CleanserBlazorUI\CleanserBlazorUI.csproj]
     1>D:\AB3\clnsr_prjct\CleanserBlazorUI\DevelopmentFolder\ExtractSpreadSheetHeader.cs(17,13): warning CS0219: The variable 'pp' is assigned but its value is never used [D:\AB3\clnsr_prjct\CleanserBlazorUI\CleanserBlazorUI.csproj]
     1>D:\AB3\clnsr_prjct\CleanserBlazorUI\DevelopmentFolder\ExtractSpreadSheetHeader.cs(29,13): warning CS0219: The variable 'pp' is assigned but its value is never used [D:\AB3\clnsr_prjct\CleanserBlazorUI\CleanserBlazorUI.csproj]
     1>D:\AB3\clnsr_prjct\CleanserBlazorUI\DevelopmentFolder\ExtractSpreadSheetHeader.cs(40,13): warning CS0219: The variable 'pp' is assigned but its value is never used [D:\AB3\clnsr_prjct\CleanserBlazorUI\CleanserBlazorUI.csproj]
     1>D:\AB3\clnsr_prjct\CleanserBlazorUI\DevelopmentFolder\ExtractSpreadSheetHeader.cs(52,13): warning CS0219: The variable 'pp' is assigned but its value is never used [D:\AB3\clnsr_prjct\CleanserBlazorUI\CleanserBlazorUI.csproj]
     1>D:\AB3\clnsr_prjct\CleanserBlazorUI\Entities\SubScribersDBContext.cs(378,19): warning CS8618: Non-nullable property 'SubscriberCode' must contain a non-null value when exiting constructor. Consider adding the 'required' modifier or declaring the property as nullable. [D:\AB3\clnsr_prjct\CleanserBlazorUI\CleanserBlazorUI.csproj]
     1>D:\AB3\clnsr_prjct\CleanserBlazorUI\Entities\SubScribersDBContext.cs(360,19): warning CS8618: Non-nullable property 'SubscriberCode' must contain a non-null value when exiting constructor. Consider adding the 'required' modifier or declaring the property as nullable. [D:\AB3\clnsr_prjct\CleanserBlazorUI\CleanserBlazorUI.csproj]
     1>D:\AB3\clnsr_prjct\CleanserBlazorUI\DevelopmentFolder\ExtractSpreadSheetHeader.cs(78,17): warning CS0219: The variable 'bb' is assigned but its value is never used [D:\AB3\clnsr_prjct\CleanserBlazorUI\CleanserBlazorUI.csproj]
     1>D:\AB3\clnsr_prjct\CleanserBlazorUI\DevelopmentFolder\ExtractSpreadSheetHeader.cs(90,13): warning CS0219: The variable 'pp' is assigned but its value is never used [D:\AB3\clnsr_prjct\CleanserBlazorUI\CleanserBlazorUI.csproj]
     1>D:\AB3\clnsr_prjct\CleanserBlazorUI\DevelopmentFolder\ExtractSpreadSheetHeader.cs(101,13): warning CS0219: The variable 'pp' is assigned but its value is never used [D:\AB3\clnsr_prjct\CleanserBlazorUI\CleanserBlazorUI.csproj]
     1>D:\AB3\clnsr_prjct\CleanserBlazorUI\DevelopmentFolder\ExtractSpreadSheetHeader.cs(112,13): warning CS0219: The variable 'pp' is assigned but its value is never used [D:\AB3\clnsr_prjct\CleanserBlazorUI\CleanserBlazorUI.csproj]
     1>D:\AB3\clnsr_prjct\CleanserBlazorUI\DevelopmentFolder\ExtractSpreadSheetHeader.cs(123,13): warning CS0219: The variable 'pp' is assigned but its value is never used [D:\AB3\clnsr_prjct\CleanserBlazorUI\CleanserBlazorUI.csproj]
     1>D:\AB3\clnsr_prjct\CleanserBlazorUI\DevelopmentFolder\ExtractSpreadSheetHeader.cs(134,13): warning CS0219: The variable 'pp' is assigned but its value is never used [D:\AB3\clnsr_prjct\CleanserBlazorUI\CleanserBlazorUI.csproj]
     1>D:\AB3\clnsr_prjct\CleanserBlazorUI\DevelopmentFolder\ExtractSpreadSheetHeader.cs(145,13): warning CS0219: The variable 'pp' is assigned but its value is never used [D:\AB3\clnsr_prjct\CleanserBlazorUI\CleanserBlazorUI.csproj]
     1>D:\AB3\clnsr_prjct\CleanserBlazorUI\Services\TempFileCleanerService.cs(7,23): warning CS1998: This async method lacks 'await' operators and will run synchronously. Consider using the 'await' operator to await non-blocking API calls, or 'await Task.Run(...)' to do CPU-bound work on a background thread. [D:\AB3\clnsr_prjct\CleanserBlazorUI\CleanserBlazorUI.csproj]
     1>D:\AB3\clnsr_prjct\CleanserBlazorUI\DevelopmentFolder\ExtractSpreadSheetHeader.cs(156,13): warning CS0219: The variable 'pp' is assigned but its value is never used [D:\AB3\clnsr_prjct\CleanserBlazorUI\CleanserBlazorUI.csproj]
     1>D:\AB3\clnsr_prjct\CleanserBlazorUI\Services\TempFileCleaner.cs(16,27): warning CS1998: This async method lacks 'await' operators and will run synchronously. Consider using the 'await' operator to await non-blocking API calls, or 'await Task.Run(...)' to do CPU-bound work on a background thread. [D:\AB3\clnsr_prjct\CleanserBlazorUI\CleanserBlazorUI.csproj]
     1>D:\AB3\clnsr_prjct\CleanserBlazorUI\Helpers\StringHelper.cs(4744,20): warning CS8603: Possible null reference return. [D:\AB3\clnsr_prjct\CleanserBlazorUI\CleanserBlazorUI.csproj]
     1>D:\AB3\clnsr_prjct\CleanserBlazorUI\Models\SmtpSettings.cs(4,19): warning CS8618: Non-nullable property 'Server' must contain a non-null value when exiting constructor. Consider adding the 'required' modifier or declaring the property as nullable. [D:\AB3\clnsr_prjct\CleanserBlazorUI\CleanserBlazorUI.csproj]
     1>D:\AB3\clnsr_prjct\CleanserBlazorUI\Models\SmtpSettings.cs(6,19): warning CS8618: Non-nullable property 'Username' must contain a non-null value when exiting constructor. Consider adding the 'required' modifier or declaring the property as nullable. [D:\AB3\clnsr_prjct\CleanserBlazorUI\CleanserBlazorUI.csproj]
     1>D:\AB3\clnsr_prjct\CleanserBlazorUI\Models\SmtpSettings.cs(7,19): warning CS8618: Non-nullable property 'Password' must contain a non-null value when exiting constructor. Consider adding the 'required' modifier or declaring the property as nullable. [D:\AB3\clnsr_prjct\CleanserBlazorUI\CleanserBlazorUI.csproj]
     1>D:\AB3\clnsr_prjct\CleanserBlazorUI\Models\SmtpSettings.cs(9,19): warning CS8618: Non-nullable property 'FromEmail' must contain a non-null value when exiting constructor. Consider adding the 'required' modifier or declaring the property as nullable. [D:\AB3\clnsr_prjct\CleanserBlazorUI\CleanserBlazorUI.csproj]
     1>D:\AB3\clnsr_prjct\CleanserBlazorUI\Entities\SubScribersDBContext.cs(194,19): warning CS8618: Non-nullable property 'SubscriberCode' must contain a non-null value when exiting constructor. Consider adding the 'required' modifier or declaring the property as nullable. [D:\AB3\clnsr_prjct\CleanserBlazorUI\CleanserBlazorUI.csproj]
     1>D:\AB3\clnsr_prjct\CleanserBlazorUI\Entities\SubScribersDBContext.cs(8,19): warning CS8618: Non-nullable property 'SubscriberCode' must contain a non-null value when exiting constructor. Consider adding the 'required' modifier or declaring the property as nullable. [D:\AB3\clnsr_prjct\CleanserBlazorUI\CleanserBlazorUI.csproj]
     1>D:\AB3\clnsr_prjct\CleanserBlazorUI\Entities\SubscribeContext.cs(4,19): warning CS8618: Non-nullable property 'ShortName' must contain a non-null value when exiting constructor. Consider adding the 'required' modifier or declaring the property as nullable. [D:\AB3\clnsr_prjct\CleanserBlazorUI\CleanserBlazorUI.csproj]
     1>D:\AB3\clnsr_prjct\CleanserBlazorUI\Entities\SubscribeContext.cs(5,19): warning CS8618: Non-nullable property 'SubCategoryCode' must contain a non-null value when exiting constructor. Consider adding the 'required' modifier or declaring the property as nullable. [D:\AB3\clnsr_prjct\CleanserBlazorUI\CleanserBlazorUI.csproj]
     1>D:\AB3\clnsr_prjct\CleanserBlazorUI\Helpers\StringHelper.cs(233,22): warning CS8509: The switch expression does not handle all possible values of its input type (it is not exhaustive). For example, the pattern '""' is not covered. [D:\AB3\clnsr_prjct\CleanserBlazorUI\CleanserBlazorUI.csproj]
     1>D:\AB3\clnsr_prjct\CleanserBlazorUI\Converters\BusinessDataTransformer.cs(716,55): warning CS8604: Possible null reference argument for parameter 'input' in '(decimal Value, bool IsValid) StringHelper.ValidateDecimalInput(string input)'. [D:\AB3\clnsr_prjct\CleanserBlazorUI\CleanserBlazorUI.csproj]
     1>D:\AB3\clnsr_prjct\CleanserBlazorUI\Data\DataManagementService.cs(407,31): warning CS1998: This async method lacks 'await' operators and will run synchronously. Consider using the 'await' operator to await non-blocking API calls, or 'await Task.Run(...)' to do CPU-bound work on a background thread. [D:\AB3\clnsr_prjct\CleanserBlazorUI\CleanserBlazorUI.csproj]
     1>D:\AB3\clnsr_prjct\CleanserBlazorUI\Converters\BusinessDataTransformer.cs(814,55): warning CS8604: Possible null reference argument for parameter 'input' in '(decimal Value, bool IsValid) StringHelper.ValidateDecimalInput(string input)'. [D:\AB3\clnsr_prjct\CleanserBlazorUI\CleanserBlazorUI.csproj]
     1>D:\AB3\clnsr_prjct\CleanserBlazorUI\Components\Pages\Ref.razor(110,153): warning CS8602: Dereference of a possibly null reference. [D:\AB3\clnsr_prjct\CleanserBlazorUI\CleanserBlazorUI.csproj]
     1>D:\AB3\clnsr_prjct\CleanserBlazorUI\Components\Pages\Ref.razor(143,22): warning CS8602: Dereference of a possibly null reference. [D:\AB3\clnsr_prjct\CleanserBlazorUI\CleanserBlazorUI.csproj]
     1>D:\AB3\clnsr_prjct\CleanserBlazorUI\Helpers\StringHelper.cs(429,42): warning CS8604: Possible null reference argument for parameter 'input' in '(decimal Value, bool IsValid) StringHelper.ValidateDecimalInput(string input)'. [D:\AB3\clnsr_prjct\CleanserBlazorUI\CleanserBlazorUI.csproj]
     1>D:\AB3\clnsr_prjct\CleanserBlazorUI\Helpers\StringHelper.cs(430,42): warning CS8604: Possible null reference argument for parameter 'input' in '(decimal Value, bool IsValid) StringHelper.ValidateDecimalInput(string input)'. [D:\AB3\clnsr_prjct\CleanserBlazorUI\CleanserBlazorUI.csproj]
     1>D:\AB3\clnsr_prjct\CleanserBlazorUI\Helpers\StringHelper.cs(514,16): warning CS8603: Possible null reference return. [D:\AB3\clnsr_prjct\CleanserBlazorUI\CleanserBlazorUI.csproj]
     1>D:\AB3\clnsr_prjct\CleanserBlazorUI\Components\Pages\Ref.razor(258,52): warning CS8604: Possible null reference argument for parameter 'browserFile' in 'Task<CleaningStatus> Ref.INSERTREF_REF_GetSpreadsheetData(IBrowserFile browserFile)'. [D:\AB3\clnsr_prjct\CleanserBlazorUI\CleanserBlazorUI.csproj]
     1>D:\AB3\clnsr_prjct\CleanserBlazorUI\Converters\BusinessDataTransformer.cs(988,16): warning CS8600: Converting null literal or possible null value to non-nullable type. [D:\AB3\clnsr_prjct\CleanserBlazorUI\CleanserBlazorUI.csproj]
     1>D:\AB3\clnsr_prjct\CleanserBlazorUI\Converters\BusinessDataTransformer.cs(997,16): warning CS8600: Converting null literal or possible null value to non-nullable type. [D:\AB3\clnsr_prjct\CleanserBlazorUI\CleanserBlazorUI.csproj]
     1>D:\AB3\clnsr_prjct\CleanserBlazorUI\Converters\BusinessDataTransformer.cs(1006,16): warning CS8600: Converting null literal or possible null value to non-nullable type. [D:\AB3\clnsr_prjct\CleanserBlazorUI\CleanserBlazorUI.csproj]
     1>D:\AB3\clnsr_prjct\CleanserBlazorUI\Components\Pages\Ref.razor(274,42): warning CS8604: Possible null reference argument for parameter 'browserFile' in 'Task<CleaningStatus> Ref.REF_GetSpreadsheetData(IBrowserFile browserFile)'. [D:\AB3\clnsr_prjct\CleanserBlazorUI\CleanserBlazorUI.csproj]
     1>D:\AB3\clnsr_prjct\CleanserBlazorUI\Converters\BusinessDataTransformer.cs(1015,16): warning CS8600: Converting null literal or possible null value to non-nullable type. [D:\AB3\clnsr_prjct\CleanserBlazorUI\CleanserBlazorUI.csproj]
     1>D:\AB3\clnsr_prjct\CleanserBlazorUI\Converters\BusinessDataTransformer.cs(1024,16): warning CS8600: Converting null literal or possible null value to non-nullable type. [D:\AB3\clnsr_prjct\CleanserBlazorUI\CleanserBlazorUI.csproj]
     1>D:\AB3\clnsr_prjct\CleanserBlazorUI\Converters\BusinessDataTransformer.cs(1033,16): warning CS8600: Converting null literal or possible null value to non-nullable type. [D:\AB3\clnsr_prjct\CleanserBlazorUI\CleanserBlazorUI.csproj]
     1>D:\AB3\clnsr_prjct\CleanserBlazorUI\Converters\BusinessDataTransformer.cs(1042,16): warning CS8600: Converting null literal or possible null value to non-nullable type. [D:\AB3\clnsr_prjct\CleanserBlazorUI\CleanserBlazorUI.csproj]
     1>D:\AB3\clnsr_prjct\CleanserBlazorUI\Data\DataManagementService.cs(548,34): warning CS8604: Possible null reference argument for parameter 'entity' in 'EntityEntry<SettingsClass> DbSet<SettingsClass>.Remove(SettingsClass entity)'. [D:\AB3\clnsr_prjct\CleanserBlazorUI\CleanserBlazorUI.csproj]
     1>D:\AB3\clnsr_prjct\CleanserBlazorUI\Components\Pages\Ref.razor(293,101): warning CS8602: Dereference of a possibly null reference. [D:\AB3\clnsr_prjct\CleanserBlazorUI\CleanserBlazorUI.csproj]
     1>D:\AB3\clnsr_prjct\CleanserBlazorUI\Components\Pages\Ref.razor(325,25): warning CS8602: Dereference of a possibly null reference. [D:\AB3\clnsr_prjct\CleanserBlazorUI\CleanserBlazorUI.csproj]
     1>D:\AB3\clnsr_prjct\CleanserBlazorUI\Components\Pages\Ref.razor(328,25): warning CS8602: Dereference of a possibly null reference. [D:\AB3\clnsr_prjct\CleanserBlazorUI\CleanserBlazorUI.csproj]
     1>D:\AB3\clnsr_prjct\CleanserBlazorUI\Components\Pages\Ref.razor(362,101): warning CS8602: Dereference of a possibly null reference. [D:\AB3\clnsr_prjct\CleanserBlazorUI\CleanserBlazorUI.csproj]
     1>D:\AB3\clnsr_prjct\CleanserBlazorUI\Components\Pages\Ref.razor(388,25): warning CS8602: Dereference of a possibly null reference. [D:\AB3\clnsr_prjct\CleanserBlazorUI\CleanserBlazorUI.csproj]
     1>D:\AB3\clnsr_prjct\CleanserBlazorUI\Components\Pages\Ref.razor(391,25): warning CS8602: Dereference of a possibly null reference. [D:\AB3\clnsr_prjct\CleanserBlazorUI\CleanserBlazorUI.csproj]
     1>D:\AB3\clnsr_prjct\CleanserBlazorUI\Converters\BusinessDataTransformer.cs(1334,16): warning CS8600: Converting null literal or possible null value to non-nullable type. [D:\AB3\clnsr_prjct\CleanserBlazorUI\CleanserBlazorUI.csproj]
     1>D:\AB3\clnsr_prjct\CleanserBlazorUI\Data\DataManagementService.cs(632,49): warning CS8604: Possible null reference argument for parameter 'entity' in 'EntityEntry<BusSettNormalizer> DbSet<BusSettNormalizer>.Remove(BusSettNormalizer entity)'. [D:\AB3\clnsr_prjct\CleanserBlazorUI\CleanserBlazorUI.csproj]
     1>D:\AB3\clnsr_prjct\CleanserBlazorUI\Converters\IndividualDataTransformer.cs(1064,55): warning CS8604: Possible null reference argument for parameter 'input' in '(decimal Value, bool IsValid) StringHelper.ValidateDecimalInput(string input)'. [D:\AB3\clnsr_prjct\CleanserBlazorUI\CleanserBlazorUI.csproj]
     1>D:\AB3\clnsr_prjct\CleanserBlazorUI\Components\Pages\Ref.razor(423,101): warning CS8602: Dereference of a possibly null reference. [D:\AB3\clnsr_prjct\CleanserBlazorUI\CleanserBlazorUI.csproj]
     1>D:\AB3\clnsr_prjct\CleanserBlazorUI\Components\Pages\Ref.razor(455,25): warning CS8602: Dereference of a possibly null reference. [D:\AB3\clnsr_prjct\CleanserBlazorUI\CleanserBlazorUI.csproj]
     1>D:\AB3\clnsr_prjct\CleanserBlazorUI\Components\Pages\Ref.razor(458,25): warning CS8602: Dereference of a possibly null reference. [D:\AB3\clnsr_prjct\CleanserBlazorUI\CleanserBlazorUI.csproj]
     1>D:\AB3\clnsr_prjct\CleanserBlazorUI\Components\Pages\Ref.razor(487,101): warning CS8602: Dereference of a possibly null reference. [D:\AB3\clnsr_prjct\CleanserBlazorUI\CleanserBlazorUI.csproj]
     1>D:\AB3\clnsr_prjct\CleanserBlazorUI\Components\Pages\Ref.razor(513,25): warning CS8602: Dereference of a possibly null reference. [D:\AB3\clnsr_prjct\CleanserBlazorUI\CleanserBlazorUI.csproj]
     1>D:\AB3\clnsr_prjct\CleanserBlazorUI\Components\Pages\Ref.razor(516,25): warning CS8602: Dereference of a possibly null reference. [D:\AB3\clnsr_prjct\CleanserBlazorUI\CleanserBlazorUI.csproj]
     1>D:\AB3\clnsr_prjct\CleanserBlazorUI\Components\Pages\Ref.razor(542,27): warning CS8622: Nullability of reference types in type of parameter 'sender' of 'void Ref.OnTimerElapsed(object sender, ElapsedEventArgs e)' doesn't match the target delegate 'ElapsedEventHandler' (possibly because of nullability attributes). [D:\AB3\clnsr_prjct\CleanserBlazorUI\CleanserBlazorUI.csproj]
     1>D:\AB3\clnsr_prjct\CleanserBlazorUI\Entities\IndividualContext.cs(6,19): warning CS8618: Non-nullable property 'DisbursementDateMisMatch' must contain a non-null value when exiting constructor. Consider adding the 'required' modifier or declaring the property as nullable. [D:\AB3\clnsr_prjct\CleanserBlazorUI\CleanserBlazorUI.csproj]
     1>D:\AB3\clnsr_prjct\CleanserBlazorUI\Entities\IndividualContext.cs(7,19): warning CS8618: Non-nullable property 'DuplicateDoBIssues' must contain a non-null value when exiting constructor. Consider adding the 'required' modifier or declaring the property as nullable. [D:\AB3\clnsr_prjct\CleanserBlazorUI\CleanserBlazorUI.csproj]
     1>D:\AB3\clnsr_prjct\CleanserBlazorUI\Entities\IndividualContext.cs(9,19): warning CS8618: Non-nullable property 'DisburStatus' must contain a non-null value when exiting constructor. Consider adding the 'required' modifier or declaring the property as nullable. [D:\AB3\clnsr_prjct\CleanserBlazorUI\CleanserBlazorUI.csproj]
     1>D:\AB3\clnsr_prjct\CleanserBlazorUI\Entities\IndividualContext.cs(245,19): warning CS8618: Non-nullable property 'Status' must contain a non-null value when exiting constructor. Consider adding the 'required' modifier or declaring the property as nullable. [D:\AB3\clnsr_prjct\CleanserBlazorUI\CleanserBlazorUI.csproj]
     1>D:\AB3\clnsr_prjct\CleanserBlazorUI\Components\Pages\Ref.razor(548,9): warning CS1717: Assignment made to same variable; did you mean to assign something else? [D:\AB3\clnsr_prjct\CleanserBlazorUI\CleanserBlazorUI.csproj]
     1>D:\AB3\clnsr_prjct\CleanserBlazorUI\Components\Pages\Ref.razor(549,9): warning CS1717: Assignment made to same variable; did you mean to assign something else? [D:\AB3\clnsr_prjct\CleanserBlazorUI\CleanserBlazorUI.csproj]
     1>D:\AB3\clnsr_prjct\CleanserBlazorUI\Converters\IndividualDataTransformer.cs(1165,55): warning CS8604: Possible null reference argument for parameter 'input' in '(decimal Value, bool IsValid) StringHelper.ValidateDecimalInput(string input)'. [D:\AB3\clnsr_prjct\CleanserBlazorUI\CleanserBlazorUI.csproj]
     1>D:\AB3\clnsr_prjct\CleanserBlazorUI\Components\Pages\Ref.razor(581,30): warning CS0168: The variable 'ex' is declared but never used [D:\AB3\clnsr_prjct\CleanserBlazorUI\CleanserBlazorUI.csproj]
     1>D:\AB3\clnsr_prjct\CleanserBlazorUI\Components\Pages\Ref.razor(591,9): warning CS8602: Dereference of a possibly null reference. [D:\AB3\clnsr_prjct\CleanserBlazorUI\CleanserBlazorUI.csproj]
     1>D:\AB3\clnsr_prjct\CleanserBlazorUI\Helpers\StringHelper.cs(678,61): warning CS8604: Possible null reference argument for parameter 'input' in '(decimal Value, bool IsValid) StringHelper.ValidateDecimalInput(string input)'. [D:\AB3\clnsr_prjct\CleanserBlazorUI\CleanserBlazorUI.csproj]
     1>D:\AB3\clnsr_prjct\CleanserBlazorUI\Helpers\StringHelper.cs(679,59): warning CS8604: Possible null reference argument for parameter 'input' in '(decimal Value, bool IsValid) StringHelper.ValidateDecimalInput(string input)'. [D:\AB3\clnsr_prjct\CleanserBlazorUI\CleanserBlazorUI.csproj]
     1>D:\AB3\clnsr_prjct\CleanserBlazorUI\Helpers\StringHelper.cs(680,63): warning CS8604: Possible null reference argument for parameter 'input' in '(decimal Value, bool IsValid) StringHelper.ValidateDecimalInput(string input)'. [D:\AB3\clnsr_prjct\CleanserBlazorUI\CleanserBlazorUI.csproj]
     1>D:\AB3\clnsr_prjct\CleanserBlazorUI\Components\Pages\Ref.razor(635,9): warning CS8602: Dereference of a possibly null reference. [D:\AB3\clnsr_prjct\CleanserBlazorUI\CleanserBlazorUI.csproj]
     1>D:\AB3\clnsr_prjct\CleanserBlazorUI\Components\Pages\Ref.razor(636,9): warning CS8602: Dereference of a possibly null reference. [D:\AB3\clnsr_prjct\CleanserBlazorUI\CleanserBlazorUI.csproj]
     1>D:\AB3\clnsr_prjct\CleanserBlazorUI\Components\Pages\Ref.razor(671,9): warning CS8602: Dereference of a possibly null reference. [D:\AB3\clnsr_prjct\CleanserBlazorUI\CleanserBlazorUI.csproj]
     1>D:\AB3\clnsr_prjct\CleanserBlazorUI\Components\Pages\Ref.razor(672,9): warning CS8602: Dereference of a possibly null reference. [D:\AB3\clnsr_prjct\CleanserBlazorUI\CleanserBlazorUI.csproj]
     1>D:\AB3\clnsr_prjct\CleanserBlazorUI\Entities\BusinessContextDud.cs(4,19): warning CS8618: Non-nullable property 'Status' must contain a non-null value when exiting constructor. Consider adding the 'required' modifier or declaring the property as nullable. [D:\AB3\clnsr_prjct\CleanserBlazorUI\CleanserBlazorUI.csproj]
     1>D:\AB3\clnsr_prjct\CleanserBlazorUI\Converters\IndividualDataTransformer.cs(1361,16): warning CS8600: Converting null literal or possible null value to non-nullable type. [D:\AB3\clnsr_prjct\CleanserBlazorUI\CleanserBlazorUI.csproj]
     1>D:\AB3\clnsr_prjct\CleanserBlazorUI\Converters\IndividualDataTransformer.cs(1370,16): warning CS8600: Converting null literal or possible null value to non-nullable type. [D:\AB3\clnsr_prjct\CleanserBlazorUI\CleanserBlazorUI.csproj]
     1>D:\AB3\clnsr_prjct\CleanserBlazorUI\Converters\IndividualDataTransformer.cs(1379,16): warning CS8600: Converting null literal or possible null value to non-nullable type. [D:\AB3\clnsr_prjct\CleanserBlazorUI\CleanserBlazorUI.csproj]
     1>D:\AB3\clnsr_prjct\CleanserBlazorUI\Converters\IndividualDataTransformer.cs(1388,16): warning CS8600: Converting null literal or possible null value to non-nullable type. [D:\AB3\clnsr_prjct\CleanserBlazorUI\CleanserBlazorUI.csproj]
     1>D:\AB3\clnsr_prjct\CleanserBlazorUI\Converters\IndividualDataTransformer.cs(1397,16): warning CS8600: Converting null literal or possible null value to non-nullable type. [D:\AB3\clnsr_prjct\CleanserBlazorUI\CleanserBlazorUI.csproj]
     1>D:\AB3\clnsr_prjct\CleanserBlazorUI\Converters\IndividualDataTransformer.cs(1407,16): warning CS8600: Converting null literal or possible null value to non-nullable type. [D:\AB3\clnsr_prjct\CleanserBlazorUI\CleanserBlazorUI.csproj]
     1>D:\AB3\clnsr_prjct\CleanserBlazorUI\Converters\IndividualDataTransformer.cs(1416,16): warning CS8600: Converting null literal or possible null value to non-nullable type. [D:\AB3\clnsr_prjct\CleanserBlazorUI\CleanserBlazorUI.csproj]
     1>D:\AB3\clnsr_prjct\CleanserBlazorUI\Interface\EventService.cs(5,43): warning CS8618: Non-nullable event 'OnFunctionCalled' must contain a non-null value when exiting constructor. Consider adding the 'required' modifier or declaring the event as nullable. [D:\AB3\clnsr_prjct\CleanserBlazorUI\CleanserBlazorUI.csproj]
     1>D:\AB3\clnsr_prjct\CleanserBlazorUI\Converters\IndividualDataTransformer.cs(1779,16): warning CS8600: Converting null literal or possible null value to non-nullable type. [D:\AB3\clnsr_prjct\CleanserBlazorUI\CleanserBlazorUI.csproj]
     1>D:\AB3\clnsr_prjct\CleanserBlazorUI\Entities\BusinessContext.cs(12,19): warning CS8618: Non-nullable property 'DisburStatus' must contain a non-null value when exiting constructor. Consider adding the 'required' modifier or declaring the property as nullable. [D:\AB3\clnsr_prjct\CleanserBlazorUI\CleanserBlazorUI.csproj]
     1>D:\AB3\clnsr_prjct\CleanserBlazorUI\Entities\BusinessContext.cs(13,19): warning CS8618: Non-nullable property 'Status' must contain a non-null value when exiting constructor. Consider adding the 'required' modifier or declaring the property as nullable. [D:\AB3\clnsr_prjct\CleanserBlazorUI\CleanserBlazorUI.csproj]
     1>D:\AB3\clnsr_prjct\CleanserBlazorUI\Helpers\StringHelper.cs(1636,20): warning CS8603: Possible null reference return. [D:\AB3\clnsr_prjct\CleanserBlazorUI\CleanserBlazorUI.csproj]
     1>D:\AB3\clnsr_prjct\CleanserBlazorUI\Helpers\StringHelper.cs(1643,20): warning CS8603: Possible null reference return. [D:\AB3\clnsr_prjct\CleanserBlazorUI\CleanserBlazorUI.csproj]
     1>D:\AB3\clnsr_prjct\CleanserBlazorUI\Helpers\StringHelper.cs(1662,28): warning CS8603: Possible null reference return. [D:\AB3\clnsr_prjct\CleanserBlazorUI\CleanserBlazorUI.csproj]
     1>D:\AB3\clnsr_prjct\CleanserBlazorUI\Helpers\StringHelper.cs(1671,24): warning CS8603: Possible null reference return. [D:\AB3\clnsr_prjct\CleanserBlazorUI\CleanserBlazorUI.csproj]
     1>D:\AB3\clnsr_prjct\CleanserBlazorUI\Helpers\StringHelper.cs(2090,49): warning CS0219: The variable 'iIndex' is assigned but its value is never used [D:\AB3\clnsr_prjct\CleanserBlazorUI\CleanserBlazorUI.csproj]
     1>D:\AB3\clnsr_prjct\CleanserBlazorUI\Helpers\StringHelper.cs(2170,49): warning CS0219: The variable 'iIndex' is assigned but its value is never used [D:\AB3\clnsr_prjct\CleanserBlazorUI\CleanserBlazorUI.csproj]
     1>D:\AB3\clnsr_prjct\CleanserBlazorUI\Components\Account\Pages\RegisterConfirmation.razor(57,18): warning CS0184: The given expression is never of the provided ('IdentityNoOpEmailSender') type [D:\AB3\clnsr_prjct\CleanserBlazorUI\CleanserBlazorUI.csproj]
     1>D:\AB3\clnsr_prjct\CleanserBlazorUI\Components\Account\Pages\RegisterConfirmation.razor(59,46): warning CS8604: Possible null reference argument for parameter 'email' in 'Task ICustomEmailSender.SendEmailAsync(string email, string subject, string message, string isit__R_rest__F_Forget__C_Confirm)'. [D:\AB3\clnsr_prjct\CleanserBlazorUI\CleanserBlazorUI.csproj]
     1>D:\AB3\clnsr_prjct\CleanserBlazorUI\Components\Account\Pages\RegisterConfirmation.razor(59,76): warning CS8604: Possible null reference argument for parameter 'message' in 'Task ICustomEmailSender.SendEmailAsync(string email, string subject, string message, string isit__R_rest__F_Forget__C_Confirm)'. [D:\AB3\clnsr_prjct\CleanserBlazorUI\CleanserBlazorUI.csproj]
     1>D:\AB3\clnsr_prjct\CleanserBlazorUI\Components\Pages\AddDateJobTask.razor(28,29): warning CS8618: Non-nullable property 'DialogService' must contain a non-null value when exiting constructor. Consider adding the 'required' modifier or declaring the property as nullable. [D:\AB3\clnsr_prjct\CleanserBlazorUI\CleanserBlazorUI.csproj]
     1>D:\AB3\clnsr_prjct\CleanserBlazorUI\Components\Account\Pages\Register.razor(126,63): warning CS8604: Possible null reference argument for parameter 'user' in 'Task<IdentityResult> UserManager<ApplicationUser>.AddToRoleAsync(ApplicationUser user, string role)'. [D:\AB3\clnsr_prjct\CleanserBlazorUI\CleanserBlazorUI.csproj]
     1>D:\AB3\clnsr_prjct\CleanserBlazorUI\Components\Account\Pages\Register.razor(143,42): warning CS8604: Possible null reference argument for parameter 'email' in 'Task ICustomEmailSender.SendEmailAsync(string email, string subject, string message)'. [D:\AB3\clnsr_prjct\CleanserBlazorUI\CleanserBlazorUI.csproj]
     1>D:\AB3\clnsr_prjct\CleanserBlazorUI\Helpers\StringHelper.cs(3246,13): warning CS1717: Assignment made to same variable; did you mean to assign something else? [D:\AB3\clnsr_prjct\CleanserBlazorUI\CleanserBlazorUI.csproj]
     1>D:\AB3\clnsr_prjct\CleanserBlazorUI\Helpers\StringHelper.cs(3250,13): warning CS1717: Assignment made to same variable; did you mean to assign something else? [D:\AB3\clnsr_prjct\CleanserBlazorUI\CleanserBlazorUI.csproj]
     1>D:\AB3\clnsr_prjct\CleanserBlazorUI\Helpers\StringHelper.cs(3255,13): warning CS1717: Assignment made to same variable; did you mean to assign something else? [D:\AB3\clnsr_prjct\CleanserBlazorUI\CleanserBlazorUI.csproj]
     1>D:\AB3\clnsr_prjct\CleanserBlazorUI\Helpers\StringHelper.cs(3256,13): warning CS1717: Assignment made to same variable; did you mean to assign something else? [D:\AB3\clnsr_prjct\CleanserBlazorUI\CleanserBlazorUI.csproj]
     1>D:\AB3\clnsr_prjct\CleanserBlazorUI\Helpers\StringHelper.cs(3263,13): warning CS1717: Assignment made to same variable; did you mean to assign something else? [D:\AB3\clnsr_prjct\CleanserBlazorUI\CleanserBlazorUI.csproj]
     1>D:\AB3\clnsr_prjct\CleanserBlazorUI\Helpers\StringHelper.cs(3862,76): warning CS8602: Dereference of a possibly null reference. [D:\AB3\clnsr_prjct\CleanserBlazorUI\CleanserBlazorUI.csproj]
     1>D:\AB3\clnsr_prjct\CleanserBlazorUI\Helpers\StringHelper.cs(4076,16): warning CS8619: Nullability of reference types in value of type '(string?, bool)' doesn't match target type '(string LastDate, bool IsValid)'. [D:\AB3\clnsr_prjct\CleanserBlazorUI\CleanserBlazorUI.csproj]
     1>D:\AB3\clnsr_prjct\CleanserBlazorUI\Components\Pages\Businessnames.razor(61,16): warning CS0219: The variable 'AlertSeverityVisible' is assigned but its value is never used [D:\AB3\clnsr_prjct\CleanserBlazorUI\CleanserBlazorUI.csproj]
     1>D:\AB3\clnsr_prjct\CleanserBlazorUI\Helpers\StringHelper.cs(4102,16): warning CS8619: Nullability of reference types in value of type '(string?, bool)' doesn't match target type '(string LastDate, bool IsValid)'. [D:\AB3\clnsr_prjct\CleanserBlazorUI\CleanserBlazorUI.csproj]
     1>D:\AB3\clnsr_prjct\CleanserBlazorUI\Helpers\StringHelper.cs(4146,20): warning CS8600: Converting null literal or possible null value to non-nullable type. [D:\AB3\clnsr_prjct\CleanserBlazorUI\CleanserBlazorUI.csproj]
     1>D:\AB3\clnsr_prjct\CleanserBlazorUI\Helpers\StringHelper.cs(4154,20): warning CS8602: Dereference of a possibly null reference. [D:\AB3\clnsr_prjct\CleanserBlazorUI\CleanserBlazorUI.csproj]
     1>D:\AB3\clnsr_prjct\CleanserBlazorUI\Components\Pages\Businessnames.razor(102,22): warning CS8601: Possible null reference assignment. [D:\AB3\clnsr_prjct\CleanserBlazorUI\CleanserBlazorUI.csproj]
     1>D:\AB3\clnsr_prjct\CleanserBlazorUI\Components\Pages\Businessnames.razor(48,37): warning CS8618: Non-nullable field 'cancellationTokenSource' must contain a non-null value when exiting constructor. Consider adding the 'required' modifier or declaring the field as nullable. [D:\AB3\clnsr_prjct\CleanserBlazorUI\CleanserBlazorUI.csproj]
     1>D:\AB3\clnsr_prjct\CleanserBlazorUI\Components\Pages\Businessnames.razor(53,19): warning CS8618: Non-nullable field 'settingsClass' must contain a non-null value when exiting constructor. Consider adding the 'required' modifier or declaring the field as nullable. [D:\AB3\clnsr_prjct\CleanserBlazorUI\CleanserBlazorUI.csproj]
     1>D:\AB3\clnsr_prjct\CleanserBlazorUI\Components\Pages\BusinessNamesNormalizer.razor(114,16): warning CS0219: The variable 'AlertSeverityVisible' is assigned but its value is never used [D:\AB3\clnsr_prjct\CleanserBlazorUI\CleanserBlazorUI.csproj]
     1>D:\AB3\clnsr_prjct\CleanserBlazorUI\Components\Pages\BusinessNamesNormalizer.razor(162,24): warning CS1998: This async method lacks 'await' operators and will run synchronously. Consider using the 'await' operator to await non-blocking API calls, or 'await Task.Run(...)' to do CPU-bound work on a background thread. [D:\AB3\clnsr_prjct\CleanserBlazorUI\CleanserBlazorUI.csproj]
     1>D:\AB3\clnsr_prjct\CleanserBlazorUI\Components\Pages\BusinessNamesNormalizer.razor(69,37): warning CS8618: Non-nullable field 'cancellationTokenSource' must contain a non-null value when exiting constructor. Consider adding the 'required' modifier or declaring the field as nullable. [D:\AB3\clnsr_prjct\CleanserBlazorUI\CleanserBlazorUI.csproj]
     1>D:\AB3\clnsr_prjct\CleanserBlazorUI\Components\Pages\BusinessNamesNormalizer.razor(75,31): warning CS8618: Non-nullable field 'settingsClass' must contain a non-null value when exiting constructor. Consider adding the 'required' modifier or declaring the field as nullable. [D:\AB3\clnsr_prjct\CleanserBlazorUI\CleanserBlazorUI.csproj]
     1>D:\AB3\clnsr_prjct\CleanserBlazorUI\Components\Pages\Ref.razor(1615,32): warning CS8600: Converting null literal or possible null value to non-nullable type. [D:\AB3\clnsr_prjct\CleanserBlazorUI\CleanserBlazorUI.csproj]
     1>D:\AB3\clnsr_prjct\CleanserBlazorUI\Components\Pages\Ref.razor(1616,76): warning CS8604: Possible null reference argument for parameter 'input' in 'string StringHelper.GetFirstPartExcludeLastPart(string input, int n)'. [D:\AB3\clnsr_prjct\CleanserBlazorUI\CleanserBlazorUI.csproj]
     1>D:\AB3\clnsr_prjct\CleanserBlazorUI\Components\Pages\Ref.razor(1624,43): warning CS8602: Dereference of a possibly null reference. [D:\AB3\clnsr_prjct\CleanserBlazorUI\CleanserBlazorUI.csproj]
     1>D:\AB3\clnsr_prjct\CleanserBlazorUI\Components\Pages\Ref.razor(1632,43): warning CS8602: Dereference of a possibly null reference. [D:\AB3\clnsr_prjct\CleanserBlazorUI\CleanserBlazorUI.csproj]
     1>D:\AB3\clnsr_prjct\CleanserBlazorUI\Components\Pages\Ref.razor(206,20): warning CS8618: Non-nullable field 'AlertSeverityMessage' must contain a non-null value when exiting constructor. Consider adding the 'required' modifier or declaring the field as nullable. [D:\AB3\clnsr_prjct\CleanserBlazorUI\CleanserBlazorUI.csproj]
     1>D:\AB3\clnsr_prjct\CleanserBlazorUI\Components\Pages\Ref.razor(207,33): warning CS8618: Non-nullable field '_timer' must contain a non-null value when exiting constructor. Consider adding the 'required' modifier or declaring the field as nullable. [D:\AB3\clnsr_prjct\CleanserBlazorUI\CleanserBlazorUI.csproj]
     1>D:\AB3\clnsr_prjct\CleanserBlazorUI\Components\Pages\Home.razor(97,149): warning CS8602: Dereference of a possibly null reference. [D:\AB3\clnsr_prjct\CleanserBlazorUI\CleanserBlazorUI.csproj]
     1>D:\AB3\clnsr_prjct\CleanserBlazorUI\Components\Pages\Home.razor(202,10): warning CS8602: Dereference of a possibly null reference. [D:\AB3\clnsr_prjct\CleanserBlazorUI\CleanserBlazorUI.csproj]
     1>D:\AB3\clnsr_prjct\CleanserBlazorUI\Components\Pages\Manageroles.razor(108,25): warning CS8601: Possible null reference assignment. [D:\AB3\clnsr_prjct\CleanserBlazorUI\CleanserBlazorUI.csproj]
     1>D:\AB3\clnsr_prjct\CleanserBlazorUI\Components\Pages\Home.razor(341,42): warning CS8604: Possible null reference argument for parameter 'browserFile' in 'Task<CleaningStatus> Home.REF_GetSpreadsheetData(IBrowserFile browserFile, int id)'. [D:\AB3\clnsr_prjct\CleanserBlazorUI\CleanserBlazorUI.csproj]
     1>D:\AB3\clnsr_prjct\CleanserBlazorUI\Components\Pages\Home.razor(386,52): warning CS8604: Possible null reference argument for parameter 'browserFile' in 'Task<CleaningStatus> Home.INSERTREF_REF_GetSpreadsheetData(IBrowserFile browserFile)'. [D:\AB3\clnsr_prjct\CleanserBlazorUI\CleanserBlazorUI.csproj]
     1>D:\AB3\clnsr_prjct\CleanserBlazorUI\Components\Pages\Manageroles.razor(177,23): warning CS8618: Non-nullable property 'Email' must contain a non-null value when exiting constructor. Consider adding the 'required' modifier or declaring the property as nullable. [D:\AB3\clnsr_prjct\CleanserBlazorUI\CleanserBlazorUI.csproj]
     1>D:\AB3\clnsr_prjct\CleanserBlazorUI\Components\Pages\Manageroles.razor(178,29): warning CS8618: Non-nullable property 'Roles' must contain a non-null value when exiting constructor. Consider adding the 'required' modifier or declaring the property as nullable. [D:\AB3\clnsr_prjct\CleanserBlazorUI\CleanserBlazorUI.csproj]
     1>D:\AB3\clnsr_prjct\CleanserBlazorUI\Components\Pages\Home.razor(454,101): warning CS8602: Dereference of a possibly null reference. [D:\AB3\clnsr_prjct\CleanserBlazorUI\CleanserBlazorUI.csproj]
     1>D:\AB3\clnsr_prjct\CleanserBlazorUI\Components\Pages\Home.razor(488,25): warning CS8602: Dereference of a possibly null reference. [D:\AB3\clnsr_prjct\CleanserBlazorUI\CleanserBlazorUI.csproj]
     1>D:\AB3\clnsr_prjct\CleanserBlazorUI\Components\Pages\Home.razor(491,25): warning CS8602: Dereference of a possibly null reference. [D:\AB3\clnsr_prjct\CleanserBlazorUI\CleanserBlazorUI.csproj]
     1>D:\AB3\clnsr_prjct\CleanserBlazorUI\Components\Pages\Home.razor(527,101): warning CS8602: Dereference of a possibly null reference. [D:\AB3\clnsr_prjct\CleanserBlazorUI\CleanserBlazorUI.csproj]
     1>D:\AB3\clnsr_prjct\CleanserBlazorUI\Components\Pages\Home.razor(562,25): warning CS8602: Dereference of a possibly null reference. [D:\AB3\clnsr_prjct\CleanserBlazorUI\CleanserBlazorUI.csproj]
     1>D:\AB3\clnsr_prjct\CleanserBlazorUI\Components\Pages\Home.razor(565,25): warning CS8602: Dereference of a possibly null reference. [D:\AB3\clnsr_prjct\CleanserBlazorUI\CleanserBlazorUI.csproj]
     1>D:\AB3\clnsr_prjct\CleanserBlazorUI\Components\Pages\Home.razor(606,101): warning CS8602: Dereference of a possibly null reference. [D:\AB3\clnsr_prjct\CleanserBlazorUI\CleanserBlazorUI.csproj]
     1>D:\AB3\clnsr_prjct\CleanserBlazorUI\Components\Pages\Home.razor(638,25): warning CS8602: Dereference of a possibly null reference. [D:\AB3\clnsr_prjct\CleanserBlazorUI\CleanserBlazorUI.csproj]
     1>D:\AB3\clnsr_prjct\CleanserBlazorUI\Components\Pages\Home.razor(641,25): warning CS8602: Dereference of a possibly null reference. [D:\AB3\clnsr_prjct\CleanserBlazorUI\CleanserBlazorUI.csproj]
     1>D:\AB3\clnsr_prjct\CleanserBlazorUI\Components\Pages\Home.razor(680,101): warning CS8602: Dereference of a possibly null reference. [D:\AB3\clnsr_prjct\CleanserBlazorUI\CleanserBlazorUI.csproj]
     1>D:\AB3\clnsr_prjct\CleanserBlazorUI\Components\Pages\Home.razor(712,25): warning CS8602: Dereference of a possibly null reference. [D:\AB3\clnsr_prjct\CleanserBlazorUI\CleanserBlazorUI.csproj]
     1>D:\AB3\clnsr_prjct\CleanserBlazorUI\Components\Pages\Home.razor(715,25): warning CS8602: Dereference of a possibly null reference. [D:\AB3\clnsr_prjct\CleanserBlazorUI\CleanserBlazorUI.csproj]
     1>D:\AB3\clnsr_prjct\CleanserBlazorUI\Components\Pages\Home.razor(750,30): warning CS0168: The variable 'ex' is declared but never used [D:\AB3\clnsr_prjct\CleanserBlazorUI\CleanserBlazorUI.csproj]
     1>D:\AB3\clnsr_prjct\CleanserBlazorUI\Components\Pages\Home.razor(760,9): warning CS8602: Dereference of a possibly null reference. [D:\AB3\clnsr_prjct\CleanserBlazorUI\CleanserBlazorUI.csproj]
     1>D:\AB3\clnsr_prjct\CleanserBlazorUI\Components\Pages\Home.razor(811,9): warning CS8602: Dereference of a possibly null reference. [D:\AB3\clnsr_prjct\CleanserBlazorUI\CleanserBlazorUI.csproj]
     1>D:\AB3\clnsr_prjct\CleanserBlazorUI\Components\Pages\Home.razor(812,9): warning CS8602: Dereference of a possibly null reference. [D:\AB3\clnsr_prjct\CleanserBlazorUI\CleanserBlazorUI.csproj]
     1>D:\AB3\clnsr_prjct\CleanserBlazorUI\Components\Pages\Home.razor(845,9): warning CS8602: Dereference of a possibly null reference. [D:\AB3\clnsr_prjct\CleanserBlazorUI\CleanserBlazorUI.csproj]
     1>D:\AB3\clnsr_prjct\CleanserBlazorUI\Components\Pages\Home.razor(846,9): warning CS8602: Dereference of a possibly null reference. [D:\AB3\clnsr_prjct\CleanserBlazorUI\CleanserBlazorUI.csproj]
     1>D:\AB3\clnsr_prjct\CleanserBlazorUI\Components\Account\Pages\ForgotPassword.razor(56,42): warning CS8604: Possible null reference argument for parameter 'email' in 'Task ICustomEmailSender.SendEmailAsync(string email, string subject, string message, string isit__R_rest__F_Forget__C_Confirm)'. [D:\AB3\clnsr_prjct\CleanserBlazorUI\CleanserBlazorUI.csproj]
     1>D:\AB3\clnsr_prjct\CleanserBlazorUI\Components\Pages\Home.razor(1873,47): warning CS8602: Dereference of a possibly null reference. [D:\AB3\clnsr_prjct\CleanserBlazorUI\CleanserBlazorUI.csproj]
     1>D:\AB3\clnsr_prjct\CleanserBlazorUI\Components\Pages\Home.razor(1879,38): warning CS8602: Dereference of a possibly null reference. [D:\AB3\clnsr_prjct\CleanserBlazorUI\CleanserBlazorUI.csproj]
     1>D:\AB3\clnsr_prjct\CleanserBlazorUI\Components\Pages\Home.razor(1885,38): warning CS8602: Dereference of a possibly null reference. [D:\AB3\clnsr_prjct\CleanserBlazorUI\CleanserBlazorUI.csproj]
     1>D:\AB3\clnsr_prjct\CleanserBlazorUI\Components\Pages\Home.razor(1899,35): warning CS8602: Dereference of a possibly null reference. [D:\AB3\clnsr_prjct\CleanserBlazorUI\CleanserBlazorUI.csproj]
     1>D:\AB3\clnsr_prjct\CleanserBlazorUI\Components\Pages\Home.razor(1905,50): warning CS8602: Dereference of a possibly null reference. [D:\AB3\clnsr_prjct\CleanserBlazorUI\CleanserBlazorUI.csproj]
     1>D:\AB3\clnsr_prjct\CleanserBlazorUI\Components\Pages\Home.razor(1911,38): warning CS8602: Dereference of a possibly null reference. [D:\AB3\clnsr_prjct\CleanserBlazorUI\CleanserBlazorUI.csproj]
     1>D:\AB3\clnsr_prjct\CleanserBlazorUI\Components\Pages\Home.razor(1927,42): warning CS8602: Dereference of a possibly null reference. [D:\AB3\clnsr_prjct\CleanserBlazorUI\CleanserBlazorUI.csproj]
     1>D:\AB3\clnsr_prjct\CleanserBlazorUI\Components\Pages\Home.razor(1943,35): warning CS8602: Dereference of a possibly null reference. [D:\AB3\clnsr_prjct\CleanserBlazorUI\CleanserBlazorUI.csproj]
     1>D:\AB3\clnsr_prjct\CleanserBlazorUI\Components\Pages\Home.razor(1949,50): warning CS8602: Dereference of a possibly null reference. [D:\AB3\clnsr_prjct\CleanserBlazorUI\CleanserBlazorUI.csproj]
     1>D:\AB3\clnsr_prjct\CleanserBlazorUI\Components\Pages\Home.razor(1955,38): warning CS8602: Dereference of a possibly null reference. [D:\AB3\clnsr_prjct\CleanserBlazorUI\CleanserBlazorUI.csproj]
     1>D:\AB3\clnsr_prjct\CleanserBlazorUI\Components\Pages\Home.razor(1966,42): warning CS8602: Dereference of a possibly null reference. [D:\AB3\clnsr_prjct\CleanserBlazorUI\CleanserBlazorUI.csproj]
     1>D:\AB3\clnsr_prjct\CleanserBlazorUI\Components\Pages\Home.razor(2004,44): warning CS8604: Possible null reference argument for parameter 'dob' in 'string Home.NormalizeDate(string dob)'. [D:\AB3\clnsr_prjct\CleanserBlazorUI\CleanserBlazorUI.csproj]
     1>D:\AB3\clnsr_prjct\CleanserBlazorUI\Components\Pages\Home.razor(3332,32): warning CS8600: Converting null literal or possible null value to non-nullable type. [D:\AB3\clnsr_prjct\CleanserBlazorUI\CleanserBlazorUI.csproj]
     1>D:\AB3\clnsr_prjct\CleanserBlazorUI\Components\Pages\Home.razor(3333,76): warning CS8604: Possible null reference argument for parameter 'input' in 'string StringHelper.GetFirstPartExcludeLastPart(string input, int n)'. [D:\AB3\clnsr_prjct\CleanserBlazorUI\CleanserBlazorUI.csproj]
     1>D:\AB3\clnsr_prjct\CleanserBlazorUI\Components\Pages\Home.razor(3341,43): warning CS8602: Dereference of a possibly null reference. [D:\AB3\clnsr_prjct\CleanserBlazorUI\CleanserBlazorUI.csproj]
     1>D:\AB3\clnsr_prjct\CleanserBlazorUI\Components\Pages\Home.razor(3349,43): warning CS8602: Dereference of a possibly null reference. [D:\AB3\clnsr_prjct\CleanserBlazorUI\CleanserBlazorUI.csproj]
     1>D:\AB3\clnsr_prjct\CleanserBlazorUI\Components\Pages\Home.razor(3370,101): warning CS8602: Dereference of a possibly null reference. [D:\AB3\clnsr_prjct\CleanserBlazorUI\CleanserBlazorUI.csproj]
     1>D:\AB3\clnsr_prjct\CleanserBlazorUI\Components\Pages\Home.razor(3399,25): warning CS8602: Dereference of a possibly null reference. [D:\AB3\clnsr_prjct\CleanserBlazorUI\CleanserBlazorUI.csproj]
     1>D:\AB3\clnsr_prjct\CleanserBlazorUI\Components\Pages\Home.razor(3402,25): warning CS8602: Dereference of a possibly null reference. [D:\AB3\clnsr_prjct\CleanserBlazorUI\CleanserBlazorUI.csproj]
     1>D:\AB3\clnsr_prjct\CleanserBlazorUI\Components\Pages\Home.razor(3493,105): warning CS8604: Possible null reference argument for parameter 'context_duplicate' in 'Task<byte[]> Home.SaveToExcelAsync<IndividualContext>(List<IndividualContext> context, List<IndividualContext> context_duplicate, List<IndividualContext>? context_closed = null)'. [D:\AB3\clnsr_prjct\CleanserBlazorUI\CleanserBlazorUI.csproj]
     1>D:\AB3\clnsr_prjct\CleanserBlazorUI\Components\Pages\Home.razor(3527,101): warning CS8602: Dereference of a possibly null reference. [D:\AB3\clnsr_prjct\CleanserBlazorUI\CleanserBlazorUI.csproj]
     1>D:\AB3\clnsr_prjct\CleanserBlazorUI\Components\Pages\Home.razor(3559,25): warning CS8602: Dereference of a possibly null reference. [D:\AB3\clnsr_prjct\CleanserBlazorUI\CleanserBlazorUI.csproj]
     1>D:\AB3\clnsr_prjct\CleanserBlazorUI\Components\Pages\Home.razor(3562,25): warning CS8602: Dereference of a possibly null reference. [D:\AB3\clnsr_prjct\CleanserBlazorUI\CleanserBlazorUI.csproj]
     1>D:\AB3\clnsr_prjct\CleanserBlazorUI\Components\Pages\Home.razor(3630,101): warning CS8602: Dereference of a possibly null reference. [D:\AB3\clnsr_prjct\CleanserBlazorUI\CleanserBlazorUI.csproj]
     1>D:\AB3\clnsr_prjct\CleanserBlazorUI\Components\Pages\Home.razor(3648,25): warning CS8602: Dereference of a possibly null reference. [D:\AB3\clnsr_prjct\CleanserBlazorUI\CleanserBlazorUI.csproj]
     1>D:\AB3\clnsr_prjct\CleanserBlazorUI\Components\Pages\Home.razor(3651,25): warning CS8602: Dereference of a possibly null reference. [D:\AB3\clnsr_prjct\CleanserBlazorUI\CleanserBlazorUI.csproj]
     1>D:\AB3\clnsr_prjct\CleanserBlazorUI\Components\Pages\Home.razor(3683,101): warning CS8602: Dereference of a possibly null reference. [D:\AB3\clnsr_prjct\CleanserBlazorUI\CleanserBlazorUI.csproj]
     1>D:\AB3\clnsr_prjct\CleanserBlazorUI\Components\Pages\Home.razor(3701,25): warning CS8602: Dereference of a possibly null reference. [D:\AB3\clnsr_prjct\CleanserBlazorUI\CleanserBlazorUI.csproj]
     1>D:\AB3\clnsr_prjct\CleanserBlazorUI\Components\Pages\Home.razor(3704,25): warning CS8602: Dereference of a possibly null reference. [D:\AB3\clnsr_prjct\CleanserBlazorUI\CleanserBlazorUI.csproj]
     1>D:\AB3\clnsr_prjct\CleanserBlazorUI\Components\Pages\Home.razor(3758,41): warning CS8604: Possible null reference argument for parameter 'browserFile' in 'Task<CleaningStatus> Home.GetSpreadsheetDataNew(IBrowserFile browserFile, int id)'. [D:\AB3\clnsr_prjct\CleanserBlazorUI\CleanserBlazorUI.csproj]
     1>D:\AB3\clnsr_prjct\CleanserBlazorUI\Components\Pages\Home.razor(4569,42): warning CS8602: Dereference of a possibly null reference. [D:\AB3\clnsr_prjct\CleanserBlazorUI\CleanserBlazorUI.csproj]
     1>D:\AB3\clnsr_prjct\CleanserBlazorUI\Components\Pages\Home.razor(4571,42): warning CS8602: Dereference of a possibly null reference. [D:\AB3\clnsr_prjct\CleanserBlazorUI\CleanserBlazorUI.csproj]
     1>D:\AB3\clnsr_prjct\CleanserBlazorUI\Components\Pages\Home.razor(4573,42): warning CS8602: Dereference of a possibly null reference. [D:\AB3\clnsr_prjct\CleanserBlazorUI\CleanserBlazorUI.csproj]
     1>D:\AB3\clnsr_prjct\CleanserBlazorUI\Components\Pages\Home.razor(4574,42): warning CS8602: Dereference of a possibly null reference. [D:\AB3\clnsr_prjct\CleanserBlazorUI\CleanserBlazorUI.csproj]
     1>D:\AB3\clnsr_prjct\CleanserBlazorUI\Components\Pages\Home.razor(4575,43): warning CS8602: Dereference of a possibly null reference. [D:\AB3\clnsr_prjct\CleanserBlazorUI\CleanserBlazorUI.csproj]
     1>D:\AB3\clnsr_prjct\CleanserBlazorUI\Components\Pages\Home.razor(4576,43): warning CS8602: Dereference of a possibly null reference. [D:\AB3\clnsr_prjct\CleanserBlazorUI\CleanserBlazorUI.csproj]
     1>D:\AB3\clnsr_prjct\CleanserBlazorUI\Components\Pages\Home.razor(4577,43): warning CS8602: Dereference of a possibly null reference. [D:\AB3\clnsr_prjct\CleanserBlazorUI\CleanserBlazorUI.csproj]
     1>D:\AB3\clnsr_prjct\CleanserBlazorUI\Components\Pages\Home.razor(4578,43): warning CS8602: Dereference of a possibly null reference. [D:\AB3\clnsr_prjct\CleanserBlazorUI\CleanserBlazorUI.csproj]
     1>D:\AB3\clnsr_prjct\CleanserBlazorUI\Components\Pages\Home.razor(4579,43): warning CS8602: Dereference of a possibly null reference. [D:\AB3\clnsr_prjct\CleanserBlazorUI\CleanserBlazorUI.csproj]
     1>D:\AB3\clnsr_prjct\CleanserBlazorUI\Components\Pages\Home.razor(4580,43): warning CS8602: Dereference of a possibly null reference. [D:\AB3\clnsr_prjct\CleanserBlazorUI\CleanserBlazorUI.csproj]
     1>D:\AB3\clnsr_prjct\CleanserBlazorUI\Components\Pages\Home.razor(4586,43): warning CS8602: Dereference of a possibly null reference. [D:\AB3\clnsr_prjct\CleanserBlazorUI\CleanserBlazorUI.csproj]
     1>D:\AB3\clnsr_prjct\CleanserBlazorUI\Components\Pages\Home.razor(4587,43): warning CS8602: Dereference of a possibly null reference. [D:\AB3\clnsr_prjct\CleanserBlazorUI\CleanserBlazorUI.csproj]
     1>D:\AB3\clnsr_prjct\CleanserBlazorUI\Components\Pages\Home.razor(4588,43): warning CS8602: Dereference of a possibly null reference. [D:\AB3\clnsr_prjct\CleanserBlazorUI\CleanserBlazorUI.csproj]
     1>D:\AB3\clnsr_prjct\CleanserBlazorUI\Components\Pages\Home.razor(4589,43): warning CS8602: Dereference of a possibly null reference. [D:\AB3\clnsr_prjct\CleanserBlazorUI\CleanserBlazorUI.csproj]
     1>D:\AB3\clnsr_prjct\CleanserBlazorUI\Components\Pages\Home.razor(4591,43): warning CS8602: Dereference of a possibly null reference. [D:\AB3\clnsr_prjct\CleanserBlazorUI\CleanserBlazorUI.csproj]
     1>D:\AB3\clnsr_prjct\CleanserBlazorUI\Components\Pages\Home.razor(4592,43): warning CS8602: Dereference of a possibly null reference. [D:\AB3\clnsr_prjct\CleanserBlazorUI\CleanserBlazorUI.csproj]
     1>D:\AB3\clnsr_prjct\CleanserBlazorUI\Components\Pages\Home.razor(4593,43): warning CS8602: Dereference of a possibly null reference. [D:\AB3\clnsr_prjct\CleanserBlazorUI\CleanserBlazorUI.csproj]
     1>D:\AB3\clnsr_prjct\CleanserBlazorUI\Components\Pages\Home.razor(4594,43): warning CS8602: Dereference of a possibly null reference. [D:\AB3\clnsr_prjct\CleanserBlazorUI\CleanserBlazorUI.csproj]
     1>D:\AB3\clnsr_prjct\CleanserBlazorUI\Components\Pages\Home.razor(4598,43): warning CS8602: Dereference of a possibly null reference. [D:\AB3\clnsr_prjct\CleanserBlazorUI\CleanserBlazorUI.csproj]
     1>D:\AB3\clnsr_prjct\CleanserBlazorUI\Components\Pages\Home.razor(4599,43): warning CS8602: Dereference of a possibly null reference. [D:\AB3\clnsr_prjct\CleanserBlazorUI\CleanserBlazorUI.csproj]
     1>D:\AB3\clnsr_prjct\CleanserBlazorUI\Components\Pages\Home.razor(4605,43): warning CS8602: Dereference of a possibly null reference. [D:\AB3\clnsr_prjct\CleanserBlazorUI\CleanserBlazorUI.csproj]
     1>D:\AB3\clnsr_prjct\CleanserBlazorUI\Components\Pages\Home.razor(4606,43): warning CS8602: Dereference of a possibly null reference. [D:\AB3\clnsr_prjct\CleanserBlazorUI\CleanserBlazorUI.csproj]
     1>D:\AB3\clnsr_prjct\CleanserBlazorUI\Components\Pages\Home.razor(4607,43): warning CS8602: Dereference of a possibly null reference. [D:\AB3\clnsr_prjct\CleanserBlazorUI\CleanserBlazorUI.csproj]
     1>D:\AB3\clnsr_prjct\CleanserBlazorUI\Components\Pages\Home.razor(4609,43): warning CS8602: Dereference of a possibly null reference. [D:\AB3\clnsr_prjct\CleanserBlazorUI\CleanserBlazorUI.csproj]
     1>D:\AB3\clnsr_prjct\CleanserBlazorUI\Components\Pages\Home.razor(4610,43): warning CS8602: Dereference of a possibly null reference. [D:\AB3\clnsr_prjct\CleanserBlazorUI\CleanserBlazorUI.csproj]
     1>D:\AB3\clnsr_prjct\CleanserBlazorUI\Components\Pages\Home.razor(4611,43): warning CS8602: Dereference of a possibly null reference. [D:\AB3\clnsr_prjct\CleanserBlazorUI\CleanserBlazorUI.csproj]
     1>D:\AB3\clnsr_prjct\CleanserBlazorUI\Components\Pages\Home.razor(4612,43): warning CS8602: Dereference of a possibly null reference. [D:\AB3\clnsr_prjct\CleanserBlazorUI\CleanserBlazorUI.csproj]
     1>D:\AB3\clnsr_prjct\CleanserBlazorUI\Components\Pages\Home.razor(4613,43): warning CS8602: Dereference of a possibly null reference. [D:\AB3\clnsr_prjct\CleanserBlazorUI\CleanserBlazorUI.csproj]
     1>D:\AB3\clnsr_prjct\CleanserBlazorUI\Components\Pages\Home.razor(4614,43): warning CS8602: Dereference of a possibly null reference. [D:\AB3\clnsr_prjct\CleanserBlazorUI\CleanserBlazorUI.csproj]
     1>D:\AB3\clnsr_prjct\CleanserBlazorUI\Components\Pages\Home.razor(4615,43): warning CS8602: Dereference of a possibly null reference. [D:\AB3\clnsr_prjct\CleanserBlazorUI\CleanserBlazorUI.csproj]
     1>D:\AB3\clnsr_prjct\CleanserBlazorUI\Components\Pages\Home.razor(4616,43): warning CS8602: Dereference of a possibly null reference. [D:\AB3\clnsr_prjct\CleanserBlazorUI\CleanserBlazorUI.csproj]
     1>D:\AB3\clnsr_prjct\CleanserBlazorUI\Components\Pages\Home.razor(4617,43): warning CS8602: Dereference of a possibly null reference. [D:\AB3\clnsr_prjct\CleanserBlazorUI\CleanserBlazorUI.csproj]
     1>D:\AB3\clnsr_prjct\CleanserBlazorUI\Components\Pages\Home.razor(4618,43): warning CS8602: Dereference of a possibly null reference. [D:\AB3\clnsr_prjct\CleanserBlazorUI\CleanserBlazorUI.csproj]
     1>D:\AB3\clnsr_prjct\CleanserBlazorUI\Components\Pages\Home.razor(4619,43): warning CS8602: Dereference of a possibly null reference. [D:\AB3\clnsr_prjct\CleanserBlazorUI\CleanserBlazorUI.csproj]
     1>D:\AB3\clnsr_prjct\CleanserBlazorUI\Components\Pages\Home.razor(4620,43): warning CS8602: Dereference of a possibly null reference. [D:\AB3\clnsr_prjct\CleanserBlazorUI\CleanserBlazorUI.csproj]
     1>D:\AB3\clnsr_prjct\CleanserBlazorUI\Components\Pages\Home.razor(4622,43): warning CS8602: Dereference of a possibly null reference. [D:\AB3\clnsr_prjct\CleanserBlazorUI\CleanserBlazorUI.csproj]
     1>D:\AB3\clnsr_prjct\CleanserBlazorUI\Components\Pages\Home.razor(4624,43): warning CS8602: Dereference of a possibly null reference. [D:\AB3\clnsr_prjct\CleanserBlazorUI\CleanserBlazorUI.csproj]
     1>D:\AB3\clnsr_prjct\CleanserBlazorUI\Components\Pages\Home.razor(4634,43): warning CS8602: Dereference of a possibly null reference. [D:\AB3\clnsr_prjct\CleanserBlazorUI\CleanserBlazorUI.csproj]
     1>D:\AB3\clnsr_prjct\CleanserBlazorUI\Components\Pages\Home.razor(4635,43): warning CS8602: Dereference of a possibly null reference. [D:\AB3\clnsr_prjct\CleanserBlazorUI\CleanserBlazorUI.csproj]
     1>D:\AB3\clnsr_prjct\CleanserBlazorUI\Components\Pages\Home.razor(4636,43): warning CS8602: Dereference of a possibly null reference. [D:\AB3\clnsr_prjct\CleanserBlazorUI\CleanserBlazorUI.csproj]
     1>D:\AB3\clnsr_prjct\CleanserBlazorUI\Components\Pages\Home.razor(4637,43): warning CS8602: Dereference of a possibly null reference. [D:\AB3\clnsr_prjct\CleanserBlazorUI\CleanserBlazorUI.csproj]
     1>D:\AB3\clnsr_prjct\CleanserBlazorUI\Components\Pages\Home.razor(4638,43): warning CS8602: Dereference of a possibly null reference. [D:\AB3\clnsr_prjct\CleanserBlazorUI\CleanserBlazorUI.csproj]
     1>D:\AB3\clnsr_prjct\CleanserBlazorUI\Components\Pages\Home.razor(4640,43): warning CS8602: Dereference of a possibly null reference. [D:\AB3\clnsr_prjct\CleanserBlazorUI\CleanserBlazorUI.csproj]
     1>D:\AB3\clnsr_prjct\CleanserBlazorUI\Components\Pages\Home.razor(4641,43): warning CS8602: Dereference of a possibly null reference. [D:\AB3\clnsr_prjct\CleanserBlazorUI\CleanserBlazorUI.csproj]
     1>D:\AB3\clnsr_prjct\CleanserBlazorUI\Components\Pages\Home.razor(4642,43): warning CS8602: Dereference of a possibly null reference. [D:\AB3\clnsr_prjct\CleanserBlazorUI\CleanserBlazorUI.csproj]
     1>D:\AB3\clnsr_prjct\CleanserBlazorUI\Components\Pages\Home.razor(4648,43): warning CS8602: Dereference of a possibly null reference. [D:\AB3\clnsr_prjct\CleanserBlazorUI\CleanserBlazorUI.csproj]
     1>D:\AB3\clnsr_prjct\CleanserBlazorUI\Components\Pages\Home.razor(4729,42): warning CS8602: Dereference of a possibly null reference. [D:\AB3\clnsr_prjct\CleanserBlazorUI\CleanserBlazorUI.csproj]
     1>D:\AB3\clnsr_prjct\CleanserBlazorUI\Components\Pages\Home.razor(4730,42): warning CS8602: Dereference of a possibly null reference. [D:\AB3\clnsr_prjct\CleanserBlazorUI\CleanserBlazorUI.csproj]
     1>D:\AB3\clnsr_prjct\CleanserBlazorUI\Components\Pages\Home.razor(4731,42): warning CS8602: Dereference of a possibly null reference. [D:\AB3\clnsr_prjct\CleanserBlazorUI\CleanserBlazorUI.csproj]
     1>D:\AB3\clnsr_prjct\CleanserBlazorUI\Components\Pages\Home.razor(4737,43): warning CS8602: Dereference of a possibly null reference. [D:\AB3\clnsr_prjct\CleanserBlazorUI\CleanserBlazorUI.csproj]
     1>D:\AB3\clnsr_prjct\CleanserBlazorUI\Components\Pages\Home.razor(4740,43): warning CS8602: Dereference of a possibly null reference. [D:\AB3\clnsr_prjct\CleanserBlazorUI\CleanserBlazorUI.csproj]
     1>D:\AB3\clnsr_prjct\CleanserBlazorUI\Components\Pages\Home.razor(4741,43): warning CS8602: Dereference of a possibly null reference. [D:\AB3\clnsr_prjct\CleanserBlazorUI\CleanserBlazorUI.csproj]
     1>D:\AB3\clnsr_prjct\CleanserBlazorUI\Components\Pages\Home.razor(4742,43): warning CS8602: Dereference of a possibly null reference. [D:\AB3\clnsr_prjct\CleanserBlazorUI\CleanserBlazorUI.csproj]
     1>D:\AB3\clnsr_prjct\CleanserBlazorUI\Components\Pages\Home.razor(4743,43): warning CS8602: Dereference of a possibly null reference. [D:\AB3\clnsr_prjct\CleanserBlazorUI\CleanserBlazorUI.csproj]
     1>D:\AB3\clnsr_prjct\CleanserBlazorUI\Components\Pages\Home.razor(4744,43): warning CS8602: Dereference of a possibly null reference. [D:\AB3\clnsr_prjct\CleanserBlazorUI\CleanserBlazorUI.csproj]
     1>D:\AB3\clnsr_prjct\CleanserBlazorUI\Components\Pages\Home.razor(4745,43): warning CS8602: Dereference of a possibly null reference. [D:\AB3\clnsr_prjct\CleanserBlazorUI\CleanserBlazorUI.csproj]
     1>D:\AB3\clnsr_prjct\CleanserBlazorUI\Components\Pages\Home.razor(4749,43): warning CS8602: Dereference of a possibly null reference. [D:\AB3\clnsr_prjct\CleanserBlazorUI\CleanserBlazorUI.csproj]
     1>D:\AB3\clnsr_prjct\CleanserBlazorUI\Components\Pages\Home.razor(4750,43): warning CS8602: Dereference of a possibly null reference. [D:\AB3\clnsr_prjct\CleanserBlazorUI\CleanserBlazorUI.csproj]
     1>D:\AB3\clnsr_prjct\CleanserBlazorUI\Components\Pages\Home.razor(4753,43): warning CS8602: Dereference of a possibly null reference. [D:\AB3\clnsr_prjct\CleanserBlazorUI\CleanserBlazorUI.csproj]
     1>D:\AB3\clnsr_prjct\CleanserBlazorUI\Components\Pages\Home.razor(4754,43): warning CS8602: Dereference of a possibly null reference. [D:\AB3\clnsr_prjct\CleanserBlazorUI\CleanserBlazorUI.csproj]
     1>D:\AB3\clnsr_prjct\CleanserBlazorUI\Components\Pages\Home.razor(4755,43): warning CS8602: Dereference of a possibly null reference. [D:\AB3\clnsr_prjct\CleanserBlazorUI\CleanserBlazorUI.csproj]
     1>D:\AB3\clnsr_prjct\CleanserBlazorUI\Components\Pages\Home.razor(4756,43): warning CS8602: Dereference of a possibly null reference. [D:\AB3\clnsr_prjct\CleanserBlazorUI\CleanserBlazorUI.csproj]
     1>D:\AB3\clnsr_prjct\CleanserBlazorUI\Components\Pages\Home.razor(4757,43): warning CS8602: Dereference of a possibly null reference. [D:\AB3\clnsr_prjct\CleanserBlazorUI\CleanserBlazorUI.csproj]
     1>D:\AB3\clnsr_prjct\CleanserBlazorUI\Components\Pages\Home.razor(4758,43): warning CS8602: Dereference of a possibly null reference. [D:\AB3\clnsr_prjct\CleanserBlazorUI\CleanserBlazorUI.csproj]
     1>D:\AB3\clnsr_prjct\CleanserBlazorUI\Components\Pages\Home.razor(4759,43): warning CS8602: Dereference of a possibly null reference. [D:\AB3\clnsr_prjct\CleanserBlazorUI\CleanserBlazorUI.csproj]
     1>D:\AB3\clnsr_prjct\CleanserBlazorUI\Components\Pages\Home.razor(4760,43): warning CS8602: Dereference of a possibly null reference. [D:\AB3\clnsr_prjct\CleanserBlazorUI\CleanserBlazorUI.csproj]
     1>D:\AB3\clnsr_prjct\CleanserBlazorUI\Components\Pages\Home.razor(4761,43): warning CS8602: Dereference of a possibly null reference. [D:\AB3\clnsr_prjct\CleanserBlazorUI\CleanserBlazorUI.csproj]
     1>D:\AB3\clnsr_prjct\CleanserBlazorUI\Components\Pages\Home.razor(4762,43): warning CS8602: Dereference of a possibly null reference. [D:\AB3\clnsr_prjct\CleanserBlazorUI\CleanserBlazorUI.csproj]
     1>D:\AB3\clnsr_prjct\CleanserBlazorUI\Components\Pages\Home.razor(4763,43): warning CS8602: Dereference of a possibly null reference. [D:\AB3\clnsr_prjct\CleanserBlazorUI\CleanserBlazorUI.csproj]
     1>D:\AB3\clnsr_prjct\CleanserBlazorUI\Components\Pages\Home.razor(4764,43): warning CS8602: Dereference of a possibly null reference. [D:\AB3\clnsr_prjct\CleanserBlazorUI\CleanserBlazorUI.csproj]
     1>D:\AB3\clnsr_prjct\CleanserBlazorUI\Components\Pages\Home.razor(4765,43): warning CS8602: Dereference of a possibly null reference. [D:\AB3\clnsr_prjct\CleanserBlazorUI\CleanserBlazorUI.csproj]
     1>D:\AB3\clnsr_prjct\CleanserBlazorUI\Components\Pages\Home.razor(4766,43): warning CS8602: Dereference of a possibly null reference. [D:\AB3\clnsr_prjct\CleanserBlazorUI\CleanserBlazorUI.csproj]
     1>D:\AB3\clnsr_prjct\CleanserBlazorUI\Components\Pages\Home.razor(4767,43): warning CS8602: Dereference of a possibly null reference. [D:\AB3\clnsr_prjct\CleanserBlazorUI\CleanserBlazorUI.csproj]
     1>D:\AB3\clnsr_prjct\CleanserBlazorUI\Components\Pages\Home.razor(4768,43): warning CS8602: Dereference of a possibly null reference. [D:\AB3\clnsr_prjct\CleanserBlazorUI\CleanserBlazorUI.csproj]
     1>D:\AB3\clnsr_prjct\CleanserBlazorUI\Components\Pages\Home.razor(4769,43): warning CS8602: Dereference of a possibly null reference. [D:\AB3\clnsr_prjct\CleanserBlazorUI\CleanserBlazorUI.csproj]
     1>D:\AB3\clnsr_prjct\CleanserBlazorUI\Components\Pages\Home.razor(4770,43): warning CS8602: Dereference of a possibly null reference. [D:\AB3\clnsr_prjct\CleanserBlazorUI\CleanserBlazorUI.csproj]
     1>D:\AB3\clnsr_prjct\CleanserBlazorUI\Components\Pages\Home.razor(4771,43): warning CS8602: Dereference of a possibly null reference. [D:\AB3\clnsr_prjct\CleanserBlazorUI\CleanserBlazorUI.csproj]
     1>D:\AB3\clnsr_prjct\CleanserBlazorUI\Components\Pages\Home.razor(4772,43): warning CS8602: Dereference of a possibly null reference. [D:\AB3\clnsr_prjct\CleanserBlazorUI\CleanserBlazorUI.csproj]
     1>D:\AB3\clnsr_prjct\CleanserBlazorUI\Components\Pages\Home.razor(4774,43): warning CS8602: Dereference of a possibly null reference. [D:\AB3\clnsr_prjct\CleanserBlazorUI\CleanserBlazorUI.csproj]
     1>D:\AB3\clnsr_prjct\CleanserBlazorUI\Components\Pages\Home.razor(4775,43): warning CS8602: Dereference of a possibly null reference. [D:\AB3\clnsr_prjct\CleanserBlazorUI\CleanserBlazorUI.csproj]
     1>D:\AB3\clnsr_prjct\CleanserBlazorUI\Components\Pages\Home.razor(4776,43): warning CS8602: Dereference of a possibly null reference. [D:\AB3\clnsr_prjct\CleanserBlazorUI\CleanserBlazorUI.csproj]
     1>D:\AB3\clnsr_prjct\CleanserBlazorUI\Components\Pages\Home.razor(4777,43): warning CS8602: Dereference of a possibly null reference. [D:\AB3\clnsr_prjct\CleanserBlazorUI\CleanserBlazorUI.csproj]
     1>D:\AB3\clnsr_prjct\CleanserBlazorUI\Components\Pages\Home.razor(4778,43): warning CS8602: Dereference of a possibly null reference. [D:\AB3\clnsr_prjct\CleanserBlazorUI\CleanserBlazorUI.csproj]
     1>D:\AB3\clnsr_prjct\CleanserBlazorUI\Components\Pages\Home.razor(4779,43): warning CS8602: Dereference of a possibly null reference. [D:\AB3\clnsr_prjct\CleanserBlazorUI\CleanserBlazorUI.csproj]
     1>D:\AB3\clnsr_prjct\CleanserBlazorUI\Components\Pages\Home.razor(4780,43): warning CS8602: Dereference of a possibly null reference. [D:\AB3\clnsr_prjct\CleanserBlazorUI\CleanserBlazorUI.csproj]
     1>D:\AB3\clnsr_prjct\CleanserBlazorUI\Components\Pages\Home.razor(4781,43): warning CS8602: Dereference of a possibly null reference. [D:\AB3\clnsr_prjct\CleanserBlazorUI\CleanserBlazorUI.csproj]
     1>D:\AB3\clnsr_prjct\CleanserBlazorUI\Components\Pages\Home.razor(4782,43): warning CS8602: Dereference of a possibly null reference. [D:\AB3\clnsr_prjct\CleanserBlazorUI\CleanserBlazorUI.csproj]
     1>D:\AB3\clnsr_prjct\CleanserBlazorUI\Components\Pages\Home.razor(4783,43): warning CS8602: Dereference of a possibly null reference. [D:\AB3\clnsr_prjct\CleanserBlazorUI\CleanserBlazorUI.csproj]
     1>D:\AB3\clnsr_prjct\CleanserBlazorUI\Components\Pages\Home.razor(4784,43): warning CS8602: Dereference of a possibly null reference. [D:\AB3\clnsr_prjct\CleanserBlazorUI\CleanserBlazorUI.csproj]
     1>D:\AB3\clnsr_prjct\CleanserBlazorUI\Components\Pages\Home.razor(4785,43): warning CS8602: Dereference of a possibly null reference. [D:\AB3\clnsr_prjct\CleanserBlazorUI\CleanserBlazorUI.csproj]
     1>D:\AB3\clnsr_prjct\CleanserBlazorUI\Components\Pages\Home.razor(4786,43): warning CS8602: Dereference of a possibly null reference. [D:\AB3\clnsr_prjct\CleanserBlazorUI\CleanserBlazorUI.csproj]
     1>D:\AB3\clnsr_prjct\CleanserBlazorUI\Components\Pages\Home.razor(4787,43): warning CS8602: Dereference of a possibly null reference. [D:\AB3\clnsr_prjct\CleanserBlazorUI\CleanserBlazorUI.csproj]
     1>D:\AB3\clnsr_prjct\CleanserBlazorUI\Components\Pages\Home.razor(4788,43): warning CS8602: Dereference of a possibly null reference. [D:\AB3\clnsr_prjct\CleanserBlazorUI\CleanserBlazorUI.csproj]
     1>D:\AB3\clnsr_prjct\CleanserBlazorUI\Components\Pages\Home.razor(4789,43): warning CS8602: Dereference of a possibly null reference. [D:\AB3\clnsr_prjct\CleanserBlazorUI\CleanserBlazorUI.csproj]
     1>D:\AB3\clnsr_prjct\CleanserBlazorUI\Components\Pages\Home.razor(4790,43): warning CS8602: Dereference of a possibly null reference. [D:\AB3\clnsr_prjct\CleanserBlazorUI\CleanserBlazorUI.csproj]
     1>D:\AB3\clnsr_prjct\CleanserBlazorUI\Components\Pages\Home.razor(4791,43): warning CS8602: Dereference of a possibly null reference. [D:\AB3\clnsr_prjct\CleanserBlazorUI\CleanserBlazorUI.csproj]
     1>D:\AB3\clnsr_prjct\CleanserBlazorUI\Components\Pages\Home.razor(4792,43): warning CS8602: Dereference of a possibly null reference. [D:\AB3\clnsr_prjct\CleanserBlazorUI\CleanserBlazorUI.csproj]
     1>D:\AB3\clnsr_prjct\CleanserBlazorUI\Components\Pages\Home.razor(4793,43): warning CS8602: Dereference of a possibly null reference. [D:\AB3\clnsr_prjct\CleanserBlazorUI\CleanserBlazorUI.csproj]
     1>D:\AB3\clnsr_prjct\CleanserBlazorUI\Components\Pages\Home.razor(4794,43): warning CS8602: Dereference of a possibly null reference. [D:\AB3\clnsr_prjct\CleanserBlazorUI\CleanserBlazorUI.csproj]
     1>D:\AB3\clnsr_prjct\CleanserBlazorUI\Components\Pages\Home.razor(4795,43): warning CS8602: Dereference of a possibly null reference. [D:\AB3\clnsr_prjct\CleanserBlazorUI\CleanserBlazorUI.csproj]
     1>D:\AB3\clnsr_prjct\CleanserBlazorUI\Components\Pages\Home.razor(4796,43): warning CS8602: Dereference of a possibly null reference. [D:\AB3\clnsr_prjct\CleanserBlazorUI\CleanserBlazorUI.csproj]
     1>D:\AB3\clnsr_prjct\CleanserBlazorUI\Components\Pages\Home.razor(4797,43): warning CS8602: Dereference of a possibly null reference. [D:\AB3\clnsr_prjct\CleanserBlazorUI\CleanserBlazorUI.csproj]
     1>D:\AB3\clnsr_prjct\CleanserBlazorUI\Components\Pages\Home.razor(4798,43): warning CS8602: Dereference of a possibly null reference. [D:\AB3\clnsr_prjct\CleanserBlazorUI\CleanserBlazorUI.csproj]
     1>D:\AB3\clnsr_prjct\CleanserBlazorUI\Components\Pages\Home.razor(4799,43): warning CS8602: Dereference of a possibly null reference. [D:\AB3\clnsr_prjct\CleanserBlazorUI\CleanserBlazorUI.csproj]
     1>D:\AB3\clnsr_prjct\CleanserBlazorUI\Components\Pages\Home.razor(4800,43): warning CS8602: Dereference of a possibly null reference. [D:\AB3\clnsr_prjct\CleanserBlazorUI\CleanserBlazorUI.csproj]
     1>D:\AB3\clnsr_prjct\CleanserBlazorUI\Components\Pages\Home.razor(4801,43): warning CS8602: Dereference of a possibly null reference. [D:\AB3\clnsr_prjct\CleanserBlazorUI\CleanserBlazorUI.csproj]
     1>D:\AB3\clnsr_prjct\CleanserBlazorUI\Components\Pages\Home.razor(4802,43): warning CS8602: Dereference of a possibly null reference. [D:\AB3\clnsr_prjct\CleanserBlazorUI\CleanserBlazorUI.csproj]
     1>D:\AB3\clnsr_prjct\CleanserBlazorUI\Components\Pages\Home.razor(4803,43): warning CS8602: Dereference of a possibly null reference. [D:\AB3\clnsr_prjct\CleanserBlazorUI\CleanserBlazorUI.csproj]
     1>D:\AB3\clnsr_prjct\CleanserBlazorUI\Components\Pages\Home.razor(4804,43): warning CS8602: Dereference of a possibly null reference. [D:\AB3\clnsr_prjct\CleanserBlazorUI\CleanserBlazorUI.csproj]
     1>D:\AB3\clnsr_prjct\CleanserBlazorUI\Components\Pages\Home.razor(4805,43): warning CS8602: Dereference of a possibly null reference. [D:\AB3\clnsr_prjct\CleanserBlazorUI\CleanserBlazorUI.csproj]
     1>D:\AB3\clnsr_prjct\CleanserBlazorUI\Components\Pages\Home.razor(4806,43): warning CS8602: Dereference of a possibly null reference. [D:\AB3\clnsr_prjct\CleanserBlazorUI\CleanserBlazorUI.csproj]
     1>D:\AB3\clnsr_prjct\CleanserBlazorUI\Components\Pages\Home.razor(4807,43): warning CS8602: Dereference of a possibly null reference. [D:\AB3\clnsr_prjct\CleanserBlazorUI\CleanserBlazorUI.csproj]
     1>D:\AB3\clnsr_prjct\CleanserBlazorUI\Components\Pages\Home.razor(4808,43): warning CS8602: Dereference of a possibly null reference. [D:\AB3\clnsr_prjct\CleanserBlazorUI\CleanserBlazorUI.csproj]
     1>D:\AB3\clnsr_prjct\CleanserBlazorUI\Components\Pages\Home.razor(4809,43): warning CS8602: Dereference of a possibly null reference. [D:\AB3\clnsr_prjct\CleanserBlazorUI\CleanserBlazorUI.csproj]
     1>D:\AB3\clnsr_prjct\CleanserBlazorUI\Components\Pages\Home.razor(4810,43): warning CS8602: Dereference of a possibly null reference. [D:\AB3\clnsr_prjct\CleanserBlazorUI\CleanserBlazorUI.csproj]
     1>D:\AB3\clnsr_prjct\CleanserBlazorUI\Components\Pages\Home.razor(4811,43): warning CS8602: Dereference of a possibly null reference. [D:\AB3\clnsr_prjct\CleanserBlazorUI\CleanserBlazorUI.csproj]
     1>D:\AB3\clnsr_prjct\CleanserBlazorUI\Components\Pages\Home.razor(4812,43): warning CS8602: Dereference of a possibly null reference. [D:\AB3\clnsr_prjct\CleanserBlazorUI\CleanserBlazorUI.csproj]
     1>D:\AB3\clnsr_prjct\CleanserBlazorUI\Components\Pages\Home.razor(4813,43): warning CS8602: Dereference of a possibly null reference. [D:\AB3\clnsr_prjct\CleanserBlazorUI\CleanserBlazorUI.csproj]
     1>D:\AB3\clnsr_prjct\CleanserBlazorUI\Components\Pages\Home.razor(4816,43): warning CS8602: Dereference of a possibly null reference. [D:\AB3\clnsr_prjct\CleanserBlazorUI\CleanserBlazorUI.csproj]
     1>D:\AB3\clnsr_prjct\CleanserBlazorUI\Components\Pages\Home.razor(4817,43): warning CS8602: Dereference of a possibly null reference. [D:\AB3\clnsr_prjct\CleanserBlazorUI\CleanserBlazorUI.csproj]
     1>D:\AB3\clnsr_prjct\CleanserBlazorUI\Components\Pages\Home.razor(4818,43): warning CS8602: Dereference of a possibly null reference. [D:\AB3\clnsr_prjct\CleanserBlazorUI\CleanserBlazorUI.csproj]
     1>D:\AB3\clnsr_prjct\CleanserBlazorUI\Components\Pages\Home.razor(4819,43): warning CS8602: Dereference of a possibly null reference. [D:\AB3\clnsr_prjct\CleanserBlazorUI\CleanserBlazorUI.csproj]
     1>D:\AB3\clnsr_prjct\CleanserBlazorUI\Components\Pages\Home.razor(4820,43): warning CS8602: Dereference of a possibly null reference. [D:\AB3\clnsr_prjct\CleanserBlazorUI\CleanserBlazorUI.csproj]
     1>D:\AB3\clnsr_prjct\CleanserBlazorUI\Components\Pages\Home.razor(4821,43): warning CS8602: Dereference of a possibly null reference. [D:\AB3\clnsr_prjct\CleanserBlazorUI\CleanserBlazorUI.csproj]
     1>D:\AB3\clnsr_prjct\CleanserBlazorUI\Components\Pages\Home.razor(4822,43): warning CS8602: Dereference of a possibly null reference. [D:\AB3\clnsr_prjct\CleanserBlazorUI\CleanserBlazorUI.csproj]
     1>D:\AB3\clnsr_prjct\CleanserBlazorUI\Components\Pages\Home.razor(4823,43): warning CS8602: Dereference of a possibly null reference. [D:\AB3\clnsr_prjct\CleanserBlazorUI\CleanserBlazorUI.csproj]
     1>D:\AB3\clnsr_prjct\CleanserBlazorUI\Components\Pages\Home.razor(4824,43): warning CS8602: Dereference of a possibly null reference. [D:\AB3\clnsr_prjct\CleanserBlazorUI\CleanserBlazorUI.csproj]
     1>D:\AB3\clnsr_prjct\CleanserBlazorUI\Components\Pages\Home.razor(4825,43): warning CS8602: Dereference of a possibly null reference. [D:\AB3\clnsr_prjct\CleanserBlazorUI\CleanserBlazorUI.csproj]
     1>D:\AB3\clnsr_prjct\CleanserBlazorUI\Components\Pages\Home.razor(4826,43): warning CS8602: Dereference of a possibly null reference. [D:\AB3\clnsr_prjct\CleanserBlazorUI\CleanserBlazorUI.csproj]
     1>D:\AB3\clnsr_prjct\CleanserBlazorUI\Components\Pages\Home.razor(4827,44): warning CS8602: Dereference of a possibly null reference. [D:\AB3\clnsr_prjct\CleanserBlazorUI\CleanserBlazorUI.csproj]
     1>D:\AB3\clnsr_prjct\CleanserBlazorUI\Components\Pages\Home.razor(4828,44): warning CS8602: Dereference of a possibly null reference. [D:\AB3\clnsr_prjct\CleanserBlazorUI\CleanserBlazorUI.csproj]
     1>D:\AB3\clnsr_prjct\CleanserBlazorUI\Components\Pages\Home.razor(4830,44): warning CS8602: Dereference of a possibly null reference. [D:\AB3\clnsr_prjct\CleanserBlazorUI\CleanserBlazorUI.csproj]
     1>D:\AB3\clnsr_prjct\CleanserBlazorUI\Components\Pages\Home.razor(4831,44): warning CS8602: Dereference of a possibly null reference. [D:\AB3\clnsr_prjct\CleanserBlazorUI\CleanserBlazorUI.csproj]
     1>D:\AB3\clnsr_prjct\CleanserBlazorUI\Components\Pages\Home.razor(4832,44): warning CS8602: Dereference of a possibly null reference. [D:\AB3\clnsr_prjct\CleanserBlazorUI\CleanserBlazorUI.csproj]
     1>D:\AB3\clnsr_prjct\CleanserBlazorUI\Components\Pages\Home.razor(4833,44): warning CS8602: Dereference of a possibly null reference. [D:\AB3\clnsr_prjct\CleanserBlazorUI\CleanserBlazorUI.csproj]
     1>D:\AB3\clnsr_prjct\CleanserBlazorUI\Components\Pages\Home.razor(4834,44): warning CS8602: Dereference of a possibly null reference. [D:\AB3\clnsr_prjct\CleanserBlazorUI\CleanserBlazorUI.csproj]
     1>D:\AB3\clnsr_prjct\CleanserBlazorUI\Components\Pages\Home.razor(4835,44): warning CS8602: Dereference of a possibly null reference. [D:\AB3\clnsr_prjct\CleanserBlazorUI\CleanserBlazorUI.csproj]
     1>D:\AB3\clnsr_prjct\CleanserBlazorUI\Components\Pages\Home.razor(4836,44): warning CS8602: Dereference of a possibly null reference. [D:\AB3\clnsr_prjct\CleanserBlazorUI\CleanserBlazorUI.csproj]
     1>D:\AB3\clnsr_prjct\CleanserBlazorUI\Components\Pages\Home.razor(4837,44): warning CS8602: Dereference of a possibly null reference. [D:\AB3\clnsr_prjct\CleanserBlazorUI\CleanserBlazorUI.csproj]
     1>D:\AB3\clnsr_prjct\CleanserBlazorUI\Components\Pages\Home.razor(4838,44): warning CS8602: Dereference of a possibly null reference. [D:\AB3\clnsr_prjct\CleanserBlazorUI\CleanserBlazorUI.csproj]
     1>D:\AB3\clnsr_prjct\CleanserBlazorUI\Components\Pages\Home.razor(4839,44): warning CS8602: Dereference of a possibly null reference. [D:\AB3\clnsr_prjct\CleanserBlazorUI\CleanserBlazorUI.csproj]
     1>D:\AB3\clnsr_prjct\CleanserBlazorUI\Components\Pages\Home.razor(4840,44): warning CS8602: Dereference of a possibly null reference. [D:\AB3\clnsr_prjct\CleanserBlazorUI\CleanserBlazorUI.csproj]
     1>D:\AB3\clnsr_prjct\CleanserBlazorUI\Components\Pages\Home.razor(4841,44): warning CS8602: Dereference of a possibly null reference. [D:\AB3\clnsr_prjct\CleanserBlazorUI\CleanserBlazorUI.csproj]
     1>D:\AB3\clnsr_prjct\CleanserBlazorUI\Components\Pages\Home.razor(4842,44): warning CS8602: Dereference of a possibly null reference. [D:\AB3\clnsr_prjct\CleanserBlazorUI\CleanserBlazorUI.csproj]
     1>D:\AB3\clnsr_prjct\CleanserBlazorUI\Components\Pages\Home.razor(4843,44): warning CS8602: Dereference of a possibly null reference. [D:\AB3\clnsr_prjct\CleanserBlazorUI\CleanserBlazorUI.csproj]
     1>D:\AB3\clnsr_prjct\CleanserBlazorUI\Components\Pages\Home.razor(4844,44): warning CS8602: Dereference of a possibly null reference. [D:\AB3\clnsr_prjct\CleanserBlazorUI\CleanserBlazorUI.csproj]
     1>D:\AB3\clnsr_prjct\CleanserBlazorUI\Components\Pages\Home.razor(4845,44): warning CS8602: Dereference of a possibly null reference. [D:\AB3\clnsr_prjct\CleanserBlazorUI\CleanserBlazorUI.csproj]
     1>D:\AB3\clnsr_prjct\CleanserBlazorUI\Components\Pages\Home.razor(4846,44): warning CS8602: Dereference of a possibly null reference. [D:\AB3\clnsr_prjct\CleanserBlazorUI\CleanserBlazorUI.csproj]
     1>D:\AB3\clnsr_prjct\CleanserBlazorUI\Components\Pages\Home.razor(4847,44): warning CS8602: Dereference of a possibly null reference. [D:\AB3\clnsr_prjct\CleanserBlazorUI\CleanserBlazorUI.csproj]
     1>D:\AB3\clnsr_prjct\CleanserBlazorUI\Components\Pages\Home.razor(4848,44): warning CS8602: Dereference of a possibly null reference. [D:\AB3\clnsr_prjct\CleanserBlazorUI\CleanserBlazorUI.csproj]
     1>D:\AB3\clnsr_prjct\CleanserBlazorUI\Components\Pages\Home.razor(4849,44): warning CS8602: Dereference of a possibly null reference. [D:\AB3\clnsr_prjct\CleanserBlazorUI\CleanserBlazorUI.csproj]
     1>D:\AB3\clnsr_prjct\CleanserBlazorUI\Components\Pages\Home.razor(4850,44): warning CS8602: Dereference of a possibly null reference. [D:\AB3\clnsr_prjct\CleanserBlazorUI\CleanserBlazorUI.csproj]
     1>D:\AB3\clnsr_prjct\CleanserBlazorUI\Components\Pages\Home.razor(4851,44): warning CS8602: Dereference of a possibly null reference. [D:\AB3\clnsr_prjct\CleanserBlazorUI\CleanserBlazorUI.csproj]
     1>D:\AB3\clnsr_prjct\CleanserBlazorUI\Components\Pages\Home.razor(4852,44): warning CS8602: Dereference of a possibly null reference. [D:\AB3\clnsr_prjct\CleanserBlazorUI\CleanserBlazorUI.csproj]
     1>D:\AB3\clnsr_prjct\CleanserBlazorUI\Components\Pages\Home.razor(4853,44): warning CS8602: Dereference of a possibly null reference. [D:\AB3\clnsr_prjct\CleanserBlazorUI\CleanserBlazorUI.csproj]
     1>D:\AB3\clnsr_prjct\CleanserBlazorUI\Components\Pages\Home.razor(4854,44): warning CS8602: Dereference of a possibly null reference. [D:\AB3\clnsr_prjct\CleanserBlazorUI\CleanserBlazorUI.csproj]
     1>D:\AB3\clnsr_prjct\CleanserBlazorUI\Components\Pages\Home.razor(4855,44): warning CS8602: Dereference of a possibly null reference. [D:\AB3\clnsr_prjct\CleanserBlazorUI\CleanserBlazorUI.csproj]
     1>D:\AB3\clnsr_prjct\CleanserBlazorUI\Components\Pages\Home.razor(4856,44): warning CS8602: Dereference of a possibly null reference. [D:\AB3\clnsr_prjct\CleanserBlazorUI\CleanserBlazorUI.csproj]
     1>D:\AB3\clnsr_prjct\CleanserBlazorUI\Components\Pages\Home.razor(4857,44): warning CS8602: Dereference of a possibly null reference. [D:\AB3\clnsr_prjct\CleanserBlazorUI\CleanserBlazorUI.csproj]
     1>D:\AB3\clnsr_prjct\CleanserBlazorUI\Components\Pages\Home.razor(4858,44): warning CS8602: Dereference of a possibly null reference. [D:\AB3\clnsr_prjct\CleanserBlazorUI\CleanserBlazorUI.csproj]
     1>D:\AB3\clnsr_prjct\CleanserBlazorUI\Components\Pages\Home.razor(4859,44): warning CS8602: Dereference of a possibly null reference. [D:\AB3\clnsr_prjct\CleanserBlazorUI\CleanserBlazorUI.csproj]
     1>D:\AB3\clnsr_prjct\CleanserBlazorUI\Components\Pages\Home.razor(4860,44): warning CS8602: Dereference of a possibly null reference. [D:\AB3\clnsr_prjct\CleanserBlazorUI\CleanserBlazorUI.csproj]
     1>D:\AB3\clnsr_prjct\CleanserBlazorUI\Components\Pages\Home.razor(4861,44): warning CS8602: Dereference of a possibly null reference. [D:\AB3\clnsr_prjct\CleanserBlazorUI\CleanserBlazorUI.csproj]
     1>D:\AB3\clnsr_prjct\CleanserBlazorUI\Components\Pages\Home.razor(4862,44): warning CS8602: Dereference of a possibly null reference. [D:\AB3\clnsr_prjct\CleanserBlazorUI\CleanserBlazorUI.csproj]
     1>D:\AB3\clnsr_prjct\CleanserBlazorUI\Components\Pages\Home.razor(4863,44): warning CS8602: Dereference of a possibly null reference. [D:\AB3\clnsr_prjct\CleanserBlazorUI\CleanserBlazorUI.csproj]
     1>D:\AB3\clnsr_prjct\CleanserBlazorUI\Components\Pages\Home.razor(4864,44): warning CS8602: Dereference of a possibly null reference. [D:\AB3\clnsr_prjct\CleanserBlazorUI\CleanserBlazorUI.csproj]
     1>D:\AB3\clnsr_prjct\CleanserBlazorUI\Components\Pages\Home.razor(4865,44): warning CS8602: Dereference of a possibly null reference. [D:\AB3\clnsr_prjct\CleanserBlazorUI\CleanserBlazorUI.csproj]
     1>D:\AB3\clnsr_prjct\CleanserBlazorUI\Components\Pages\Home.razor(4866,44): warning CS8602: Dereference of a possibly null reference. [D:\AB3\clnsr_prjct\CleanserBlazorUI\CleanserBlazorUI.csproj]
     1>D:\AB3\clnsr_prjct\CleanserBlazorUI\Components\Pages\Home.razor(4867,44): warning CS8602: Dereference of a possibly null reference. [D:\AB3\clnsr_prjct\CleanserBlazorUI\CleanserBlazorUI.csproj]
     1>D:\AB3\clnsr_prjct\CleanserBlazorUI\Components\Pages\Home.razor(4868,44): warning CS8602: Dereference of a possibly null reference. [D:\AB3\clnsr_prjct\CleanserBlazorUI\CleanserBlazorUI.csproj]
     1>D:\AB3\clnsr_prjct\CleanserBlazorUI\Components\Pages\Home.razor(4869,44): warning CS8602: Dereference of a possibly null reference. [D:\AB3\clnsr_prjct\CleanserBlazorUI\CleanserBlazorUI.csproj]
     1>D:\AB3\clnsr_prjct\CleanserBlazorUI\Components\Pages\Home.razor(4870,44): warning CS8602: Dereference of a possibly null reference. [D:\AB3\clnsr_prjct\CleanserBlazorUI\CleanserBlazorUI.csproj]
     1>D:\AB3\clnsr_prjct\CleanserBlazorUI\Components\Pages\Home.razor(4871,44): warning CS8602: Dereference of a possibly null reference. [D:\AB3\clnsr_prjct\CleanserBlazorUI\CleanserBlazorUI.csproj]
     1>D:\AB3\clnsr_prjct\CleanserBlazorUI\Components\Pages\Home.razor(4872,44): warning CS8602: Dereference of a possibly null reference. [D:\AB3\clnsr_prjct\CleanserBlazorUI\CleanserBlazorUI.csproj]
     1>D:\AB3\clnsr_prjct\CleanserBlazorUI\Components\Pages\Home.razor(4873,44): warning CS8602: Dereference of a possibly null reference. [D:\AB3\clnsr_prjct\CleanserBlazorUI\CleanserBlazorUI.csproj]
     1>D:\AB3\clnsr_prjct\CleanserBlazorUI\Components\Pages\Home.razor(4874,44): warning CS8602: Dereference of a possibly null reference. [D:\AB3\clnsr_prjct\CleanserBlazorUI\CleanserBlazorUI.csproj]
     1>D:\AB3\clnsr_prjct\CleanserBlazorUI\Components\Pages\Home.razor(4875,44): warning CS8602: Dereference of a possibly null reference. [D:\AB3\clnsr_prjct\CleanserBlazorUI\CleanserBlazorUI.csproj]
     1>D:\AB3\clnsr_prjct\CleanserBlazorUI\Components\Pages\Home.razor(4876,44): warning CS8602: Dereference of a possibly null reference. [D:\AB3\clnsr_prjct\CleanserBlazorUI\CleanserBlazorUI.csproj]
     1>D:\AB3\clnsr_prjct\CleanserBlazorUI\Components\Pages\Home.razor(4877,44): warning CS8602: Dereference of a possibly null reference. [D:\AB3\clnsr_prjct\CleanserBlazorUI\CleanserBlazorUI.csproj]
     1>D:\AB3\clnsr_prjct\CleanserBlazorUI\Components\Pages\Home.razor(4878,44): warning CS8602: Dereference of a possibly null reference. [D:\AB3\clnsr_prjct\CleanserBlazorUI\CleanserBlazorUI.csproj]
     1>D:\AB3\clnsr_prjct\CleanserBlazorUI\Components\Pages\Home.razor(4879,44): warning CS8602: Dereference of a possibly null reference. [D:\AB3\clnsr_prjct\CleanserBlazorUI\CleanserBlazorUI.csproj]
     1>D:\AB3\clnsr_prjct\CleanserBlazorUI\Components\Pages\Home.razor(4880,44): warning CS8602: Dereference of a possibly null reference. [D:\AB3\clnsr_prjct\CleanserBlazorUI\CleanserBlazorUI.csproj]
     1>D:\AB3\clnsr_prjct\CleanserBlazorUI\Components\Pages\Home.razor(4881,44): warning CS8602: Dereference of a possibly null reference. [D:\AB3\clnsr_prjct\CleanserBlazorUI\CleanserBlazorUI.csproj]
     1>D:\AB3\clnsr_prjct\CleanserBlazorUI\Components\Pages\Home.razor(4882,44): warning CS8602: Dereference of a possibly null reference. [D:\AB3\clnsr_prjct\CleanserBlazorUI\CleanserBlazorUI.csproj]
     1>D:\AB3\clnsr_prjct\CleanserBlazorUI\Components\Pages\Home.razor(4883,44): warning CS8602: Dereference of a possibly null reference. [D:\AB3\clnsr_prjct\CleanserBlazorUI\CleanserBlazorUI.csproj]
     1>D:\AB3\clnsr_prjct\CleanserBlazorUI\Components\Pages\Home.razor(4884,44): warning CS8602: Dereference of a possibly null reference. [D:\AB3\clnsr_prjct\CleanserBlazorUI\CleanserBlazorUI.csproj]
     1>D:\AB3\clnsr_prjct\CleanserBlazorUI\Components\Pages\Home.razor(4885,44): warning CS8602: Dereference of a possibly null reference. [D:\AB3\clnsr_prjct\CleanserBlazorUI\CleanserBlazorUI.csproj]
     1>D:\AB3\clnsr_prjct\CleanserBlazorUI\Components\Pages\Home.razor(4886,44): warning CS8602: Dereference of a possibly null reference. [D:\AB3\clnsr_prjct\CleanserBlazorUI\CleanserBlazorUI.csproj]
     1>D:\AB3\clnsr_prjct\CleanserBlazorUI\Components\Pages\Home.razor(4887,44): warning CS8602: Dereference of a possibly null reference. [D:\AB3\clnsr_prjct\CleanserBlazorUI\CleanserBlazorUI.csproj]
     1>D:\AB3\clnsr_prjct\CleanserBlazorUI\Components\Pages\Home.razor(4888,44): warning CS8602: Dereference of a possibly null reference. [D:\AB3\clnsr_prjct\CleanserBlazorUI\CleanserBlazorUI.csproj]
     1>D:\AB3\clnsr_prjct\CleanserBlazorUI\Components\Pages\Home.razor(4889,44): warning CS8602: Dereference of a possibly null reference. [D:\AB3\clnsr_prjct\CleanserBlazorUI\CleanserBlazorUI.csproj]
     1>D:\AB3\clnsr_prjct\CleanserBlazorUI\Components\Pages\Home.razor(4890,44): warning CS8602: Dereference of a possibly null reference. [D:\AB3\clnsr_prjct\CleanserBlazorUI\CleanserBlazorUI.csproj]
     1>D:\AB3\clnsr_prjct\CleanserBlazorUI\Components\Pages\Home.razor(4891,44): warning CS8602: Dereference of a possibly null reference. [D:\AB3\clnsr_prjct\CleanserBlazorUI\CleanserBlazorUI.csproj]
     1>D:\AB3\clnsr_prjct\CleanserBlazorUI\Components\Pages\Home.razor(4892,44): warning CS8602: Dereference of a possibly null reference. [D:\AB3\clnsr_prjct\CleanserBlazorUI\CleanserBlazorUI.csproj]
     1>D:\AB3\clnsr_prjct\CleanserBlazorUI\Components\Pages\Home.razor(4893,44): warning CS8602: Dereference of a possibly null reference. [D:\AB3\clnsr_prjct\CleanserBlazorUI\CleanserBlazorUI.csproj]
     1>D:\AB3\clnsr_prjct\CleanserBlazorUI\Components\Pages\Home.razor(4894,44): warning CS8602: Dereference of a possibly null reference. [D:\AB3\clnsr_prjct\CleanserBlazorUI\CleanserBlazorUI.csproj]
     1>D:\AB3\clnsr_prjct\CleanserBlazorUI\Components\Pages\Home.razor(4895,44): warning CS8602: Dereference of a possibly null reference. [D:\AB3\clnsr_prjct\CleanserBlazorUI\CleanserBlazorUI.csproj]
     1>D:\AB3\clnsr_prjct\CleanserBlazorUI\Components\Pages\Home.razor(4896,44): warning CS8602: Dereference of a possibly null reference. [D:\AB3\clnsr_prjct\CleanserBlazorUI\CleanserBlazorUI.csproj]
     1>D:\AB3\clnsr_prjct\CleanserBlazorUI\Components\Pages\Home.razor(4897,44): warning CS8602: Dereference of a possibly null reference. [D:\AB3\clnsr_prjct\CleanserBlazorUI\CleanserBlazorUI.csproj]
     1>D:\AB3\clnsr_prjct\CleanserBlazorUI\Components\Pages\Home.razor(4898,44): warning CS8602: Dereference of a possibly null reference. [D:\AB3\clnsr_prjct\CleanserBlazorUI\CleanserBlazorUI.csproj]
     1>D:\AB3\clnsr_prjct\CleanserBlazorUI\Components\Pages\Home.razor(4899,44): warning CS8602: Dereference of a possibly null reference. [D:\AB3\clnsr_prjct\CleanserBlazorUI\CleanserBlazorUI.csproj]
     1>D:\AB3\clnsr_prjct\CleanserBlazorUI\Components\Pages\Home.razor(4900,44): warning CS8602: Dereference of a possibly null reference. [D:\AB3\clnsr_prjct\CleanserBlazorUI\CleanserBlazorUI.csproj]
     1>D:\AB3\clnsr_prjct\CleanserBlazorUI\Components\Pages\Home.razor(4901,44): warning CS8602: Dereference of a possibly null reference. [D:\AB3\clnsr_prjct\CleanserBlazorUI\CleanserBlazorUI.csproj]
     1>D:\AB3\clnsr_prjct\CleanserBlazorUI\Components\Pages\Home.razor(4902,44): warning CS8602: Dereference of a possibly null reference. [D:\AB3\clnsr_prjct\CleanserBlazorUI\CleanserBlazorUI.csproj]
     1>D:\AB3\clnsr_prjct\CleanserBlazorUI\Components\Pages\Home.razor(4903,44): warning CS8602: Dereference of a possibly null reference. [D:\AB3\clnsr_prjct\CleanserBlazorUI\CleanserBlazorUI.csproj]
     1>D:\AB3\clnsr_prjct\CleanserBlazorUI\Components\Pages\Home.razor(4904,44): warning CS8602: Dereference of a possibly null reference. [D:\AB3\clnsr_prjct\CleanserBlazorUI\CleanserBlazorUI.csproj]
     1>D:\AB3\clnsr_prjct\CleanserBlazorUI\Components\Pages\Home.razor(4905,44): warning CS8602: Dereference of a possibly null reference. [D:\AB3\clnsr_prjct\CleanserBlazorUI\CleanserBlazorUI.csproj]
     1>D:\AB3\clnsr_prjct\CleanserBlazorUI\Components\Pages\Home.razor(4918,42): warning CS8602: Dereference of a possibly null reference. [D:\AB3\clnsr_prjct\CleanserBlazorUI\CleanserBlazorUI.csproj]
     1>D:\AB3\clnsr_prjct\CleanserBlazorUI\Components\Pages\Home.razor(4920,42): warning CS8602: Dereference of a possibly null reference. [D:\AB3\clnsr_prjct\CleanserBlazorUI\CleanserBlazorUI.csproj]
     1>D:\AB3\clnsr_prjct\CleanserBlazorUI\Components\Pages\Home.razor(4922,42): warning CS8602: Dereference of a possibly null reference. [D:\AB3\clnsr_prjct\CleanserBlazorUI\CleanserBlazorUI.csproj]
     1>D:\AB3\clnsr_prjct\CleanserBlazorUI\Components\Pages\Home.razor(4923,42): warning CS8602: Dereference of a possibly null reference. [D:\AB3\clnsr_prjct\CleanserBlazorUI\CleanserBlazorUI.csproj]
     1>D:\AB3\clnsr_prjct\CleanserBlazorUI\Components\Pages\Home.razor(4924,43): warning CS8602: Dereference of a possibly null reference. [D:\AB3\clnsr_prjct\CleanserBlazorUI\CleanserBlazorUI.csproj]
     1>D:\AB3\clnsr_prjct\CleanserBlazorUI\Components\Pages\Home.razor(4925,43): warning CS8602: Dereference of a possibly null reference. [D:\AB3\clnsr_prjct\CleanserBlazorUI\CleanserBlazorUI.csproj]
     1>D:\AB3\clnsr_prjct\CleanserBlazorUI\Components\Pages\Home.razor(4926,43): warning CS8602: Dereference of a possibly null reference. [D:\AB3\clnsr_prjct\CleanserBlazorUI\CleanserBlazorUI.csproj]
     1>D:\AB3\clnsr_prjct\CleanserBlazorUI\Components\Pages\Home.razor(4927,43): warning CS8602: Dereference of a possibly null reference. [D:\AB3\clnsr_prjct\CleanserBlazorUI\CleanserBlazorUI.csproj]
     1>D:\AB3\clnsr_prjct\CleanserBlazorUI\Components\Pages\Home.razor(4928,43): warning CS8602: Dereference of a possibly null reference. [D:\AB3\clnsr_prjct\CleanserBlazorUI\CleanserBlazorUI.csproj]
     1>D:\AB3\clnsr_prjct\CleanserBlazorUI\Components\Pages\Home.razor(4929,43): warning CS8602: Dereference of a possibly null reference. [D:\AB3\clnsr_prjct\CleanserBlazorUI\CleanserBlazorUI.csproj]
     1>D:\AB3\clnsr_prjct\CleanserBlazorUI\Components\Pages\Home.razor(4935,43): warning CS8602: Dereference of a possibly null reference. [D:\AB3\clnsr_prjct\CleanserBlazorUI\CleanserBlazorUI.csproj]
     1>D:\AB3\clnsr_prjct\CleanserBlazorUI\Components\Pages\Home.razor(4936,43): warning CS8602: Dereference of a possibly null reference. [D:\AB3\clnsr_prjct\CleanserBlazorUI\CleanserBlazorUI.csproj]
     1>D:\AB3\clnsr_prjct\CleanserBlazorUI\Components\Pages\Home.razor(4937,43): warning CS8602: Dereference of a possibly null reference. [D:\AB3\clnsr_prjct\CleanserBlazorUI\CleanserBlazorUI.csproj]
     1>D:\AB3\clnsr_prjct\CleanserBlazorUI\Components\Pages\Home.razor(4938,43): warning CS8602: Dereference of a possibly null reference. [D:\AB3\clnsr_prjct\CleanserBlazorUI\CleanserBlazorUI.csproj]
     1>D:\AB3\clnsr_prjct\CleanserBlazorUI\Components\Pages\Home.razor(4940,43): warning CS8602: Dereference of a possibly null reference. [D:\AB3\clnsr_prjct\CleanserBlazorUI\CleanserBlazorUI.csproj]
     1>D:\AB3\clnsr_prjct\CleanserBlazorUI\Components\Pages\Home.razor(4941,43): warning CS8602: Dereference of a possibly null reference. [D:\AB3\clnsr_prjct\CleanserBlazorUI\CleanserBlazorUI.csproj]
     1>D:\AB3\clnsr_prjct\CleanserBlazorUI\Components\Pages\Home.razor(4942,43): warning CS8602: Dereference of a possibly null reference. [D:\AB3\clnsr_prjct\CleanserBlazorUI\CleanserBlazorUI.csproj]
     1>D:\AB3\clnsr_prjct\CleanserBlazorUI\Components\Pages\Home.razor(4943,43): warning CS8602: Dereference of a possibly null reference. [D:\AB3\clnsr_prjct\CleanserBlazorUI\CleanserBlazorUI.csproj]
     1>D:\AB3\clnsr_prjct\CleanserBlazorUI\Components\Pages\Home.razor(4947,43): warning CS8602: Dereference of a possibly null reference. [D:\AB3\clnsr_prjct\CleanserBlazorUI\CleanserBlazorUI.csproj]
     1>D:\AB3\clnsr_prjct\CleanserBlazorUI\Components\Pages\Home.razor(4948,43): warning CS8602: Dereference of a possibly null reference. [D:\AB3\clnsr_prjct\CleanserBlazorUI\CleanserBlazorUI.csproj]
     1>D:\AB3\clnsr_prjct\CleanserBlazorUI\Components\Pages\Home.razor(4954,43): warning CS8602: Dereference of a possibly null reference. [D:\AB3\clnsr_prjct\CleanserBlazorUI\CleanserBlazorUI.csproj]
     1>D:\AB3\clnsr_prjct\CleanserBlazorUI\Components\Pages\Home.razor(4955,43): warning CS8602: Dereference of a possibly null reference. [D:\AB3\clnsr_prjct\CleanserBlazorUI\CleanserBlazorUI.csproj]
     1>D:\AB3\clnsr_prjct\CleanserBlazorUI\Components\Pages\Home.razor(4956,43): warning CS8602: Dereference of a possibly null reference. [D:\AB3\clnsr_prjct\CleanserBlazorUI\CleanserBlazorUI.csproj]
     1>D:\AB3\clnsr_prjct\CleanserBlazorUI\Components\Pages\Home.razor(4958,43): warning CS8602: Dereference of a possibly null reference. [D:\AB3\clnsr_prjct\CleanserBlazorUI\CleanserBlazorUI.csproj]
     1>D:\AB3\clnsr_prjct\CleanserBlazorUI\Components\Pages\Home.razor(4959,43): warning CS8602: Dereference of a possibly null reference. [D:\AB3\clnsr_prjct\CleanserBlazorUI\CleanserBlazorUI.csproj]
     1>D:\AB3\clnsr_prjct\CleanserBlazorUI\Components\Pages\Home.razor(4960,43): warning CS8602: Dereference of a possibly null reference. [D:\AB3\clnsr_prjct\CleanserBlazorUI\CleanserBlazorUI.csproj]
     1>D:\AB3\clnsr_prjct\CleanserBlazorUI\Components\Pages\Home.razor(4961,43): warning CS8602: Dereference of a possibly null reference. [D:\AB3\clnsr_prjct\CleanserBlazorUI\CleanserBlazorUI.csproj]
     1>D:\AB3\clnsr_prjct\CleanserBlazorUI\Components\Pages\Home.razor(4962,43): warning CS8602: Dereference of a possibly null reference. [D:\AB3\clnsr_prjct\CleanserBlazorUI\CleanserBlazorUI.csproj]
     1>D:\AB3\clnsr_prjct\CleanserBlazorUI\Components\Pages\Home.razor(4963,43): warning CS8602: Dereference of a possibly null reference. [D:\AB3\clnsr_prjct\CleanserBlazorUI\CleanserBlazorUI.csproj]
     1>D:\AB3\clnsr_prjct\CleanserBlazorUI\Components\Pages\Home.razor(4964,43): warning CS8602: Dereference of a possibly null reference. [D:\AB3\clnsr_prjct\CleanserBlazorUI\CleanserBlazorUI.csproj]
     1>D:\AB3\clnsr_prjct\CleanserBlazorUI\Components\Pages\Home.razor(4965,43): warning CS8602: Dereference of a possibly null reference. [D:\AB3\clnsr_prjct\CleanserBlazorUI\CleanserBlazorUI.csproj]
     1>D:\AB3\clnsr_prjct\CleanserBlazorUI\Components\Pages\Home.razor(4966,43): warning CS8602: Dereference of a possibly null reference. [D:\AB3\clnsr_prjct\CleanserBlazorUI\CleanserBlazorUI.csproj]
     1>D:\AB3\clnsr_prjct\CleanserBlazorUI\Components\Pages\Home.razor(4967,43): warning CS8602: Dereference of a possibly null reference. [D:\AB3\clnsr_prjct\CleanserBlazorUI\CleanserBlazorUI.csproj]
     1>D:\AB3\clnsr_prjct\CleanserBlazorUI\Components\Pages\Home.razor(4968,43): warning CS8602: Dereference of a possibly null reference. [D:\AB3\clnsr_prjct\CleanserBlazorUI\CleanserBlazorUI.csproj]
     1>D:\AB3\clnsr_prjct\CleanserBlazorUI\Components\Pages\Home.razor(4969,43): warning CS8602: Dereference of a possibly null reference. [D:\AB3\clnsr_prjct\CleanserBlazorUI\CleanserBlazorUI.csproj]
     1>D:\AB3\clnsr_prjct\CleanserBlazorUI\Components\Pages\Home.razor(4971,43): warning CS8602: Dereference of a possibly null reference. [D:\AB3\clnsr_prjct\CleanserBlazorUI\CleanserBlazorUI.csproj]
     1>D:\AB3\clnsr_prjct\CleanserBlazorUI\Components\Pages\Home.razor(4973,43): warning CS8602: Dereference of a possibly null reference. [D:\AB3\clnsr_prjct\CleanserBlazorUI\CleanserBlazorUI.csproj]
     1>D:\AB3\clnsr_prjct\CleanserBlazorUI\Components\Pages\Home.razor(4983,43): warning CS8602: Dereference of a possibly null reference. [D:\AB3\clnsr_prjct\CleanserBlazorUI\CleanserBlazorUI.csproj]
     1>D:\AB3\clnsr_prjct\CleanserBlazorUI\Components\Pages\Home.razor(4984,43): warning CS8602: Dereference of a possibly null reference. [D:\AB3\clnsr_prjct\CleanserBlazorUI\CleanserBlazorUI.csproj]
     1>D:\AB3\clnsr_prjct\CleanserBlazorUI\Components\Pages\Home.razor(4985,43): warning CS8602: Dereference of a possibly null reference. [D:\AB3\clnsr_prjct\CleanserBlazorUI\CleanserBlazorUI.csproj]
     1>D:\AB3\clnsr_prjct\CleanserBlazorUI\Components\Pages\Home.razor(4986,43): warning CS8602: Dereference of a possibly null reference. [D:\AB3\clnsr_prjct\CleanserBlazorUI\CleanserBlazorUI.csproj]
     1>D:\AB3\clnsr_prjct\CleanserBlazorUI\Components\Pages\Home.razor(4987,43): warning CS8602: Dereference of a possibly null reference. [D:\AB3\clnsr_prjct\CleanserBlazorUI\CleanserBlazorUI.csproj]
     1>D:\AB3\clnsr_prjct\CleanserBlazorUI\Components\Pages\Home.razor(4989,43): warning CS8602: Dereference of a possibly null reference. [D:\AB3\clnsr_prjct\CleanserBlazorUI\CleanserBlazorUI.csproj]
     1>D:\AB3\clnsr_prjct\CleanserBlazorUI\Components\Pages\Home.razor(4990,43): warning CS8602: Dereference of a possibly null reference. [D:\AB3\clnsr_prjct\CleanserBlazorUI\CleanserBlazorUI.csproj]
     1>D:\AB3\clnsr_prjct\CleanserBlazorUI\Components\Pages\Home.razor(4991,43): warning CS8602: Dereference of a possibly null reference. [D:\AB3\clnsr_prjct\CleanserBlazorUI\CleanserBlazorUI.csproj]
     1>D:\AB3\clnsr_prjct\CleanserBlazorUI\Components\Pages\Home.razor(4997,43): warning CS8602: Dereference of a possibly null reference. [D:\AB3\clnsr_prjct\CleanserBlazorUI\CleanserBlazorUI.csproj]
     1>D:\AB3\clnsr_prjct\CleanserBlazorUI\Components\Pages\Home.razor(5256,42): warning CS8602: Dereference of a possibly null reference. [D:\AB3\clnsr_prjct\CleanserBlazorUI\CleanserBlazorUI.csproj]
     1>D:\AB3\clnsr_prjct\CleanserBlazorUI\Components\Pages\Home.razor(5257,42): warning CS8602: Dereference of a possibly null reference. [D:\AB3\clnsr_prjct\CleanserBlazorUI\CleanserBlazorUI.csproj]
     1>D:\AB3\clnsr_prjct\CleanserBlazorUI\Components\Pages\Home.razor(5258,42): warning CS8602: Dereference of a possibly null reference. [D:\AB3\clnsr_prjct\CleanserBlazorUI\CleanserBlazorUI.csproj]
     1>D:\AB3\clnsr_prjct\CleanserBlazorUI\Components\Pages\Home.razor(5259,42): warning CS8602: Dereference of a possibly null reference. [D:\AB3\clnsr_prjct\CleanserBlazorUI\CleanserBlazorUI.csproj]
     1>D:\AB3\clnsr_prjct\CleanserBlazorUI\Components\Pages\Home.razor(5260,42): warning CS8602: Dereference of a possibly null reference. [D:\AB3\clnsr_prjct\CleanserBlazorUI\CleanserBlazorUI.csproj]
     1>D:\AB3\clnsr_prjct\CleanserBlazorUI\Components\Pages\Home.razor(5261,42): warning CS8602: Dereference of a possibly null reference. [D:\AB3\clnsr_prjct\CleanserBlazorUI\CleanserBlazorUI.csproj]
     1>D:\AB3\clnsr_prjct\CleanserBlazorUI\Components\Pages\Home.razor(5262,42): warning CS8602: Dereference of a possibly null reference. [D:\AB3\clnsr_prjct\CleanserBlazorUI\CleanserBlazorUI.csproj]
     1>D:\AB3\clnsr_prjct\CleanserBlazorUI\Components\Pages\Home.razor(5263,43): warning CS8602: Dereference of a possibly null reference. [D:\AB3\clnsr_prjct\CleanserBlazorUI\CleanserBlazorUI.csproj]
     1>D:\AB3\clnsr_prjct\CleanserBlazorUI\Components\Pages\Home.razor(5264,43): warning CS8602: Dereference of a possibly null reference. [D:\AB3\clnsr_prjct\CleanserBlazorUI\CleanserBlazorUI.csproj]
     1>D:\AB3\clnsr_prjct\CleanserBlazorUI\Components\Pages\Home.razor(5265,43): warning CS8602: Dereference of a possibly null reference. [D:\AB3\clnsr_prjct\CleanserBlazorUI\CleanserBlazorUI.csproj]
     1>D:\AB3\clnsr_prjct\CleanserBlazorUI\Components\Pages\Home.razor(5266,43): warning CS8602: Dereference of a possibly null reference. [D:\AB3\clnsr_prjct\CleanserBlazorUI\CleanserBlazorUI.csproj]
     1>D:\AB3\clnsr_prjct\CleanserBlazorUI\Components\Pages\Home.razor(5267,43): warning CS8602: Dereference of a possibly null reference. [D:\AB3\clnsr_prjct\CleanserBlazorUI\CleanserBlazorUI.csproj]
     1>D:\AB3\clnsr_prjct\CleanserBlazorUI\Components\Pages\Home.razor(5268,43): warning CS8602: Dereference of a possibly null reference. [D:\AB3\clnsr_prjct\CleanserBlazorUI\CleanserBlazorUI.csproj]
     1>D:\AB3\clnsr_prjct\CleanserBlazorUI\Components\Pages\Home.razor(5269,43): warning CS8602: Dereference of a possibly null reference. [D:\AB3\clnsr_prjct\CleanserBlazorUI\CleanserBlazorUI.csproj]
     1>D:\AB3\clnsr_prjct\CleanserBlazorUI\Components\Pages\Home.razor(5270,43): warning CS8602: Dereference of a possibly null reference. [D:\AB3\clnsr_prjct\CleanserBlazorUI\CleanserBlazorUI.csproj]
     1>D:\AB3\clnsr_prjct\CleanserBlazorUI\Components\Pages\Home.razor(5271,43): warning CS8602: Dereference of a possibly null reference. [D:\AB3\clnsr_prjct\CleanserBlazorUI\CleanserBlazorUI.csproj]
     1>D:\AB3\clnsr_prjct\CleanserBlazorUI\Components\Pages\Home.razor(5272,43): warning CS8602: Dereference of a possibly null reference. [D:\AB3\clnsr_prjct\CleanserBlazorUI\CleanserBlazorUI.csproj]
     1>D:\AB3\clnsr_prjct\CleanserBlazorUI\Components\Pages\Home.razor(5273,43): warning CS8602: Dereference of a possibly null reference. [D:\AB3\clnsr_prjct\CleanserBlazorUI\CleanserBlazorUI.csproj]
     1>D:\AB3\clnsr_prjct\CleanserBlazorUI\Components\Pages\Home.razor(5274,43): warning CS8602: Dereference of a possibly null reference. [D:\AB3\clnsr_prjct\CleanserBlazorUI\CleanserBlazorUI.csproj]
     1>D:\AB3\clnsr_prjct\CleanserBlazorUI\Components\Pages\Home.razor(5275,43): warning CS8602: Dereference of a possibly null reference. [D:\AB3\clnsr_prjct\CleanserBlazorUI\CleanserBlazorUI.csproj]
     1>D:\AB3\clnsr_prjct\CleanserBlazorUI\Components\Pages\Home.razor(5276,43): warning CS8602: Dereference of a possibly null reference. [D:\AB3\clnsr_prjct\CleanserBlazorUI\CleanserBlazorUI.csproj]
     1>D:\AB3\clnsr_prjct\CleanserBlazorUI\Components\Pages\Home.razor(5277,43): warning CS8602: Dereference of a possibly null reference. [D:\AB3\clnsr_prjct\CleanserBlazorUI\CleanserBlazorUI.csproj]
     1>D:\AB3\clnsr_prjct\CleanserBlazorUI\Components\Pages\Home.razor(5278,43): warning CS8602: Dereference of a possibly null reference. [D:\AB3\clnsr_prjct\CleanserBlazorUI\CleanserBlazorUI.csproj]
     1>D:\AB3\clnsr_prjct\CleanserBlazorUI\Components\Pages\Home.razor(5279,43): warning CS8602: Dereference of a possibly null reference. [D:\AB3\clnsr_prjct\CleanserBlazorUI\CleanserBlazorUI.csproj]
     1>D:\AB3\clnsr_prjct\CleanserBlazorUI\Components\Pages\Home.razor(5280,43): warning CS8602: Dereference of a possibly null reference. [D:\AB3\clnsr_prjct\CleanserBlazorUI\CleanserBlazorUI.csproj]
     1>D:\AB3\clnsr_prjct\CleanserBlazorUI\Components\Pages\Home.razor(5281,43): warning CS8602: Dereference of a possibly null reference. [D:\AB3\clnsr_prjct\CleanserBlazorUI\CleanserBlazorUI.csproj]
     1>D:\AB3\clnsr_prjct\CleanserBlazorUI\Components\Pages\Home.razor(5282,43): warning CS8602: Dereference of a possibly null reference. [D:\AB3\clnsr_prjct\CleanserBlazorUI\CleanserBlazorUI.csproj]
     1>D:\AB3\clnsr_prjct\CleanserBlazorUI\Components\Pages\Home.razor(5283,43): warning CS8602: Dereference of a possibly null reference. [D:\AB3\clnsr_prjct\CleanserBlazorUI\CleanserBlazorUI.csproj]
     1>D:\AB3\clnsr_prjct\CleanserBlazorUI\Components\Pages\Home.razor(5284,43): warning CS8602: Dereference of a possibly null reference. [D:\AB3\clnsr_prjct\CleanserBlazorUI\CleanserBlazorUI.csproj]
     1>D:\AB3\clnsr_prjct\CleanserBlazorUI\Components\Pages\Home.razor(5285,43): warning CS8602: Dereference of a possibly null reference. [D:\AB3\clnsr_prjct\CleanserBlazorUI\CleanserBlazorUI.csproj]
     1>D:\AB3\clnsr_prjct\CleanserBlazorUI\Components\Pages\Home.razor(5286,43): warning CS8602: Dereference of a possibly null reference. [D:\AB3\clnsr_prjct\CleanserBlazorUI\CleanserBlazorUI.csproj]
     1>D:\AB3\clnsr_prjct\CleanserBlazorUI\Components\Pages\Home.razor(5287,43): warning CS8602: Dereference of a possibly null reference. [D:\AB3\clnsr_prjct\CleanserBlazorUI\CleanserBlazorUI.csproj]
     1>D:\AB3\clnsr_prjct\CleanserBlazorUI\Components\Pages\Home.razor(5288,43): warning CS8602: Dereference of a possibly null reference. [D:\AB3\clnsr_prjct\CleanserBlazorUI\CleanserBlazorUI.csproj]
     1>D:\AB3\clnsr_prjct\CleanserBlazorUI\Components\Pages\Home.razor(5289,43): warning CS8602: Dereference of a possibly null reference. [D:\AB3\clnsr_prjct\CleanserBlazorUI\CleanserBlazorUI.csproj]
     1>D:\AB3\clnsr_prjct\CleanserBlazorUI\Components\Pages\Home.razor(5290,43): warning CS8602: Dereference of a possibly null reference. [D:\AB3\clnsr_prjct\CleanserBlazorUI\CleanserBlazorUI.csproj]
     1>D:\AB3\clnsr_prjct\CleanserBlazorUI\Components\Pages\Home.razor(5291,43): warning CS8602: Dereference of a possibly null reference. [D:\AB3\clnsr_prjct\CleanserBlazorUI\CleanserBlazorUI.csproj]
     1>D:\AB3\clnsr_prjct\CleanserBlazorUI\Components\Pages\Home.razor(5292,43): warning CS8602: Dereference of a possibly null reference. [D:\AB3\clnsr_prjct\CleanserBlazorUI\CleanserBlazorUI.csproj]
     1>D:\AB3\clnsr_prjct\CleanserBlazorUI\Components\Pages\Home.razor(5293,43): warning CS8602: Dereference of a possibly null reference. [D:\AB3\clnsr_prjct\CleanserBlazorUI\CleanserBlazorUI.csproj]
     1>D:\AB3\clnsr_prjct\CleanserBlazorUI\Components\Pages\Home.razor(5294,43): warning CS8602: Dereference of a possibly null reference. [D:\AB3\clnsr_prjct\CleanserBlazorUI\CleanserBlazorUI.csproj]
     1>D:\AB3\clnsr_prjct\CleanserBlazorUI\Components\Pages\Home.razor(5295,43): warning CS8602: Dereference of a possibly null reference. [D:\AB3\clnsr_prjct\CleanserBlazorUI\CleanserBlazorUI.csproj]
     1>D:\AB3\clnsr_prjct\CleanserBlazorUI\Components\Pages\Home.razor(5296,43): warning CS8602: Dereference of a possibly null reference. [D:\AB3\clnsr_prjct\CleanserBlazorUI\CleanserBlazorUI.csproj]
     1>D:\AB3\clnsr_prjct\CleanserBlazorUI\Components\Pages\Home.razor(5297,43): warning CS8602: Dereference of a possibly null reference. [D:\AB3\clnsr_prjct\CleanserBlazorUI\CleanserBlazorUI.csproj]
     1>D:\AB3\clnsr_prjct\CleanserBlazorUI\Components\Pages\Home.razor(5298,43): warning CS8602: Dereference of a possibly null reference. [D:\AB3\clnsr_prjct\CleanserBlazorUI\CleanserBlazorUI.csproj]
     1>D:\AB3\clnsr_prjct\CleanserBlazorUI\Components\Pages\Home.razor(5299,43): warning CS8602: Dereference of a possibly null reference. [D:\AB3\clnsr_prjct\CleanserBlazorUI\CleanserBlazorUI.csproj]
     1>D:\AB3\clnsr_prjct\CleanserBlazorUI\Components\Pages\Home.razor(5300,43): warning CS8602: Dereference of a possibly null reference. [D:\AB3\clnsr_prjct\CleanserBlazorUI\CleanserBlazorUI.csproj]
     1>D:\AB3\clnsr_prjct\CleanserBlazorUI\Components\Pages\Home.razor(5301,43): warning CS8602: Dereference of a possibly null reference. [D:\AB3\clnsr_prjct\CleanserBlazorUI\CleanserBlazorUI.csproj]
     1>D:\AB3\clnsr_prjct\CleanserBlazorUI\Components\Pages\Home.razor(5302,43): warning CS8602: Dereference of a possibly null reference. [D:\AB3\clnsr_prjct\CleanserBlazorUI\CleanserBlazorUI.csproj]
     1>D:\AB3\clnsr_prjct\CleanserBlazorUI\Components\Pages\Home.razor(5303,74): warning CS8602: Dereference of a possibly null reference. [D:\AB3\clnsr_prjct\CleanserBlazorUI\CleanserBlazorUI.csproj]
     1>D:\AB3\clnsr_prjct\CleanserBlazorUI\Components\Pages\Home.razor(5303,74): warning CS8604: Possible null reference argument for parameter 'data' in 'CellDataAndStatus StringHelper.EmpTypeNormarlise(string data)'. [D:\AB3\clnsr_prjct\CleanserBlazorUI\CleanserBlazorUI.csproj]
     1>D:\AB3\clnsr_prjct\CleanserBlazorUI\Components\Pages\Home.razor(5304,43): warning CS8602: Dereference of a possibly null reference. [D:\AB3\clnsr_prjct\CleanserBlazorUI\CleanserBlazorUI.csproj]
     1>D:\AB3\clnsr_prjct\CleanserBlazorUI\Components\Pages\Home.razor(5305,43): warning CS8602: Dereference of a possibly null reference. [D:\AB3\clnsr_prjct\CleanserBlazorUI\CleanserBlazorUI.csproj]
     1>D:\AB3\clnsr_prjct\CleanserBlazorUI\Components\Pages\Home.razor(5306,43): warning CS8602: Dereference of a possibly null reference. [D:\AB3\clnsr_prjct\CleanserBlazorUI\CleanserBlazorUI.csproj]
     1>D:\AB3\clnsr_prjct\CleanserBlazorUI\Components\Pages\Home.razor(5307,43): warning CS8602: Dereference of a possibly null reference. [D:\AB3\clnsr_prjct\CleanserBlazorUI\CleanserBlazorUI.csproj]
     1>D:\AB3\clnsr_prjct\CleanserBlazorUI\Components\Pages\Home.razor(5308,43): warning CS8602: Dereference of a possibly null reference. [D:\AB3\clnsr_prjct\CleanserBlazorUI\CleanserBlazorUI.csproj]
     1>D:\AB3\clnsr_prjct\CleanserBlazorUI\Components\Pages\Home.razor(5309,43): warning CS8602: Dereference of a possibly null reference. [D:\AB3\clnsr_prjct\CleanserBlazorUI\CleanserBlazorUI.csproj]
     1>D:\AB3\clnsr_prjct\CleanserBlazorUI\Components\Pages\Home.razor(5310,43): warning CS8602: Dereference of a possibly null reference. [D:\AB3\clnsr_prjct\CleanserBlazorUI\CleanserBlazorUI.csproj]
     1>D:\AB3\clnsr_prjct\CleanserBlazorUI\Components\Pages\Home.razor(5311,43): warning CS8602: Dereference of a possibly null reference. [D:\AB3\clnsr_prjct\CleanserBlazorUI\CleanserBlazorUI.csproj]
     1>D:\AB3\clnsr_prjct\CleanserBlazorUI\Components\Pages\Home.razor(5312,43): warning CS8602: Dereference of a possibly null reference. [D:\AB3\clnsr_prjct\CleanserBlazorUI\CleanserBlazorUI.csproj]
     1>D:\AB3\clnsr_prjct\CleanserBlazorUI\Components\Pages\Home.razor(5313,43): warning CS8602: Dereference of a possibly null reference. [D:\AB3\clnsr_prjct\CleanserBlazorUI\CleanserBlazorUI.csproj]
     1>D:\AB3\clnsr_prjct\CleanserBlazorUI\Components\Pages\Home.razor(5314,43): warning CS8602: Dereference of a possibly null reference. [D:\AB3\clnsr_prjct\CleanserBlazorUI\CleanserBlazorUI.csproj]
     1>D:\AB3\clnsr_prjct\CleanserBlazorUI\Components\Pages\Home.razor(5315,43): warning CS8602: Dereference of a possibly null reference. [D:\AB3\clnsr_prjct\CleanserBlazorUI\CleanserBlazorUI.csproj]
     1>D:\AB3\clnsr_prjct\CleanserBlazorUI\Components\Pages\Home.razor(5316,43): warning CS8602: Dereference of a possibly null reference. [D:\AB3\clnsr_prjct\CleanserBlazorUI\CleanserBlazorUI.csproj]
     1>D:\AB3\clnsr_prjct\CleanserBlazorUI\Components\Pages\Home.razor(5317,43): warning CS8602: Dereference of a possibly null reference. [D:\AB3\clnsr_prjct\CleanserBlazorUI\CleanserBlazorUI.csproj]
     1>D:\AB3\clnsr_prjct\CleanserBlazorUI\Components\Pages\Home.razor(5318,43): warning CS8602: Dereference of a possibly null reference. [D:\AB3\clnsr_prjct\CleanserBlazorUI\CleanserBlazorUI.csproj]
     1>D:\AB3\clnsr_prjct\CleanserBlazorUI\Components\Pages\Home.razor(5319,43): warning CS8602: Dereference of a possibly null reference. [D:\AB3\clnsr_prjct\CleanserBlazorUI\CleanserBlazorUI.csproj]
     1>D:\AB3\clnsr_prjct\CleanserBlazorUI\Components\Pages\Home.razor(5320,43): warning CS8602: Dereference of a possibly null reference. [D:\AB3\clnsr_prjct\CleanserBlazorUI\CleanserBlazorUI.csproj]
     1>D:\AB3\clnsr_prjct\CleanserBlazorUI\Components\Pages\Home.razor(5321,43): warning CS8602: Dereference of a possibly null reference. [D:\AB3\clnsr_prjct\CleanserBlazorUI\CleanserBlazorUI.csproj]
     1>D:\AB3\clnsr_prjct\CleanserBlazorUI\Components\Pages\Home.razor(5322,43): warning CS8602: Dereference of a possibly null reference. [D:\AB3\clnsr_prjct\CleanserBlazorUI\CleanserBlazorUI.csproj]
     1>D:\AB3\clnsr_prjct\CleanserBlazorUI\Components\Pages\Home.razor(5323,43): warning CS8602: Dereference of a possibly null reference. [D:\AB3\clnsr_prjct\CleanserBlazorUI\CleanserBlazorUI.csproj]
     1>D:\AB3\clnsr_prjct\CleanserBlazorUI\Components\Pages\Home.razor(5324,43): warning CS8602: Dereference of a possibly null reference. [D:\AB3\clnsr_prjct\CleanserBlazorUI\CleanserBlazorUI.csproj]
     1>D:\AB3\clnsr_prjct\CleanserBlazorUI\Components\Pages\Home.razor(5325,43): warning CS8602: Dereference of a possibly null reference. [D:\AB3\clnsr_prjct\CleanserBlazorUI\CleanserBlazorUI.csproj]
     1>D:\AB3\clnsr_prjct\CleanserBlazorUI\Components\Pages\Home.razor(5326,43): warning CS8602: Dereference of a possibly null reference. [D:\AB3\clnsr_prjct\CleanserBlazorUI\CleanserBlazorUI.csproj]
     1>D:\AB3\clnsr_prjct\CleanserBlazorUI\Components\Pages\Home.razor(5327,43): warning CS8602: Dereference of a possibly null reference. [D:\AB3\clnsr_prjct\CleanserBlazorUI\CleanserBlazorUI.csproj]
     1>D:\AB3\clnsr_prjct\CleanserBlazorUI\Components\Pages\Home.razor(5328,43): warning CS8602: Dereference of a possibly null reference. [D:\AB3\clnsr_prjct\CleanserBlazorUI\CleanserBlazorUI.csproj]
     1>D:\AB3\clnsr_prjct\CleanserBlazorUI\Components\Pages\Home.razor(5329,43): warning CS8602: Dereference of a possibly null reference. [D:\AB3\clnsr_prjct\CleanserBlazorUI\CleanserBlazorUI.csproj]
     1>D:\AB3\clnsr_prjct\CleanserBlazorUI\Components\Pages\Home.razor(5330,43): warning CS8602: Dereference of a possibly null reference. [D:\AB3\clnsr_prjct\CleanserBlazorUI\CleanserBlazorUI.csproj]
     1>D:\AB3\clnsr_prjct\CleanserBlazorUI\Components\Pages\Home.razor(5331,43): warning CS8602: Dereference of a possibly null reference. [D:\AB3\clnsr_prjct\CleanserBlazorUI\CleanserBlazorUI.csproj]
     1>D:\AB3\clnsr_prjct\CleanserBlazorUI\Components\Pages\Home.razor(5332,43): warning CS8602: Dereference of a possibly null reference. [D:\AB3\clnsr_prjct\CleanserBlazorUI\CleanserBlazorUI.csproj]
     1>D:\AB3\clnsr_prjct\CleanserBlazorUI\Components\Pages\Home.razor(5333,43): warning CS8602: Dereference of a possibly null reference. [D:\AB3\clnsr_prjct\CleanserBlazorUI\CleanserBlazorUI.csproj]
     1>D:\AB3\clnsr_prjct\CleanserBlazorUI\Components\Pages\Home.razor(5334,43): warning CS8602: Dereference of a possibly null reference. [D:\AB3\clnsr_prjct\CleanserBlazorUI\CleanserBlazorUI.csproj]
     1>D:\AB3\clnsr_prjct\CleanserBlazorUI\Components\Pages\Home.razor(5335,43): warning CS8602: Dereference of a possibly null reference. [D:\AB3\clnsr_prjct\CleanserBlazorUI\CleanserBlazorUI.csproj]
     1>D:\AB3\clnsr_prjct\CleanserBlazorUI\Components\Pages\Home.razor(5336,43): warning CS8602: Dereference of a possibly null reference. [D:\AB3\clnsr_prjct\CleanserBlazorUI\CleanserBlazorUI.csproj]
     1>D:\AB3\clnsr_prjct\CleanserBlazorUI\Components\Pages\Home.razor(5337,43): warning CS8602: Dereference of a possibly null reference. [D:\AB3\clnsr_prjct\CleanserBlazorUI\CleanserBlazorUI.csproj]
     1>D:\AB3\clnsr_prjct\CleanserBlazorUI\Components\Pages\Home.razor(5338,43): warning CS8602: Dereference of a possibly null reference. [D:\AB3\clnsr_prjct\CleanserBlazorUI\CleanserBlazorUI.csproj]
     1>D:\AB3\clnsr_prjct\CleanserBlazorUI\Components\Pages\Home.razor(5339,43): warning CS8602: Dereference of a possibly null reference. [D:\AB3\clnsr_prjct\CleanserBlazorUI\CleanserBlazorUI.csproj]
     1>D:\AB3\clnsr_prjct\CleanserBlazorUI\Components\Pages\Home.razor(5340,43): warning CS8602: Dereference of a possibly null reference. [D:\AB3\clnsr_prjct\CleanserBlazorUI\CleanserBlazorUI.csproj]
     1>D:\AB3\clnsr_prjct\CleanserBlazorUI\Components\Pages\Home.razor(5341,43): warning CS8602: Dereference of a possibly null reference. [D:\AB3\clnsr_prjct\CleanserBlazorUI\CleanserBlazorUI.csproj]
     1>D:\AB3\clnsr_prjct\CleanserBlazorUI\Components\Pages\Home.razor(5342,43): warning CS8602: Dereference of a possibly null reference. [D:\AB3\clnsr_prjct\CleanserBlazorUI\CleanserBlazorUI.csproj]
     1>D:\AB3\clnsr_prjct\CleanserBlazorUI\Components\Pages\Home.razor(5343,43): warning CS8602: Dereference of a possibly null reference. [D:\AB3\clnsr_prjct\CleanserBlazorUI\CleanserBlazorUI.csproj]
     1>D:\AB3\clnsr_prjct\CleanserBlazorUI\Components\Pages\Home.razor(5344,43): warning CS8602: Dereference of a possibly null reference. [D:\AB3\clnsr_prjct\CleanserBlazorUI\CleanserBlazorUI.csproj]
     1>D:\AB3\clnsr_prjct\CleanserBlazorUI\Components\Pages\Home.razor(5345,43): warning CS8602: Dereference of a possibly null reference. [D:\AB3\clnsr_prjct\CleanserBlazorUI\CleanserBlazorUI.csproj]
     1>D:\AB3\clnsr_prjct\CleanserBlazorUI\Components\Pages\Home.razor(5346,43): warning CS8602: Dereference of a possibly null reference. [D:\AB3\clnsr_prjct\CleanserBlazorUI\CleanserBlazorUI.csproj]
     1>D:\AB3\clnsr_prjct\CleanserBlazorUI\Components\Pages\Home.razor(5347,43): warning CS8602: Dereference of a possibly null reference. [D:\AB3\clnsr_prjct\CleanserBlazorUI\CleanserBlazorUI.csproj]
     1>D:\AB3\clnsr_prjct\CleanserBlazorUI\Components\Pages\Home.razor(5348,43): warning CS8602: Dereference of a possibly null reference. [D:\AB3\clnsr_prjct\CleanserBlazorUI\CleanserBlazorUI.csproj]
     1>D:\AB3\clnsr_prjct\CleanserBlazorUI\Components\Pages\Home.razor(5349,43): warning CS8602: Dereference of a possibly null reference. [D:\AB3\clnsr_prjct\CleanserBlazorUI\CleanserBlazorUI.csproj]
     1>D:\AB3\clnsr_prjct\CleanserBlazorUI\Components\Pages\Home.razor(5350,43): warning CS8602: Dereference of a possibly null reference. [D:\AB3\clnsr_prjct\CleanserBlazorUI\CleanserBlazorUI.csproj]
     1>D:\AB3\clnsr_prjct\CleanserBlazorUI\Components\Pages\Home.razor(5351,43): warning CS8602: Dereference of a possibly null reference. [D:\AB3\clnsr_prjct\CleanserBlazorUI\CleanserBlazorUI.csproj]
     1>D:\AB3\clnsr_prjct\CleanserBlazorUI\Components\Pages\Home.razor(5352,43): warning CS8602: Dereference of a possibly null reference. [D:\AB3\clnsr_prjct\CleanserBlazorUI\CleanserBlazorUI.csproj]
     1>D:\AB3\clnsr_prjct\CleanserBlazorUI\Components\Pages\Home.razor(5353,44): warning CS8602: Dereference of a possibly null reference. [D:\AB3\clnsr_prjct\CleanserBlazorUI\CleanserBlazorUI.csproj]
     1>D:\AB3\clnsr_prjct\CleanserBlazorUI\Components\Pages\Home.razor(5354,44): warning CS8602: Dereference of a possibly null reference. [D:\AB3\clnsr_prjct\CleanserBlazorUI\CleanserBlazorUI.csproj]
     1>D:\AB3\clnsr_prjct\CleanserBlazorUI\Components\Pages\Home.razor(5355,44): warning CS8602: Dereference of a possibly null reference. [D:\AB3\clnsr_prjct\CleanserBlazorUI\CleanserBlazorUI.csproj]
     1>D:\AB3\clnsr_prjct\CleanserBlazorUI\Components\Pages\Home.razor(5356,44): warning CS8602: Dereference of a possibly null reference. [D:\AB3\clnsr_prjct\CleanserBlazorUI\CleanserBlazorUI.csproj]
     1>D:\AB3\clnsr_prjct\CleanserBlazorUI\Components\Pages\Home.razor(5357,44): warning CS8602: Dereference of a possibly null reference. [D:\AB3\clnsr_prjct\CleanserBlazorUI\CleanserBlazorUI.csproj]
     1>D:\AB3\clnsr_prjct\CleanserBlazorUI\Components\Pages\Home.razor(5358,44): warning CS8602: Dereference of a possibly null reference. [D:\AB3\clnsr_prjct\CleanserBlazorUI\CleanserBlazorUI.csproj]
     1>D:\AB3\clnsr_prjct\CleanserBlazorUI\Components\Pages\Home.razor(5359,44): warning CS8602: Dereference of a possibly null reference. [D:\AB3\clnsr_prjct\CleanserBlazorUI\CleanserBlazorUI.csproj]
     1>D:\AB3\clnsr_prjct\CleanserBlazorUI\Components\Pages\Home.razor(5360,44): warning CS8602: Dereference of a possibly null reference. [D:\AB3\clnsr_prjct\CleanserBlazorUI\CleanserBlazorUI.csproj]
     1>D:\AB3\clnsr_prjct\CleanserBlazorUI\Components\Pages\Home.razor(5361,44): warning CS8602: Dereference of a possibly null reference. [D:\AB3\clnsr_prjct\CleanserBlazorUI\CleanserBlazorUI.csproj]
     1>D:\AB3\clnsr_prjct\CleanserBlazorUI\Components\Pages\Home.razor(5362,44): warning CS8602: Dereference of a possibly null reference. [D:\AB3\clnsr_prjct\CleanserBlazorUI\CleanserBlazorUI.csproj]
     1>D:\AB3\clnsr_prjct\CleanserBlazorUI\Components\Pages\Home.razor(5363,44): warning CS8602: Dereference of a possibly null reference. [D:\AB3\clnsr_prjct\CleanserBlazorUI\CleanserBlazorUI.csproj]
     1>D:\AB3\clnsr_prjct\CleanserBlazorUI\Components\Pages\Home.razor(5364,44): warning CS8602: Dereference of a possibly null reference. [D:\AB3\clnsr_prjct\CleanserBlazorUI\CleanserBlazorUI.csproj]
     1>D:\AB3\clnsr_prjct\CleanserBlazorUI\Components\Pages\Home.razor(5365,44): warning CS8602: Dereference of a possibly null reference. [D:\AB3\clnsr_prjct\CleanserBlazorUI\CleanserBlazorUI.csproj]
     1>D:\AB3\clnsr_prjct\CleanserBlazorUI\Components\Pages\Home.razor(5366,44): warning CS8602: Dereference of a possibly null reference. [D:\AB3\clnsr_prjct\CleanserBlazorUI\CleanserBlazorUI.csproj]
     1>D:\AB3\clnsr_prjct\CleanserBlazorUI\Components\Pages\Home.razor(5367,44): warning CS8602: Dereference of a possibly null reference. [D:\AB3\clnsr_prjct\CleanserBlazorUI\CleanserBlazorUI.csproj]
     1>D:\AB3\clnsr_prjct\CleanserBlazorUI\Components\Pages\Home.razor(5368,44): warning CS8602: Dereference of a possibly null reference. [D:\AB3\clnsr_prjct\CleanserBlazorUI\CleanserBlazorUI.csproj]
     1>D:\AB3\clnsr_prjct\CleanserBlazorUI\Components\Pages\Home.razor(5369,44): warning CS8602: Dereference of a possibly null reference. [D:\AB3\clnsr_prjct\CleanserBlazorUI\CleanserBlazorUI.csproj]
     1>D:\AB3\clnsr_prjct\CleanserBlazorUI\Components\Pages\Home.razor(5370,44): warning CS8602: Dereference of a possibly null reference. [D:\AB3\clnsr_prjct\CleanserBlazorUI\CleanserBlazorUI.csproj]
     1>D:\AB3\clnsr_prjct\CleanserBlazorUI\Components\Pages\Home.razor(5371,44): warning CS8602: Dereference of a possibly null reference. [D:\AB3\clnsr_prjct\CleanserBlazorUI\CleanserBlazorUI.csproj]
     1>D:\AB3\clnsr_prjct\CleanserBlazorUI\Components\Pages\Home.razor(5372,44): warning CS8602: Dereference of a possibly null reference. [D:\AB3\clnsr_prjct\CleanserBlazorUI\CleanserBlazorUI.csproj]
     1>D:\AB3\clnsr_prjct\CleanserBlazorUI\Components\Pages\Home.razor(5373,44): warning CS8602: Dereference of a possibly null reference. [D:\AB3\clnsr_prjct\CleanserBlazorUI\CleanserBlazorUI.csproj]
     1>D:\AB3\clnsr_prjct\CleanserBlazorUI\Components\Pages\Home.razor(5374,44): warning CS8602: Dereference of a possibly null reference. [D:\AB3\clnsr_prjct\CleanserBlazorUI\CleanserBlazorUI.csproj]
     1>D:\AB3\clnsr_prjct\CleanserBlazorUI\Components\Pages\Home.razor(5375,44): warning CS8602: Dereference of a possibly null reference. [D:\AB3\clnsr_prjct\CleanserBlazorUI\CleanserBlazorUI.csproj]
     1>D:\AB3\clnsr_prjct\CleanserBlazorUI\Components\Pages\Home.razor(5376,44): warning CS8602: Dereference of a possibly null reference. [D:\AB3\clnsr_prjct\CleanserBlazorUI\CleanserBlazorUI.csproj]
     1>D:\AB3\clnsr_prjct\CleanserBlazorUI\Components\Pages\Home.razor(5377,44): warning CS8602: Dereference of a possibly null reference. [D:\AB3\clnsr_prjct\CleanserBlazorUI\CleanserBlazorUI.csproj]
     1>D:\AB3\clnsr_prjct\CleanserBlazorUI\Components\Pages\Home.razor(5378,44): warning CS8602: Dereference of a possibly null reference. [D:\AB3\clnsr_prjct\CleanserBlazorUI\CleanserBlazorUI.csproj]
     1>D:\AB3\clnsr_prjct\CleanserBlazorUI\Components\Pages\Home.razor(5379,44): warning CS8602: Dereference of a possibly null reference. [D:\AB3\clnsr_prjct\CleanserBlazorUI\CleanserBlazorUI.csproj]
     1>D:\AB3\clnsr_prjct\CleanserBlazorUI\Components\Pages\Home.razor(5380,44): warning CS8602: Dereference of a possibly null reference. [D:\AB3\clnsr_prjct\CleanserBlazorUI\CleanserBlazorUI.csproj]
     1>D:\AB3\clnsr_prjct\CleanserBlazorUI\Components\Pages\Home.razor(5381,44): warning CS8602: Dereference of a possibly null reference. [D:\AB3\clnsr_prjct\CleanserBlazorUI\CleanserBlazorUI.csproj]
     1>D:\AB3\clnsr_prjct\CleanserBlazorUI\Components\Pages\Home.razor(5382,44): warning CS8602: Dereference of a possibly null reference. [D:\AB3\clnsr_prjct\CleanserBlazorUI\CleanserBlazorUI.csproj]
     1>D:\AB3\clnsr_prjct\CleanserBlazorUI\Components\Pages\Home.razor(5383,44): warning CS8602: Dereference of a possibly null reference. [D:\AB3\clnsr_prjct\CleanserBlazorUI\CleanserBlazorUI.csproj]
     1>D:\AB3\clnsr_prjct\CleanserBlazorUI\Components\Pages\Home.razor(5384,44): warning CS8602: Dereference of a possibly null reference. [D:\AB3\clnsr_prjct\CleanserBlazorUI\CleanserBlazorUI.csproj]
     1>D:\AB3\clnsr_prjct\CleanserBlazorUI\Components\Pages\Home.razor(5385,44): warning CS8602: Dereference of a possibly null reference. [D:\AB3\clnsr_prjct\CleanserBlazorUI\CleanserBlazorUI.csproj]
     1>D:\AB3\clnsr_prjct\CleanserBlazorUI\Components\Pages\Home.razor(5386,44): warning CS8602: Dereference of a possibly null reference. [D:\AB3\clnsr_prjct\CleanserBlazorUI\CleanserBlazorUI.csproj]
     1>D:\AB3\clnsr_prjct\CleanserBlazorUI\Components\Pages\Home.razor(5387,44): warning CS8602: Dereference of a possibly null reference. [D:\AB3\clnsr_prjct\CleanserBlazorUI\CleanserBlazorUI.csproj]
     1>D:\AB3\clnsr_prjct\CleanserBlazorUI\Components\Pages\Home.razor(5388,44): warning CS8602: Dereference of a possibly null reference. [D:\AB3\clnsr_prjct\CleanserBlazorUI\CleanserBlazorUI.csproj]
     1>D:\AB3\clnsr_prjct\CleanserBlazorUI\Components\Pages\Home.razor(5389,44): warning CS8602: Dereference of a possibly null reference. [D:\AB3\clnsr_prjct\CleanserBlazorUI\CleanserBlazorUI.csproj]
     1>D:\AB3\clnsr_prjct\CleanserBlazorUI\Components\Pages\Home.razor(5390,44): warning CS8602: Dereference of a possibly null reference. [D:\AB3\clnsr_prjct\CleanserBlazorUI\CleanserBlazorUI.csproj]
     1>D:\AB3\clnsr_prjct\CleanserBlazorUI\Components\Pages\Home.razor(5391,44): warning CS8602: Dereference of a possibly null reference. [D:\AB3\clnsr_prjct\CleanserBlazorUI\CleanserBlazorUI.csproj]
     1>D:\AB3\clnsr_prjct\CleanserBlazorUI\Components\Pages\Home.razor(5392,44): warning CS8602: Dereference of a possibly null reference. [D:\AB3\clnsr_prjct\CleanserBlazorUI\CleanserBlazorUI.csproj]
     1>D:\AB3\clnsr_prjct\CleanserBlazorUI\Components\Pages\Home.razor(5393,44): warning CS8602: Dereference of a possibly null reference. [D:\AB3\clnsr_prjct\CleanserBlazorUI\CleanserBlazorUI.csproj]
     1>D:\AB3\clnsr_prjct\CleanserBlazorUI\Components\Pages\Home.razor(5394,44): warning CS8602: Dereference of a possibly null reference. [D:\AB3\clnsr_prjct\CleanserBlazorUI\CleanserBlazorUI.csproj]
     1>D:\AB3\clnsr_prjct\CleanserBlazorUI\Components\Pages\Home.razor(5395,44): warning CS8602: Dereference of a possibly null reference. [D:\AB3\clnsr_prjct\CleanserBlazorUI\CleanserBlazorUI.csproj]
     1>D:\AB3\clnsr_prjct\CleanserBlazorUI\Components\Pages\Home.razor(5396,44): warning CS8602: Dereference of a possibly null reference. [D:\AB3\clnsr_prjct\CleanserBlazorUI\CleanserBlazorUI.csproj]
     1>D:\AB3\clnsr_prjct\CleanserBlazorUI\Components\Pages\Home.razor(5397,44): warning CS8602: Dereference of a possibly null reference. [D:\AB3\clnsr_prjct\CleanserBlazorUI\CleanserBlazorUI.csproj]
     1>D:\AB3\clnsr_prjct\CleanserBlazorUI\Components\Pages\Home.razor(5398,44): warning CS8602: Dereference of a possibly null reference. [D:\AB3\clnsr_prjct\CleanserBlazorUI\CleanserBlazorUI.csproj]
     1>D:\AB3\clnsr_prjct\CleanserBlazorUI\Components\Pages\Home.razor(5399,44): warning CS8602: Dereference of a possibly null reference. [D:\AB3\clnsr_prjct\CleanserBlazorUI\CleanserBlazorUI.csproj]
     1>D:\AB3\clnsr_prjct\CleanserBlazorUI\Components\Pages\Home.razor(5400,44): warning CS8602: Dereference of a possibly null reference. [D:\AB3\clnsr_prjct\CleanserBlazorUI\CleanserBlazorUI.csproj]
     1>D:\AB3\clnsr_prjct\CleanserBlazorUI\Components\Pages\Home.razor(5401,44): warning CS8602: Dereference of a possibly null reference. [D:\AB3\clnsr_prjct\CleanserBlazorUI\CleanserBlazorUI.csproj]
     1>D:\AB3\clnsr_prjct\CleanserBlazorUI\Components\Pages\Home.razor(5402,44): warning CS8602: Dereference of a possibly null reference. [D:\AB3\clnsr_prjct\CleanserBlazorUI\CleanserBlazorUI.csproj]
     1>D:\AB3\clnsr_prjct\CleanserBlazorUI\Components\Pages\Home.razor(5403,44): warning CS8602: Dereference of a possibly null reference. [D:\AB3\clnsr_prjct\CleanserBlazorUI\CleanserBlazorUI.csproj]
     1>D:\AB3\clnsr_prjct\CleanserBlazorUI\Components\Pages\Home.razor(5404,44): warning CS8602: Dereference of a possibly null reference. [D:\AB3\clnsr_prjct\CleanserBlazorUI\CleanserBlazorUI.csproj]
     1>D:\AB3\clnsr_prjct\CleanserBlazorUI\Components\Pages\Home.razor(5405,44): warning CS8602: Dereference of a possibly null reference. [D:\AB3\clnsr_prjct\CleanserBlazorUI\CleanserBlazorUI.csproj]
     1>D:\AB3\clnsr_prjct\CleanserBlazorUI\Components\Pages\Home.razor(5406,44): warning CS8602: Dereference of a possibly null reference. [D:\AB3\clnsr_prjct\CleanserBlazorUI\CleanserBlazorUI.csproj]
     1>D:\AB3\clnsr_prjct\CleanserBlazorUI\Components\Pages\Home.razor(5407,44): warning CS8602: Dereference of a possibly null reference. [D:\AB3\clnsr_prjct\CleanserBlazorUI\CleanserBlazorUI.csproj]
     1>D:\AB3\clnsr_prjct\CleanserBlazorUI\Components\Pages\Home.razor(5408,44): warning CS8602: Dereference of a possibly null reference. [D:\AB3\clnsr_prjct\CleanserBlazorUI\CleanserBlazorUI.csproj]
     1>D:\AB3\clnsr_prjct\CleanserBlazorUI\Components\Pages\Home.razor(5409,44): warning CS8602: Dereference of a possibly null reference. [D:\AB3\clnsr_prjct\CleanserBlazorUI\CleanserBlazorUI.csproj]
     1>D:\AB3\clnsr_prjct\CleanserBlazorUI\Components\Pages\Home.razor(5410,44): warning CS8602: Dereference of a possibly null reference. [D:\AB3\clnsr_prjct\CleanserBlazorUI\CleanserBlazorUI.csproj]
     1>D:\AB3\clnsr_prjct\CleanserBlazorUI\Components\Pages\Home.razor(5411,44): warning CS8602: Dereference of a possibly null reference. [D:\AB3\clnsr_prjct\CleanserBlazorUI\CleanserBlazorUI.csproj]
     1>D:\AB3\clnsr_prjct\CleanserBlazorUI\Components\Pages\Home.razor(5412,44): warning CS8602: Dereference of a possibly null reference. [D:\AB3\clnsr_prjct\CleanserBlazorUI\CleanserBlazorUI.csproj]
     1>D:\AB3\clnsr_prjct\CleanserBlazorUI\Components\Pages\Home.razor(5413,44): warning CS8602: Dereference of a possibly null reference. [D:\AB3\clnsr_prjct\CleanserBlazorUI\CleanserBlazorUI.csproj]
     1>D:\AB3\clnsr_prjct\CleanserBlazorUI\Components\Pages\Home.razor(5414,44): warning CS8602: Dereference of a possibly null reference. [D:\AB3\clnsr_prjct\CleanserBlazorUI\CleanserBlazorUI.csproj]
     1>D:\AB3\clnsr_prjct\CleanserBlazorUI\Components\Pages\Home.razor(5415,44): warning CS8602: Dereference of a possibly null reference. [D:\AB3\clnsr_prjct\CleanserBlazorUI\CleanserBlazorUI.csproj]
     1>D:\AB3\clnsr_prjct\CleanserBlazorUI\Components\Pages\Home.razor(5416,44): warning CS8602: Dereference of a possibly null reference. [D:\AB3\clnsr_prjct\CleanserBlazorUI\CleanserBlazorUI.csproj]
     1>D:\AB3\clnsr_prjct\CleanserBlazorUI\Components\Pages\Home.razor(5417,44): warning CS8602: Dereference of a possibly null reference. [D:\AB3\clnsr_prjct\CleanserBlazorUI\CleanserBlazorUI.csproj]
     1>D:\AB3\clnsr_prjct\CleanserBlazorUI\Components\Pages\Home.razor(5418,44): warning CS8602: Dereference of a possibly null reference. [D:\AB3\clnsr_prjct\CleanserBlazorUI\CleanserBlazorUI.csproj]
     1>D:\AB3\clnsr_prjct\CleanserBlazorUI\Components\Pages\Home.razor(5419,44): warning CS8602: Dereference of a possibly null reference. [D:\AB3\clnsr_prjct\CleanserBlazorUI\CleanserBlazorUI.csproj]
     1>D:\AB3\clnsr_prjct\CleanserBlazorUI\Components\Pages\Home.razor(5420,44): warning CS8602: Dereference of a possibly null reference. [D:\AB3\clnsr_prjct\CleanserBlazorUI\CleanserBlazorUI.csproj]
     1>D:\AB3\clnsr_prjct\CleanserBlazorUI\Components\Pages\Home.razor(5421,44): warning CS8602: Dereference of a possibly null reference. [D:\AB3\clnsr_prjct\CleanserBlazorUI\CleanserBlazorUI.csproj]
     1>D:\AB3\clnsr_prjct\CleanserBlazorUI\Components\Pages\Home.razor(5422,44): warning CS8602: Dereference of a possibly null reference. [D:\AB3\clnsr_prjct\CleanserBlazorUI\CleanserBlazorUI.csproj]
     1>D:\AB3\clnsr_prjct\CleanserBlazorUI\Components\Pages\Home.razor(5423,44): warning CS8602: Dereference of a possibly null reference. [D:\AB3\clnsr_prjct\CleanserBlazorUI\CleanserBlazorUI.csproj]
     1>D:\AB3\clnsr_prjct\CleanserBlazorUI\Components\Pages\Home.razor(5424,44): warning CS8602: Dereference of a possibly null reference. [D:\AB3\clnsr_prjct\CleanserBlazorUI\CleanserBlazorUI.csproj]
     1>D:\AB3\clnsr_prjct\CleanserBlazorUI\Components\Pages\Home.razor(5425,44): warning CS8602: Dereference of a possibly null reference. [D:\AB3\clnsr_prjct\CleanserBlazorUI\CleanserBlazorUI.csproj]
     1>D:\AB3\clnsr_prjct\CleanserBlazorUI\Components\Pages\Home.razor(5426,44): warning CS8602: Dereference of a possibly null reference. [D:\AB3\clnsr_prjct\CleanserBlazorUI\CleanserBlazorUI.csproj]
     1>D:\AB3\clnsr_prjct\CleanserBlazorUI\Components\Pages\Home.razor(5427,44): warning CS8602: Dereference of a possibly null reference. [D:\AB3\clnsr_prjct\CleanserBlazorUI\CleanserBlazorUI.csproj]
     1>D:\AB3\clnsr_prjct\CleanserBlazorUI\Components\Pages\Home.razor(5428,44): warning CS8602: Dereference of a possibly null reference. [D:\AB3\clnsr_prjct\CleanserBlazorUI\CleanserBlazorUI.csproj]
     1>D:\AB3\clnsr_prjct\CleanserBlazorUI\Components\Pages\Home.razor(5429,44): warning CS8602: Dereference of a possibly null reference. [D:\AB3\clnsr_prjct\CleanserBlazorUI\CleanserBlazorUI.csproj]
     1>D:\AB3\clnsr_prjct\CleanserBlazorUI\Components\Pages\Home.razor(5430,44): warning CS8602: Dereference of a possibly null reference. [D:\AB3\clnsr_prjct\CleanserBlazorUI\CleanserBlazorUI.csproj]
     1>D:\AB3\clnsr_prjct\CleanserBlazorUI\Components\Pages\Home.razor(5431,44): warning CS8602: Dereference of a possibly null reference. [D:\AB3\clnsr_prjct\CleanserBlazorUI\CleanserBlazorUI.csproj]
     1>D:\AB3\clnsr_prjct\CleanserBlazorUI\Components\Pages\Home.razor(5678,42): warning CS8602: Dereference of a possibly null reference. [D:\AB3\clnsr_prjct\CleanserBlazorUI\CleanserBlazorUI.csproj]
     1>D:\AB3\clnsr_prjct\CleanserBlazorUI\Components\Pages\Home.razor(5679,42): warning CS8602: Dereference of a possibly null reference. [D:\AB3\clnsr_prjct\CleanserBlazorUI\CleanserBlazorUI.csproj]
     1>D:\AB3\clnsr_prjct\CleanserBlazorUI\Components\Pages\Home.razor(5680,42): warning CS8602: Dereference of a possibly null reference. [D:\AB3\clnsr_prjct\CleanserBlazorUI\CleanserBlazorUI.csproj]
     1>D:\AB3\clnsr_prjct\CleanserBlazorUI\Components\Pages\Home.razor(5681,42): warning CS8602: Dereference of a possibly null reference. [D:\AB3\clnsr_prjct\CleanserBlazorUI\CleanserBlazorUI.csproj]
     1>D:\AB3\clnsr_prjct\CleanserBlazorUI\Components\Pages\Home.razor(5682,42): warning CS8602: Dereference of a possibly null reference. [D:\AB3\clnsr_prjct\CleanserBlazorUI\CleanserBlazorUI.csproj]
     1>D:\AB3\clnsr_prjct\CleanserBlazorUI\Components\Pages\Home.razor(5683,42): warning CS8602: Dereference of a possibly null reference. [D:\AB3\clnsr_prjct\CleanserBlazorUI\CleanserBlazorUI.csproj]
     1>D:\AB3\clnsr_prjct\CleanserBlazorUI\Components\Pages\Home.razor(5684,42): warning CS8602: Dereference of a possibly null reference. [D:\AB3\clnsr_prjct\CleanserBlazorUI\CleanserBlazorUI.csproj]
     1>D:\AB3\clnsr_prjct\CleanserBlazorUI\Components\Pages\Home.razor(5685,43): warning CS8602: Dereference of a possibly null reference. [D:\AB3\clnsr_prjct\CleanserBlazorUI\CleanserBlazorUI.csproj]
     1>D:\AB3\clnsr_prjct\CleanserBlazorUI\Components\Pages\Home.razor(5686,43): warning CS8602: Dereference of a possibly null reference. [D:\AB3\clnsr_prjct\CleanserBlazorUI\CleanserBlazorUI.csproj]
     1>D:\AB3\clnsr_prjct\CleanserBlazorUI\Components\Pages\Home.razor(5687,43): warning CS8602: Dereference of a possibly null reference. [D:\AB3\clnsr_prjct\CleanserBlazorUI\CleanserBlazorUI.csproj]
     1>D:\AB3\clnsr_prjct\CleanserBlazorUI\Components\Pages\Home.razor(5688,43): warning CS8602: Dereference of a possibly null reference. [D:\AB3\clnsr_prjct\CleanserBlazorUI\CleanserBlazorUI.csproj]
     1>D:\AB3\clnsr_prjct\CleanserBlazorUI\Components\Pages\Home.razor(5689,43): warning CS8602: Dereference of a possibly null reference. [D:\AB3\clnsr_prjct\CleanserBlazorUI\CleanserBlazorUI.csproj]
     1>D:\AB3\clnsr_prjct\CleanserBlazorUI\Components\Pages\Home.razor(5690,43): warning CS8602: Dereference of a possibly null reference. [D:\AB3\clnsr_prjct\CleanserBlazorUI\CleanserBlazorUI.csproj]
     1>D:\AB3\clnsr_prjct\CleanserBlazorUI\Components\Pages\Home.razor(5691,43): warning CS8602: Dereference of a possibly null reference. [D:\AB3\clnsr_prjct\CleanserBlazorUI\CleanserBlazorUI.csproj]
     1>D:\AB3\clnsr_prjct\CleanserBlazorUI\Components\Pages\Home.razor(5692,43): warning CS8602: Dereference of a possibly null reference. [D:\AB3\clnsr_prjct\CleanserBlazorUI\CleanserBlazorUI.csproj]
     1>D:\AB3\clnsr_prjct\CleanserBlazorUI\Components\Pages\Home.razor(5693,43): warning CS8602: Dereference of a possibly null reference. [D:\AB3\clnsr_prjct\CleanserBlazorUI\CleanserBlazorUI.csproj]
     1>D:\AB3\clnsr_prjct\CleanserBlazorUI\Components\Pages\Home.razor(5694,43): warning CS8602: Dereference of a possibly null reference. [D:\AB3\clnsr_prjct\CleanserBlazorUI\CleanserBlazorUI.csproj]
     1>D:\AB3\clnsr_prjct\CleanserBlazorUI\Components\Pages\Home.razor(5695,43): warning CS8602: Dereference of a possibly null reference. [D:\AB3\clnsr_prjct\CleanserBlazorUI\CleanserBlazorUI.csproj]
     1>D:\AB3\clnsr_prjct\CleanserBlazorUI\Components\Pages\Home.razor(5696,43): warning CS8602: Dereference of a possibly null reference. [D:\AB3\clnsr_prjct\CleanserBlazorUI\CleanserBlazorUI.csproj]
     1>D:\AB3\clnsr_prjct\CleanserBlazorUI\Components\Pages\Home.razor(5697,43): warning CS8602: Dereference of a possibly null reference. [D:\AB3\clnsr_prjct\CleanserBlazorUI\CleanserBlazorUI.csproj]
     1>D:\AB3\clnsr_prjct\CleanserBlazorUI\Components\Pages\Home.razor(5698,43): warning CS8602: Dereference of a possibly null reference. [D:\AB3\clnsr_prjct\CleanserBlazorUI\CleanserBlazorUI.csproj]
     1>D:\AB3\clnsr_prjct\CleanserBlazorUI\Components\Pages\Home.razor(5699,43): warning CS8602: Dereference of a possibly null reference. [D:\AB3\clnsr_prjct\CleanserBlazorUI\CleanserBlazorUI.csproj]
     1>D:\AB3\clnsr_prjct\CleanserBlazorUI\Components\Pages\Home.razor(5700,43): warning CS8602: Dereference of a possibly null reference. [D:\AB3\clnsr_prjct\CleanserBlazorUI\CleanserBlazorUI.csproj]
     1>D:\AB3\clnsr_prjct\CleanserBlazorUI\Components\Pages\Home.razor(5701,43): warning CS8602: Dereference of a possibly null reference. [D:\AB3\clnsr_prjct\CleanserBlazorUI\CleanserBlazorUI.csproj]
     1>D:\AB3\clnsr_prjct\CleanserBlazorUI\Components\Pages\Home.razor(5702,43): warning CS8602: Dereference of a possibly null reference. [D:\AB3\clnsr_prjct\CleanserBlazorUI\CleanserBlazorUI.csproj]
     1>D:\AB3\clnsr_prjct\CleanserBlazorUI\Components\Pages\Home.razor(5703,43): warning CS8602: Dereference of a possibly null reference. [D:\AB3\clnsr_prjct\CleanserBlazorUI\CleanserBlazorUI.csproj]
     1>D:\AB3\clnsr_prjct\CleanserBlazorUI\Components\Pages\Home.razor(5704,43): warning CS8602: Dereference of a possibly null reference. [D:\AB3\clnsr_prjct\CleanserBlazorUI\CleanserBlazorUI.csproj]
     1>D:\AB3\clnsr_prjct\CleanserBlazorUI\Components\Pages\Home.razor(5705,43): warning CS8602: Dereference of a possibly null reference. [D:\AB3\clnsr_prjct\CleanserBlazorUI\CleanserBlazorUI.csproj]
     1>D:\AB3\clnsr_prjct\CleanserBlazorUI\Components\Pages\Home.razor(5706,43): warning CS8602: Dereference of a possibly null reference. [D:\AB3\clnsr_prjct\CleanserBlazorUI\CleanserBlazorUI.csproj]
     1>D:\AB3\clnsr_prjct\CleanserBlazorUI\Components\Pages\Home.razor(5707,43): warning CS8602: Dereference of a possibly null reference. [D:\AB3\clnsr_prjct\CleanserBlazorUI\CleanserBlazorUI.csproj]
     1>D:\AB3\clnsr_prjct\CleanserBlazorUI\Components\Pages\Home.razor(5708,43): warning CS8602: Dereference of a possibly null reference. [D:\AB3\clnsr_prjct\CleanserBlazorUI\CleanserBlazorUI.csproj]
     1>D:\AB3\clnsr_prjct\CleanserBlazorUI\Components\Pages\Home.razor(5709,43): warning CS8602: Dereference of a possibly null reference. [D:\AB3\clnsr_prjct\CleanserBlazorUI\CleanserBlazorUI.csproj]
     1>D:\AB3\clnsr_prjct\CleanserBlazorUI\Components\Pages\Home.razor(5710,43): warning CS8602: Dereference of a possibly null reference. [D:\AB3\clnsr_prjct\CleanserBlazorUI\CleanserBlazorUI.csproj]
     1>D:\AB3\clnsr_prjct\CleanserBlazorUI\Components\Pages\Home.razor(5711,43): warning CS8602: Dereference of a possibly null reference. [D:\AB3\clnsr_prjct\CleanserBlazorUI\CleanserBlazorUI.csproj]
     1>D:\AB3\clnsr_prjct\CleanserBlazorUI\Components\Pages\Home.razor(5712,43): warning CS8602: Dereference of a possibly null reference. [D:\AB3\clnsr_prjct\CleanserBlazorUI\CleanserBlazorUI.csproj]
     1>D:\AB3\clnsr_prjct\CleanserBlazorUI\Components\Pages\Home.razor(5713,43): warning CS8602: Dereference of a possibly null reference. [D:\AB3\clnsr_prjct\CleanserBlazorUI\CleanserBlazorUI.csproj]
     1>D:\AB3\clnsr_prjct\CleanserBlazorUI\Components\Pages\Home.razor(5714,43): warning CS8602: Dereference of a possibly null reference. [D:\AB3\clnsr_prjct\CleanserBlazorUI\CleanserBlazorUI.csproj]
     1>D:\AB3\clnsr_prjct\CleanserBlazorUI\Components\Pages\Home.razor(5715,43): warning CS8602: Dereference of a possibly null reference. [D:\AB3\clnsr_prjct\CleanserBlazorUI\CleanserBlazorUI.csproj]
     1>D:\AB3\clnsr_prjct\CleanserBlazorUI\Components\Pages\Home.razor(5716,43): warning CS8602: Dereference of a possibly null reference. [D:\AB3\clnsr_prjct\CleanserBlazorUI\CleanserBlazorUI.csproj]
     1>D:\AB3\clnsr_prjct\CleanserBlazorUI\Components\Pages\Home.razor(5717,43): warning CS8602: Dereference of a possibly null reference. [D:\AB3\clnsr_prjct\CleanserBlazorUI\CleanserBlazorUI.csproj]
     1>D:\AB3\clnsr_prjct\CleanserBlazorUI\Components\Pages\Home.razor(5718,43): warning CS8602: Dereference of a possibly null reference. [D:\AB3\clnsr_prjct\CleanserBlazorUI\CleanserBlazorUI.csproj]
     1>D:\AB3\clnsr_prjct\CleanserBlazorUI\Components\Pages\Home.razor(5719,43): warning CS8602: Dereference of a possibly null reference. [D:\AB3\clnsr_prjct\CleanserBlazorUI\CleanserBlazorUI.csproj]
     1>D:\AB3\clnsr_prjct\CleanserBlazorUI\Components\Pages\Home.razor(5720,43): warning CS8602: Dereference of a possibly null reference. [D:\AB3\clnsr_prjct\CleanserBlazorUI\CleanserBlazorUI.csproj]
     1>D:\AB3\clnsr_prjct\CleanserBlazorUI\Components\Pages\Home.razor(5721,43): warning CS8602: Dereference of a possibly null reference. [D:\AB3\clnsr_prjct\CleanserBlazorUI\CleanserBlazorUI.csproj]
     1>D:\AB3\clnsr_prjct\CleanserBlazorUI\Components\Pages\Home.razor(5790,42): warning CS8602: Dereference of a possibly null reference. [D:\AB3\clnsr_prjct\CleanserBlazorUI\CleanserBlazorUI.csproj]
     1>D:\AB3\clnsr_prjct\CleanserBlazorUI\Components\Pages\Home.razor(5791,42): warning CS8602: Dereference of a possibly null reference. [D:\AB3\clnsr_prjct\CleanserBlazorUI\CleanserBlazorUI.csproj]
     1>D:\AB3\clnsr_prjct\CleanserBlazorUI\Components\Pages\Home.razor(5792,42): warning CS8602: Dereference of a possibly null reference. [D:\AB3\clnsr_prjct\CleanserBlazorUI\CleanserBlazorUI.csproj]
     1>D:\AB3\clnsr_prjct\CleanserBlazorUI\Components\Pages\Home.razor(5793,42): warning CS8602: Dereference of a possibly null reference. [D:\AB3\clnsr_prjct\CleanserBlazorUI\CleanserBlazorUI.csproj]
     1>D:\AB3\clnsr_prjct\CleanserBlazorUI\Components\Pages\Home.razor(5794,42): warning CS8602: Dereference of a possibly null reference. [D:\AB3\clnsr_prjct\CleanserBlazorUI\CleanserBlazorUI.csproj]
     1>D:\AB3\clnsr_prjct\CleanserBlazorUI\Components\Pages\Home.razor(5795,42): warning CS8602: Dereference of a possibly null reference. [D:\AB3\clnsr_prjct\CleanserBlazorUI\CleanserBlazorUI.csproj]
     1>D:\AB3\clnsr_prjct\CleanserBlazorUI\Components\Pages\Home.razor(5796,42): warning CS8602: Dereference of a possibly null reference. [D:\AB3\clnsr_prjct\CleanserBlazorUI\CleanserBlazorUI.csproj]
     1>D:\AB3\clnsr_prjct\CleanserBlazorUI\Components\Pages\Home.razor(5797,43): warning CS8602: Dereference of a possibly null reference. [D:\AB3\clnsr_prjct\CleanserBlazorUI\CleanserBlazorUI.csproj]
     1>D:\AB3\clnsr_prjct\CleanserBlazorUI\Components\Pages\Home.razor(5798,43): warning CS8602: Dereference of a possibly null reference. [D:\AB3\clnsr_prjct\CleanserBlazorUI\CleanserBlazorUI.csproj]
     1>D:\AB3\clnsr_prjct\CleanserBlazorUI\Components\Pages\Home.razor(5799,43): warning CS8602: Dereference of a possibly null reference. [D:\AB3\clnsr_prjct\CleanserBlazorUI\CleanserBlazorUI.csproj]
     1>D:\AB3\clnsr_prjct\CleanserBlazorUI\Components\Pages\Home.razor(5800,43): warning CS8602: Dereference of a possibly null reference. [D:\AB3\clnsr_prjct\CleanserBlazorUI\CleanserBlazorUI.csproj]
     1>D:\AB3\clnsr_prjct\CleanserBlazorUI\Components\Pages\Home.razor(5801,43): warning CS8602: Dereference of a possibly null reference. [D:\AB3\clnsr_prjct\CleanserBlazorUI\CleanserBlazorUI.csproj]
     1>D:\AB3\clnsr_prjct\CleanserBlazorUI\Components\Pages\Home.razor(5802,43): warning CS8602: Dereference of a possibly null reference. [D:\AB3\clnsr_prjct\CleanserBlazorUI\CleanserBlazorUI.csproj]
     1>D:\AB3\clnsr_prjct\CleanserBlazorUI\Components\Pages\Home.razor(5803,43): warning CS8602: Dereference of a possibly null reference. [D:\AB3\clnsr_prjct\CleanserBlazorUI\CleanserBlazorUI.csproj]
     1>D:\AB3\clnsr_prjct\CleanserBlazorUI\Components\Pages\Home.razor(5804,43): warning CS8602: Dereference of a possibly null reference. [D:\AB3\clnsr_prjct\CleanserBlazorUI\CleanserBlazorUI.csproj]
     1>D:\AB3\clnsr_prjct\CleanserBlazorUI\Components\Pages\Home.razor(5805,43): warning CS8602: Dereference of a possibly null reference. [D:\AB3\clnsr_prjct\CleanserBlazorUI\CleanserBlazorUI.csproj]
     1>D:\AB3\clnsr_prjct\CleanserBlazorUI\Components\Pages\Home.razor(5806,43): warning CS8602: Dereference of a possibly null reference. [D:\AB3\clnsr_prjct\CleanserBlazorUI\CleanserBlazorUI.csproj]
     1>D:\AB3\clnsr_prjct\CleanserBlazorUI\Components\Pages\Home.razor(5807,43): warning CS8602: Dereference of a possibly null reference. [D:\AB3\clnsr_prjct\CleanserBlazorUI\CleanserBlazorUI.csproj]
     1>D:\AB3\clnsr_prjct\CleanserBlazorUI\Components\Pages\Home.razor(5808,43): warning CS8602: Dereference of a possibly null reference. [D:\AB3\clnsr_prjct\CleanserBlazorUI\CleanserBlazorUI.csproj]
     1>D:\AB3\clnsr_prjct\CleanserBlazorUI\Components\Pages\Home.razor(5809,43): warning CS8602: Dereference of a possibly null reference. [D:\AB3\clnsr_prjct\CleanserBlazorUI\CleanserBlazorUI.csproj]
     1>D:\AB3\clnsr_prjct\CleanserBlazorUI\Components\Pages\Home.razor(5810,43): warning CS8602: Dereference of a possibly null reference. [D:\AB3\clnsr_prjct\CleanserBlazorUI\CleanserBlazorUI.csproj]
     1>D:\AB3\clnsr_prjct\CleanserBlazorUI\Components\Pages\Home.razor(5811,43): warning CS8602: Dereference of a possibly null reference. [D:\AB3\clnsr_prjct\CleanserBlazorUI\CleanserBlazorUI.csproj]
     1>D:\AB3\clnsr_prjct\CleanserBlazorUI\Components\Pages\Home.razor(5812,43): warning CS8602: Dereference of a possibly null reference. [D:\AB3\clnsr_prjct\CleanserBlazorUI\CleanserBlazorUI.csproj]
     1>D:\AB3\clnsr_prjct\CleanserBlazorUI\Components\Pages\Home.razor(5813,43): warning CS8602: Dereference of a possibly null reference. [D:\AB3\clnsr_prjct\CleanserBlazorUI\CleanserBlazorUI.csproj]
     1>D:\AB3\clnsr_prjct\CleanserBlazorUI\Components\Pages\Home.razor(5814,43): warning CS8602: Dereference of a possibly null reference. [D:\AB3\clnsr_prjct\CleanserBlazorUI\CleanserBlazorUI.csproj]
     1>D:\AB3\clnsr_prjct\CleanserBlazorUI\Components\Pages\Home.razor(5815,43): warning CS8602: Dereference of a possibly null reference. [D:\AB3\clnsr_prjct\CleanserBlazorUI\CleanserBlazorUI.csproj]
     1>D:\AB3\clnsr_prjct\CleanserBlazorUI\Components\Pages\Home.razor(5816,43): warning CS8602: Dereference of a possibly null reference. [D:\AB3\clnsr_prjct\CleanserBlazorUI\CleanserBlazorUI.csproj]
     1>D:\AB3\clnsr_prjct\CleanserBlazorUI\Components\Pages\Home.razor(5817,43): warning CS8602: Dereference of a possibly null reference. [D:\AB3\clnsr_prjct\CleanserBlazorUI\CleanserBlazorUI.csproj]
     1>D:\AB3\clnsr_prjct\CleanserBlazorUI\Components\Pages\Home.razor(5818,43): warning CS8602: Dereference of a possibly null reference. [D:\AB3\clnsr_prjct\CleanserBlazorUI\CleanserBlazorUI.csproj]
     1>D:\AB3\clnsr_prjct\CleanserBlazorUI\Components\Pages\Home.razor(5819,43): warning CS8602: Dereference of a possibly null reference. [D:\AB3\clnsr_prjct\CleanserBlazorUI\CleanserBlazorUI.csproj]
     1>D:\AB3\clnsr_prjct\CleanserBlazorUI\Components\Pages\Home.razor(5820,43): warning CS8602: Dereference of a possibly null reference. [D:\AB3\clnsr_prjct\CleanserBlazorUI\CleanserBlazorUI.csproj]
     1>D:\AB3\clnsr_prjct\CleanserBlazorUI\Components\Pages\Home.razor(5821,43): warning CS8602: Dereference of a possibly null reference. [D:\AB3\clnsr_prjct\CleanserBlazorUI\CleanserBlazorUI.csproj]
     1>D:\AB3\clnsr_prjct\CleanserBlazorUI\Components\Pages\Home.razor(5822,43): warning CS8602: Dereference of a possibly null reference. [D:\AB3\clnsr_prjct\CleanserBlazorUI\CleanserBlazorUI.csproj]
     1>D:\AB3\clnsr_prjct\CleanserBlazorUI\Components\Pages\Home.razor(5823,43): warning CS8602: Dereference of a possibly null reference. [D:\AB3\clnsr_prjct\CleanserBlazorUI\CleanserBlazorUI.csproj]
     1>D:\AB3\clnsr_prjct\CleanserBlazorUI\Components\Pages\Home.razor(5824,43): warning CS8602: Dereference of a possibly null reference. [D:\AB3\clnsr_prjct\CleanserBlazorUI\CleanserBlazorUI.csproj]
     1>D:\AB3\clnsr_prjct\CleanserBlazorUI\Components\Pages\Home.razor(5825,43): warning CS8602: Dereference of a possibly null reference. [D:\AB3\clnsr_prjct\CleanserBlazorUI\CleanserBlazorUI.csproj]
     1>D:\AB3\clnsr_prjct\CleanserBlazorUI\Components\Pages\Home.razor(5826,43): warning CS8602: Dereference of a possibly null reference. [D:\AB3\clnsr_prjct\CleanserBlazorUI\CleanserBlazorUI.csproj]
     1>D:\AB3\clnsr_prjct\CleanserBlazorUI\Components\Pages\Home.razor(5827,43): warning CS8602: Dereference of a possibly null reference. [D:\AB3\clnsr_prjct\CleanserBlazorUI\CleanserBlazorUI.csproj]
     1>D:\AB3\clnsr_prjct\CleanserBlazorUI\Components\Pages\Home.razor(5828,43): warning CS8602: Dereference of a possibly null reference. [D:\AB3\clnsr_prjct\CleanserBlazorUI\CleanserBlazorUI.csproj]
     1>D:\AB3\clnsr_prjct\CleanserBlazorUI\Components\Pages\Home.razor(5829,43): warning CS8602: Dereference of a possibly null reference. [D:\AB3\clnsr_prjct\CleanserBlazorUI\CleanserBlazorUI.csproj]
     1>D:\AB3\clnsr_prjct\CleanserBlazorUI\Components\Pages\Home.razor(5830,43): warning CS8602: Dereference of a possibly null reference. [D:\AB3\clnsr_prjct\CleanserBlazorUI\CleanserBlazorUI.csproj]
     1>D:\AB3\clnsr_prjct\CleanserBlazorUI\Components\Pages\Home.razor(5831,43): warning CS8602: Dereference of a possibly null reference. [D:\AB3\clnsr_prjct\CleanserBlazorUI\CleanserBlazorUI.csproj]
     1>D:\AB3\clnsr_prjct\CleanserBlazorUI\Components\Pages\Home.razor(5832,43): warning CS8602: Dereference of a possibly null reference. [D:\AB3\clnsr_prjct\CleanserBlazorUI\CleanserBlazorUI.csproj]
     1>D:\AB3\clnsr_prjct\CleanserBlazorUI\Components\Pages\Home.razor(5833,43): warning CS8602: Dereference of a possibly null reference. [D:\AB3\clnsr_prjct\CleanserBlazorUI\CleanserBlazorUI.csproj]
     1>D:\AB3\clnsr_prjct\CleanserBlazorUI\Components\Pages\Home.razor(5834,43): warning CS8602: Dereference of a possibly null reference. [D:\AB3\clnsr_prjct\CleanserBlazorUI\CleanserBlazorUI.csproj]
     1>D:\AB3\clnsr_prjct\CleanserBlazorUI\Components\Pages\Home.razor(5835,43): warning CS8602: Dereference of a possibly null reference. [D:\AB3\clnsr_prjct\CleanserBlazorUI\CleanserBlazorUI.csproj]
     1>D:\AB3\clnsr_prjct\CleanserBlazorUI\Components\Pages\Home.razor(5836,43): warning CS8602: Dereference of a possibly null reference. [D:\AB3\clnsr_prjct\CleanserBlazorUI\CleanserBlazorUI.csproj]
     1>D:\AB3\clnsr_prjct\CleanserBlazorUI\Components\Pages\Home.razor(5837,43): warning CS8602: Dereference of a possibly null reference. [D:\AB3\clnsr_prjct\CleanserBlazorUI\CleanserBlazorUI.csproj]
     1>D:\AB3\clnsr_prjct\CleanserBlazorUI\Components\Pages\Home.razor(5838,43): warning CS8602: Dereference of a possibly null reference. [D:\AB3\clnsr_prjct\CleanserBlazorUI\CleanserBlazorUI.csproj]
     1>D:\AB3\clnsr_prjct\CleanserBlazorUI\Components\Pages\Home.razor(5839,43): warning CS8602: Dereference of a possibly null reference. [D:\AB3\clnsr_prjct\CleanserBlazorUI\CleanserBlazorUI.csproj]
     1>D:\AB3\clnsr_prjct\CleanserBlazorUI\Components\Pages\Home.razor(5840,43): warning CS8602: Dereference of a possibly null reference. [D:\AB3\clnsr_prjct\CleanserBlazorUI\CleanserBlazorUI.csproj]
     1>D:\AB3\clnsr_prjct\CleanserBlazorUI\Components\Pages\Home.razor(5841,43): warning CS8602: Dereference of a possibly null reference. [D:\AB3\clnsr_prjct\CleanserBlazorUI\CleanserBlazorUI.csproj]
     1>D:\AB3\clnsr_prjct\CleanserBlazorUI\Components\Pages\Home.razor(5842,43): warning CS8602: Dereference of a possibly null reference. [D:\AB3\clnsr_prjct\CleanserBlazorUI\CleanserBlazorUI.csproj]
     1>D:\AB3\clnsr_prjct\CleanserBlazorUI\Components\Pages\Home.razor(5843,43): warning CS8602: Dereference of a possibly null reference. [D:\AB3\clnsr_prjct\CleanserBlazorUI\CleanserBlazorUI.csproj]
     1>D:\AB3\clnsr_prjct\CleanserBlazorUI\Components\Pages\Home.razor(5844,43): warning CS8602: Dereference of a possibly null reference. [D:\AB3\clnsr_prjct\CleanserBlazorUI\CleanserBlazorUI.csproj]
     1>D:\AB3\clnsr_prjct\CleanserBlazorUI\Components\Pages\Home.razor(5845,43): warning CS8602: Dereference of a possibly null reference. [D:\AB3\clnsr_prjct\CleanserBlazorUI\CleanserBlazorUI.csproj]
     1>D:\AB3\clnsr_prjct\CleanserBlazorUI\Components\Pages\Home.razor(5846,43): warning CS8602: Dereference of a possibly null reference. [D:\AB3\clnsr_prjct\CleanserBlazorUI\CleanserBlazorUI.csproj]
     1>D:\AB3\clnsr_prjct\CleanserBlazorUI\Components\Pages\Home.razor(5847,43): warning CS8602: Dereference of a possibly null reference. [D:\AB3\clnsr_prjct\CleanserBlazorUI\CleanserBlazorUI.csproj]
     1>D:\AB3\clnsr_prjct\CleanserBlazorUI\Components\Pages\Home.razor(5848,43): warning CS8602: Dereference of a possibly null reference. [D:\AB3\clnsr_prjct\CleanserBlazorUI\CleanserBlazorUI.csproj]
     1>D:\AB3\clnsr_prjct\CleanserBlazorUI\Components\Pages\Home.razor(5849,43): warning CS8602: Dereference of a possibly null reference. [D:\AB3\clnsr_prjct\CleanserBlazorUI\CleanserBlazorUI.csproj]
     1>D:\AB3\clnsr_prjct\CleanserBlazorUI\Components\Pages\Home.razor(5850,43): warning CS8602: Dereference of a possibly null reference. [D:\AB3\clnsr_prjct\CleanserBlazorUI\CleanserBlazorUI.csproj]
     1>D:\AB3\clnsr_prjct\CleanserBlazorUI\Components\Pages\Home.razor(5851,43): warning CS8602: Dereference of a possibly null reference. [D:\AB3\clnsr_prjct\CleanserBlazorUI\CleanserBlazorUI.csproj]
     1>D:\AB3\clnsr_prjct\CleanserBlazorUI\Components\Pages\Home.razor(5852,43): warning CS8602: Dereference of a possibly null reference. [D:\AB3\clnsr_prjct\CleanserBlazorUI\CleanserBlazorUI.csproj]
     1>D:\AB3\clnsr_prjct\CleanserBlazorUI\Components\Pages\Home.razor(5853,43): warning CS8602: Dereference of a possibly null reference. [D:\AB3\clnsr_prjct\CleanserBlazorUI\CleanserBlazorUI.csproj]
     1>D:\AB3\clnsr_prjct\CleanserBlazorUI\Components\Pages\Home.razor(5854,43): warning CS8602: Dereference of a possibly null reference. [D:\AB3\clnsr_prjct\CleanserBlazorUI\CleanserBlazorUI.csproj]
     1>D:\AB3\clnsr_prjct\CleanserBlazorUI\Components\Pages\Home.razor(5855,43): warning CS8602: Dereference of a possibly null reference. [D:\AB3\clnsr_prjct\CleanserBlazorUI\CleanserBlazorUI.csproj]
     1>D:\AB3\clnsr_prjct\CleanserBlazorUI\Components\Pages\Home.razor(5856,43): warning CS8602: Dereference of a possibly null reference. [D:\AB3\clnsr_prjct\CleanserBlazorUI\CleanserBlazorUI.csproj]
     1>D:\AB3\clnsr_prjct\CleanserBlazorUI\Components\Pages\Home.razor(5857,43): warning CS8602: Dereference of a possibly null reference. [D:\AB3\clnsr_prjct\CleanserBlazorUI\CleanserBlazorUI.csproj]
     1>D:\AB3\clnsr_prjct\CleanserBlazorUI\Components\Pages\Home.razor(5858,43): warning CS8602: Dereference of a possibly null reference. [D:\AB3\clnsr_prjct\CleanserBlazorUI\CleanserBlazorUI.csproj]
     1>D:\AB3\clnsr_prjct\CleanserBlazorUI\Components\Pages\Home.razor(5859,43): warning CS8602: Dereference of a possibly null reference. [D:\AB3\clnsr_prjct\CleanserBlazorUI\CleanserBlazorUI.csproj]
     1>D:\AB3\clnsr_prjct\CleanserBlazorUI\Components\Pages\Home.razor(5860,43): warning CS8602: Dereference of a possibly null reference. [D:\AB3\clnsr_prjct\CleanserBlazorUI\CleanserBlazorUI.csproj]
     1>D:\AB3\clnsr_prjct\CleanserBlazorUI\Components\Pages\Home.razor(5861,43): warning CS8602: Dereference of a possibly null reference. [D:\AB3\clnsr_prjct\CleanserBlazorUI\CleanserBlazorUI.csproj]
     1>D:\AB3\clnsr_prjct\CleanserBlazorUI\Components\Pages\Home.razor(5961,34): warning CS8600: Converting null literal or possible null value to non-nullable type. [D:\AB3\clnsr_prjct\CleanserBlazorUI\CleanserBlazorUI.csproj]
     1>D:\AB3\clnsr_prjct\CleanserBlazorUI\Components\Pages\Home.razor(5962,48): warning CS8602: Dereference of a possibly null reference. [D:\AB3\clnsr_prjct\CleanserBlazorUI\CleanserBlazorUI.csproj]
     1>D:\AB3\clnsr_prjct\CleanserBlazorUI\Components\Pages\Home.razor(5962,48): warning CS8602: Dereference of a possibly null reference. [D:\AB3\clnsr_prjct\CleanserBlazorUI\CleanserBlazorUI.csproj]
     1>D:\AB3\clnsr_prjct\CleanserBlazorUI\Components\Pages\Home.razor(5962,48): warning CS8604: Possible null reference argument for parameter 'dateString' in '(bool IsValidFormat, bool IsEighteenOrAbove, bool IsFutureDate, DateTime TheDate) StringHelper.CheckDate(string dateString)'. [D:\AB3\clnsr_prjct\CleanserBlazorUI\CleanserBlazorUI.csproj]
     1>D:\AB3\clnsr_prjct\CleanserBlazorUI\Components\Pages\Home.razor(5964,52): warning CS8602: Dereference of a possibly null reference. [D:\AB3\clnsr_prjct\CleanserBlazorUI\CleanserBlazorUI.csproj]
     1>D:\AB3\clnsr_prjct\CleanserBlazorUI\Components\Pages\Home.razor(5964,52): warning CS8604: Possible null reference argument for parameter 'input' in 'bool StringHelper.StartsWithFourXOrZero(string input)'. [D:\AB3\clnsr_prjct\CleanserBlazorUI\CleanserBlazorUI.csproj]
     1>D:\AB3\clnsr_prjct\CleanserBlazorUI\Components\Pages\Home.razor(5968,52): warning CS8602: Dereference of a possibly null reference. [D:\AB3\clnsr_prjct\CleanserBlazorUI\CleanserBlazorUI.csproj]
     1>D:\AB3\clnsr_prjct\CleanserBlazorUI\Components\Pages\Home.razor(5968,52): warning CS8604: Possible null reference argument for parameter 'input' in 'bool StringHelper.StartsWithFourXOrZero(string input)'. [D:\AB3\clnsr_prjct\CleanserBlazorUI\CleanserBlazorUI.csproj]
     1>D:\AB3\clnsr_prjct\CleanserBlazorUI\Components\Pages\Home.razor(5989,88): warning CS8602: Dereference of a possibly null reference. [D:\AB3\clnsr_prjct\CleanserBlazorUI\CleanserBlazorUI.csproj]
     1>D:\AB3\clnsr_prjct\CleanserBlazorUI\Components\Pages\Home.razor(5989,111): warning CS8602: Dereference of a possibly null reference. [D:\AB3\clnsr_prjct\CleanserBlazorUI\CleanserBlazorUI.csproj]
     1>D:\AB3\clnsr_prjct\CleanserBlazorUI\Components\Pages\Home.razor(5989,88): warning CS8604: Possible null reference argument for parameter '_sectorindcode' in 'string[] StringHelper.Sectorindcode_Subsecindcode(string _sectorindcode, string _subsecindcode)'. [D:\AB3\clnsr_prjct\CleanserBlazorUI\CleanserBlazorUI.csproj]
     1>D:\AB3\clnsr_prjct\CleanserBlazorUI\Components\Pages\Home.razor(5989,111): warning CS8604: Possible null reference argument for parameter '_subsecindcode' in 'string[] StringHelper.Sectorindcode_Subsecindcode(string _sectorindcode, string _subsecindcode)'. [D:\AB3\clnsr_prjct\CleanserBlazorUI\CleanserBlazorUI.csproj]
     1>D:\AB3\clnsr_prjct\CleanserBlazorUI\Components\Pages\Home.razor(5993,48): warning CS8602: Dereference of a possibly null reference. [D:\AB3\clnsr_prjct\CleanserBlazorUI\CleanserBlazorUI.csproj]
     1>D:\AB3\clnsr_prjct\CleanserBlazorUI\Components\Pages\Home.razor(5993,48): warning CS8604: Possible null reference argument for parameter 'input' in 'string Home.FilterBusinessKeywords(string input)'. [D:\AB3\clnsr_prjct\CleanserBlazorUI\CleanserBlazorUI.csproj]
     1>D:\AB3\clnsr_prjct\CleanserBlazorUI\Components\Pages\Home.razor(6000,47): warning CS8604: Possible null reference argument for parameter 'input' in 'string Home.FilterBusinessKeywords(string input)'. [D:\AB3\clnsr_prjct\CleanserBlazorUI\CleanserBlazorUI.csproj]
     1>D:\AB3\clnsr_prjct\CleanserBlazorUI\Components\Pages\Home.razor(6013,47): warning CS8604: Possible null reference argument for parameter 'input' in 'string Home.FilterBusinessKeywords(string input)'. [D:\AB3\clnsr_prjct\CleanserBlazorUI\CleanserBlazorUI.csproj]
     1>D:\AB3\clnsr_prjct\CleanserBlazorUI\Components\Pages\Home.razor(6025,47): warning CS8604: Possible null reference argument for parameter 'input' in 'string Home.FilterBusinessKeywords(string input)'. [D:\AB3\clnsr_prjct\CleanserBlazorUI\CleanserBlazorUI.csproj]
     1>D:\AB3\clnsr_prjct\CleanserBlazorUI\Components\Pages\Home.razor(6037,47): warning CS8604: Possible null reference argument for parameter 'input' in 'string Home.FilterBusinessKeywords(string input)'. [D:\AB3\clnsr_prjct\CleanserBlazorUI\CleanserBlazorUI.csproj]
     1>D:\AB3\clnsr_prjct\CleanserBlazorUI\Components\Pages\Home.razor(6050,90): warning CS8604: Possible null reference argument for parameter 'input' in '(bool thisIsAGhanaCard, bool hasSixUniqueCharactersCharacters) StringHelper.IsGhanacardAndNotRepeatingCharcters(string input)'. [D:\AB3\clnsr_prjct\CleanserBlazorUI\CleanserBlazorUI.csproj]
     1>D:\AB3\clnsr_prjct\CleanserBlazorUI\Components\Pages\Home.razor(6051,86): warning CS8604: Possible null reference argument for parameter 'input' in '(bool thisIsAGhanaCard, bool hasSixUniqueCharactersCharacters) StringHelper.IsGhanacardAndNotRepeatingCharcters(string input)'. [D:\AB3\clnsr_prjct\CleanserBlazorUI\CleanserBlazorUI.csproj]
     1>D:\AB3\clnsr_prjct\CleanserBlazorUI\Components\Pages\Home.razor(6055,17): warning CS8602: Dereference of a possibly null reference. [D:\AB3\clnsr_prjct\CleanserBlazorUI\CleanserBlazorUI.csproj]
     1>D:\AB3\clnsr_prjct\CleanserBlazorUI\Components\Pages\Home.razor(6107,17): warning CS8602: Dereference of a possibly null reference. [D:\AB3\clnsr_prjct\CleanserBlazorUI\CleanserBlazorUI.csproj]
     1>D:\AB3\clnsr_prjct\CleanserBlazorUI\Components\Pages\Home.razor(6114,90): warning CS8604: Possible null reference argument for parameter 'proofOfAddType' in 'CellDataAndStatus[] StringHelper.ProofOfAddType_ProofOfAddNum(string proofOfAddType, string proofOfAddNum)'. [D:\AB3\clnsr_prjct\CleanserBlazorUI\CleanserBlazorUI.csproj]
     1>D:\AB3\clnsr_prjct\CleanserBlazorUI\Components\Pages\Home.razor(6114,114): warning CS8604: Possible null reference argument for parameter 'proofOfAddNum' in 'CellDataAndStatus[] StringHelper.ProofOfAddType_ProofOfAddNum(string proofOfAddType, string proofOfAddNum)'. [D:\AB3\clnsr_prjct\CleanserBlazorUI\CleanserBlazorUI.csproj]
     1>D:\AB3\clnsr_prjct\CleanserBlazorUI\Components\Pages\Home.razor(6120,57): warning CS8602: Dereference of a possibly null reference. [D:\AB3\clnsr_prjct\CleanserBlazorUI\CleanserBlazorUI.csproj]
     1>D:\AB3\clnsr_prjct\CleanserBlazorUI\Components\Pages\Home.razor(6120,77): warning CS8602: Dereference of a possibly null reference. [D:\AB3\clnsr_prjct\CleanserBlazorUI\CleanserBlazorUI.csproj]
     1>D:\AB3\clnsr_prjct\CleanserBlazorUI\Components\Pages\Home.razor(6120,97): warning CS8602: Dereference of a possibly null reference. [D:\AB3\clnsr_prjct\CleanserBlazorUI\CleanserBlazorUI.csproj]
     1>D:\AB3\clnsr_prjct\CleanserBlazorUI\Components\Pages\Home.razor(6120,117): warning CS8602: Dereference of a possibly null reference. [D:\AB3\clnsr_prjct\CleanserBlazorUI\CleanserBlazorUI.csproj]
     1>D:\AB3\clnsr_prjct\CleanserBlazorUI\Components\Pages\Home.razor(6120,57): warning CS8604: Possible null reference argument for parameter 'addr1' in 'CellDataAndStatus[] StringHelper.CleanAddresses(string addr1, string addr2, string addr3, string addr4)'. [D:\AB3\clnsr_prjct\CleanserBlazorUI\CleanserBlazorUI.csproj]
     1>D:\AB3\clnsr_prjct\CleanserBlazorUI\Components\Pages\Home.razor(6120,77): warning CS8604: Possible null reference argument for parameter 'addr2' in 'CellDataAndStatus[] StringHelper.CleanAddresses(string addr1, string addr2, string addr3, string addr4)'. [D:\AB3\clnsr_prjct\CleanserBlazorUI\CleanserBlazorUI.csproj]
     1>D:\AB3\clnsr_prjct\CleanserBlazorUI\Components\Pages\Home.razor(6120,97): warning CS8604: Possible null reference argument for parameter 'addr3' in 'CellDataAndStatus[] StringHelper.CleanAddresses(string addr1, string addr2, string addr3, string addr4)'. [D:\AB3\clnsr_prjct\CleanserBlazorUI\CleanserBlazorUI.csproj]
     1>D:\AB3\clnsr_prjct\CleanserBlazorUI\Components\Pages\Home.razor(6120,117): warning CS8604: Possible null reference argument for parameter 'addr4' in 'CellDataAndStatus[] StringHelper.CleanAddresses(string addr1, string addr2, string addr3, string addr4)'. [D:\AB3\clnsr_prjct\CleanserBlazorUI\CleanserBlazorUI.csproj]
     1>D:\AB3\clnsr_prjct\CleanserBlazorUI\Components\Pages\Home.razor(6126,60): warning CS8602: Dereference of a possibly null reference. [D:\AB3\clnsr_prjct\CleanserBlazorUI\CleanserBlazorUI.csproj]
     1>D:\AB3\clnsr_prjct\CleanserBlazorUI\Components\Pages\Home.razor(6126,83): warning CS8602: Dereference of a possibly null reference. [D:\AB3\clnsr_prjct\CleanserBlazorUI\CleanserBlazorUI.csproj]
     1>D:\AB3\clnsr_prjct\CleanserBlazorUI\Components\Pages\Home.razor(6126,106): warning CS8602: Dereference of a possibly null reference. [D:\AB3\clnsr_prjct\CleanserBlazorUI\CleanserBlazorUI.csproj]
     1>D:\AB3\clnsr_prjct\CleanserBlazorUI\Components\Pages\Home.razor(6126,129): warning CS8602: Dereference of a possibly null reference. [D:\AB3\clnsr_prjct\CleanserBlazorUI\CleanserBlazorUI.csproj]
     1>D:\AB3\clnsr_prjct\CleanserBlazorUI\Components\Pages\Home.razor(6126,60): warning CS8604: Possible null reference argument for parameter 'addr1' in 'CellDataAndStatus[] StringHelper.CleanAddresses(string addr1, string addr2, string addr3, string addr4)'. [D:\AB3\clnsr_prjct\CleanserBlazorUI\CleanserBlazorUI.csproj]
     1>D:\AB3\clnsr_prjct\CleanserBlazorUI\Components\Pages\Home.razor(6126,83): warning CS8604: Possible null reference argument for parameter 'addr2' in 'CellDataAndStatus[] StringHelper.CleanAddresses(string addr1, string addr2, string addr3, string addr4)'. [D:\AB3\clnsr_prjct\CleanserBlazorUI\CleanserBlazorUI.csproj]
     1>D:\AB3\clnsr_prjct\CleanserBlazorUI\Components\Pages\Home.razor(6126,106): warning CS8604: Possible null reference argument for parameter 'addr3' in 'CellDataAndStatus[] StringHelper.CleanAddresses(string addr1, string addr2, string addr3, string addr4)'. [D:\AB3\clnsr_prjct\CleanserBlazorUI\CleanserBlazorUI.csproj]
     1>D:\AB3\clnsr_prjct\CleanserBlazorUI\Components\Pages\Home.razor(6126,129): warning CS8604: Possible null reference argument for parameter 'addr4' in 'CellDataAndStatus[] StringHelper.CleanAddresses(string addr1, string addr2, string addr3, string addr4)'. [D:\AB3\clnsr_prjct\CleanserBlazorUI\CleanserBlazorUI.csproj]
     1>D:\AB3\clnsr_prjct\CleanserBlazorUI\Components\Pages\Home.razor(6135,64): warning CS8602: Dereference of a possibly null reference. [D:\AB3\clnsr_prjct\CleanserBlazorUI\CleanserBlazorUI.csproj]
     1>D:\AB3\clnsr_prjct\CleanserBlazorUI\Components\Pages\Home.razor(6135,64): warning CS8602: Dereference of a possibly null reference. [D:\AB3\clnsr_prjct\CleanserBlazorUI\CleanserBlazorUI.csproj]
     1>D:\AB3\clnsr_prjct\CleanserBlazorUI\Components\Pages\Home.razor(6135,135): warning CS8602: Dereference of a possibly null reference. [D:\AB3\clnsr_prjct\CleanserBlazorUI\CleanserBlazorUI.csproj]
     1>D:\AB3\clnsr_prjct\CleanserBlazorUI\Components\Pages\Home.razor(6135,135): warning CS8602: Dereference of a possibly null reference. [D:\AB3\clnsr_prjct\CleanserBlazorUI\CleanserBlazorUI.csproj]
     1>D:\AB3\clnsr_prjct\CleanserBlazorUI\Components\Pages\Home.razor(6139,67): warning CS8602: Dereference of a possibly null reference. [D:\AB3\clnsr_prjct\CleanserBlazorUI\CleanserBlazorUI.csproj]
     1>D:\AB3\clnsr_prjct\CleanserBlazorUI\Components\Pages\Home.razor(6139,136): warning CS8602: Dereference of a possibly null reference. [D:\AB3\clnsr_prjct\CleanserBlazorUI\CleanserBlazorUI.csproj]
     1>D:\AB3\clnsr_prjct\CleanserBlazorUI\Components\Pages\Home.razor(6143,67): warning CS8602: Dereference of a possibly null reference. [D:\AB3\clnsr_prjct\CleanserBlazorUI\CleanserBlazorUI.csproj]
     1>D:\AB3\clnsr_prjct\CleanserBlazorUI\Components\Pages\Home.razor(6143,136): warning CS8602: Dereference of a possibly null reference. [D:\AB3\clnsr_prjct\CleanserBlazorUI\CleanserBlazorUI.csproj]
     1>D:\AB3\clnsr_prjct\CleanserBlazorUI\Components\Pages\Home.razor(6147,67): warning CS8602: Dereference of a possibly null reference. [D:\AB3\clnsr_prjct\CleanserBlazorUI\CleanserBlazorUI.csproj]
     1>D:\AB3\clnsr_prjct\CleanserBlazorUI\Components\Pages\Home.razor(6147,136): warning CS8602: Dereference of a possibly null reference. [D:\AB3\clnsr_prjct\CleanserBlazorUI\CleanserBlazorUI.csproj]
     1>D:\AB3\clnsr_prjct\CleanserBlazorUI\Components\Pages\Home.razor(6151,67): warning CS8602: Dereference of a possibly null reference. [D:\AB3\clnsr_prjct\CleanserBlazorUI\CleanserBlazorUI.csproj]
     1>D:\AB3\clnsr_prjct\CleanserBlazorUI\Components\Pages\Home.razor(6151,136): warning CS8602: Dereference of a possibly null reference. [D:\AB3\clnsr_prjct\CleanserBlazorUI\CleanserBlazorUI.csproj]
     1>D:\AB3\clnsr_prjct\CleanserBlazorUI\Components\Pages\Home.razor(6160,87): warning CS8602: Dereference of a possibly null reference. [D:\AB3\clnsr_prjct\CleanserBlazorUI\CleanserBlazorUI.csproj]
     1>D:\AB3\clnsr_prjct\CleanserBlazorUI\Components\Pages\Home.razor(6160,111): warning CS8602: Dereference of a possibly null reference. [D:\AB3\clnsr_prjct\CleanserBlazorUI\CleanserBlazorUI.csproj]
     1>D:\AB3\clnsr_prjct\CleanserBlazorUI\Components\Pages\Home.razor(6160,87): warning CS8604: Possible null reference argument for parameter 'facilityAmount' in 'CellDataAndStatus[] StringHelper.FacilityAmount_DisbursementAmt(string facilityAmount, string disbursementAmt)'. [D:\AB3\clnsr_prjct\CleanserBlazorUI\CleanserBlazorUI.csproj]
     1>D:\AB3\clnsr_prjct\CleanserBlazorUI\Components\Pages\Home.razor(6160,111): warning CS8604: Possible null reference argument for parameter 'disbursementAmt' in 'CellDataAndStatus[] StringHelper.FacilityAmount_DisbursementAmt(string facilityAmount, string disbursementAmt)'. [D:\AB3\clnsr_prjct\CleanserBlazorUI\CleanserBlazorUI.csproj]
     1>D:\AB3\clnsr_prjct\CleanserBlazorUI\Components\Pages\Home.razor(6165,126): warning CS8602: Dereference of a possibly null reference. [D:\AB3\clnsr_prjct\CleanserBlazorUI\CleanserBlazorUI.csproj]
     1>D:\AB3\clnsr_prjct\CleanserBlazorUI\Components\Pages\Home.razor(6165,142): warning CS8602: Dereference of a possibly null reference. [D:\AB3\clnsr_prjct\CleanserBlazorUI\CleanserBlazorUI.csproj]
     1>D:\AB3\clnsr_prjct\CleanserBlazorUI\Components\Pages\Home.razor(6165,167): warning CS8602: Dereference of a possibly null reference. [D:\AB3\clnsr_prjct\CleanserBlazorUI\CleanserBlazorUI.csproj]
     1>D:\AB3\clnsr_prjct\CleanserBlazorUI\Components\Pages\Home.razor(6165,190): warning CS8602: Dereference of a possibly null reference. [D:\AB3\clnsr_prjct\CleanserBlazorUI\CleanserBlazorUI.csproj]
     1>D:\AB3\clnsr_prjct\CleanserBlazorUI\Components\Pages\Home.razor(6165,204): warning CS8602: Dereference of a possibly null reference. [D:\AB3\clnsr_prjct\CleanserBlazorUI\CleanserBlazorUI.csproj]
     1>D:\AB3\clnsr_prjct\CleanserBlazorUI\Components\Pages\Home.razor(6165,232): warning CS8602: Dereference of a possibly null reference. [D:\AB3\clnsr_prjct\CleanserBlazorUI\CleanserBlazorUI.csproj]
     1>D:\AB3\clnsr_prjct\CleanserBlazorUI\Components\Pages\Home.razor(6165,126): warning CS8604: Possible null reference argument for parameter 'currentBalance' in 'CellDataAndStatus[] StringHelper.CurBal0_AmtOverdue1_WOffAmount2_NDIA3_Fsc4_d_Date5(string currentBalance, string amtInArrears, string writtenOffAmount, string nDIA, string fcode, string f_isDate, string filename)'. [D:\AB3\clnsr_prjct\CleanserBlazorUI\CleanserBlazorUI.csproj]
     1>D:\AB3\clnsr_prjct\CleanserBlazorUI\Components\Pages\Home.razor(6165,142): warning CS8604: Possible null reference argument for parameter 'amtInArrears' in 'CellDataAndStatus[] StringHelper.CurBal0_AmtOverdue1_WOffAmount2_NDIA3_Fsc4_d_Date5(string currentBalance, string amtInArrears, string writtenOffAmount, string nDIA, string fcode, string f_isDate, string filename)'. [D:\AB3\clnsr_prjct\CleanserBlazorUI\CleanserBlazorUI.csproj]
     1>D:\AB3\clnsr_prjct\CleanserBlazorUI\Components\Pages\Home.razor(6165,167): warning CS8604: Possible null reference argument for parameter 'writtenOffAmount' in 'CellDataAndStatus[] StringHelper.CurBal0_AmtOverdue1_WOffAmount2_NDIA3_Fsc4_d_Date5(string currentBalance, string amtInArrears, string writtenOffAmount, string nDIA, string fcode, string f_isDate, string filename)'. [D:\AB3\clnsr_prjct\CleanserBlazorUI\CleanserBlazorUI.csproj]
     1>D:\AB3\clnsr_prjct\CleanserBlazorUI\Components\Pages\Home.razor(6165,190): warning CS8604: Possible null reference argument for parameter 'nDIA' in 'CellDataAndStatus[] StringHelper.CurBal0_AmtOverdue1_WOffAmount2_NDIA3_Fsc4_d_Date5(string currentBalance, string amtInArrears, string writtenOffAmount, string nDIA, string fcode, string f_isDate, string filename)'. [D:\AB3\clnsr_prjct\CleanserBlazorUI\CleanserBlazorUI.csproj]
     1>D:\AB3\clnsr_prjct\CleanserBlazorUI\Components\Pages\Home.razor(6165,204): warning CS8604: Possible null reference argument for parameter 'fcode' in 'CellDataAndStatus[] StringHelper.CurBal0_AmtOverdue1_WOffAmount2_NDIA3_Fsc4_d_Date5(string currentBalance, string amtInArrears, string writtenOffAmount, string nDIA, string fcode, string f_isDate, string filename)'. [D:\AB3\clnsr_prjct\CleanserBlazorUI\CleanserBlazorUI.csproj]
     1>D:\AB3\clnsr_prjct\CleanserBlazorUI\Components\Pages\Home.razor(6165,232): warning CS8604: Possible null reference argument for parameter 'f_isDate' in 'CellDataAndStatus[] StringHelper.CurBal0_AmtOverdue1_WOffAmount2_NDIA3_Fsc4_d_Date5(string currentBalance, string amtInArrears, string writtenOffAmount, string nDIA, string fcode, string f_isDate, string filename)'. [D:\AB3\clnsr_prjct\CleanserBlazorUI\CleanserBlazorUI.csproj]
     1>D:\AB3\clnsr_prjct\CleanserBlazorUI\Components\Pages\Home.razor(6180,53): warning CS8604: Possible null reference argument for parameter 'addr1' in 'CellDataAndStatus[] StringHelper.CleanAddresses(string addr1, string addr2, string addr3, string addr4)'. [D:\AB3\clnsr_prjct\CleanserBlazorUI\CleanserBlazorUI.csproj]
     1>D:\AB3\clnsr_prjct\CleanserBlazorUI\Components\Pages\Home.razor(6180,69): warning CS8604: Possible null reference argument for parameter 'addr2' in 'CellDataAndStatus[] StringHelper.CleanAddresses(string addr1, string addr2, string addr3, string addr4)'. [D:\AB3\clnsr_prjct\CleanserBlazorUI\CleanserBlazorUI.csproj]
     1>D:\AB3\clnsr_prjct\CleanserBlazorUI\Components\Pages\Home.razor(6180,85): warning CS8604: Possible null reference argument for parameter 'addr3' in 'CellDataAndStatus[] StringHelper.CleanAddresses(string addr1, string addr2, string addr3, string addr4)'. [D:\AB3\clnsr_prjct\CleanserBlazorUI\CleanserBlazorUI.csproj]
     1>D:\AB3\clnsr_prjct\CleanserBlazorUI\Components\Pages\Home.razor(6186,53): warning CS8604: Possible null reference argument for parameter 'addr1' in 'CellDataAndStatus[] StringHelper.CleanAddresses(string addr1, string addr2, string addr3, string addr4)'. [D:\AB3\clnsr_prjct\CleanserBlazorUI\CleanserBlazorUI.csproj]
     1>D:\AB3\clnsr_prjct\CleanserBlazorUI\Components\Pages\Home.razor(6186,69): warning CS8604: Possible null reference argument for parameter 'addr2' in 'CellDataAndStatus[] StringHelper.CleanAddresses(string addr1, string addr2, string addr3, string addr4)'. [D:\AB3\clnsr_prjct\CleanserBlazorUI\CleanserBlazorUI.csproj]
     1>D:\AB3\clnsr_prjct\CleanserBlazorUI\Components\Pages\Home.razor(6186,85): warning CS8604: Possible null reference argument for parameter 'addr3' in 'CellDataAndStatus[] StringHelper.CleanAddresses(string addr1, string addr2, string addr3, string addr4)'. [D:\AB3\clnsr_prjct\CleanserBlazorUI\CleanserBlazorUI.csproj]
     1>D:\AB3\clnsr_prjct\CleanserBlazorUI\Components\Pages\Home.razor(6192,53): warning CS8604: Possible null reference argument for parameter 'addr1' in 'CellDataAndStatus[] StringHelper.CleanAddresses(string addr1, string addr2, string addr3, string addr4)'. [D:\AB3\clnsr_prjct\CleanserBlazorUI\CleanserBlazorUI.csproj]
     1>D:\AB3\clnsr_prjct\CleanserBlazorUI\Components\Pages\Home.razor(6192,69): warning CS8604: Possible null reference argument for parameter 'addr2' in 'CellDataAndStatus[] StringHelper.CleanAddresses(string addr1, string addr2, string addr3, string addr4)'. [D:\AB3\clnsr_prjct\CleanserBlazorUI\CleanserBlazorUI.csproj]
     1>D:\AB3\clnsr_prjct\CleanserBlazorUI\Components\Pages\Home.razor(6192,85): warning CS8604: Possible null reference argument for parameter 'addr3' in 'CellDataAndStatus[] StringHelper.CleanAddresses(string addr1, string addr2, string addr3, string addr4)'. [D:\AB3\clnsr_prjct\CleanserBlazorUI\CleanserBlazorUI.csproj]
     1>D:\AB3\clnsr_prjct\CleanserBlazorUI\Components\Pages\Home.razor(6198,53): warning CS8604: Possible null reference argument for parameter 'addr1' in 'CellDataAndStatus[] StringHelper.CleanAddresses(string addr1, string addr2, string addr3, string addr4)'. [D:\AB3\clnsr_prjct\CleanserBlazorUI\CleanserBlazorUI.csproj]
     1>D:\AB3\clnsr_prjct\CleanserBlazorUI\Components\Pages\Home.razor(6198,69): warning CS8604: Possible null reference argument for parameter 'addr2' in 'CellDataAndStatus[] StringHelper.CleanAddresses(string addr1, string addr2, string addr3, string addr4)'. [D:\AB3\clnsr_prjct\CleanserBlazorUI\CleanserBlazorUI.csproj]
     1>D:\AB3\clnsr_prjct\CleanserBlazorUI\Components\Pages\Home.razor(6198,85): warning CS8604: Possible null reference argument for parameter 'addr3' in 'CellDataAndStatus[] StringHelper.CleanAddresses(string addr1, string addr2, string addr3, string addr4)'. [D:\AB3\clnsr_prjct\CleanserBlazorUI\CleanserBlazorUI.csproj]
     1>D:\AB3\clnsr_prjct\CleanserBlazorUI\Components\Pages\Home.razor(6203,44): warning CS8604: Possible null reference argument for parameter 'S' in '(string S, string F, string M, string NID, string VID, string DID, string PID, string SSID, string GENDER, string DOB, string ADD1, string ADD2, string ADD3, string ADD4, string HTEL, string WTEL, string GMOB) Home.GurantorDataConvertor(string S, string F, string M, string NID, string VID, string DID, string PID, string SSID, string GENDER, string DOB, string ADD1, string ADD2, string ADD3, string ADD4, string HTEL, string WTEL, string GMOB, string ind1_bus2)'. [D:\AB3\clnsr_prjct\CleanserBlazorUI\CleanserBlazorUI.csproj]
     1>D:\AB3\clnsr_prjct\CleanserBlazorUI\Components\Pages\Home.razor(6203,63): warning CS8604: Possible null reference argument for parameter 'F' in '(string S, string F, string M, string NID, string VID, string DID, string PID, string SSID, string GENDER, string DOB, string ADD1, string ADD2, string ADD3, string ADD4, string HTEL, string WTEL, string GMOB) Home.GurantorDataConvertor(string S, string F, string M, string NID, string VID, string DID, string PID, string SSID, string GENDER, string DOB, string ADD1, string ADD2, string ADD3, string ADD4, string HTEL, string WTEL, string GMOB, string ind1_bus2)'. [D:\AB3\clnsr_prjct\CleanserBlazorUI\CleanserBlazorUI.csproj]
     1>D:\AB3\clnsr_prjct\CleanserBlazorUI\Components\Pages\Home.razor(6203,84): warning CS8604: Possible null reference argument for parameter 'M' in '(string S, string F, string M, string NID, string VID, string DID, string PID, string SSID, string GENDER, string DOB, string ADD1, string ADD2, string ADD3, string ADD4, string HTEL, string WTEL, string GMOB) Home.GurantorDataConvertor(string S, string F, string M, string NID, string VID, string DID, string PID, string SSID, string GENDER, string DOB, string ADD1, string ADD2, string ADD3, string ADD4, string HTEL, string WTEL, string GMOB, string ind1_bus2)'. [D:\AB3\clnsr_prjct\CleanserBlazorUI\CleanserBlazorUI.csproj]
     1>D:\AB3\clnsr_prjct\CleanserBlazorUI\Components\Pages\Home.razor(6203,107): warning CS8604: Possible null reference argument for parameter 'NID' in '(string S, string F, string M, string NID, string VID, string DID, string PID, string SSID, string GENDER, string DOB, string ADD1, string ADD2, string ADD3, string ADD4, string HTEL, string WTEL, string GMOB) Home.GurantorDataConvertor(string S, string F, string M, string NID, string VID, string DID, string PID, string SSID, string GENDER, string DOB, string ADD1, string ADD2, string ADD3, string ADD4, string HTEL, string WTEL, string GMOB, string ind1_bus2)'. [D:\AB3\clnsr_prjct\CleanserBlazorUI\CleanserBlazorUI.csproj]
     1>D:\AB3\clnsr_prjct\CleanserBlazorUI\Components\Pages\Home.razor(6203,124): warning CS8604: Possible null reference argument for parameter 'VID' in '(string S, string F, string M, string NID, string VID, string DID, string PID, string SSID, string GENDER, string DOB, string ADD1, string ADD2, string ADD3, string ADD4, string HTEL, string WTEL, string GMOB) Home.GurantorDataConvertor(string S, string F, string M, string NID, string VID, string DID, string PID, string SSID, string GENDER, string DOB, string ADD1, string ADD2, string ADD3, string ADD4, string HTEL, string WTEL, string GMOB, string ind1_bus2)'. [D:\AB3\clnsr_prjct\CleanserBlazorUI\CleanserBlazorUI.csproj]
     1>D:\AB3\clnsr_prjct\CleanserBlazorUI\Components\Pages\Home.razor(6203,141): warning CS8604: Possible null reference argument for parameter 'DID' in '(string S, string F, string M, string NID, string VID, string DID, string PID, string SSID, string GENDER, string DOB, string ADD1, string ADD2, string ADD3, string ADD4, string HTEL, string WTEL, string GMOB) Home.GurantorDataConvertor(string S, string F, string M, string NID, string VID, string DID, string PID, string SSID, string GENDER, string DOB, string ADD1, string ADD2, string ADD3, string ADD4, string HTEL, string WTEL, string GMOB, string ind1_bus2)'. [D:\AB3\clnsr_prjct\CleanserBlazorUI\CleanserBlazorUI.csproj]
     1>D:\AB3\clnsr_prjct\CleanserBlazorUI\Components\Pages\Home.razor(6204,7): warning CS8604: Possible null reference argument for parameter 'PID' in '(string S, string F, string M, string NID, string VID, string DID, string PID, string SSID, string GENDER, string DOB, string ADD1, string ADD2, string ADD3, string ADD4, string HTEL, string WTEL, string GMOB) Home.GurantorDataConvertor(string S, string F, string M, string NID, string VID, string DID, string PID, string SSID, string GENDER, string DOB, string ADD1, string ADD2, string ADD3, string ADD4, string HTEL, string WTEL, string GMOB, string ind1_bus2)'. [D:\AB3\clnsr_prjct\CleanserBlazorUI\CleanserBlazorUI.csproj]
     1>D:\AB3\clnsr_prjct\CleanserBlazorUI\Components\Pages\Home.razor(6204,26): warning CS8604: Possible null reference argument for parameter 'SSID' in '(string S, string F, string M, string NID, string VID, string DID, string PID, string SSID, string GENDER, string DOB, string ADD1, string ADD2, string ADD3, string ADD4, string HTEL, string WTEL, string GMOB) Home.GurantorDataConvertor(string S, string F, string M, string NID, string VID, string DID, string PID, string SSID, string GENDER, string DOB, string ADD1, string ADD2, string ADD3, string ADD4, string HTEL, string WTEL, string GMOB, string ind1_bus2)'. [D:\AB3\clnsr_prjct\CleanserBlazorUI\CleanserBlazorUI.csproj]
     1>D:\AB3\clnsr_prjct\CleanserBlazorUI\Components\Pages\Home.razor(6204,41): warning CS8604: Possible null reference argument for parameter 'GENDER' in '(string S, string F, string M, string NID, string VID, string DID, string PID, string SSID, string GENDER, string DOB, string ADD1, string ADD2, string ADD3, string ADD4, string HTEL, string WTEL, string GMOB) Home.GurantorDataConvertor(string S, string F, string M, string NID, string VID, string DID, string PID, string SSID, string GENDER, string DOB, string ADD1, string ADD2, string ADD3, string ADD4, string HTEL, string WTEL, string GMOB, string ind1_bus2)'. [D:\AB3\clnsr_prjct\CleanserBlazorUI\CleanserBlazorUI.csproj]
     1>D:\AB3\clnsr_prjct\CleanserBlazorUI\Components\Pages\Home.razor(6204,59): warning CS8604: Possible null reference argument for parameter 'DOB' in '(string S, string F, string M, string NID, string VID, string DID, string PID, string SSID, string GENDER, string DOB, string ADD1, string ADD2, string ADD3, string ADD4, string HTEL, string WTEL, string GMOB) Home.GurantorDataConvertor(string S, string F, string M, string NID, string VID, string DID, string PID, string SSID, string GENDER, string DOB, string ADD1, string ADD2, string ADD3, string ADD4, string HTEL, string WTEL, string GMOB, string ind1_bus2)'. [D:\AB3\clnsr_prjct\CleanserBlazorUI\CleanserBlazorUI.csproj]
     1>D:\AB3\clnsr_prjct\CleanserBlazorUI\Components\Pages\Home.razor(6204,74): warning CS8604: Possible null reference argument for parameter 'ADD1' in '(string S, string F, string M, string NID, string VID, string DID, string PID, string SSID, string GENDER, string DOB, string ADD1, string ADD2, string ADD3, string ADD4, string HTEL, string WTEL, string GMOB) Home.GurantorDataConvertor(string S, string F, string M, string NID, string VID, string DID, string PID, string SSID, string GENDER, string DOB, string ADD1, string ADD2, string ADD3, string ADD4, string HTEL, string WTEL, string GMOB, string ind1_bus2)'. [D:\AB3\clnsr_prjct\CleanserBlazorUI\CleanserBlazorUI.csproj]
     1>D:\AB3\clnsr_prjct\CleanserBlazorUI\Components\Pages\Home.razor(6204,90): warning CS8604: Possible null reference argument for parameter 'ADD2' in '(string S, string F, string M, string NID, string VID, string DID, string PID, string SSID, string GENDER, string DOB, string ADD1, string ADD2, string ADD3, string ADD4, string HTEL, string WTEL, string GMOB) Home.GurantorDataConvertor(string S, string F, string M, string NID, string VID, string DID, string PID, string SSID, string GENDER, string DOB, string ADD1, string ADD2, string ADD3, string ADD4, string HTEL, string WTEL, string GMOB, string ind1_bus2)'. [D:\AB3\clnsr_prjct\CleanserBlazorUI\CleanserBlazorUI.csproj]
     1>D:\AB3\clnsr_prjct\CleanserBlazorUI\Components\Pages\Home.razor(6204,106): warning CS8604: Possible null reference argument for parameter 'ADD3' in '(string S, string F, string M, string NID, string VID, string DID, string PID, string SSID, string GENDER, string DOB, string ADD1, string ADD2, string ADD3, string ADD4, string HTEL, string WTEL, string GMOB) Home.GurantorDataConvertor(string S, string F, string M, string NID, string VID, string DID, string PID, string SSID, string GENDER, string DOB, string ADD1, string ADD2, string ADD3, string ADD4, string HTEL, string WTEL, string GMOB, string ind1_bus2)'. [D:\AB3\clnsr_prjct\CleanserBlazorUI\CleanserBlazorUI.csproj]
     1>D:\AB3\clnsr_prjct\CleanserBlazorUI\Components\Pages\Home.razor(6204,136): warning CS8604: Possible null reference argument for parameter 'HTEL' in '(string S, string F, string M, string NID, string VID, string DID, string PID, string SSID, string GENDER, string DOB, string ADD1, string ADD2, string ADD3, string ADD4, string HTEL, string WTEL, string GMOB) Home.GurantorDataConvertor(string S, string F, string M, string NID, string VID, string DID, string PID, string SSID, string GENDER, string DOB, string ADD1, string ADD2, string ADD3, string ADD4, string HTEL, string WTEL, string GMOB, string ind1_bus2)'. [D:\AB3\clnsr_prjct\CleanserBlazorUI\CleanserBlazorUI.csproj]
     1>D:\AB3\clnsr_prjct\CleanserBlazorUI\Components\Pages\Home.razor(6205,7): warning CS8604: Possible null reference argument for parameter 'WTEL' in '(string S, string F, string M, string NID, string VID, string DID, string PID, string SSID, string GENDER, string DOB, string ADD1, string ADD2, string ADD3, string ADD4, string HTEL, string WTEL, string GMOB) Home.GurantorDataConvertor(string S, string F, string M, string NID, string VID, string DID, string PID, string SSID, string GENDER, string DOB, string ADD1, string ADD2, string ADD3, string ADD4, string HTEL, string WTEL, string GMOB, string ind1_bus2)'. [D:\AB3\clnsr_prjct\CleanserBlazorUI\CleanserBlazorUI.csproj]
     1>D:\AB3\clnsr_prjct\CleanserBlazorUI\Components\Pages\Home.razor(6205,26): warning CS8604: Possible null reference argument for parameter 'GMOB' in '(string S, string F, string M, string NID, string VID, string DID, string PID, string SSID, string GENDER, string DOB, string ADD1, string ADD2, string ADD3, string ADD4, string HTEL, string WTEL, string GMOB) Home.GurantorDataConvertor(string S, string F, string M, string NID, string VID, string DID, string PID, string SSID, string GENDER, string DOB, string ADD1, string ADD2, string ADD3, string ADD4, string HTEL, string WTEL, string GMOB, string ind1_bus2)'. [D:\AB3\clnsr_prjct\CleanserBlazorUI\CleanserBlazorUI.csproj]
     1>D:\AB3\clnsr_prjct\CleanserBlazorUI\Components\Pages\Home.razor(6223,44): warning CS8604: Possible null reference argument for parameter 'S' in '(string S, string F, string M, string NID, string VID, string DID, string PID, string SSID, string GENDER, string DOB, string ADD1, string ADD2, string ADD3, string ADD4, string HTEL, string WTEL, string GMOB) Home.GurantorDataConvertor(string S, string F, string M, string NID, string VID, string DID, string PID, string SSID, string GENDER, string DOB, string ADD1, string ADD2, string ADD3, string ADD4, string HTEL, string WTEL, string GMOB, string ind1_bus2)'. [D:\AB3\clnsr_prjct\CleanserBlazorUI\CleanserBlazorUI.csproj]
     1>D:\AB3\clnsr_prjct\CleanserBlazorUI\Components\Pages\Home.razor(6223,63): warning CS8604: Possible null reference argument for parameter 'F' in '(string S, string F, string M, string NID, string VID, string DID, string PID, string SSID, string GENDER, string DOB, string ADD1, string ADD2, string ADD3, string ADD4, string HTEL, string WTEL, string GMOB) Home.GurantorDataConvertor(string S, string F, string M, string NID, string VID, string DID, string PID, string SSID, string GENDER, string DOB, string ADD1, string ADD2, string ADD3, string ADD4, string HTEL, string WTEL, string GMOB, string ind1_bus2)'. [D:\AB3\clnsr_prjct\CleanserBlazorUI\CleanserBlazorUI.csproj]
     1>D:\AB3\clnsr_prjct\CleanserBlazorUI\Components\Pages\Home.razor(6223,84): warning CS8604: Possible null reference argument for parameter 'M' in '(string S, string F, string M, string NID, string VID, string DID, string PID, string SSID, string GENDER, string DOB, string ADD1, string ADD2, string ADD3, string ADD4, string HTEL, string WTEL, string GMOB) Home.GurantorDataConvertor(string S, string F, string M, string NID, string VID, string DID, string PID, string SSID, string GENDER, string DOB, string ADD1, string ADD2, string ADD3, string ADD4, string HTEL, string WTEL, string GMOB, string ind1_bus2)'. [D:\AB3\clnsr_prjct\CleanserBlazorUI\CleanserBlazorUI.csproj]
     1>D:\AB3\clnsr_prjct\CleanserBlazorUI\Components\Pages\Home.razor(6223,107): warning CS8604: Possible null reference argument for parameter 'NID' in '(string S, string F, string M, string NID, string VID, string DID, string PID, string SSID, string GENDER, string DOB, string ADD1, string ADD2, string ADD3, string ADD4, string HTEL, string WTEL, string GMOB) Home.GurantorDataConvertor(string S, string F, string M, string NID, string VID, string DID, string PID, string SSID, string GENDER, string DOB, string ADD1, string ADD2, string ADD3, string ADD4, string HTEL, string WTEL, string GMOB, string ind1_bus2)'. [D:\AB3\clnsr_prjct\CleanserBlazorUI\CleanserBlazorUI.csproj]
     1>D:\AB3\clnsr_prjct\CleanserBlazorUI\Components\Pages\Home.razor(6223,124): warning CS8604: Possible null reference argument for parameter 'VID' in '(string S, string F, string M, string NID, string VID, string DID, string PID, string SSID, string GENDER, string DOB, string ADD1, string ADD2, string ADD3, string ADD4, string HTEL, string WTEL, string GMOB) Home.GurantorDataConvertor(string S, string F, string M, string NID, string VID, string DID, string PID, string SSID, string GENDER, string DOB, string ADD1, string ADD2, string ADD3, string ADD4, string HTEL, string WTEL, string GMOB, string ind1_bus2)'. [D:\AB3\clnsr_prjct\CleanserBlazorUI\CleanserBlazorUI.csproj]
     1>D:\AB3\clnsr_prjct\CleanserBlazorUI\Components\Pages\Home.razor(6223,141): warning CS8604: Possible null reference argument for parameter 'DID' in '(string S, string F, string M, string NID, string VID, string DID, string PID, string SSID, string GENDER, string DOB, string ADD1, string ADD2, string ADD3, string ADD4, string HTEL, string WTEL, string GMOB) Home.GurantorDataConvertor(string S, string F, string M, string NID, string VID, string DID, string PID, string SSID, string GENDER, string DOB, string ADD1, string ADD2, string ADD3, string ADD4, string HTEL, string WTEL, string GMOB, string ind1_bus2)'. [D:\AB3\clnsr_prjct\CleanserBlazorUI\CleanserBlazorUI.csproj]
     1>D:\AB3\clnsr_prjct\CleanserBlazorUI\Components\Pages\Home.razor(6224,13): warning CS8604: Possible null reference argument for parameter 'PID' in '(string S, string F, string M, string NID, string VID, string DID, string PID, string SSID, string GENDER, string DOB, string ADD1, string ADD2, string ADD3, string ADD4, string HTEL, string WTEL, string GMOB) Home.GurantorDataConvertor(string S, string F, string M, string NID, string VID, string DID, string PID, string SSID, string GENDER, string DOB, string ADD1, string ADD2, string ADD3, string ADD4, string HTEL, string WTEL, string GMOB, string ind1_bus2)'. [D:\AB3\clnsr_prjct\CleanserBlazorUI\CleanserBlazorUI.csproj]
     1>D:\AB3\clnsr_prjct\CleanserBlazorUI\Components\Pages\Home.razor(6224,32): warning CS8604: Possible null reference argument for parameter 'SSID' in '(string S, string F, string M, string NID, string VID, string DID, string PID, string SSID, string GENDER, string DOB, string ADD1, string ADD2, string ADD3, string ADD4, string HTEL, string WTEL, string GMOB) Home.GurantorDataConvertor(string S, string F, string M, string NID, string VID, string DID, string PID, string SSID, string GENDER, string DOB, string ADD1, string ADD2, string ADD3, string ADD4, string HTEL, string WTEL, string GMOB, string ind1_bus2)'. [D:\AB3\clnsr_prjct\CleanserBlazorUI\CleanserBlazorUI.csproj]
     1>D:\AB3\clnsr_prjct\CleanserBlazorUI\Components\Pages\Home.razor(6224,47): warning CS8604: Possible null reference argument for parameter 'GENDER' in '(string S, string F, string M, string NID, string VID, string DID, string PID, string SSID, string GENDER, string DOB, string ADD1, string ADD2, string ADD3, string ADD4, string HTEL, string WTEL, string GMOB) Home.GurantorDataConvertor(string S, string F, string M, string NID, string VID, string DID, string PID, string SSID, string GENDER, string DOB, string ADD1, string ADD2, string ADD3, string ADD4, string HTEL, string WTEL, string GMOB, string ind1_bus2)'. [D:\AB3\clnsr_prjct\CleanserBlazorUI\CleanserBlazorUI.csproj]
     1>D:\AB3\clnsr_prjct\CleanserBlazorUI\Components\Pages\Home.razor(6224,65): warning CS8604: Possible null reference argument for parameter 'DOB' in '(string S, string F, string M, string NID, string VID, string DID, string PID, string SSID, string GENDER, string DOB, string ADD1, string ADD2, string ADD3, string ADD4, string HTEL, string WTEL, string GMOB) Home.GurantorDataConvertor(string S, string F, string M, string NID, string VID, string DID, string PID, string SSID, string GENDER, string DOB, string ADD1, string ADD2, string ADD3, string ADD4, string HTEL, string WTEL, string GMOB, string ind1_bus2)'. [D:\AB3\clnsr_prjct\CleanserBlazorUI\CleanserBlazorUI.csproj]
     1>D:\AB3\clnsr_prjct\CleanserBlazorUI\Components\Pages\Home.razor(6224,80): warning CS8604: Possible null reference argument for parameter 'ADD1' in '(string S, string F, string M, string NID, string VID, string DID, string PID, string SSID, string GENDER, string DOB, string ADD1, string ADD2, string ADD3, string ADD4, string HTEL, string WTEL, string GMOB) Home.GurantorDataConvertor(string S, string F, string M, string NID, string VID, string DID, string PID, string SSID, string GENDER, string DOB, string ADD1, string ADD2, string ADD3, string ADD4, string HTEL, string WTEL, string GMOB, string ind1_bus2)'. [D:\AB3\clnsr_prjct\CleanserBlazorUI\CleanserBlazorUI.csproj]
     1>D:\AB3\clnsr_prjct\CleanserBlazorUI\Components\Pages\Home.razor(6224,96): warning CS8604: Possible null reference argument for parameter 'ADD2' in '(string S, string F, string M, string NID, string VID, string DID, string PID, string SSID, string GENDER, string DOB, string ADD1, string ADD2, string ADD3, string ADD4, string HTEL, string WTEL, string GMOB) Home.GurantorDataConvertor(string S, string F, string M, string NID, string VID, string DID, string PID, string SSID, string GENDER, string DOB, string ADD1, string ADD2, string ADD3, string ADD4, string HTEL, string WTEL, string GMOB, string ind1_bus2)'. [D:\AB3\clnsr_prjct\CleanserBlazorUI\CleanserBlazorUI.csproj]
     1>D:\AB3\clnsr_prjct\CleanserBlazorUI\Components\Pages\Home.razor(6224,112): warning CS8604: Possible null reference argument for parameter 'ADD3' in '(string S, string F, string M, string NID, string VID, string DID, string PID, string SSID, string GENDER, string DOB, string ADD1, string ADD2, string ADD3, string ADD4, string HTEL, string WTEL, string GMOB) Home.GurantorDataConvertor(string S, string F, string M, string NID, string VID, string DID, string PID, string SSID, string GENDER, string DOB, string ADD1, string ADD2, string ADD3, string ADD4, string HTEL, string WTEL, string GMOB, string ind1_bus2)'. [D:\AB3\clnsr_prjct\CleanserBlazorUI\CleanserBlazorUI.csproj]
     1>D:\AB3\clnsr_prjct\CleanserBlazorUI\Components\Pages\Home.razor(6224,142): warning CS8604: Possible null reference argument for parameter 'HTEL' in '(string S, string F, string M, string NID, string VID, string DID, string PID, string SSID, string GENDER, string DOB, string ADD1, string ADD2, string ADD3, string ADD4, string HTEL, string WTEL, string GMOB) Home.GurantorDataConvertor(string S, string F, string M, string NID, string VID, string DID, string PID, string SSID, string GENDER, string DOB, string ADD1, string ADD2, string ADD3, string ADD4, string HTEL, string WTEL, string GMOB, string ind1_bus2)'. [D:\AB3\clnsr_prjct\CleanserBlazorUI\CleanserBlazorUI.csproj]
     1>D:\AB3\clnsr_prjct\CleanserBlazorUI\Components\Pages\Home.razor(6225,13): warning CS8604: Possible null reference argument for parameter 'WTEL' in '(string S, string F, string M, string NID, string VID, string DID, string PID, string SSID, string GENDER, string DOB, string ADD1, string ADD2, string ADD3, string ADD4, string HTEL, string WTEL, string GMOB) Home.GurantorDataConvertor(string S, string F, string M, string NID, string VID, string DID, string PID, string SSID, string GENDER, string DOB, string ADD1, string ADD2, string ADD3, string ADD4, string HTEL, string WTEL, string GMOB, string ind1_bus2)'. [D:\AB3\clnsr_prjct\CleanserBlazorUI\CleanserBlazorUI.csproj]
     1>D:\AB3\clnsr_prjct\CleanserBlazorUI\Components\Pages\Home.razor(6225,32): warning CS8604: Possible null reference argument for parameter 'GMOB' in '(string S, string F, string M, string NID, string VID, string DID, string PID, string SSID, string GENDER, string DOB, string ADD1, string ADD2, string ADD3, string ADD4, string HTEL, string WTEL, string GMOB) Home.GurantorDataConvertor(string S, string F, string M, string NID, string VID, string DID, string PID, string SSID, string GENDER, string DOB, string ADD1, string ADD2, string ADD3, string ADD4, string HTEL, string WTEL, string GMOB, string ind1_bus2)'. [D:\AB3\clnsr_prjct\CleanserBlazorUI\CleanserBlazorUI.csproj]
     1>D:\AB3\clnsr_prjct\CleanserBlazorUI\Components\Pages\Home.razor(6243,44): warning CS8604: Possible null reference argument for parameter 'S' in '(string S, string F, string M, string NID, string VID, string DID, string PID, string SSID, string GENDER, string DOB, string ADD1, string ADD2, string ADD3, string ADD4, string HTEL, string WTEL, string GMOB) Home.GurantorDataConvertor(string S, string F, string M, string NID, string VID, string DID, string PID, string SSID, string GENDER, string DOB, string ADD1, string ADD2, string ADD3, string ADD4, string HTEL, string WTEL, string GMOB, string ind1_bus2)'. [D:\AB3\clnsr_prjct\CleanserBlazorUI\CleanserBlazorUI.csproj]
     1>D:\AB3\clnsr_prjct\CleanserBlazorUI\Components\Pages\Home.razor(6243,63): warning CS8604: Possible null reference argument for parameter 'F' in '(string S, string F, string M, string NID, string VID, string DID, string PID, string SSID, string GENDER, string DOB, string ADD1, string ADD2, string ADD3, string ADD4, string HTEL, string WTEL, string GMOB) Home.GurantorDataConvertor(string S, string F, string M, string NID, string VID, string DID, string PID, string SSID, string GENDER, string DOB, string ADD1, string ADD2, string ADD3, string ADD4, string HTEL, string WTEL, string GMOB, string ind1_bus2)'. [D:\AB3\clnsr_prjct\CleanserBlazorUI\CleanserBlazorUI.csproj]
     1>D:\AB3\clnsr_prjct\CleanserBlazorUI\Components\Pages\Home.razor(6243,84): warning CS8604: Possible null reference argument for parameter 'M' in '(string S, string F, string M, string NID, string VID, string DID, string PID, string SSID, string GENDER, string DOB, string ADD1, string ADD2, string ADD3, string ADD4, string HTEL, string WTEL, string GMOB) Home.GurantorDataConvertor(string S, string F, string M, string NID, string VID, string DID, string PID, string SSID, string GENDER, string DOB, string ADD1, string ADD2, string ADD3, string ADD4, string HTEL, string WTEL, string GMOB, string ind1_bus2)'. [D:\AB3\clnsr_prjct\CleanserBlazorUI\CleanserBlazorUI.csproj]
     1>D:\AB3\clnsr_prjct\CleanserBlazorUI\Components\Pages\Home.razor(6243,107): warning CS8604: Possible null reference argument for parameter 'NID' in '(string S, string F, string M, string NID, string VID, string DID, string PID, string SSID, string GENDER, string DOB, string ADD1, string ADD2, string ADD3, string ADD4, string HTEL, string WTEL, string GMOB) Home.GurantorDataConvertor(string S, string F, string M, string NID, string VID, string DID, string PID, string SSID, string GENDER, string DOB, string ADD1, string ADD2, string ADD3, string ADD4, string HTEL, string WTEL, string GMOB, string ind1_bus2)'. [D:\AB3\clnsr_prjct\CleanserBlazorUI\CleanserBlazorUI.csproj]
     1>D:\AB3\clnsr_prjct\CleanserBlazorUI\Components\Pages\Home.razor(6243,124): warning CS8604: Possible null reference argument for parameter 'VID' in '(string S, string F, string M, string NID, string VID, string DID, string PID, string SSID, string GENDER, string DOB, string ADD1, string ADD2, string ADD3, string ADD4, string HTEL, string WTEL, string GMOB) Home.GurantorDataConvertor(string S, string F, string M, string NID, string VID, string DID, string PID, string SSID, string GENDER, string DOB, string ADD1, string ADD2, string ADD3, string ADD4, string HTEL, string WTEL, string GMOB, string ind1_bus2)'. [D:\AB3\clnsr_prjct\CleanserBlazorUI\CleanserBlazorUI.csproj]
     1>D:\AB3\clnsr_prjct\CleanserBlazorUI\Components\Pages\Home.razor(6243,141): warning CS8604: Possible null reference argument for parameter 'DID' in '(string S, string F, string M, string NID, string VID, string DID, string PID, string SSID, string GENDER, string DOB, string ADD1, string ADD2, string ADD3, string ADD4, string HTEL, string WTEL, string GMOB) Home.GurantorDataConvertor(string S, string F, string M, string NID, string VID, string DID, string PID, string SSID, string GENDER, string DOB, string ADD1, string ADD2, string ADD3, string ADD4, string HTEL, string WTEL, string GMOB, string ind1_bus2)'. [D:\AB3\clnsr_prjct\CleanserBlazorUI\CleanserBlazorUI.csproj]
     1>D:\AB3\clnsr_prjct\CleanserBlazorUI\Components\Pages\Home.razor(6244,13): warning CS8604: Possible null reference argument for parameter 'PID' in '(string S, string F, string M, string NID, string VID, string DID, string PID, string SSID, string GENDER, string DOB, string ADD1, string ADD2, string ADD3, string ADD4, string HTEL, string WTEL, string GMOB) Home.GurantorDataConvertor(string S, string F, string M, string NID, string VID, string DID, string PID, string SSID, string GENDER, string DOB, string ADD1, string ADD2, string ADD3, string ADD4, string HTEL, string WTEL, string GMOB, string ind1_bus2)'. [D:\AB3\clnsr_prjct\CleanserBlazorUI\CleanserBlazorUI.csproj]
     1>D:\AB3\clnsr_prjct\CleanserBlazorUI\Components\Pages\Home.razor(6244,32): warning CS8604: Possible null reference argument for parameter 'SSID' in '(string S, string F, string M, string NID, string VID, string DID, string PID, string SSID, string GENDER, string DOB, string ADD1, string ADD2, string ADD3, string ADD4, string HTEL, string WTEL, string GMOB) Home.GurantorDataConvertor(string S, string F, string M, string NID, string VID, string DID, string PID, string SSID, string GENDER, string DOB, string ADD1, string ADD2, string ADD3, string ADD4, string HTEL, string WTEL, string GMOB, string ind1_bus2)'. [D:\AB3\clnsr_prjct\CleanserBlazorUI\CleanserBlazorUI.csproj]
     1>D:\AB3\clnsr_prjct\CleanserBlazorUI\Components\Pages\Home.razor(6244,47): warning CS8604: Possible null reference argument for parameter 'GENDER' in '(string S, string F, string M, string NID, string VID, string DID, string PID, string SSID, string GENDER, string DOB, string ADD1, string ADD2, string ADD3, string ADD4, string HTEL, string WTEL, string GMOB) Home.GurantorDataConvertor(string S, string F, string M, string NID, string VID, string DID, string PID, string SSID, string GENDER, string DOB, string ADD1, string ADD2, string ADD3, string ADD4, string HTEL, string WTEL, string GMOB, string ind1_bus2)'. [D:\AB3\clnsr_prjct\CleanserBlazorUI\CleanserBlazorUI.csproj]
     1>D:\AB3\clnsr_prjct\CleanserBlazorUI\Components\Pages\Home.razor(6244,65): warning CS8604: Possible null reference argument for parameter 'DOB' in '(string S, string F, string M, string NID, string VID, string DID, string PID, string SSID, string GENDER, string DOB, string ADD1, string ADD2, string ADD3, string ADD4, string HTEL, string WTEL, string GMOB) Home.GurantorDataConvertor(string S, string F, string M, string NID, string VID, string DID, string PID, string SSID, string GENDER, string DOB, string ADD1, string ADD2, string ADD3, string ADD4, string HTEL, string WTEL, string GMOB, string ind1_bus2)'. [D:\AB3\clnsr_prjct\CleanserBlazorUI\CleanserBlazorUI.csproj]
     1>D:\AB3\clnsr_prjct\CleanserBlazorUI\Components\Pages\Home.razor(6244,80): warning CS8604: Possible null reference argument for parameter 'ADD1' in '(string S, string F, string M, string NID, string VID, string DID, string PID, string SSID, string GENDER, string DOB, string ADD1, string ADD2, string ADD3, string ADD4, string HTEL, string WTEL, string GMOB) Home.GurantorDataConvertor(string S, string F, string M, string NID, string VID, string DID, string PID, string SSID, string GENDER, string DOB, string ADD1, string ADD2, string ADD3, string ADD4, string HTEL, string WTEL, string GMOB, string ind1_bus2)'. [D:\AB3\clnsr_prjct\CleanserBlazorUI\CleanserBlazorUI.csproj]
     1>D:\AB3\clnsr_prjct\CleanserBlazorUI\Components\Pages\Home.razor(6244,96): warning CS8604: Possible null reference argument for parameter 'ADD2' in '(string S, string F, string M, string NID, string VID, string DID, string PID, string SSID, string GENDER, string DOB, string ADD1, string ADD2, string ADD3, string ADD4, string HTEL, string WTEL, string GMOB) Home.GurantorDataConvertor(string S, string F, string M, string NID, string VID, string DID, string PID, string SSID, string GENDER, string DOB, string ADD1, string ADD2, string ADD3, string ADD4, string HTEL, string WTEL, string GMOB, string ind1_bus2)'. [D:\AB3\clnsr_prjct\CleanserBlazorUI\CleanserBlazorUI.csproj]
     1>D:\AB3\clnsr_prjct\CleanserBlazorUI\Components\Pages\Home.razor(6244,112): warning CS8604: Possible null reference argument for parameter 'ADD3' in '(string S, string F, string M, string NID, string VID, string DID, string PID, string SSID, string GENDER, string DOB, string ADD1, string ADD2, string ADD3, string ADD4, string HTEL, string WTEL, string GMOB) Home.GurantorDataConvertor(string S, string F, string M, string NID, string VID, string DID, string PID, string SSID, string GENDER, string DOB, string ADD1, string ADD2, string ADD3, string ADD4, string HTEL, string WTEL, string GMOB, string ind1_bus2)'. [D:\AB3\clnsr_prjct\CleanserBlazorUI\CleanserBlazorUI.csproj]
     1>D:\AB3\clnsr_prjct\CleanserBlazorUI\Components\Pages\Home.razor(6244,142): warning CS8604: Possible null reference argument for parameter 'HTEL' in '(string S, string F, string M, string NID, string VID, string DID, string PID, string SSID, string GENDER, string DOB, string ADD1, string ADD2, string ADD3, string ADD4, string HTEL, string WTEL, string GMOB) Home.GurantorDataConvertor(string S, string F, string M, string NID, string VID, string DID, string PID, string SSID, string GENDER, string DOB, string ADD1, string ADD2, string ADD3, string ADD4, string HTEL, string WTEL, string GMOB, string ind1_bus2)'. [D:\AB3\clnsr_prjct\CleanserBlazorUI\CleanserBlazorUI.csproj]
     1>D:\AB3\clnsr_prjct\CleanserBlazorUI\Components\Pages\Home.razor(6245,13): warning CS8604: Possible null reference argument for parameter 'WTEL' in '(string S, string F, string M, string NID, string VID, string DID, string PID, string SSID, string GENDER, string DOB, string ADD1, string ADD2, string ADD3, string ADD4, string HTEL, string WTEL, string GMOB) Home.GurantorDataConvertor(string S, string F, string M, string NID, string VID, string DID, string PID, string SSID, string GENDER, string DOB, string ADD1, string ADD2, string ADD3, string ADD4, string HTEL, string WTEL, string GMOB, string ind1_bus2)'. [D:\AB3\clnsr_prjct\CleanserBlazorUI\CleanserBlazorUI.csproj]
     1>D:\AB3\clnsr_prjct\CleanserBlazorUI\Components\Pages\Home.razor(6245,32): warning CS8604: Possible null reference argument for parameter 'GMOB' in '(string S, string F, string M, string NID, string VID, string DID, string PID, string SSID, string GENDER, string DOB, string ADD1, string ADD2, string ADD3, string ADD4, string HTEL, string WTEL, string GMOB) Home.GurantorDataConvertor(string S, string F, string M, string NID, string VID, string DID, string PID, string SSID, string GENDER, string DOB, string ADD1, string ADD2, string ADD3, string ADD4, string HTEL, string WTEL, string GMOB, string ind1_bus2)'. [D:\AB3\clnsr_prjct\CleanserBlazorUI\CleanserBlazorUI.csproj]
     1>D:\AB3\clnsr_prjct\CleanserBlazorUI\Components\Pages\Home.razor(6263,44): warning CS8604: Possible null reference argument for parameter 'S' in '(string S, string F, string M, string NID, string VID, string DID, string PID, string SSID, string GENDER, string DOB, string ADD1, string ADD2, string ADD3, string ADD4, string HTEL, string WTEL, string GMOB) Home.GurantorDataConvertor(string S, string F, string M, string NID, string VID, string DID, string PID, string SSID, string GENDER, string DOB, string ADD1, string ADD2, string ADD3, string ADD4, string HTEL, string WTEL, string GMOB, string ind1_bus2)'. [D:\AB3\clnsr_prjct\CleanserBlazorUI\CleanserBlazorUI.csproj]
     1>D:\AB3\clnsr_prjct\CleanserBlazorUI\Components\Pages\Home.razor(6263,63): warning CS8604: Possible null reference argument for parameter 'F' in '(string S, string F, string M, string NID, string VID, string DID, string PID, string SSID, string GENDER, string DOB, string ADD1, string ADD2, string ADD3, string ADD4, string HTEL, string WTEL, string GMOB) Home.GurantorDataConvertor(string S, string F, string M, string NID, string VID, string DID, string PID, string SSID, string GENDER, string DOB, string ADD1, string ADD2, string ADD3, string ADD4, string HTEL, string WTEL, string GMOB, string ind1_bus2)'. [D:\AB3\clnsr_prjct\CleanserBlazorUI\CleanserBlazorUI.csproj]
     1>D:\AB3\clnsr_prjct\CleanserBlazorUI\Components\Pages\Home.razor(6263,84): warning CS8604: Possible null reference argument for parameter 'M' in '(string S, string F, string M, string NID, string VID, string DID, string PID, string SSID, string GENDER, string DOB, string ADD1, string ADD2, string ADD3, string ADD4, string HTEL, string WTEL, string GMOB) Home.GurantorDataConvertor(string S, string F, string M, string NID, string VID, string DID, string PID, string SSID, string GENDER, string DOB, string ADD1, string ADD2, string ADD3, string ADD4, string HTEL, string WTEL, string GMOB, string ind1_bus2)'. [D:\AB3\clnsr_prjct\CleanserBlazorUI\CleanserBlazorUI.csproj]
     1>D:\AB3\clnsr_prjct\CleanserBlazorUI\Components\Pages\Home.razor(6263,107): warning CS8604: Possible null reference argument for parameter 'NID' in '(string S, string F, string M, string NID, string VID, string DID, string PID, string SSID, string GENDER, string DOB, string ADD1, string ADD2, string ADD3, string ADD4, string HTEL, string WTEL, string GMOB) Home.GurantorDataConvertor(string S, string F, string M, string NID, string VID, string DID, string PID, string SSID, string GENDER, string DOB, string ADD1, string ADD2, string ADD3, string ADD4, string HTEL, string WTEL, string GMOB, string ind1_bus2)'. [D:\AB3\clnsr_prjct\CleanserBlazorUI\CleanserBlazorUI.csproj]
     1>D:\AB3\clnsr_prjct\CleanserBlazorUI\Components\Pages\Home.razor(6263,124): warning CS8604: Possible null reference argument for parameter 'VID' in '(string S, string F, string M, string NID, string VID, string DID, string PID, string SSID, string GENDER, string DOB, string ADD1, string ADD2, string ADD3, string ADD4, string HTEL, string WTEL, string GMOB) Home.GurantorDataConvertor(string S, string F, string M, string NID, string VID, string DID, string PID, string SSID, string GENDER, string DOB, string ADD1, string ADD2, string ADD3, string ADD4, string HTEL, string WTEL, string GMOB, string ind1_bus2)'. [D:\AB3\clnsr_prjct\CleanserBlazorUI\CleanserBlazorUI.csproj]
     1>D:\AB3\clnsr_prjct\CleanserBlazorUI\Components\Pages\Home.razor(6263,141): warning CS8604: Possible null reference argument for parameter 'DID' in '(string S, string F, string M, string NID, string VID, string DID, string PID, string SSID, string GENDER, string DOB, string ADD1, string ADD2, string ADD3, string ADD4, string HTEL, string WTEL, string GMOB) Home.GurantorDataConvertor(string S, string F, string M, string NID, string VID, string DID, string PID, string SSID, string GENDER, string DOB, string ADD1, string ADD2, string ADD3, string ADD4, string HTEL, string WTEL, string GMOB, string ind1_bus2)'. [D:\AB3\clnsr_prjct\CleanserBlazorUI\CleanserBlazorUI.csproj]
     1>D:\AB3\clnsr_prjct\CleanserBlazorUI\Components\Pages\Home.razor(6264,13): warning CS8604: Possible null reference argument for parameter 'PID' in '(string S, string F, string M, string NID, string VID, string DID, string PID, string SSID, string GENDER, string DOB, string ADD1, string ADD2, string ADD3, string ADD4, string HTEL, string WTEL, string GMOB) Home.GurantorDataConvertor(string S, string F, string M, string NID, string VID, string DID, string PID, string SSID, string GENDER, string DOB, string ADD1, string ADD2, string ADD3, string ADD4, string HTEL, string WTEL, string GMOB, string ind1_bus2)'. [D:\AB3\clnsr_prjct\CleanserBlazorUI\CleanserBlazorUI.csproj]
     1>D:\AB3\clnsr_prjct\CleanserBlazorUI\Components\Pages\Home.razor(6264,32): warning CS8604: Possible null reference argument for parameter 'SSID' in '(string S, string F, string M, string NID, string VID, string DID, string PID, string SSID, string GENDER, string DOB, string ADD1, string ADD2, string ADD3, string ADD4, string HTEL, string WTEL, string GMOB) Home.GurantorDataConvertor(string S, string F, string M, string NID, string VID, string DID, string PID, string SSID, string GENDER, string DOB, string ADD1, string ADD2, string ADD3, string ADD4, string HTEL, string WTEL, string GMOB, string ind1_bus2)'. [D:\AB3\clnsr_prjct\CleanserBlazorUI\CleanserBlazorUI.csproj]
     1>D:\AB3\clnsr_prjct\CleanserBlazorUI\Components\Pages\Home.razor(6264,47): warning CS8604: Possible null reference argument for parameter 'GENDER' in '(string S, string F, string M, string NID, string VID, string DID, string PID, string SSID, string GENDER, string DOB, string ADD1, string ADD2, string ADD3, string ADD4, string HTEL, string WTEL, string GMOB) Home.GurantorDataConvertor(string S, string F, string M, string NID, string VID, string DID, string PID, string SSID, string GENDER, string DOB, string ADD1, string ADD2, string ADD3, string ADD4, string HTEL, string WTEL, string GMOB, string ind1_bus2)'. [D:\AB3\clnsr_prjct\CleanserBlazorUI\CleanserBlazorUI.csproj]
     1>D:\AB3\clnsr_prjct\CleanserBlazorUI\Components\Pages\Home.razor(6264,65): warning CS8604: Possible null reference argument for parameter 'DOB' in '(string S, string F, string M, string NID, string VID, string DID, string PID, string SSID, string GENDER, string DOB, string ADD1, string ADD2, string ADD3, string ADD4, string HTEL, string WTEL, string GMOB) Home.GurantorDataConvertor(string S, string F, string M, string NID, string VID, string DID, string PID, string SSID, string GENDER, string DOB, string ADD1, string ADD2, string ADD3, string ADD4, string HTEL, string WTEL, string GMOB, string ind1_bus2)'. [D:\AB3\clnsr_prjct\CleanserBlazorUI\CleanserBlazorUI.csproj]
     1>D:\AB3\clnsr_prjct\CleanserBlazorUI\Components\Pages\Home.razor(6264,80): warning CS8604: Possible null reference argument for parameter 'ADD1' in '(string S, string F, string M, string NID, string VID, string DID, string PID, string SSID, string GENDER, string DOB, string ADD1, string ADD2, string ADD3, string ADD4, string HTEL, string WTEL, string GMOB) Home.GurantorDataConvertor(string S, string F, string M, string NID, string VID, string DID, string PID, string SSID, string GENDER, string DOB, string ADD1, string ADD2, string ADD3, string ADD4, string HTEL, string WTEL, string GMOB, string ind1_bus2)'. [D:\AB3\clnsr_prjct\CleanserBlazorUI\CleanserBlazorUI.csproj]
     1>D:\AB3\clnsr_prjct\CleanserBlazorUI\Components\Pages\Home.razor(6264,96): warning CS8604: Possible null reference argument for parameter 'ADD2' in '(string S, string F, string M, string NID, string VID, string DID, string PID, string SSID, string GENDER, string DOB, string ADD1, string ADD2, string ADD3, string ADD4, string HTEL, string WTEL, string GMOB) Home.GurantorDataConvertor(string S, string F, string M, string NID, string VID, string DID, string PID, string SSID, string GENDER, string DOB, string ADD1, string ADD2, string ADD3, string ADD4, string HTEL, string WTEL, string GMOB, string ind1_bus2)'. [D:\AB3\clnsr_prjct\CleanserBlazorUI\CleanserBlazorUI.csproj]
     1>D:\AB3\clnsr_prjct\CleanserBlazorUI\Components\Pages\Home.razor(6264,112): warning CS8604: Possible null reference argument for parameter 'ADD3' in '(string S, string F, string M, string NID, string VID, string DID, string PID, string SSID, string GENDER, string DOB, string ADD1, string ADD2, string ADD3, string ADD4, string HTEL, string WTEL, string GMOB) Home.GurantorDataConvertor(string S, string F, string M, string NID, string VID, string DID, string PID, string SSID, string GENDER, string DOB, string ADD1, string ADD2, string ADD3, string ADD4, string HTEL, string WTEL, string GMOB, string ind1_bus2)'. [D:\AB3\clnsr_prjct\CleanserBlazorUI\CleanserBlazorUI.csproj]
     1>D:\AB3\clnsr_prjct\CleanserBlazorUI\Components\Pages\Home.razor(6264,142): warning CS8604: Possible null reference argument for parameter 'HTEL' in '(string S, string F, string M, string NID, string VID, string DID, string PID, string SSID, string GENDER, string DOB, string ADD1, string ADD2, string ADD3, string ADD4, string HTEL, string WTEL, string GMOB) Home.GurantorDataConvertor(string S, string F, string M, string NID, string VID, string DID, string PID, string SSID, string GENDER, string DOB, string ADD1, string ADD2, string ADD3, string ADD4, string HTEL, string WTEL, string GMOB, string ind1_bus2)'. [D:\AB3\clnsr_prjct\CleanserBlazorUI\CleanserBlazorUI.csproj]
     1>D:\AB3\clnsr_prjct\CleanserBlazorUI\Components\Pages\Home.razor(6265,13): warning CS8604: Possible null reference argument for parameter 'WTEL' in '(string S, string F, string M, string NID, string VID, string DID, string PID, string SSID, string GENDER, string DOB, string ADD1, string ADD2, string ADD3, string ADD4, string HTEL, string WTEL, string GMOB) Home.GurantorDataConvertor(string S, string F, string M, string NID, string VID, string DID, string PID, string SSID, string GENDER, string DOB, string ADD1, string ADD2, string ADD3, string ADD4, string HTEL, string WTEL, string GMOB, string ind1_bus2)'. [D:\AB3\clnsr_prjct\CleanserBlazorUI\CleanserBlazorUI.csproj]
     1>D:\AB3\clnsr_prjct\CleanserBlazorUI\Components\Pages\Home.razor(6265,32): warning CS8604: Possible null reference argument for parameter 'GMOB' in '(string S, string F, string M, string NID, string VID, string DID, string PID, string SSID, string GENDER, string DOB, string ADD1, string ADD2, string ADD3, string ADD4, string HTEL, string WTEL, string GMOB) Home.GurantorDataConvertor(string S, string F, string M, string NID, string VID, string DID, string PID, string SSID, string GENDER, string DOB, string ADD1, string ADD2, string ADD3, string ADD4, string HTEL, string WTEL, string GMOB, string ind1_bus2)'. [D:\AB3\clnsr_prjct\CleanserBlazorUI\CleanserBlazorUI.csproj]
     1>D:\AB3\clnsr_prjct\CleanserBlazorUI\Components\Pages\Home.razor(6318,112): warning CS8602: Dereference of a possibly null reference. [D:\AB3\clnsr_prjct\CleanserBlazorUI\CleanserBlazorUI.csproj]
     1>D:\AB3\clnsr_prjct\CleanserBlazorUI\Components\Pages\Home.razor(6318,112): warning CS8604: Possible null reference argument for parameter 'natureOfComGua' in '(string _surname, string _natureOfComGua, string _nameOfComGuaran) Home.Surname_Nature_NameOfComGuarantorNormalizer(string surname, string natureOfComGua, string nameOfComGuaran)'. [D:\AB3\clnsr_prjct\CleanserBlazorUI\CleanserBlazorUI.csproj]
     1>D:\AB3\clnsr_prjct\CleanserBlazorUI\Components\Pages\Home.razor(6324,112): warning CS8604: Possible null reference argument for parameter 'natureOfComGua' in '(string _surname, string _natureOfComGua, string _nameOfComGuaran) Home.Surname_Nature_NameOfComGuarantorNormalizer(string surname, string natureOfComGua, string nameOfComGuaran)'. [D:\AB3\clnsr_prjct\CleanserBlazorUI\CleanserBlazorUI.csproj]
     1>D:\AB3\clnsr_prjct\CleanserBlazorUI\Components\Pages\Home.razor(6330,112): warning CS8604: Possible null reference argument for parameter 'natureOfComGua' in '(string _surname, string _natureOfComGua, string _nameOfComGuaran) Home.Surname_Nature_NameOfComGuarantorNormalizer(string surname, string natureOfComGua, string nameOfComGuaran)'. [D:\AB3\clnsr_prjct\CleanserBlazorUI\CleanserBlazorUI.csproj]
     1>D:\AB3\clnsr_prjct\CleanserBlazorUI\Components\Pages\Home.razor(6336,112): warning CS8604: Possible null reference argument for parameter 'natureOfComGua' in '(string _surname, string _natureOfComGua, string _nameOfComGuaran) Home.Surname_Nature_NameOfComGuarantorNormalizer(string surname, string natureOfComGua, string nameOfComGuaran)'. [D:\AB3\clnsr_prjct\CleanserBlazorUI\CleanserBlazorUI.csproj]
     1>D:\AB3\clnsr_prjct\CleanserBlazorUI\Components\Pages\Home.razor(6342,13): warning CS8602: Dereference of a possibly null reference. [D:\AB3\clnsr_prjct\CleanserBlazorUI\CleanserBlazorUI.csproj]
     1>D:\AB3\clnsr_prjct\CleanserBlazorUI\Components\Pages\Home.razor(6342,70): warning CS8604: Possible null reference argument for parameter 'input' in 'string Home.ConvertBusinessShortFormToLongForm(string input)'. [D:\AB3\clnsr_prjct\CleanserBlazorUI\CleanserBlazorUI.csproj]
     1>D:\AB3\clnsr_prjct\CleanserBlazorUI\Components\Pages\Home.razor(6351,49): warning CS8602: Dereference of a possibly null reference. [D:\AB3\clnsr_prjct\CleanserBlazorUI\CleanserBlazorUI.csproj]
     1>D:\AB3\clnsr_prjct\CleanserBlazorUI\Components\Pages\Home.razor(6351,49): warning CS8604: Possible null reference argument for parameter 'dateString' in '(bool IsValidFormat, bool IsEighteenOrAbove, bool IsFutureDate, DateTime TheDate) StringHelper.CheckDate(string dateString)'. [D:\AB3\clnsr_prjct\CleanserBlazorUI\CleanserBlazorUI.csproj]
     1>D:\AB3\clnsr_prjct\CleanserBlazorUI\Components\Pages\Home.razor(6369,17): warning CS8602: Dereference of a possibly null reference. [D:\AB3\clnsr_prjct\CleanserBlazorUI\CleanserBlazorUI.csproj]
     1>D:\AB3\clnsr_prjct\CleanserBlazorUI\Components\Pages\Home.razor(6370,17): warning CS8602: Dereference of a possibly null reference. [D:\AB3\clnsr_prjct\CleanserBlazorUI\CleanserBlazorUI.csproj]
     1>D:\AB3\clnsr_prjct\CleanserBlazorUI\Components\Pages\Home.razor(6376,17): warning CS8602: Dereference of a possibly null reference. [D:\AB3\clnsr_prjct\CleanserBlazorUI\CleanserBlazorUI.csproj]
     1>D:\AB3\clnsr_prjct\CleanserBlazorUI\Components\Pages\Home.razor(6377,17): warning CS8602: Dereference of a possibly null reference. [D:\AB3\clnsr_prjct\CleanserBlazorUI\CleanserBlazorUI.csproj]
     1>D:\AB3\clnsr_prjct\CleanserBlazorUI\Components\Pages\Home.razor(6381,17): warning CS8602: Dereference of a possibly null reference. [D:\AB3\clnsr_prjct\CleanserBlazorUI\CleanserBlazorUI.csproj]
     1>D:\AB3\clnsr_prjct\CleanserBlazorUI\Components\Pages\Home.razor(6382,17): warning CS8602: Dereference of a possibly null reference. [D:\AB3\clnsr_prjct\CleanserBlazorUI\CleanserBlazorUI.csproj]
     1>D:\AB3\clnsr_prjct\CleanserBlazorUI\Components\Pages\Home.razor(6409,26): warning CS8602: Dereference of a possibly null reference. [D:\AB3\clnsr_prjct\CleanserBlazorUI\CleanserBlazorUI.csproj]
     1>D:\AB3\clnsr_prjct\CleanserBlazorUI\Components\Pages\Home.razor(6409,26): warning CS8604: Possible null reference argument for parameter 'input' in 'bool Home.IsLetter(string input)'. [D:\AB3\clnsr_prjct\CleanserBlazorUI\CleanserBlazorUI.csproj]
     1>D:\AB3\clnsr_prjct\CleanserBlazorUI\Components\Pages\Home.razor(6437,17): warning CS8602: Dereference of a possibly null reference. [D:\AB3\clnsr_prjct\CleanserBlazorUI\CleanserBlazorUI.csproj]
     1>D:\AB3\clnsr_prjct\CleanserBlazorUI\Components\Pages\Home.razor(6443,63): warning CS8602: Dereference of a possibly null reference. [D:\AB3\clnsr_prjct\CleanserBlazorUI\CleanserBlazorUI.csproj]
     1>D:\AB3\clnsr_prjct\CleanserBlazorUI\Components\Pages\Home.razor(6443,63): warning CS8604: Possible null reference argument for parameter 'input' in 'bool StringHelper.AccountCustomerInValidCharacter(string input)'. [D:\AB3\clnsr_prjct\CleanserBlazorUI\CleanserBlazorUI.csproj]
     1>D:\AB3\clnsr_prjct\CleanserBlazorUI\Components\Pages\Home.razor(6449,63): warning CS8604: Possible null reference argument for parameter 'input' in 'bool StringHelper.AccountCustomerInValidCharacter(string input)'. [D:\AB3\clnsr_prjct\CleanserBlazorUI\CleanserBlazorUI.csproj]
     1>D:\AB3\clnsr_prjct\CleanserBlazorUI\Components\Pages\Home.razor(6453,63): warning CS8604: Possible null reference argument for parameter 'input' in 'bool StringHelper.AccountCustomerInValidCharacter(string input)'. [D:\AB3\clnsr_prjct\CleanserBlazorUI\CleanserBlazorUI.csproj]
     1>D:\AB3\clnsr_prjct\CleanserBlazorUI\Components\Pages\Home.razor(6464,30): warning CS8602: Dereference of a possibly null reference. [D:\AB3\clnsr_prjct\CleanserBlazorUI\CleanserBlazorUI.csproj]
     1>D:\AB3\clnsr_prjct\CleanserBlazorUI\Components\Pages\Home.razor(6470,37): warning CS8602: Dereference of a possibly null reference. [D:\AB3\clnsr_prjct\CleanserBlazorUI\CleanserBlazorUI.csproj]
     1>D:\AB3\clnsr_prjct\CleanserBlazorUI\Components\Pages\Home.razor(6487,13): warning CS8602: Dereference of a possibly null reference. [D:\AB3\clnsr_prjct\CleanserBlazorUI\CleanserBlazorUI.csproj]
     1>D:\AB3\clnsr_prjct\CleanserBlazorUI\Components\Pages\Home.razor(6488,13): warning CS8602: Dereference of a possibly null reference. [D:\AB3\clnsr_prjct\CleanserBlazorUI\CleanserBlazorUI.csproj]
     1>D:\AB3\clnsr_prjct\CleanserBlazorUI\Components\Pages\Home.razor(6491,17): warning CS8602: Dereference of a possibly null reference. [D:\AB3\clnsr_prjct\CleanserBlazorUI\CleanserBlazorUI.csproj]
     1>D:\AB3\clnsr_prjct\CleanserBlazorUI\Components\Pages\Home.razor(6492,17): warning CS8602: Dereference of a possibly null reference. [D:\AB3\clnsr_prjct\CleanserBlazorUI\CleanserBlazorUI.csproj]
     1>D:\AB3\clnsr_prjct\CleanserBlazorUI\Components\Pages\Home.razor(6493,17): warning CS8602: Dereference of a possibly null reference. [D:\AB3\clnsr_prjct\CleanserBlazorUI\CleanserBlazorUI.csproj]
     1>D:\AB3\clnsr_prjct\CleanserBlazorUI\Components\Pages\Home.razor(6494,17): warning CS8602: Dereference of a possibly null reference. [D:\AB3\clnsr_prjct\CleanserBlazorUI\CleanserBlazorUI.csproj]
     1>D:\AB3\clnsr_prjct\CleanserBlazorUI\Components\Pages\Home.razor(6495,17): warning CS8602: Dereference of a possibly null reference. [D:\AB3\clnsr_prjct\CleanserBlazorUI\CleanserBlazorUI.csproj]
     1>D:\AB3\clnsr_prjct\CleanserBlazorUI\Components\Pages\Home.razor(6496,17): warning CS8602: Dereference of a possibly null reference. [D:\AB3\clnsr_prjct\CleanserBlazorUI\CleanserBlazorUI.csproj]
     1>D:\AB3\clnsr_prjct\CleanserBlazorUI\Components\Pages\Home.razor(6497,17): warning CS8602: Dereference of a possibly null reference. [D:\AB3\clnsr_prjct\CleanserBlazorUI\CleanserBlazorUI.csproj]
     1>D:\AB3\clnsr_prjct\CleanserBlazorUI\Components\Pages\Home.razor(6491,17): warning CS8604: Possible null reference argument for parameter 'nationalID' in 'CellDataAndStatus[] StringHelper.ValidateIDsMain1(string nationalID, string voterID, string driver, string dassport, string sSNIT, string otherIDs, string disbur_inputDate)'. [D:\AB3\clnsr_prjct\CleanserBlazorUI\CleanserBlazorUI.csproj]
     1>D:\AB3\clnsr_prjct\CleanserBlazorUI\Components\Pages\Home.razor(6492,17): warning CS8604: Possible null reference argument for parameter 'voterID' in 'CellDataAndStatus[] StringHelper.ValidateIDsMain1(string nationalID, string voterID, string driver, string dassport, string sSNIT, string otherIDs, string disbur_inputDate)'. [D:\AB3\clnsr_prjct\CleanserBlazorUI\CleanserBlazorUI.csproj]
     1>D:\AB3\clnsr_prjct\CleanserBlazorUI\Components\Pages\Home.razor(6493,17): warning CS8604: Possible null reference argument for parameter 'driver' in 'CellDataAndStatus[] StringHelper.ValidateIDsMain1(string nationalID, string voterID, string driver, string dassport, string sSNIT, string otherIDs, string disbur_inputDate)'. [D:\AB3\clnsr_prjct\CleanserBlazorUI\CleanserBlazorUI.csproj]
     1>D:\AB3\clnsr_prjct\CleanserBlazorUI\Components\Pages\Home.razor(6494,17): warning CS8604: Possible null reference argument for parameter 'dassport' in 'CellDataAndStatus[] StringHelper.ValidateIDsMain1(string nationalID, string voterID, string driver, string dassport, string sSNIT, string otherIDs, string disbur_inputDate)'. [D:\AB3\clnsr_prjct\CleanserBlazorUI\CleanserBlazorUI.csproj]
     1>D:\AB3\clnsr_prjct\CleanserBlazorUI\Components\Pages\Home.razor(6495,17): warning CS8604: Possible null reference argument for parameter 'sSNIT' in 'CellDataAndStatus[] StringHelper.ValidateIDsMain1(string nationalID, string voterID, string driver, string dassport, string sSNIT, string otherIDs, string disbur_inputDate)'. [D:\AB3\clnsr_prjct\CleanserBlazorUI\CleanserBlazorUI.csproj]
     1>D:\AB3\clnsr_prjct\CleanserBlazorUI\Components\Pages\Home.razor(6496,17): warning CS8604: Possible null reference argument for parameter 'otherIDs' in 'CellDataAndStatus[] StringHelper.ValidateIDsMain1(string nationalID, string voterID, string driver, string dassport, string sSNIT, string otherIDs, string disbur_inputDate)'. [D:\AB3\clnsr_prjct\CleanserBlazorUI\CleanserBlazorUI.csproj]
     1>D:\AB3\clnsr_prjct\CleanserBlazorUI\Components\Pages\Home.razor(6497,17): warning CS8604: Possible null reference argument for parameter 'disbur_inputDate' in 'CellDataAndStatus[] StringHelper.ValidateIDsMain1(string nationalID, string voterID, string driver, string dassport, string sSNIT, string otherIDs, string disbur_inputDate)'. [D:\AB3\clnsr_prjct\CleanserBlazorUI\CleanserBlazorUI.csproj]
     1>D:\AB3\clnsr_prjct\CleanserBlazorUI\Components\Pages\Home.razor(6508,17): warning CS8602: Dereference of a possibly null reference. [D:\AB3\clnsr_prjct\CleanserBlazorUI\CleanserBlazorUI.csproj]
     1>D:\AB3\clnsr_prjct\CleanserBlazorUI\Components\Pages\Home.razor(6514,17): warning CS8602: Dereference of a possibly null reference. [D:\AB3\clnsr_prjct\CleanserBlazorUI\CleanserBlazorUI.csproj]
     1>D:\AB3\clnsr_prjct\CleanserBlazorUI\Components\Pages\Home.razor(6520,17): warning CS8602: Dereference of a possibly null reference. [D:\AB3\clnsr_prjct\CleanserBlazorUI\CleanserBlazorUI.csproj]
     1>D:\AB3\clnsr_prjct\CleanserBlazorUI\Components\Pages\Home.razor(6525,17): warning CS8602: Dereference of a possibly null reference. [D:\AB3\clnsr_prjct\CleanserBlazorUI\CleanserBlazorUI.csproj]
     1>D:\AB3\clnsr_prjct\CleanserBlazorUI\Components\Pages\Home.razor(6529,17): warning CS8602: Dereference of a possibly null reference. [D:\AB3\clnsr_prjct\CleanserBlazorUI\CleanserBlazorUI.csproj]
     1>D:\AB3\clnsr_prjct\CleanserBlazorUI\Components\Pages\Home.razor(6581,16): warning CS8602: Dereference of a possibly null reference. [D:\AB3\clnsr_prjct\CleanserBlazorUI\CleanserBlazorUI.csproj]
     1>D:\AB3\clnsr_prjct\CleanserBlazorUI\Components\Pages\Home.razor(6582,16): warning CS8602: Dereference of a possibly null reference. [D:\AB3\clnsr_prjct\CleanserBlazorUI\CleanserBlazorUI.csproj]
     1>D:\AB3\clnsr_prjct\CleanserBlazorUI\Components\Pages\Home.razor(6583,16): warning CS8602: Dereference of a possibly null reference. [D:\AB3\clnsr_prjct\CleanserBlazorUI\CleanserBlazorUI.csproj]
     1>D:\AB3\clnsr_prjct\CleanserBlazorUI\Components\Pages\Home.razor(6584,16): warning CS8602: Dereference of a possibly null reference. [D:\AB3\clnsr_prjct\CleanserBlazorUI\CleanserBlazorUI.csproj]
     1>D:\AB3\clnsr_prjct\CleanserBlazorUI\Components\Pages\Home.razor(6585,16): warning CS8602: Dereference of a possibly null reference. [D:\AB3\clnsr_prjct\CleanserBlazorUI\CleanserBlazorUI.csproj]
     1>D:\AB3\clnsr_prjct\CleanserBlazorUI\Components\Pages\Home.razor(6581,16): warning CS8604: Possible null reference argument for parameter 'nationalID' in 'CellDataAndStatus[] StringHelper.ValidateIDsMain1_G(string nationalID, string voterID, string driver, string dassport, string sSNIT, string otherIDs, string d_date)'. [D:\AB3\clnsr_prjct\CleanserBlazorUI\CleanserBlazorUI.csproj]
     1>D:\AB3\clnsr_prjct\CleanserBlazorUI\Components\Pages\Home.razor(6582,16): warning CS8604: Possible null reference argument for parameter 'voterID' in 'CellDataAndStatus[] StringHelper.ValidateIDsMain1_G(string nationalID, string voterID, string driver, string dassport, string sSNIT, string otherIDs, string d_date)'. [D:\AB3\clnsr_prjct\CleanserBlazorUI\CleanserBlazorUI.csproj]
     1>D:\AB3\clnsr_prjct\CleanserBlazorUI\Components\Pages\Home.razor(6583,16): warning CS8604: Possible null reference argument for parameter 'driver' in 'CellDataAndStatus[] StringHelper.ValidateIDsMain1_G(string nationalID, string voterID, string driver, string dassport, string sSNIT, string otherIDs, string d_date)'. [D:\AB3\clnsr_prjct\CleanserBlazorUI\CleanserBlazorUI.csproj]
     1>D:\AB3\clnsr_prjct\CleanserBlazorUI\Components\Pages\Home.razor(6584,16): warning CS8604: Possible null reference argument for parameter 'dassport' in 'CellDataAndStatus[] StringHelper.ValidateIDsMain1_G(string nationalID, string voterID, string driver, string dassport, string sSNIT, string otherIDs, string d_date)'. [D:\AB3\clnsr_prjct\CleanserBlazorUI\CleanserBlazorUI.csproj]
     1>D:\AB3\clnsr_prjct\CleanserBlazorUI\Components\Pages\Home.razor(6585,16): warning CS8604: Possible null reference argument for parameter 'sSNIT' in 'CellDataAndStatus[] StringHelper.ValidateIDsMain1_G(string nationalID, string voterID, string driver, string dassport, string sSNIT, string otherIDs, string d_date)'. [D:\AB3\clnsr_prjct\CleanserBlazorUI\CleanserBlazorUI.csproj]
     1>D:\AB3\clnsr_prjct\CleanserBlazorUI\Components\Pages\Home.razor(6597,19): warning CS8602: Dereference of a possibly null reference. [D:\AB3\clnsr_prjct\CleanserBlazorUI\CleanserBlazorUI.csproj]
     1>D:\AB3\clnsr_prjct\CleanserBlazorUI\Components\Pages\Home.razor(6598,19): warning CS8602: Dereference of a possibly null reference. [D:\AB3\clnsr_prjct\CleanserBlazorUI\CleanserBlazorUI.csproj]
     1>D:\AB3\clnsr_prjct\CleanserBlazorUI\Components\Pages\Home.razor(6599,19): warning CS8602: Dereference of a possibly null reference. [D:\AB3\clnsr_prjct\CleanserBlazorUI\CleanserBlazorUI.csproj]
     1>D:\AB3\clnsr_prjct\CleanserBlazorUI\Components\Pages\Home.razor(6600,19): warning CS8602: Dereference of a possibly null reference. [D:\AB3\clnsr_prjct\CleanserBlazorUI\CleanserBlazorUI.csproj]
     1>D:\AB3\clnsr_prjct\CleanserBlazorUI\Components\Pages\Home.razor(6601,19): warning CS8602: Dereference of a possibly null reference. [D:\AB3\clnsr_prjct\CleanserBlazorUI\CleanserBlazorUI.csproj]
     1>D:\AB3\clnsr_prjct\CleanserBlazorUI\Components\Pages\Home.razor(6597,19): warning CS8604: Possible null reference argument for parameter 'nationalID' in 'CellDataAndStatus[] StringHelper.ValidateIDsMain1_G(string nationalID, string voterID, string driver, string dassport, string sSNIT, string otherIDs, string d_date)'. [D:\AB3\clnsr_prjct\CleanserBlazorUI\CleanserBlazorUI.csproj]
     1>D:\AB3\clnsr_prjct\CleanserBlazorUI\Components\Pages\Home.razor(6598,19): warning CS8604: Possible null reference argument for parameter 'voterID' in 'CellDataAndStatus[] StringHelper.ValidateIDsMain1_G(string nationalID, string voterID, string driver, string dassport, string sSNIT, string otherIDs, string d_date)'. [D:\AB3\clnsr_prjct\CleanserBlazorUI\CleanserBlazorUI.csproj]
     1>D:\AB3\clnsr_prjct\CleanserBlazorUI\Components\Pages\Home.razor(6599,19): warning CS8604: Possible null reference argument for parameter 'driver' in 'CellDataAndStatus[] StringHelper.ValidateIDsMain1_G(string nationalID, string voterID, string driver, string dassport, string sSNIT, string otherIDs, string d_date)'. [D:\AB3\clnsr_prjct\CleanserBlazorUI\CleanserBlazorUI.csproj]
     1>D:\AB3\clnsr_prjct\CleanserBlazorUI\Components\Pages\Home.razor(6600,19): warning CS8604: Possible null reference argument for parameter 'dassport' in 'CellDataAndStatus[] StringHelper.ValidateIDsMain1_G(string nationalID, string voterID, string driver, string dassport, string sSNIT, string otherIDs, string d_date)'. [D:\AB3\clnsr_prjct\CleanserBlazorUI\CleanserBlazorUI.csproj]
     1>D:\AB3\clnsr_prjct\CleanserBlazorUI\Components\Pages\Home.razor(6601,19): warning CS8604: Possible null reference argument for parameter 'sSNIT' in 'CellDataAndStatus[] StringHelper.ValidateIDsMain1_G(string nationalID, string voterID, string driver, string dassport, string sSNIT, string otherIDs, string d_date)'. [D:\AB3\clnsr_prjct\CleanserBlazorUI\CleanserBlazorUI.csproj]
     1>D:\AB3\clnsr_prjct\CleanserBlazorUI\Components\Pages\Home.razor(6613,18): warning CS8602: Dereference of a possibly null reference. [D:\AB3\clnsr_prjct\CleanserBlazorUI\CleanserBlazorUI.csproj]
     1>D:\AB3\clnsr_prjct\CleanserBlazorUI\Components\Pages\Home.razor(6614,18): warning CS8602: Dereference of a possibly null reference. [D:\AB3\clnsr_prjct\CleanserBlazorUI\CleanserBlazorUI.csproj]
     1>D:\AB3\clnsr_prjct\CleanserBlazorUI\Components\Pages\Home.razor(6615,18): warning CS8602: Dereference of a possibly null reference. [D:\AB3\clnsr_prjct\CleanserBlazorUI\CleanserBlazorUI.csproj]
     1>D:\AB3\clnsr_prjct\CleanserBlazorUI\Components\Pages\Home.razor(6616,18): warning CS8602: Dereference of a possibly null reference. [D:\AB3\clnsr_prjct\CleanserBlazorUI\CleanserBlazorUI.csproj]
     1>D:\AB3\clnsr_prjct\CleanserBlazorUI\Components\Pages\Home.razor(6617,18): warning CS8602: Dereference of a possibly null reference. [D:\AB3\clnsr_prjct\CleanserBlazorUI\CleanserBlazorUI.csproj]
     1>D:\AB3\clnsr_prjct\CleanserBlazorUI\Components\Pages\Home.razor(6613,18): warning CS8604: Possible null reference argument for parameter 'nationalID' in 'CellDataAndStatus[] StringHelper.ValidateIDsMain1_G(string nationalID, string voterID, string driver, string dassport, string sSNIT, string otherIDs, string d_date)'. [D:\AB3\clnsr_prjct\CleanserBlazorUI\CleanserBlazorUI.csproj]
     1>D:\AB3\clnsr_prjct\CleanserBlazorUI\Components\Pages\Home.razor(6614,18): warning CS8604: Possible null reference argument for parameter 'voterID' in 'CellDataAndStatus[] StringHelper.ValidateIDsMain1_G(string nationalID, string voterID, string driver, string dassport, string sSNIT, string otherIDs, string d_date)'. [D:\AB3\clnsr_prjct\CleanserBlazorUI\CleanserBlazorUI.csproj]
     1>D:\AB3\clnsr_prjct\CleanserBlazorUI\Components\Pages\Home.razor(6615,18): warning CS8604: Possible null reference argument for parameter 'driver' in 'CellDataAndStatus[] StringHelper.ValidateIDsMain1_G(string nationalID, string voterID, string driver, string dassport, string sSNIT, string otherIDs, string d_date)'. [D:\AB3\clnsr_prjct\CleanserBlazorUI\CleanserBlazorUI.csproj]
     1>D:\AB3\clnsr_prjct\CleanserBlazorUI\Components\Pages\Home.razor(6616,18): warning CS8604: Possible null reference argument for parameter 'dassport' in 'CellDataAndStatus[] StringHelper.ValidateIDsMain1_G(string nationalID, string voterID, string driver, string dassport, string sSNIT, string otherIDs, string d_date)'. [D:\AB3\clnsr_prjct\CleanserBlazorUI\CleanserBlazorUI.csproj]
     1>D:\AB3\clnsr_prjct\CleanserBlazorUI\Components\Pages\Home.razor(6617,18): warning CS8604: Possible null reference argument for parameter 'sSNIT' in 'CellDataAndStatus[] StringHelper.ValidateIDsMain1_G(string nationalID, string voterID, string driver, string dassport, string sSNIT, string otherIDs, string d_date)'. [D:\AB3\clnsr_prjct\CleanserBlazorUI\CleanserBlazorUI.csproj]
     1>D:\AB3\clnsr_prjct\CleanserBlazorUI\Components\Pages\Home.razor(6629,18): warning CS8602: Dereference of a possibly null reference. [D:\AB3\clnsr_prjct\CleanserBlazorUI\CleanserBlazorUI.csproj]
     1>D:\AB3\clnsr_prjct\CleanserBlazorUI\Components\Pages\Home.razor(6630,18): warning CS8602: Dereference of a possibly null reference. [D:\AB3\clnsr_prjct\CleanserBlazorUI\CleanserBlazorUI.csproj]
     1>D:\AB3\clnsr_prjct\CleanserBlazorUI\Components\Pages\Home.razor(6631,18): warning CS8602: Dereference of a possibly null reference. [D:\AB3\clnsr_prjct\CleanserBlazorUI\CleanserBlazorUI.csproj]
     1>D:\AB3\clnsr_prjct\CleanserBlazorUI\Components\Pages\Home.razor(6632,18): warning CS8602: Dereference of a possibly null reference. [D:\AB3\clnsr_prjct\CleanserBlazorUI\CleanserBlazorUI.csproj]
     1>D:\AB3\clnsr_prjct\CleanserBlazorUI\Components\Pages\Home.razor(6633,18): warning CS8602: Dereference of a possibly null reference. [D:\AB3\clnsr_prjct\CleanserBlazorUI\CleanserBlazorUI.csproj]
     1>D:\AB3\clnsr_prjct\CleanserBlazorUI\Components\Pages\Home.razor(6629,18): warning CS8604: Possible null reference argument for parameter 'nationalID' in 'CellDataAndStatus[] StringHelper.ValidateIDsMain1_G(string nationalID, string voterID, string driver, string dassport, string sSNIT, string otherIDs, string d_date)'. [D:\AB3\clnsr_prjct\CleanserBlazorUI\CleanserBlazorUI.csproj]
     1>D:\AB3\clnsr_prjct\CleanserBlazorUI\Components\Pages\Home.razor(6630,18): warning CS8604: Possible null reference argument for parameter 'voterID' in 'CellDataAndStatus[] StringHelper.ValidateIDsMain1_G(string nationalID, string voterID, string driver, string dassport, string sSNIT, string otherIDs, string d_date)'. [D:\AB3\clnsr_prjct\CleanserBlazorUI\CleanserBlazorUI.csproj]
     1>D:\AB3\clnsr_prjct\CleanserBlazorUI\Components\Pages\Home.razor(6631,18): warning CS8604: Possible null reference argument for parameter 'driver' in 'CellDataAndStatus[] StringHelper.ValidateIDsMain1_G(string nationalID, string voterID, string driver, string dassport, string sSNIT, string otherIDs, string d_date)'. [D:\AB3\clnsr_prjct\CleanserBlazorUI\CleanserBlazorUI.csproj]
     1>D:\AB3\clnsr_prjct\CleanserBlazorUI\Components\Pages\Home.razor(6632,18): warning CS8604: Possible null reference argument for parameter 'dassport' in 'CellDataAndStatus[] StringHelper.ValidateIDsMain1_G(string nationalID, string voterID, string driver, string dassport, string sSNIT, string otherIDs, string d_date)'. [D:\AB3\clnsr_prjct\CleanserBlazorUI\CleanserBlazorUI.csproj]
     1>D:\AB3\clnsr_prjct\CleanserBlazorUI\Components\Pages\Home.razor(6633,18): warning CS8604: Possible null reference argument for parameter 'sSNIT' in 'CellDataAndStatus[] StringHelper.ValidateIDsMain1_G(string nationalID, string voterID, string driver, string dassport, string sSNIT, string otherIDs, string d_date)'. [D:\AB3\clnsr_prjct\CleanserBlazorUI\CleanserBlazorUI.csproj]
     1>D:\AB3\clnsr_prjct\CleanserBlazorUI\Components\Pages\Home.razor(6643,98): warning CS8602: Dereference of a possibly null reference. [D:\AB3\clnsr_prjct\CleanserBlazorUI\CleanserBlazorUI.csproj]
     1>D:\AB3\clnsr_prjct\CleanserBlazorUI\Components\Pages\Home.razor(6643,78): warning CS8604: Possible null reference argument for parameter 'otherIDNum' in 'CellDataAndStatus[] StringHelper.OtherIdAndOtherIDType(string otherIDNum, string otherIDType)'. [D:\AB3\clnsr_prjct\CleanserBlazorUI\CleanserBlazorUI.csproj]
     1>D:\AB3\clnsr_prjct\CleanserBlazorUI\Components\Pages\Home.razor(6643,98): warning CS8604: Possible null reference argument for parameter 'otherIDType' in 'CellDataAndStatus[] StringHelper.OtherIdAndOtherIDType(string otherIDNum, string otherIDType)'. [D:\AB3\clnsr_prjct\CleanserBlazorUI\CleanserBlazorUI.csproj]
     1>D:\AB3\clnsr_prjct\CleanserBlazorUI\Components\Pages\Home.razor(6647,69): warning CS8602: Dereference of a possibly null reference. [D:\AB3\clnsr_prjct\CleanserBlazorUI\CleanserBlazorUI.csproj]
     1>D:\AB3\clnsr_prjct\CleanserBlazorUI\Components\Pages\Home.razor(6647,86): warning CS8602: Dereference of a possibly null reference. [D:\AB3\clnsr_prjct\CleanserBlazorUI\CleanserBlazorUI.csproj]
     1>D:\AB3\clnsr_prjct\CleanserBlazorUI\Components\Pages\Home.razor(6647,105): warning CS8602: Dereference of a possibly null reference. [D:\AB3\clnsr_prjct\CleanserBlazorUI\CleanserBlazorUI.csproj]
     1>D:\AB3\clnsr_prjct\CleanserBlazorUI\Components\Pages\Home.razor(6647,69): warning CS8604: Possible null reference argument for parameter 'surname' in 'CellDataAndStatus[] StringHelper.Surname_FirtName_MiddleName(string surname, string firsname, string middlename)'. [D:\AB3\clnsr_prjct\CleanserBlazorUI\CleanserBlazorUI.csproj]
     1>D:\AB3\clnsr_prjct\CleanserBlazorUI\Components\Pages\Home.razor(6647,86): warning CS8604: Possible null reference argument for parameter 'firsname' in 'CellDataAndStatus[] StringHelper.Surname_FirtName_MiddleName(string surname, string firsname, string middlename)'. [D:\AB3\clnsr_prjct\CleanserBlazorUI\CleanserBlazorUI.csproj]
     1>D:\AB3\clnsr_prjct\CleanserBlazorUI\Components\Pages\Home.razor(6647,105): warning CS8604: Possible null reference argument for parameter 'middlename' in 'CellDataAndStatus[] StringHelper.Surname_FirtName_MiddleName(string surname, string firsname, string middlename)'. [D:\AB3\clnsr_prjct\CleanserBlazorUI\CleanserBlazorUI.csproj]
     1>D:\AB3\clnsr_prjct\CleanserBlazorUI\Components\Pages\Home.razor(6653,17): warning CS8602: Dereference of a possibly null reference. [D:\AB3\clnsr_prjct\CleanserBlazorUI\CleanserBlazorUI.csproj]
     1>D:\AB3\clnsr_prjct\CleanserBlazorUI\Components\Pages\Home.razor(6653,50): warning CS8602: Dereference of a possibly null reference. [D:\AB3\clnsr_prjct\CleanserBlazorUI\CleanserBlazorUI.csproj]
     1>D:\AB3\clnsr_prjct\CleanserBlazorUI\Components\Pages\Home.razor(6653,85): warning CS8602: Dereference of a possibly null reference. [D:\AB3\clnsr_prjct\CleanserBlazorUI\CleanserBlazorUI.csproj]
     1>D:\AB3\clnsr_prjct\CleanserBlazorUI\Components\Pages\Home.razor(6659,83): warning CS8604: Possible null reference argument for parameter 'input' in 'bool Home.ContainsRestrictedWord(string input)'. [D:\AB3\clnsr_prjct\CleanserBlazorUI\CleanserBlazorUI.csproj]
     1>D:\AB3\clnsr_prjct\CleanserBlazorUI\Components\Pages\Home.razor(6659,128): warning CS8604: Possible null reference argument for parameter 'input' in 'bool Home.ContainsRestrictedWord(string input)'. [D:\AB3\clnsr_prjct\CleanserBlazorUI\CleanserBlazorUI.csproj]
     1>D:\AB3\clnsr_prjct\CleanserBlazorUI\Components\Pages\Home.razor(6694,21): warning CS8602: Dereference of a possibly null reference. [D:\AB3\clnsr_prjct\CleanserBlazorUI\CleanserBlazorUI.csproj]
     1>D:\AB3\clnsr_prjct\CleanserBlazorUI\Components\Pages\Home.razor(6695,21): warning CS8602: Dereference of a possibly null reference. [D:\AB3\clnsr_prjct\CleanserBlazorUI\CleanserBlazorUI.csproj]
     1>D:\AB3\clnsr_prjct\CleanserBlazorUI\Components\Pages\Home.razor(6703,21): warning CS8602: Dereference of a possibly null reference. [D:\AB3\clnsr_prjct\CleanserBlazorUI\CleanserBlazorUI.csproj]
     1>D:\AB3\clnsr_prjct\CleanserBlazorUI\Components\Pages\Home.razor(6704,21): warning CS8602: Dereference of a possibly null reference. [D:\AB3\clnsr_prjct\CleanserBlazorUI\CleanserBlazorUI.csproj]
     1>D:\AB3\clnsr_prjct\CleanserBlazorUI\Components\Pages\Home.razor(6717,90): warning CS8602: Dereference of a possibly null reference. [D:\AB3\clnsr_prjct\CleanserBlazorUI\CleanserBlazorUI.csproj]
     1>D:\AB3\clnsr_prjct\CleanserBlazorUI\Components\Pages\Home.razor(6717,114): warning CS8602: Dereference of a possibly null reference. [D:\AB3\clnsr_prjct\CleanserBlazorUI\CleanserBlazorUI.csproj]
     1>D:\AB3\clnsr_prjct\CleanserBlazorUI\Components\Pages\Home.razor(6717,90): warning CS8604: Possible null reference argument for parameter 'proofOfAddType' in 'CellDataAndStatus[] StringHelper.ProofOfAddType_ProofOfAddNum(string proofOfAddType, string proofOfAddNum)'. [D:\AB3\clnsr_prjct\CleanserBlazorUI\CleanserBlazorUI.csproj]
     1>D:\AB3\clnsr_prjct\CleanserBlazorUI\Components\Pages\Home.razor(6717,114): warning CS8604: Possible null reference argument for parameter 'proofOfAddNum' in 'CellDataAndStatus[] StringHelper.ProofOfAddType_ProofOfAddNum(string proofOfAddType, string proofOfAddNum)'. [D:\AB3\clnsr_prjct\CleanserBlazorUI\CleanserBlazorUI.csproj]
     1>D:\AB3\clnsr_prjct\CleanserBlazorUI\Components\Pages\Home.razor(6722,57): warning CS8602: Dereference of a possibly null reference. [D:\AB3\clnsr_prjct\CleanserBlazorUI\CleanserBlazorUI.csproj]
     1>D:\AB3\clnsr_prjct\CleanserBlazorUI\Components\Pages\Home.razor(6722,78): warning CS8602: Dereference of a possibly null reference. [D:\AB3\clnsr_prjct\CleanserBlazorUI\CleanserBlazorUI.csproj]
     1>D:\AB3\clnsr_prjct\CleanserBlazorUI\Components\Pages\Home.razor(6722,99): warning CS8602: Dereference of a possibly null reference. [D:\AB3\clnsr_prjct\CleanserBlazorUI\CleanserBlazorUI.csproj]
     1>D:\AB3\clnsr_prjct\CleanserBlazorUI\Components\Pages\Home.razor(6722,120): warning CS8602: Dereference of a possibly null reference. [D:\AB3\clnsr_prjct\CleanserBlazorUI\CleanserBlazorUI.csproj]
     1>D:\AB3\clnsr_prjct\CleanserBlazorUI\Components\Pages\Home.razor(6722,57): warning CS8604: Possible null reference argument for parameter 'addr1' in 'CellDataAndStatus[] StringHelper.CleanAddresses(string addr1, string addr2, string addr3, string addr4)'. [D:\AB3\clnsr_prjct\CleanserBlazorUI\CleanserBlazorUI.csproj]
     1>D:\AB3\clnsr_prjct\CleanserBlazorUI\Components\Pages\Home.razor(6722,78): warning CS8604: Possible null reference argument for parameter 'addr2' in 'CellDataAndStatus[] StringHelper.CleanAddresses(string addr1, string addr2, string addr3, string addr4)'. [D:\AB3\clnsr_prjct\CleanserBlazorUI\CleanserBlazorUI.csproj]
     1>D:\AB3\clnsr_prjct\CleanserBlazorUI\Components\Pages\Home.razor(6722,99): warning CS8604: Possible null reference argument for parameter 'addr3' in 'CellDataAndStatus[] StringHelper.CleanAddresses(string addr1, string addr2, string addr3, string addr4)'. [D:\AB3\clnsr_prjct\CleanserBlazorUI\CleanserBlazorUI.csproj]
     1>D:\AB3\clnsr_prjct\CleanserBlazorUI\Components\Pages\Home.razor(6722,120): warning CS8604: Possible null reference argument for parameter 'addr4' in 'CellDataAndStatus[] StringHelper.CleanAddresses(string addr1, string addr2, string addr3, string addr4)'. [D:\AB3\clnsr_prjct\CleanserBlazorUI\CleanserBlazorUI.csproj]
     1>D:\AB3\clnsr_prjct\CleanserBlazorUI\Components\Pages\Home.razor(6729,59): warning CS8602: Dereference of a possibly null reference. [D:\AB3\clnsr_prjct\CleanserBlazorUI\CleanserBlazorUI.csproj]
     1>D:\AB3\clnsr_prjct\CleanserBlazorUI\Components\Pages\Home.razor(6729,81): warning CS8602: Dereference of a possibly null reference. [D:\AB3\clnsr_prjct\CleanserBlazorUI\CleanserBlazorUI.csproj]
     1>D:\AB3\clnsr_prjct\CleanserBlazorUI\Components\Pages\Home.razor(6729,103): warning CS8602: Dereference of a possibly null reference. [D:\AB3\clnsr_prjct\CleanserBlazorUI\CleanserBlazorUI.csproj]
     1>D:\AB3\clnsr_prjct\CleanserBlazorUI\Components\Pages\Home.razor(6729,125): warning CS8602: Dereference of a possibly null reference. [D:\AB3\clnsr_prjct\CleanserBlazorUI\CleanserBlazorUI.csproj]
     1>D:\AB3\clnsr_prjct\CleanserBlazorUI\Components\Pages\Home.razor(6729,59): warning CS8604: Possible null reference argument for parameter 'addr1' in 'CellDataAndStatus[] StringHelper.CleanAddresses(string addr1, string addr2, string addr3, string addr4)'. [D:\AB3\clnsr_prjct\CleanserBlazorUI\CleanserBlazorUI.csproj]
     1>D:\AB3\clnsr_prjct\CleanserBlazorUI\Components\Pages\Home.razor(6729,81): warning CS8604: Possible null reference argument for parameter 'addr2' in 'CellDataAndStatus[] StringHelper.CleanAddresses(string addr1, string addr2, string addr3, string addr4)'. [D:\AB3\clnsr_prjct\CleanserBlazorUI\CleanserBlazorUI.csproj]
     1>D:\AB3\clnsr_prjct\CleanserBlazorUI\Components\Pages\Home.razor(6729,103): warning CS8604: Possible null reference argument for parameter 'addr3' in 'CellDataAndStatus[] StringHelper.CleanAddresses(string addr1, string addr2, string addr3, string addr4)'. [D:\AB3\clnsr_prjct\CleanserBlazorUI\CleanserBlazorUI.csproj]
     1>D:\AB3\clnsr_prjct\CleanserBlazorUI\Components\Pages\Home.razor(6729,125): warning CS8604: Possible null reference argument for parameter 'addr4' in 'CellDataAndStatus[] StringHelper.CleanAddresses(string addr1, string addr2, string addr3, string addr4)'. [D:\AB3\clnsr_prjct\CleanserBlazorUI\CleanserBlazorUI.csproj]
     1>D:\AB3\clnsr_prjct\CleanserBlazorUI\Components\Pages\Home.razor(6736,60): warning CS8602: Dereference of a possibly null reference. [D:\AB3\clnsr_prjct\CleanserBlazorUI\CleanserBlazorUI.csproj]
     1>D:\AB3\clnsr_prjct\CleanserBlazorUI\Components\Pages\Home.razor(6736,83): warning CS8602: Dereference of a possibly null reference. [D:\AB3\clnsr_prjct\CleanserBlazorUI\CleanserBlazorUI.csproj]
     1>D:\AB3\clnsr_prjct\CleanserBlazorUI\Components\Pages\Home.razor(6736,106): warning CS8602: Dereference of a possibly null reference. [D:\AB3\clnsr_prjct\CleanserBlazorUI\CleanserBlazorUI.csproj]
     1>D:\AB3\clnsr_prjct\CleanserBlazorUI\Components\Pages\Home.razor(6736,129): warning CS8602: Dereference of a possibly null reference. [D:\AB3\clnsr_prjct\CleanserBlazorUI\CleanserBlazorUI.csproj]
     1>D:\AB3\clnsr_prjct\CleanserBlazorUI\Components\Pages\Home.razor(6736,60): warning CS8604: Possible null reference argument for parameter 'addr1' in 'CellDataAndStatus[] StringHelper.CleanAddresses(string addr1, string addr2, string addr3, string addr4)'. [D:\AB3\clnsr_prjct\CleanserBlazorUI\CleanserBlazorUI.csproj]
     1>D:\AB3\clnsr_prjct\CleanserBlazorUI\Components\Pages\Home.razor(6736,83): warning CS8604: Possible null reference argument for parameter 'addr2' in 'CellDataAndStatus[] StringHelper.CleanAddresses(string addr1, string addr2, string addr3, string addr4)'. [D:\AB3\clnsr_prjct\CleanserBlazorUI\CleanserBlazorUI.csproj]
     1>D:\AB3\clnsr_prjct\CleanserBlazorUI\Components\Pages\Home.razor(6736,106): warning CS8604: Possible null reference argument for parameter 'addr3' in 'CellDataAndStatus[] StringHelper.CleanAddresses(string addr1, string addr2, string addr3, string addr4)'. [D:\AB3\clnsr_prjct\CleanserBlazorUI\CleanserBlazorUI.csproj]
     1>D:\AB3\clnsr_prjct\CleanserBlazorUI\Components\Pages\Home.razor(6736,129): warning CS8604: Possible null reference argument for parameter 'addr4' in 'CellDataAndStatus[] StringHelper.CleanAddresses(string addr1, string addr2, string addr3, string addr4)'. [D:\AB3\clnsr_prjct\CleanserBlazorUI\CleanserBlazorUI.csproj]
     1>D:\AB3\clnsr_prjct\CleanserBlazorUI\Components\Pages\Home.razor(6745,64): warning CS8602: Dereference of a possibly null reference. [D:\AB3\clnsr_prjct\CleanserBlazorUI\CleanserBlazorUI.csproj]
     1>D:\AB3\clnsr_prjct\CleanserBlazorUI\Components\Pages\Home.razor(6745,64): warning CS8602: Dereference of a possibly null reference. [D:\AB3\clnsr_prjct\CleanserBlazorUI\CleanserBlazorUI.csproj]
     1>D:\AB3\clnsr_prjct\CleanserBlazorUI\Components\Pages\Home.razor(6745,135): warning CS8602: Dereference of a possibly null reference. [D:\AB3\clnsr_prjct\CleanserBlazorUI\CleanserBlazorUI.csproj]
     1>D:\AB3\clnsr_prjct\CleanserBlazorUI\Components\Pages\Home.razor(6745,135): warning CS8602: Dereference of a possibly null reference. [D:\AB3\clnsr_prjct\CleanserBlazorUI\CleanserBlazorUI.csproj]
     1>D:\AB3\clnsr_prjct\CleanserBlazorUI\Components\Pages\Home.razor(6749,67): warning CS8602: Dereference of a possibly null reference. [D:\AB3\clnsr_prjct\CleanserBlazorUI\CleanserBlazorUI.csproj]
     1>D:\AB3\clnsr_prjct\CleanserBlazorUI\Components\Pages\Home.razor(6749,67): warning CS8602: Dereference of a possibly null reference. [D:\AB3\clnsr_prjct\CleanserBlazorUI\CleanserBlazorUI.csproj]
     1>D:\AB3\clnsr_prjct\CleanserBlazorUI\Components\Pages\Home.razor(6749,136): warning CS8602: Dereference of a possibly null reference. [D:\AB3\clnsr_prjct\CleanserBlazorUI\CleanserBlazorUI.csproj]
     1>D:\AB3\clnsr_prjct\CleanserBlazorUI\Components\Pages\Home.razor(6749,136): warning CS8602: Dereference of a possibly null reference. [D:\AB3\clnsr_prjct\CleanserBlazorUI\CleanserBlazorUI.csproj]
     1>D:\AB3\clnsr_prjct\CleanserBlazorUI\Components\Pages\Home.razor(6753,67): warning CS8602: Dereference of a possibly null reference. [D:\AB3\clnsr_prjct\CleanserBlazorUI\CleanserBlazorUI.csproj]
     1>D:\AB3\clnsr_prjct\CleanserBlazorUI\Components\Pages\Home.razor(6753,67): warning CS8602: Dereference of a possibly null reference. [D:\AB3\clnsr_prjct\CleanserBlazorUI\CleanserBlazorUI.csproj]
     1>D:\AB3\clnsr_prjct\CleanserBlazorUI\Components\Pages\Home.razor(6753,136): warning CS8602: Dereference of a possibly null reference. [D:\AB3\clnsr_prjct\CleanserBlazorUI\CleanserBlazorUI.csproj]
     1>D:\AB3\clnsr_prjct\CleanserBlazorUI\Components\Pages\Home.razor(6753,136): warning CS8602: Dereference of a possibly null reference. [D:\AB3\clnsr_prjct\CleanserBlazorUI\CleanserBlazorUI.csproj]
     1>D:\AB3\clnsr_prjct\CleanserBlazorUI\Components\Pages\Home.razor(6757,67): warning CS8602: Dereference of a possibly null reference. [D:\AB3\clnsr_prjct\CleanserBlazorUI\CleanserBlazorUI.csproj]
     1>D:\AB3\clnsr_prjct\CleanserBlazorUI\Components\Pages\Home.razor(6757,67): warning CS8602: Dereference of a possibly null reference. [D:\AB3\clnsr_prjct\CleanserBlazorUI\CleanserBlazorUI.csproj]
     1>D:\AB3\clnsr_prjct\CleanserBlazorUI\Components\Pages\Home.razor(6757,136): warning CS8602: Dereference of a possibly null reference. [D:\AB3\clnsr_prjct\CleanserBlazorUI\CleanserBlazorUI.csproj]
     1>D:\AB3\clnsr_prjct\CleanserBlazorUI\Components\Pages\Home.razor(6757,136): warning CS8602: Dereference of a possibly null reference. [D:\AB3\clnsr_prjct\CleanserBlazorUI\CleanserBlazorUI.csproj]
     1>D:\AB3\clnsr_prjct\CleanserBlazorUI\Components\Pages\Home.razor(6761,67): warning CS8602: Dereference of a possibly null reference. [D:\AB3\clnsr_prjct\CleanserBlazorUI\CleanserBlazorUI.csproj]
     1>D:\AB3\clnsr_prjct\CleanserBlazorUI\Components\Pages\Home.razor(6761,67): warning CS8602: Dereference of a possibly null reference. [D:\AB3\clnsr_prjct\CleanserBlazorUI\CleanserBlazorUI.csproj]
     1>D:\AB3\clnsr_prjct\CleanserBlazorUI\Components\Pages\Home.razor(6761,136): warning CS8602: Dereference of a possibly null reference. [D:\AB3\clnsr_prjct\CleanserBlazorUI\CleanserBlazorUI.csproj]
     1>D:\AB3\clnsr_prjct\CleanserBlazorUI\Components\Pages\Home.razor(6761,136): warning CS8602: Dereference of a possibly null reference. [D:\AB3\clnsr_prjct\CleanserBlazorUI\CleanserBlazorUI.csproj]
     1>D:\AB3\clnsr_prjct\CleanserBlazorUI\Components\Pages\Home.razor(6767,17): warning CS8602: Dereference of a possibly null reference. [D:\AB3\clnsr_prjct\CleanserBlazorUI\CleanserBlazorUI.csproj]
     1>D:\AB3\clnsr_prjct\CleanserBlazorUI\Components\Pages\Home.razor(6769,36): warning CS8602: Dereference of a possibly null reference. [D:\AB3\clnsr_prjct\CleanserBlazorUI\CleanserBlazorUI.csproj]
     1>D:\AB3\clnsr_prjct\CleanserBlazorUI\Components\Pages\Home.razor(6786,55): warning CS8602: Dereference of a possibly null reference. [D:\AB3\clnsr_prjct\CleanserBlazorUI\CleanserBlazorUI.csproj]
     1>D:\AB3\clnsr_prjct\CleanserBlazorUI\Components\Pages\Home.razor(6786,73): warning CS8602: Dereference of a possibly null reference. [D:\AB3\clnsr_prjct\CleanserBlazorUI\CleanserBlazorUI.csproj]
     1>D:\AB3\clnsr_prjct\CleanserBlazorUI\Components\Pages\Home.razor(6786,91): warning CS8602: Dereference of a possibly null reference. [D:\AB3\clnsr_prjct\CleanserBlazorUI\CleanserBlazorUI.csproj]
     1>D:\AB3\clnsr_prjct\CleanserBlazorUI\Components\Pages\Home.razor(6786,109): warning CS8602: Dereference of a possibly null reference. [D:\AB3\clnsr_prjct\CleanserBlazorUI\CleanserBlazorUI.csproj]
     1>D:\AB3\clnsr_prjct\CleanserBlazorUI\Components\Pages\Home.razor(6786,55): warning CS8604: Possible null reference argument for parameter 'addr1' in 'CellDataAndStatus[] StringHelper.CleanAddresses(string addr1, string addr2, string addr3, string addr4)'. [D:\AB3\clnsr_prjct\CleanserBlazorUI\CleanserBlazorUI.csproj]
     1>D:\AB3\clnsr_prjct\CleanserBlazorUI\Components\Pages\Home.razor(6786,73): warning CS8604: Possible null reference argument for parameter 'addr2' in 'CellDataAndStatus[] StringHelper.CleanAddresses(string addr1, string addr2, string addr3, string addr4)'. [D:\AB3\clnsr_prjct\CleanserBlazorUI\CleanserBlazorUI.csproj]
     1>D:\AB3\clnsr_prjct\CleanserBlazorUI\Components\Pages\Home.razor(6786,91): warning CS8604: Possible null reference argument for parameter 'addr3' in 'CellDataAndStatus[] StringHelper.CleanAddresses(string addr1, string addr2, string addr3, string addr4)'. [D:\AB3\clnsr_prjct\CleanserBlazorUI\CleanserBlazorUI.csproj]
     1>D:\AB3\clnsr_prjct\CleanserBlazorUI\Components\Pages\Home.razor(6786,109): warning CS8604: Possible null reference argument for parameter 'addr4' in 'CellDataAndStatus[] StringHelper.CleanAddresses(string addr1, string addr2, string addr3, string addr4)'. [D:\AB3\clnsr_prjct\CleanserBlazorUI\CleanserBlazorUI.csproj]
     1>D:\AB3\clnsr_prjct\CleanserBlazorUI\Components\Pages\Home.razor(6793,146): warning CS8602: Dereference of a possibly null reference. [D:\AB3\clnsr_prjct\CleanserBlazorUI\CleanserBlazorUI.csproj]
     1>D:\AB3\clnsr_prjct\CleanserBlazorUI\Components\Pages\Home.razor(6793,170): warning CS8602: Dereference of a possibly null reference. [D:\AB3\clnsr_prjct\CleanserBlazorUI\CleanserBlazorUI.csproj]
     1>D:\AB3\clnsr_prjct\CleanserBlazorUI\Components\Pages\Home.razor(6793,186): warning CS8602: Dereference of a possibly null reference. [D:\AB3\clnsr_prjct\CleanserBlazorUI\CleanserBlazorUI.csproj]
     1>D:\AB3\clnsr_prjct\CleanserBlazorUI\Components\Pages\Home.razor(6793,210): warning CS8602: Dereference of a possibly null reference. [D:\AB3\clnsr_prjct\CleanserBlazorUI\CleanserBlazorUI.csproj]
     1>D:\AB3\clnsr_prjct\CleanserBlazorUI\Components\Pages\Home.razor(6793,146): warning CS8604: Possible null reference argument for parameter 'incomeCurrency' in 'CellDataAndStatus[] StringHelper.IncomeCurrency_Income_jointOrSoleAcc_NoParticipantsInAcc(string incomeCurrency, string income, string jointOrSoleAcc, string noParticipantsInAcc)'. [D:\AB3\clnsr_prjct\CleanserBlazorUI\CleanserBlazorUI.csproj]
     1>D:\AB3\clnsr_prjct\CleanserBlazorUI\Components\Pages\Home.razor(6793,170): warning CS8604: Possible null reference argument for parameter 'income' in 'CellDataAndStatus[] StringHelper.IncomeCurrency_Income_jointOrSoleAcc_NoParticipantsInAcc(string incomeCurrency, string income, string jointOrSoleAcc, string noParticipantsInAcc)'. [D:\AB3\clnsr_prjct\CleanserBlazorUI\CleanserBlazorUI.csproj]
     1>D:\AB3\clnsr_prjct\CleanserBlazorUI\Components\Pages\Home.razor(6793,186): warning CS8604: Possible null reference argument for parameter 'jointOrSoleAcc' in 'CellDataAndStatus[] StringHelper.IncomeCurrency_Income_jointOrSoleAcc_NoParticipantsInAcc(string incomeCurrency, string income, string jointOrSoleAcc, string noParticipantsInAcc)'. [D:\AB3\clnsr_prjct\CleanserBlazorUI\CleanserBlazorUI.csproj]
     1>D:\AB3\clnsr_prjct\CleanserBlazorUI\Components\Pages\Home.razor(6793,210): warning CS8604: Possible null reference argument for parameter 'noParticipantsInAcc' in 'CellDataAndStatus[] StringHelper.IncomeCurrency_Income_jointOrSoleAcc_NoParticipantsInAcc(string incomeCurrency, string income, string jointOrSoleAcc, string noParticipantsInAcc)'. [D:\AB3\clnsr_prjct\CleanserBlazorUI\CleanserBlazorUI.csproj]
     1>D:\AB3\clnsr_prjct\CleanserBlazorUI\Components\Pages\Home.razor(6800,87): warning CS8602: Dereference of a possibly null reference. [D:\AB3\clnsr_prjct\CleanserBlazorUI\CleanserBlazorUI.csproj]
     1>D:\AB3\clnsr_prjct\CleanserBlazorUI\Components\Pages\Home.razor(6800,111): warning CS8602: Dereference of a possibly null reference. [D:\AB3\clnsr_prjct\CleanserBlazorUI\CleanserBlazorUI.csproj]
     1>D:\AB3\clnsr_prjct\CleanserBlazorUI\Components\Pages\Home.razor(6800,87): warning CS8604: Possible null reference argument for parameter 'facilityAmount' in 'CellDataAndStatus[] StringHelper.FacilityAmount_DisbursementAmt(string facilityAmount, string disbursementAmt)'. [D:\AB3\clnsr_prjct\CleanserBlazorUI\CleanserBlazorUI.csproj]
     1>D:\AB3\clnsr_prjct\CleanserBlazorUI\Components\Pages\Home.razor(6800,111): warning CS8604: Possible null reference argument for parameter 'disbursementAmt' in 'CellDataAndStatus[] StringHelper.FacilityAmount_DisbursementAmt(string facilityAmount, string disbursementAmt)'. [D:\AB3\clnsr_prjct\CleanserBlazorUI\CleanserBlazorUI.csproj]
     1>D:\AB3\clnsr_prjct\CleanserBlazorUI\Components\Pages\Home.razor(6805,126): warning CS8602: Dereference of a possibly null reference. [D:\AB3\clnsr_prjct\CleanserBlazorUI\CleanserBlazorUI.csproj]
     1>D:\AB3\clnsr_prjct\CleanserBlazorUI\Components\Pages\Home.razor(6805,142): warning CS8602: Dereference of a possibly null reference. [D:\AB3\clnsr_prjct\CleanserBlazorUI\CleanserBlazorUI.csproj]
     1>D:\AB3\clnsr_prjct\CleanserBlazorUI\Components\Pages\Home.razor(6805,167): warning CS8602: Dereference of a possibly null reference. [D:\AB3\clnsr_prjct\CleanserBlazorUI\CleanserBlazorUI.csproj]
     1>D:\AB3\clnsr_prjct\CleanserBlazorUI\Components\Pages\Home.razor(6805,204): warning CS8602: Dereference of a possibly null reference. [D:\AB3\clnsr_prjct\CleanserBlazorUI\CleanserBlazorUI.csproj]
     1>D:\AB3\clnsr_prjct\CleanserBlazorUI\Components\Pages\Home.razor(6805,232): warning CS8602: Dereference of a possibly null reference. [D:\AB3\clnsr_prjct\CleanserBlazorUI\CleanserBlazorUI.csproj]
     1>D:\AB3\clnsr_prjct\CleanserBlazorUI\Components\Pages\Home.razor(6805,126): warning CS8604: Possible null reference argument for parameter 'currentBalance' in 'CellDataAndStatus[] StringHelper.CurBal0_AmtOverdue1_WOffAmount2_NDIA3_Fsc4_d_Date5(string currentBalance, string amtInArrears, string writtenOffAmount, string nDIA, string fcode, string f_isDate, string filename)'. [D:\AB3\clnsr_prjct\CleanserBlazorUI\CleanserBlazorUI.csproj]
     1>D:\AB3\clnsr_prjct\CleanserBlazorUI\Components\Pages\Home.razor(6805,142): warning CS8604: Possible null reference argument for parameter 'amtInArrears' in 'CellDataAndStatus[] StringHelper.CurBal0_AmtOverdue1_WOffAmount2_NDIA3_Fsc4_d_Date5(string currentBalance, string amtInArrears, string writtenOffAmount, string nDIA, string fcode, string f_isDate, string filename)'. [D:\AB3\clnsr_prjct\CleanserBlazorUI\CleanserBlazorUI.csproj]
     1>D:\AB3\clnsr_prjct\CleanserBlazorUI\Components\Pages\Home.razor(6805,167): warning CS8604: Possible null reference argument for parameter 'writtenOffAmount' in 'CellDataAndStatus[] StringHelper.CurBal0_AmtOverdue1_WOffAmount2_NDIA3_Fsc4_d_Date5(string currentBalance, string amtInArrears, string writtenOffAmount, string nDIA, string fcode, string f_isDate, string filename)'. [D:\AB3\clnsr_prjct\CleanserBlazorUI\CleanserBlazorUI.csproj]
     1>D:\AB3\clnsr_prjct\CleanserBlazorUI\Components\Pages\Home.razor(6805,190): warning CS8604: Possible null reference argument for parameter 'nDIA' in 'CellDataAndStatus[] StringHelper.CurBal0_AmtOverdue1_WOffAmount2_NDIA3_Fsc4_d_Date5(string currentBalance, string amtInArrears, string writtenOffAmount, string nDIA, string fcode, string f_isDate, string filename)'. [D:\AB3\clnsr_prjct\CleanserBlazorUI\CleanserBlazorUI.csproj]
     1>D:\AB3\clnsr_prjct\CleanserBlazorUI\Components\Pages\Home.razor(6805,204): warning CS8604: Possible null reference argument for parameter 'fcode' in 'CellDataAndStatus[] StringHelper.CurBal0_AmtOverdue1_WOffAmount2_NDIA3_Fsc4_d_Date5(string currentBalance, string amtInArrears, string writtenOffAmount, string nDIA, string fcode, string f_isDate, string filename)'. [D:\AB3\clnsr_prjct\CleanserBlazorUI\CleanserBlazorUI.csproj]
     1>D:\AB3\clnsr_prjct\CleanserBlazorUI\Components\Pages\Home.razor(6805,232): warning CS8604: Possible null reference argument for parameter 'f_isDate' in 'CellDataAndStatus[] StringHelper.CurBal0_AmtOverdue1_WOffAmount2_NDIA3_Fsc4_d_Date5(string currentBalance, string amtInArrears, string writtenOffAmount, string nDIA, string fcode, string f_isDate, string filename)'. [D:\AB3\clnsr_prjct\CleanserBlazorUI\CleanserBlazorUI.csproj]
     1>D:\AB3\clnsr_prjct\CleanserBlazorUI\Components\Pages\Home.razor(6820,53): warning CS8602: Dereference of a possibly null reference. [D:\AB3\clnsr_prjct\CleanserBlazorUI\CleanserBlazorUI.csproj]
     1>D:\AB3\clnsr_prjct\CleanserBlazorUI\Components\Pages\Home.razor(6820,69): warning CS8602: Dereference of a possibly null reference. [D:\AB3\clnsr_prjct\CleanserBlazorUI\CleanserBlazorUI.csproj]
     1>D:\AB3\clnsr_prjct\CleanserBlazorUI\Components\Pages\Home.razor(6820,85): warning CS8602: Dereference of a possibly null reference. [D:\AB3\clnsr_prjct\CleanserBlazorUI\CleanserBlazorUI.csproj]
     1>D:\AB3\clnsr_prjct\CleanserBlazorUI\Components\Pages\Home.razor(6820,53): warning CS8604: Possible null reference argument for parameter 'addr1' in 'CellDataAndStatus[] StringHelper.CleanAddresses(string addr1, string addr2, string addr3, string addr4)'. [D:\AB3\clnsr_prjct\CleanserBlazorUI\CleanserBlazorUI.csproj]
     1>D:\AB3\clnsr_prjct\CleanserBlazorUI\Components\Pages\Home.razor(6820,69): warning CS8604: Possible null reference argument for parameter 'addr2' in 'CellDataAndStatus[] StringHelper.CleanAddresses(string addr1, string addr2, string addr3, string addr4)'. [D:\AB3\clnsr_prjct\CleanserBlazorUI\CleanserBlazorUI.csproj]
     1>D:\AB3\clnsr_prjct\CleanserBlazorUI\Components\Pages\Home.razor(6820,85): warning CS8604: Possible null reference argument for parameter 'addr3' in 'CellDataAndStatus[] StringHelper.CleanAddresses(string addr1, string addr2, string addr3, string addr4)'. [D:\AB3\clnsr_prjct\CleanserBlazorUI\CleanserBlazorUI.csproj]
     1>D:\AB3\clnsr_prjct\CleanserBlazorUI\Components\Pages\Home.razor(6826,53): warning CS8602: Dereference of a possibly null reference. [D:\AB3\clnsr_prjct\CleanserBlazorUI\CleanserBlazorUI.csproj]
     1>D:\AB3\clnsr_prjct\CleanserBlazorUI\Components\Pages\Home.razor(6826,69): warning CS8602: Dereference of a possibly null reference. [D:\AB3\clnsr_prjct\CleanserBlazorUI\CleanserBlazorUI.csproj]
     1>D:\AB3\clnsr_prjct\CleanserBlazorUI\Components\Pages\Home.razor(6826,85): warning CS8602: Dereference of a possibly null reference. [D:\AB3\clnsr_prjct\CleanserBlazorUI\CleanserBlazorUI.csproj]
     1>D:\AB3\clnsr_prjct\CleanserBlazorUI\Components\Pages\Home.razor(6826,53): warning CS8604: Possible null reference argument for parameter 'addr1' in 'CellDataAndStatus[] StringHelper.CleanAddresses(string addr1, string addr2, string addr3, string addr4)'. [D:\AB3\clnsr_prjct\CleanserBlazorUI\CleanserBlazorUI.csproj]
     1>D:\AB3\clnsr_prjct\CleanserBlazorUI\Components\Pages\Home.razor(6826,69): warning CS8604: Possible null reference argument for parameter 'addr2' in 'CellDataAndStatus[] StringHelper.CleanAddresses(string addr1, string addr2, string addr3, string addr4)'. [D:\AB3\clnsr_prjct\CleanserBlazorUI\CleanserBlazorUI.csproj]
     1>D:\AB3\clnsr_prjct\CleanserBlazorUI\Components\Pages\Home.razor(6826,85): warning CS8604: Possible null reference argument for parameter 'addr3' in 'CellDataAndStatus[] StringHelper.CleanAddresses(string addr1, string addr2, string addr3, string addr4)'. [D:\AB3\clnsr_prjct\CleanserBlazorUI\CleanserBlazorUI.csproj]
     1>D:\AB3\clnsr_prjct\CleanserBlazorUI\Components\Pages\Home.razor(6832,53): warning CS8602: Dereference of a possibly null reference. [D:\AB3\clnsr_prjct\CleanserBlazorUI\CleanserBlazorUI.csproj]
     1>D:\AB3\clnsr_prjct\CleanserBlazorUI\Components\Pages\Home.razor(6832,69): warning CS8602: Dereference of a possibly null reference. [D:\AB3\clnsr_prjct\CleanserBlazorUI\CleanserBlazorUI.csproj]
     1>D:\AB3\clnsr_prjct\CleanserBlazorUI\Components\Pages\Home.razor(6832,85): warning CS8602: Dereference of a possibly null reference. [D:\AB3\clnsr_prjct\CleanserBlazorUI\CleanserBlazorUI.csproj]
     1>D:\AB3\clnsr_prjct\CleanserBlazorUI\Components\Pages\Home.razor(6832,53): warning CS8604: Possible null reference argument for parameter 'addr1' in 'CellDataAndStatus[] StringHelper.CleanAddresses(string addr1, string addr2, string addr3, string addr4)'. [D:\AB3\clnsr_prjct\CleanserBlazorUI\CleanserBlazorUI.csproj]
     1>D:\AB3\clnsr_prjct\CleanserBlazorUI\Components\Pages\Home.razor(6832,69): warning CS8604: Possible null reference argument for parameter 'addr2' in 'CellDataAndStatus[] StringHelper.CleanAddresses(string addr1, string addr2, string addr3, string addr4)'. [D:\AB3\clnsr_prjct\CleanserBlazorUI\CleanserBlazorUI.csproj]
     1>D:\AB3\clnsr_prjct\CleanserBlazorUI\Components\Pages\Home.razor(6832,85): warning CS8604: Possible null reference argument for parameter 'addr3' in 'CellDataAndStatus[] StringHelper.CleanAddresses(string addr1, string addr2, string addr3, string addr4)'. [D:\AB3\clnsr_prjct\CleanserBlazorUI\CleanserBlazorUI.csproj]
     1>D:\AB3\clnsr_prjct\CleanserBlazorUI\Components\Pages\Home.razor(6838,53): warning CS8602: Dereference of a possibly null reference. [D:\AB3\clnsr_prjct\CleanserBlazorUI\CleanserBlazorUI.csproj]
     1>D:\AB3\clnsr_prjct\CleanserBlazorUI\Components\Pages\Home.razor(6838,69): warning CS8602: Dereference of a possibly null reference. [D:\AB3\clnsr_prjct\CleanserBlazorUI\CleanserBlazorUI.csproj]
     1>D:\AB3\clnsr_prjct\CleanserBlazorUI\Components\Pages\Home.razor(6838,85): warning CS8602: Dereference of a possibly null reference. [D:\AB3\clnsr_prjct\CleanserBlazorUI\CleanserBlazorUI.csproj]
     1>D:\AB3\clnsr_prjct\CleanserBlazorUI\Components\Pages\Home.razor(6838,53): warning CS8604: Possible null reference argument for parameter 'addr1' in 'CellDataAndStatus[] StringHelper.CleanAddresses(string addr1, string addr2, string addr3, string addr4)'. [D:\AB3\clnsr_prjct\CleanserBlazorUI\CleanserBlazorUI.csproj]
     1>D:\AB3\clnsr_prjct\CleanserBlazorUI\Components\Pages\Home.razor(6838,69): warning CS8604: Possible null reference argument for parameter 'addr2' in 'CellDataAndStatus[] StringHelper.CleanAddresses(string addr1, string addr2, string addr3, string addr4)'. [D:\AB3\clnsr_prjct\CleanserBlazorUI\CleanserBlazorUI.csproj]
     1>D:\AB3\clnsr_prjct\CleanserBlazorUI\Components\Pages\Home.razor(6838,85): warning CS8604: Possible null reference argument for parameter 'addr3' in 'CellDataAndStatus[] StringHelper.CleanAddresses(string addr1, string addr2, string addr3, string addr4)'. [D:\AB3\clnsr_prjct\CleanserBlazorUI\CleanserBlazorUI.csproj]
     1>D:\AB3\clnsr_prjct\CleanserBlazorUI\Components\Pages\Home.razor(6844,47): warning CS8602: Dereference of a possibly null reference. [D:\AB3\clnsr_prjct\CleanserBlazorUI\CleanserBlazorUI.csproj]
     1>D:\AB3\clnsr_prjct\CleanserBlazorUI\Components\Pages\Home.razor(6844,47): warning CS8604: Possible null reference argument for parameter 'input' in 'string Home.FilterBusinessKeywords(string input)'. [D:\AB3\clnsr_prjct\CleanserBlazorUI\CleanserBlazorUI.csproj]
     1>D:\AB3\clnsr_prjct\CleanserBlazorUI\Components\Pages\Home.razor(6848,17): warning CS8602: Dereference of a possibly null reference. [D:\AB3\clnsr_prjct\CleanserBlazorUI\CleanserBlazorUI.csproj]
     1>D:\AB3\clnsr_prjct\CleanserBlazorUI\Components\Pages\Home.razor(6860,44): warning CS8602: Dereference of a possibly null reference. [D:\AB3\clnsr_prjct\CleanserBlazorUI\CleanserBlazorUI.csproj]
     1>D:\AB3\clnsr_prjct\CleanserBlazorUI\Components\Pages\Home.razor(6860,63): warning CS8602: Dereference of a possibly null reference. [D:\AB3\clnsr_prjct\CleanserBlazorUI\CleanserBlazorUI.csproj]
     1>D:\AB3\clnsr_prjct\CleanserBlazorUI\Components\Pages\Home.razor(6860,84): warning CS8602: Dereference of a possibly null reference. [D:\AB3\clnsr_prjct\CleanserBlazorUI\CleanserBlazorUI.csproj]
     1>D:\AB3\clnsr_prjct\CleanserBlazorUI\Components\Pages\Home.razor(6861,47): warning CS8602: Dereference of a possibly null reference. [D:\AB3\clnsr_prjct\CleanserBlazorUI\CleanserBlazorUI.csproj]
     1>D:\AB3\clnsr_prjct\CleanserBlazorUI\Components\Pages\Home.razor(6861,65): warning CS8602: Dereference of a possibly null reference. [D:\AB3\clnsr_prjct\CleanserBlazorUI\CleanserBlazorUI.csproj]
     1>D:\AB3\clnsr_prjct\CleanserBlazorUI\Components\Pages\Home.razor(6862,13): warning CS8602: Dereference of a possibly null reference. [D:\AB3\clnsr_prjct\CleanserBlazorUI\CleanserBlazorUI.csproj]
     1>D:\AB3\clnsr_prjct\CleanserBlazorUI\Components\Pages\Home.razor(6860,44): warning CS8604: Possible null reference argument for parameter 'S' in '(string S, string F, string M, string NID, string VID, string DID, string PID, string SSID, string GENDER, string DOB, string ADD1, string ADD2, string ADD3, string ADD4, string HTEL, string WTEL, string GMOB) Home.GurantorDataConvertor(string S, string F, string M, string NID, string VID, string DID, string PID, string SSID, string GENDER, string DOB, string ADD1, string ADD2, string ADD3, string ADD4, string HTEL, string WTEL, string GMOB, string ind1_bus2)'. [D:\AB3\clnsr_prjct\CleanserBlazorUI\CleanserBlazorUI.csproj]
     1>D:\AB3\clnsr_prjct\CleanserBlazorUI\Components\Pages\Home.razor(6860,63): warning CS8604: Possible null reference argument for parameter 'F' in '(string S, string F, string M, string NID, string VID, string DID, string PID, string SSID, string GENDER, string DOB, string ADD1, string ADD2, string ADD3, string ADD4, string HTEL, string WTEL, string GMOB) Home.GurantorDataConvertor(string S, string F, string M, string NID, string VID, string DID, string PID, string SSID, string GENDER, string DOB, string ADD1, string ADD2, string ADD3, string ADD4, string HTEL, string WTEL, string GMOB, string ind1_bus2)'. [D:\AB3\clnsr_prjct\CleanserBlazorUI\CleanserBlazorUI.csproj]
     1>D:\AB3\clnsr_prjct\CleanserBlazorUI\Components\Pages\Home.razor(6860,84): warning CS8604: Possible null reference argument for parameter 'M' in '(string S, string F, string M, string NID, string VID, string DID, string PID, string SSID, string GENDER, string DOB, string ADD1, string ADD2, string ADD3, string ADD4, string HTEL, string WTEL, string GMOB) Home.GurantorDataConvertor(string S, string F, string M, string NID, string VID, string DID, string PID, string SSID, string GENDER, string DOB, string ADD1, string ADD2, string ADD3, string ADD4, string HTEL, string WTEL, string GMOB, string ind1_bus2)'. [D:\AB3\clnsr_prjct\CleanserBlazorUI\CleanserBlazorUI.csproj]
     1>D:\AB3\clnsr_prjct\CleanserBlazorUI\Components\Pages\Home.razor(6860,107): warning CS8604: Possible null reference argument for parameter 'NID' in '(string S, string F, string M, string NID, string VID, string DID, string PID, string SSID, string GENDER, string DOB, string ADD1, string ADD2, string ADD3, string ADD4, string HTEL, string WTEL, string GMOB) Home.GurantorDataConvertor(string S, string F, string M, string NID, string VID, string DID, string PID, string SSID, string GENDER, string DOB, string ADD1, string ADD2, string ADD3, string ADD4, string HTEL, string WTEL, string GMOB, string ind1_bus2)'. [D:\AB3\clnsr_prjct\CleanserBlazorUI\CleanserBlazorUI.csproj]
     1>D:\AB3\clnsr_prjct\CleanserBlazorUI\Components\Pages\Home.razor(6860,124): warning CS8604: Possible null reference argument for parameter 'VID' in '(string S, string F, string M, string NID, string VID, string DID, string PID, string SSID, string GENDER, string DOB, string ADD1, string ADD2, string ADD3, string ADD4, string HTEL, string WTEL, string GMOB) Home.GurantorDataConvertor(string S, string F, string M, string NID, string VID, string DID, string PID, string SSID, string GENDER, string DOB, string ADD1, string ADD2, string ADD3, string ADD4, string HTEL, string WTEL, string GMOB, string ind1_bus2)'. [D:\AB3\clnsr_prjct\CleanserBlazorUI\CleanserBlazorUI.csproj]
     1>D:\AB3\clnsr_prjct\CleanserBlazorUI\Components\Pages\Home.razor(6860,141): warning CS8604: Possible null reference argument for parameter 'DID' in '(string S, string F, string M, string NID, string VID, string DID, string PID, string SSID, string GENDER, string DOB, string ADD1, string ADD2, string ADD3, string ADD4, string HTEL, string WTEL, string GMOB) Home.GurantorDataConvertor(string S, string F, string M, string NID, string VID, string DID, string PID, string SSID, string GENDER, string DOB, string ADD1, string ADD2, string ADD3, string ADD4, string HTEL, string WTEL, string GMOB, string ind1_bus2)'. [D:\AB3\clnsr_prjct\CleanserBlazorUI\CleanserBlazorUI.csproj]
     1>D:\AB3\clnsr_prjct\CleanserBlazorUI\Components\Pages\Home.razor(6861,13): warning CS8604: Possible null reference argument for parameter 'PID' in '(string S, string F, string M, string NID, string VID, string DID, string PID, string SSID, string GENDER, string DOB, string ADD1, string ADD2, string ADD3, string ADD4, string HTEL, string WTEL, string GMOB) Home.GurantorDataConvertor(string S, string F, string M, string NID, string VID, string DID, string PID, string SSID, string GENDER, string DOB, string ADD1, string ADD2, string ADD3, string ADD4, string HTEL, string WTEL, string GMOB, string ind1_bus2)'. [D:\AB3\clnsr_prjct\CleanserBlazorUI\CleanserBlazorUI.csproj]
     1>D:\AB3\clnsr_prjct\CleanserBlazorUI\Components\Pages\Home.razor(6861,32): warning CS8604: Possible null reference argument for parameter 'SSID' in '(string S, string F, string M, string NID, string VID, string DID, string PID, string SSID, string GENDER, string DOB, string ADD1, string ADD2, string ADD3, string ADD4, string HTEL, string WTEL, string GMOB) Home.GurantorDataConvertor(string S, string F, string M, string NID, string VID, string DID, string PID, string SSID, string GENDER, string DOB, string ADD1, string ADD2, string ADD3, string ADD4, string HTEL, string WTEL, string GMOB, string ind1_bus2)'. [D:\AB3\clnsr_prjct\CleanserBlazorUI\CleanserBlazorUI.csproj]
     1>D:\AB3\clnsr_prjct\CleanserBlazorUI\Components\Pages\Home.razor(6861,47): warning CS8604: Possible null reference argument for parameter 'GENDER' in '(string S, string F, string M, string NID, string VID, string DID, string PID, string SSID, string GENDER, string DOB, string ADD1, string ADD2, string ADD3, string ADD4, string HTEL, string WTEL, string GMOB) Home.GurantorDataConvertor(string S, string F, string M, string NID, string VID, string DID, string PID, string SSID, string GENDER, string DOB, string ADD1, string ADD2, string ADD3, string ADD4, string HTEL, string WTEL, string GMOB, string ind1_bus2)'. [D:\AB3\clnsr_prjct\CleanserBlazorUI\CleanserBlazorUI.csproj]
     1>D:\AB3\clnsr_prjct\CleanserBlazorUI\Components\Pages\Home.razor(6861,65): warning CS8604: Possible null reference argument for parameter 'DOB' in '(string S, string F, string M, string NID, string VID, string DID, string PID, string SSID, string GENDER, string DOB, string ADD1, string ADD2, string ADD3, string ADD4, string HTEL, string WTEL, string GMOB) Home.GurantorDataConvertor(string S, string F, string M, string NID, string VID, string DID, string PID, string SSID, string GENDER, string DOB, string ADD1, string ADD2, string ADD3, string ADD4, string HTEL, string WTEL, string GMOB, string ind1_bus2)'. [D:\AB3\clnsr_prjct\CleanserBlazorUI\CleanserBlazorUI.csproj]
     1>D:\AB3\clnsr_prjct\CleanserBlazorUI\Components\Pages\Home.razor(6861,80): warning CS8604: Possible null reference argument for parameter 'ADD1' in '(string S, string F, string M, string NID, string VID, string DID, string PID, string SSID, string GENDER, string DOB, string ADD1, string ADD2, string ADD3, string ADD4, string HTEL, string WTEL, string GMOB) Home.GurantorDataConvertor(string S, string F, string M, string NID, string VID, string DID, string PID, string SSID, string GENDER, string DOB, string ADD1, string ADD2, string ADD3, string ADD4, string HTEL, string WTEL, string GMOB, string ind1_bus2)'. [D:\AB3\clnsr_prjct\CleanserBlazorUI\CleanserBlazorUI.csproj]
     1>D:\AB3\clnsr_prjct\CleanserBlazorUI\Components\Pages\Home.razor(6861,96): warning CS8604: Possible null reference argument for parameter 'ADD2' in '(string S, string F, string M, string NID, string VID, string DID, string PID, string SSID, string GENDER, string DOB, string ADD1, string ADD2, string ADD3, string ADD4, string HTEL, string WTEL, string GMOB) Home.GurantorDataConvertor(string S, string F, string M, string NID, string VID, string DID, string PID, string SSID, string GENDER, string DOB, string ADD1, string ADD2, string ADD3, string ADD4, string HTEL, string WTEL, string GMOB, string ind1_bus2)'. [D:\AB3\clnsr_prjct\CleanserBlazorUI\CleanserBlazorUI.csproj]
     1>D:\AB3\clnsr_prjct\CleanserBlazorUI\Components\Pages\Home.razor(6861,112): warning CS8604: Possible null reference argument for parameter 'ADD3' in '(string S, string F, string M, string NID, string VID, string DID, string PID, string SSID, string GENDER, string DOB, string ADD1, string ADD2, string ADD3, string ADD4, string HTEL, string WTEL, string GMOB) Home.GurantorDataConvertor(string S, string F, string M, string NID, string VID, string DID, string PID, string SSID, string GENDER, string DOB, string ADD1, string ADD2, string ADD3, string ADD4, string HTEL, string WTEL, string GMOB, string ind1_bus2)'. [D:\AB3\clnsr_prjct\CleanserBlazorUI\CleanserBlazorUI.csproj]
     1>D:\AB3\clnsr_prjct\CleanserBlazorUI\Components\Pages\Home.razor(6861,142): warning CS8604: Possible null reference argument for parameter 'HTEL' in '(string S, string F, string M, string NID, string VID, string DID, string PID, string SSID, string GENDER, string DOB, string ADD1, string ADD2, string ADD3, string ADD4, string HTEL, string WTEL, string GMOB) Home.GurantorDataConvertor(string S, string F, string M, string NID, string VID, string DID, string PID, string SSID, string GENDER, string DOB, string ADD1, string ADD2, string ADD3, string ADD4, string HTEL, string WTEL, string GMOB, string ind1_bus2)'. [D:\AB3\clnsr_prjct\CleanserBlazorUI\CleanserBlazorUI.csproj]
     1>D:\AB3\clnsr_prjct\CleanserBlazorUI\Components\Pages\Home.razor(6862,13): warning CS8604: Possible null reference argument for parameter 'WTEL' in '(string S, string F, string M, string NID, string VID, string DID, string PID, string SSID, string GENDER, string DOB, string ADD1, string ADD2, string ADD3, string ADD4, string HTEL, string WTEL, string GMOB) Home.GurantorDataConvertor(string S, string F, string M, string NID, string VID, string DID, string PID, string SSID, string GENDER, string DOB, string ADD1, string ADD2, string ADD3, string ADD4, string HTEL, string WTEL, string GMOB, string ind1_bus2)'. [D:\AB3\clnsr_prjct\CleanserBlazorUI\CleanserBlazorUI.csproj]
     1>D:\AB3\clnsr_prjct\CleanserBlazorUI\Components\Pages\Home.razor(6862,32): warning CS8604: Possible null reference argument for parameter 'GMOB' in '(string S, string F, string M, string NID, string VID, string DID, string PID, string SSID, string GENDER, string DOB, string ADD1, string ADD2, string ADD3, string ADD4, string HTEL, string WTEL, string GMOB) Home.GurantorDataConvertor(string S, string F, string M, string NID, string VID, string DID, string PID, string SSID, string GENDER, string DOB, string ADD1, string ADD2, string ADD3, string ADD4, string HTEL, string WTEL, string GMOB, string ind1_bus2)'. [D:\AB3\clnsr_prjct\CleanserBlazorUI\CleanserBlazorUI.csproj]
     1>D:\AB3\clnsr_prjct\CleanserBlazorUI\Components\Pages\Home.razor(6881,44): warning CS8602: Dereference of a possibly null reference. [D:\AB3\clnsr_prjct\CleanserBlazorUI\CleanserBlazorUI.csproj]
     1>D:\AB3\clnsr_prjct\CleanserBlazorUI\Components\Pages\Home.razor(6881,63): warning CS8602: Dereference of a possibly null reference. [D:\AB3\clnsr_prjct\CleanserBlazorUI\CleanserBlazorUI.csproj]
     1>D:\AB3\clnsr_prjct\CleanserBlazorUI\Components\Pages\Home.razor(6881,84): warning CS8602: Dereference of a possibly null reference. [D:\AB3\clnsr_prjct\CleanserBlazorUI\CleanserBlazorUI.csproj]
     1>D:\AB3\clnsr_prjct\CleanserBlazorUI\Components\Pages\Home.razor(6882,46): warning CS8602: Dereference of a possibly null reference. [D:\AB3\clnsr_prjct\CleanserBlazorUI\CleanserBlazorUI.csproj]
     1>D:\AB3\clnsr_prjct\CleanserBlazorUI\Components\Pages\Home.razor(6882,64): warning CS8602: Dereference of a possibly null reference. [D:\AB3\clnsr_prjct\CleanserBlazorUI\CleanserBlazorUI.csproj]
     1>D:\AB3\clnsr_prjct\CleanserBlazorUI\Components\Pages\Home.razor(6883,12): warning CS8602: Dereference of a possibly null reference. [D:\AB3\clnsr_prjct\CleanserBlazorUI\CleanserBlazorUI.csproj]
     1>D:\AB3\clnsr_prjct\CleanserBlazorUI\Components\Pages\Home.razor(6881,44): warning CS8604: Possible null reference argument for parameter 'S' in '(string S, string F, string M, string NID, string VID, string DID, string PID, string SSID, string GENDER, string DOB, string ADD1, string ADD2, string ADD3, string ADD4, string HTEL, string WTEL, string GMOB) Home.GurantorDataConvertor(string S, string F, string M, string NID, string VID, string DID, string PID, string SSID, string GENDER, string DOB, string ADD1, string ADD2, string ADD3, string ADD4, string HTEL, string WTEL, string GMOB, string ind1_bus2)'. [D:\AB3\clnsr_prjct\CleanserBlazorUI\CleanserBlazorUI.csproj]
     1>D:\AB3\clnsr_prjct\CleanserBlazorUI\Components\Pages\Home.razor(6881,63): warning CS8604: Possible null reference argument for parameter 'F' in '(string S, string F, string M, string NID, string VID, string DID, string PID, string SSID, string GENDER, string DOB, string ADD1, string ADD2, string ADD3, string ADD4, string HTEL, string WTEL, string GMOB) Home.GurantorDataConvertor(string S, string F, string M, string NID, string VID, string DID, string PID, string SSID, string GENDER, string DOB, string ADD1, string ADD2, string ADD3, string ADD4, string HTEL, string WTEL, string GMOB, string ind1_bus2)'. [D:\AB3\clnsr_prjct\CleanserBlazorUI\CleanserBlazorUI.csproj]
     1>D:\AB3\clnsr_prjct\CleanserBlazorUI\Components\Pages\Home.razor(6881,84): warning CS8604: Possible null reference argument for parameter 'M' in '(string S, string F, string M, string NID, string VID, string DID, string PID, string SSID, string GENDER, string DOB, string ADD1, string ADD2, string ADD3, string ADD4, string HTEL, string WTEL, string GMOB) Home.GurantorDataConvertor(string S, string F, string M, string NID, string VID, string DID, string PID, string SSID, string GENDER, string DOB, string ADD1, string ADD2, string ADD3, string ADD4, string HTEL, string WTEL, string GMOB, string ind1_bus2)'. [D:\AB3\clnsr_prjct\CleanserBlazorUI\CleanserBlazorUI.csproj]
     1>D:\AB3\clnsr_prjct\CleanserBlazorUI\Components\Pages\Home.razor(6881,107): warning CS8604: Possible null reference argument for parameter 'NID' in '(string S, string F, string M, string NID, string VID, string DID, string PID, string SSID, string GENDER, string DOB, string ADD1, string ADD2, string ADD3, string ADD4, string HTEL, string WTEL, string GMOB) Home.GurantorDataConvertor(string S, string F, string M, string NID, string VID, string DID, string PID, string SSID, string GENDER, string DOB, string ADD1, string ADD2, string ADD3, string ADD4, string HTEL, string WTEL, string GMOB, string ind1_bus2)'. [D:\AB3\clnsr_prjct\CleanserBlazorUI\CleanserBlazorUI.csproj]
     1>D:\AB3\clnsr_prjct\CleanserBlazorUI\Components\Pages\Home.razor(6881,124): warning CS8604: Possible null reference argument for parameter 'VID' in '(string S, string F, string M, string NID, string VID, string DID, string PID, string SSID, string GENDER, string DOB, string ADD1, string ADD2, string ADD3, string ADD4, string HTEL, string WTEL, string GMOB) Home.GurantorDataConvertor(string S, string F, string M, string NID, string VID, string DID, string PID, string SSID, string GENDER, string DOB, string ADD1, string ADD2, string ADD3, string ADD4, string HTEL, string WTEL, string GMOB, string ind1_bus2)'. [D:\AB3\clnsr_prjct\CleanserBlazorUI\CleanserBlazorUI.csproj]
     1>D:\AB3\clnsr_prjct\CleanserBlazorUI\Components\Pages\Home.razor(6881,141): warning CS8604: Possible null reference argument for parameter 'DID' in '(string S, string F, string M, string NID, string VID, string DID, string PID, string SSID, string GENDER, string DOB, string ADD1, string ADD2, string ADD3, string ADD4, string HTEL, string WTEL, string GMOB) Home.GurantorDataConvertor(string S, string F, string M, string NID, string VID, string DID, string PID, string SSID, string GENDER, string DOB, string ADD1, string ADD2, string ADD3, string ADD4, string HTEL, string WTEL, string GMOB, string ind1_bus2)'. [D:\AB3\clnsr_prjct\CleanserBlazorUI\CleanserBlazorUI.csproj]
     1>D:\AB3\clnsr_prjct\CleanserBlazorUI\Components\Pages\Home.razor(6882,12): warning CS8604: Possible null reference argument for parameter 'PID' in '(string S, string F, string M, string NID, string VID, string DID, string PID, string SSID, string GENDER, string DOB, string ADD1, string ADD2, string ADD3, string ADD4, string HTEL, string WTEL, string GMOB) Home.GurantorDataConvertor(string S, string F, string M, string NID, string VID, string DID, string PID, string SSID, string GENDER, string DOB, string ADD1, string ADD2, string ADD3, string ADD4, string HTEL, string WTEL, string GMOB, string ind1_bus2)'. [D:\AB3\clnsr_prjct\CleanserBlazorUI\CleanserBlazorUI.csproj]
     1>D:\AB3\clnsr_prjct\CleanserBlazorUI\Components\Pages\Home.razor(6882,31): warning CS8604: Possible null reference argument for parameter 'SSID' in '(string S, string F, string M, string NID, string VID, string DID, string PID, string SSID, string GENDER, string DOB, string ADD1, string ADD2, string ADD3, string ADD4, string HTEL, string WTEL, string GMOB) Home.GurantorDataConvertor(string S, string F, string M, string NID, string VID, string DID, string PID, string SSID, string GENDER, string DOB, string ADD1, string ADD2, string ADD3, string ADD4, string HTEL, string WTEL, string GMOB, string ind1_bus2)'. [D:\AB3\clnsr_prjct\CleanserBlazorUI\CleanserBlazorUI.csproj]
     1>D:\AB3\clnsr_prjct\CleanserBlazorUI\Components\Pages\Home.razor(6882,46): warning CS8604: Possible null reference argument for parameter 'GENDER' in '(string S, string F, string M, string NID, string VID, string DID, string PID, string SSID, string GENDER, string DOB, string ADD1, string ADD2, string ADD3, string ADD4, string HTEL, string WTEL, string GMOB) Home.GurantorDataConvertor(string S, string F, string M, string NID, string VID, string DID, string PID, string SSID, string GENDER, string DOB, string ADD1, string ADD2, string ADD3, string ADD4, string HTEL, string WTEL, string GMOB, string ind1_bus2)'. [D:\AB3\clnsr_prjct\CleanserBlazorUI\CleanserBlazorUI.csproj]
     1>D:\AB3\clnsr_prjct\CleanserBlazorUI\Components\Pages\Home.razor(6882,64): warning CS8604: Possible null reference argument for parameter 'DOB' in '(string S, string F, string M, string NID, string VID, string DID, string PID, string SSID, string GENDER, string DOB, string ADD1, string ADD2, string ADD3, string ADD4, string HTEL, string WTEL, string GMOB) Home.GurantorDataConvertor(string S, string F, string M, string NID, string VID, string DID, string PID, string SSID, string GENDER, string DOB, string ADD1, string ADD2, string ADD3, string ADD4, string HTEL, string WTEL, string GMOB, string ind1_bus2)'. [D:\AB3\clnsr_prjct\CleanserBlazorUI\CleanserBlazorUI.csproj]
     1>D:\AB3\clnsr_prjct\CleanserBlazorUI\Components\Pages\Home.razor(6882,79): warning CS8604: Possible null reference argument for parameter 'ADD1' in '(string S, string F, string M, string NID, string VID, string DID, string PID, string SSID, string GENDER, string DOB, string ADD1, string ADD2, string ADD3, string ADD4, string HTEL, string WTEL, string GMOB) Home.GurantorDataConvertor(string S, string F, string M, string NID, string VID, string DID, string PID, string SSID, string GENDER, string DOB, string ADD1, string ADD2, string ADD3, string ADD4, string HTEL, string WTEL, string GMOB, string ind1_bus2)'. [D:\AB3\clnsr_prjct\CleanserBlazorUI\CleanserBlazorUI.csproj]
     1>D:\AB3\clnsr_prjct\CleanserBlazorUI\Components\Pages\Home.razor(6882,95): warning CS8604: Possible null reference argument for parameter 'ADD2' in '(string S, string F, string M, string NID, string VID, string DID, string PID, string SSID, string GENDER, string DOB, string ADD1, string ADD2, string ADD3, string ADD4, string HTEL, string WTEL, string GMOB) Home.GurantorDataConvertor(string S, string F, string M, string NID, string VID, string DID, string PID, string SSID, string GENDER, string DOB, string ADD1, string ADD2, string ADD3, string ADD4, string HTEL, string WTEL, string GMOB, string ind1_bus2)'. [D:\AB3\clnsr_prjct\CleanserBlazorUI\CleanserBlazorUI.csproj]
     1>D:\AB3\clnsr_prjct\CleanserBlazorUI\Components\Pages\Home.razor(6882,111): warning CS8604: Possible null reference argument for parameter 'ADD3' in '(string S, string F, string M, string NID, string VID, string DID, string PID, string SSID, string GENDER, string DOB, string ADD1, string ADD2, string ADD3, string ADD4, string HTEL, string WTEL, string GMOB) Home.GurantorDataConvertor(string S, string F, string M, string NID, string VID, string DID, string PID, string SSID, string GENDER, string DOB, string ADD1, string ADD2, string ADD3, string ADD4, string HTEL, string WTEL, string GMOB, string ind1_bus2)'. [D:\AB3\clnsr_prjct\CleanserBlazorUI\CleanserBlazorUI.csproj]
     1>D:\AB3\clnsr_prjct\CleanserBlazorUI\Components\Pages\Home.razor(6882,141): warning CS8604: Possible null reference argument for parameter 'HTEL' in '(string S, string F, string M, string NID, string VID, string DID, string PID, string SSID, string GENDER, string DOB, string ADD1, string ADD2, string ADD3, string ADD4, string HTEL, string WTEL, string GMOB) Home.GurantorDataConvertor(string S, string F, string M, string NID, string VID, string DID, string PID, string SSID, string GENDER, string DOB, string ADD1, string ADD2, string ADD3, string ADD4, string HTEL, string WTEL, string GMOB, string ind1_bus2)'. [D:\AB3\clnsr_prjct\CleanserBlazorUI\CleanserBlazorUI.csproj]
     1>D:\AB3\clnsr_prjct\CleanserBlazorUI\Components\Pages\Home.razor(6883,12): warning CS8604: Possible null reference argument for parameter 'WTEL' in '(string S, string F, string M, string NID, string VID, string DID, string PID, string SSID, string GENDER, string DOB, string ADD1, string ADD2, string ADD3, string ADD4, string HTEL, string WTEL, string GMOB) Home.GurantorDataConvertor(string S, string F, string M, string NID, string VID, string DID, string PID, string SSID, string GENDER, string DOB, string ADD1, string ADD2, string ADD3, string ADD4, string HTEL, string WTEL, string GMOB, string ind1_bus2)'. [D:\AB3\clnsr_prjct\CleanserBlazorUI\CleanserBlazorUI.csproj]
     1>D:\AB3\clnsr_prjct\CleanserBlazorUI\Components\Pages\Home.razor(6883,31): warning CS8604: Possible null reference argument for parameter 'GMOB' in '(string S, string F, string M, string NID, string VID, string DID, string PID, string SSID, string GENDER, string DOB, string ADD1, string ADD2, string ADD3, string ADD4, string HTEL, string WTEL, string GMOB) Home.GurantorDataConvertor(string S, string F, string M, string NID, string VID, string DID, string PID, string SSID, string GENDER, string DOB, string ADD1, string ADD2, string ADD3, string ADD4, string HTEL, string WTEL, string GMOB, string ind1_bus2)'. [D:\AB3\clnsr_prjct\CleanserBlazorUI\CleanserBlazorUI.csproj]
     1>D:\AB3\clnsr_prjct\CleanserBlazorUI\Components\Pages\Home.razor(6902,44): warning CS8602: Dereference of a possibly null reference. [D:\AB3\clnsr_prjct\CleanserBlazorUI\CleanserBlazorUI.csproj]
     1>D:\AB3\clnsr_prjct\CleanserBlazorUI\Components\Pages\Home.razor(6902,63): warning CS8602: Dereference of a possibly null reference. [D:\AB3\clnsr_prjct\CleanserBlazorUI\CleanserBlazorUI.csproj]
     1>D:\AB3\clnsr_prjct\CleanserBlazorUI\Components\Pages\Home.razor(6902,84): warning CS8602: Dereference of a possibly null reference. [D:\AB3\clnsr_prjct\CleanserBlazorUI\CleanserBlazorUI.csproj]
     1>D:\AB3\clnsr_prjct\CleanserBlazorUI\Components\Pages\Home.razor(6903,46): warning CS8602: Dereference of a possibly null reference. [D:\AB3\clnsr_prjct\CleanserBlazorUI\CleanserBlazorUI.csproj]
     1>D:\AB3\clnsr_prjct\CleanserBlazorUI\Components\Pages\Home.razor(6903,64): warning CS8602: Dereference of a possibly null reference. [D:\AB3\clnsr_prjct\CleanserBlazorUI\CleanserBlazorUI.csproj]
     1>D:\AB3\clnsr_prjct\CleanserBlazorUI\Components\Pages\Home.razor(6904,12): warning CS8602: Dereference of a possibly null reference. [D:\AB3\clnsr_prjct\CleanserBlazorUI\CleanserBlazorUI.csproj]
     1>D:\AB3\clnsr_prjct\CleanserBlazorUI\Components\Pages\Home.razor(6902,44): warning CS8604: Possible null reference argument for parameter 'S' in '(string S, string F, string M, string NID, string VID, string DID, string PID, string SSID, string GENDER, string DOB, string ADD1, string ADD2, string ADD3, string ADD4, string HTEL, string WTEL, string GMOB) Home.GurantorDataConvertor(string S, string F, string M, string NID, string VID, string DID, string PID, string SSID, string GENDER, string DOB, string ADD1, string ADD2, string ADD3, string ADD4, string HTEL, string WTEL, string GMOB, string ind1_bus2)'. [D:\AB3\clnsr_prjct\CleanserBlazorUI\CleanserBlazorUI.csproj]
     1>D:\AB3\clnsr_prjct\CleanserBlazorUI\Components\Pages\Home.razor(6902,63): warning CS8604: Possible null reference argument for parameter 'F' in '(string S, string F, string M, string NID, string VID, string DID, string PID, string SSID, string GENDER, string DOB, string ADD1, string ADD2, string ADD3, string ADD4, string HTEL, string WTEL, string GMOB) Home.GurantorDataConvertor(string S, string F, string M, string NID, string VID, string DID, string PID, string SSID, string GENDER, string DOB, string ADD1, string ADD2, string ADD3, string ADD4, string HTEL, string WTEL, string GMOB, string ind1_bus2)'. [D:\AB3\clnsr_prjct\CleanserBlazorUI\CleanserBlazorUI.csproj]
     1>D:\AB3\clnsr_prjct\CleanserBlazorUI\Components\Pages\Home.razor(6902,84): warning CS8604: Possible null reference argument for parameter 'M' in '(string S, string F, string M, string NID, string VID, string DID, string PID, string SSID, string GENDER, string DOB, string ADD1, string ADD2, string ADD3, string ADD4, string HTEL, string WTEL, string GMOB) Home.GurantorDataConvertor(string S, string F, string M, string NID, string VID, string DID, string PID, string SSID, string GENDER, string DOB, string ADD1, string ADD2, string ADD3, string ADD4, string HTEL, string WTEL, string GMOB, string ind1_bus2)'. [D:\AB3\clnsr_prjct\CleanserBlazorUI\CleanserBlazorUI.csproj]
     1>D:\AB3\clnsr_prjct\CleanserBlazorUI\Components\Pages\Home.razor(6902,107): warning CS8604: Possible null reference argument for parameter 'NID' in '(string S, string F, string M, string NID, string VID, string DID, string PID, string SSID, string GENDER, string DOB, string ADD1, string ADD2, string ADD3, string ADD4, string HTEL, string WTEL, string GMOB) Home.GurantorDataConvertor(string S, string F, string M, string NID, string VID, string DID, string PID, string SSID, string GENDER, string DOB, string ADD1, string ADD2, string ADD3, string ADD4, string HTEL, string WTEL, string GMOB, string ind1_bus2)'. [D:\AB3\clnsr_prjct\CleanserBlazorUI\CleanserBlazorUI.csproj]
     1>D:\AB3\clnsr_prjct\CleanserBlazorUI\Components\Pages\Home.razor(6902,124): warning CS8604: Possible null reference argument for parameter 'VID' in '(string S, string F, string M, string NID, string VID, string DID, string PID, string SSID, string GENDER, string DOB, string ADD1, string ADD2, string ADD3, string ADD4, string HTEL, string WTEL, string GMOB) Home.GurantorDataConvertor(string S, string F, string M, string NID, string VID, string DID, string PID, string SSID, string GENDER, string DOB, string ADD1, string ADD2, string ADD3, string ADD4, string HTEL, string WTEL, string GMOB, string ind1_bus2)'. [D:\AB3\clnsr_prjct\CleanserBlazorUI\CleanserBlazorUI.csproj]
     1>D:\AB3\clnsr_prjct\CleanserBlazorUI\Components\Pages\Home.razor(6902,141): warning CS8604: Possible null reference argument for parameter 'DID' in '(string S, string F, string M, string NID, string VID, string DID, string PID, string SSID, string GENDER, string DOB, string ADD1, string ADD2, string ADD3, string ADD4, string HTEL, string WTEL, string GMOB) Home.GurantorDataConvertor(string S, string F, string M, string NID, string VID, string DID, string PID, string SSID, string GENDER, string DOB, string ADD1, string ADD2, string ADD3, string ADD4, string HTEL, string WTEL, string GMOB, string ind1_bus2)'. [D:\AB3\clnsr_prjct\CleanserBlazorUI\CleanserBlazorUI.csproj]
     1>D:\AB3\clnsr_prjct\CleanserBlazorUI\Components\Pages\Home.razor(6903,12): warning CS8604: Possible null reference argument for parameter 'PID' in '(string S, string F, string M, string NID, string VID, string DID, string PID, string SSID, string GENDER, string DOB, string ADD1, string ADD2, string ADD3, string ADD4, string HTEL, string WTEL, string GMOB) Home.GurantorDataConvertor(string S, string F, string M, string NID, string VID, string DID, string PID, string SSID, string GENDER, string DOB, string ADD1, string ADD2, string ADD3, string ADD4, string HTEL, string WTEL, string GMOB, string ind1_bus2)'. [D:\AB3\clnsr_prjct\CleanserBlazorUI\CleanserBlazorUI.csproj]
     1>D:\AB3\clnsr_prjct\CleanserBlazorUI\Components\Pages\Home.razor(6903,31): warning CS8604: Possible null reference argument for parameter 'SSID' in '(string S, string F, string M, string NID, string VID, string DID, string PID, string SSID, string GENDER, string DOB, string ADD1, string ADD2, string ADD3, string ADD4, string HTEL, string WTEL, string GMOB) Home.GurantorDataConvertor(string S, string F, string M, string NID, string VID, string DID, string PID, string SSID, string GENDER, string DOB, string ADD1, string ADD2, string ADD3, string ADD4, string HTEL, string WTEL, string GMOB, string ind1_bus2)'. [D:\AB3\clnsr_prjct\CleanserBlazorUI\CleanserBlazorUI.csproj]
     1>D:\AB3\clnsr_prjct\CleanserBlazorUI\Components\Pages\Home.razor(6903,46): warning CS8604: Possible null reference argument for parameter 'GENDER' in '(string S, string F, string M, string NID, string VID, string DID, string PID, string SSID, string GENDER, string DOB, string ADD1, string ADD2, string ADD3, string ADD4, string HTEL, string WTEL, string GMOB) Home.GurantorDataConvertor(string S, string F, string M, string NID, string VID, string DID, string PID, string SSID, string GENDER, string DOB, string ADD1, string ADD2, string ADD3, string ADD4, string HTEL, string WTEL, string GMOB, string ind1_bus2)'. [D:\AB3\clnsr_prjct\CleanserBlazorUI\CleanserBlazorUI.csproj]
     1>D:\AB3\clnsr_prjct\CleanserBlazorUI\Components\Pages\Home.razor(6903,64): warning CS8604: Possible null reference argument for parameter 'DOB' in '(string S, string F, string M, string NID, string VID, string DID, string PID, string SSID, string GENDER, string DOB, string ADD1, string ADD2, string ADD3, string ADD4, string HTEL, string WTEL, string GMOB) Home.GurantorDataConvertor(string S, string F, string M, string NID, string VID, string DID, string PID, string SSID, string GENDER, string DOB, string ADD1, string ADD2, string ADD3, string ADD4, string HTEL, string WTEL, string GMOB, string ind1_bus2)'. [D:\AB3\clnsr_prjct\CleanserBlazorUI\CleanserBlazorUI.csproj]
     1>D:\AB3\clnsr_prjct\CleanserBlazorUI\Components\Pages\Home.razor(6903,79): warning CS8604: Possible null reference argument for parameter 'ADD1' in '(string S, string F, string M, string NID, string VID, string DID, string PID, string SSID, string GENDER, string DOB, string ADD1, string ADD2, string ADD3, string ADD4, string HTEL, string WTEL, string GMOB) Home.GurantorDataConvertor(string S, string F, string M, string NID, string VID, string DID, string PID, string SSID, string GENDER, string DOB, string ADD1, string ADD2, string ADD3, string ADD4, string HTEL, string WTEL, string GMOB, string ind1_bus2)'. [D:\AB3\clnsr_prjct\CleanserBlazorUI\CleanserBlazorUI.csproj]
     1>D:\AB3\clnsr_prjct\CleanserBlazorUI\Components\Pages\Home.razor(6903,95): warning CS8604: Possible null reference argument for parameter 'ADD2' in '(string S, string F, string M, string NID, string VID, string DID, string PID, string SSID, string GENDER, string DOB, string ADD1, string ADD2, string ADD3, string ADD4, string HTEL, string WTEL, string GMOB) Home.GurantorDataConvertor(string S, string F, string M, string NID, string VID, string DID, string PID, string SSID, string GENDER, string DOB, string ADD1, string ADD2, string ADD3, string ADD4, string HTEL, string WTEL, string GMOB, string ind1_bus2)'. [D:\AB3\clnsr_prjct\CleanserBlazorUI\CleanserBlazorUI.csproj]
     1>D:\AB3\clnsr_prjct\CleanserBlazorUI\Components\Pages\Home.razor(6903,111): warning CS8604: Possible null reference argument for parameter 'ADD3' in '(string S, string F, string M, string NID, string VID, string DID, string PID, string SSID, string GENDER, string DOB, string ADD1, string ADD2, string ADD3, string ADD4, string HTEL, string WTEL, string GMOB) Home.GurantorDataConvertor(string S, string F, string M, string NID, string VID, string DID, string PID, string SSID, string GENDER, string DOB, string ADD1, string ADD2, string ADD3, string ADD4, string HTEL, string WTEL, string GMOB, string ind1_bus2)'. [D:\AB3\clnsr_prjct\CleanserBlazorUI\CleanserBlazorUI.csproj]
     1>D:\AB3\clnsr_prjct\CleanserBlazorUI\Components\Pages\Home.razor(6903,141): warning CS8604: Possible null reference argument for parameter 'HTEL' in '(string S, string F, string M, string NID, string VID, string DID, string PID, string SSID, string GENDER, string DOB, string ADD1, string ADD2, string ADD3, string ADD4, string HTEL, string WTEL, string GMOB) Home.GurantorDataConvertor(string S, string F, string M, string NID, string VID, string DID, string PID, string SSID, string GENDER, string DOB, string ADD1, string ADD2, string ADD3, string ADD4, string HTEL, string WTEL, string GMOB, string ind1_bus2)'. [D:\AB3\clnsr_prjct\CleanserBlazorUI\CleanserBlazorUI.csproj]
     1>D:\AB3\clnsr_prjct\CleanserBlazorUI\Components\Pages\Home.razor(6904,12): warning CS8604: Possible null reference argument for parameter 'WTEL' in '(string S, string F, string M, string NID, string VID, string DID, string PID, string SSID, string GENDER, string DOB, string ADD1, string ADD2, string ADD3, string ADD4, string HTEL, string WTEL, string GMOB) Home.GurantorDataConvertor(string S, string F, string M, string NID, string VID, string DID, string PID, string SSID, string GENDER, string DOB, string ADD1, string ADD2, string ADD3, string ADD4, string HTEL, string WTEL, string GMOB, string ind1_bus2)'. [D:\AB3\clnsr_prjct\CleanserBlazorUI\CleanserBlazorUI.csproj]
     1>D:\AB3\clnsr_prjct\CleanserBlazorUI\Components\Pages\Home.razor(6904,31): warning CS8604: Possible null reference argument for parameter 'GMOB' in '(string S, string F, string M, string NID, string VID, string DID, string PID, string SSID, string GENDER, string DOB, string ADD1, string ADD2, string ADD3, string ADD4, string HTEL, string WTEL, string GMOB) Home.GurantorDataConvertor(string S, string F, string M, string NID, string VID, string DID, string PID, string SSID, string GENDER, string DOB, string ADD1, string ADD2, string ADD3, string ADD4, string HTEL, string WTEL, string GMOB, string ind1_bus2)'. [D:\AB3\clnsr_prjct\CleanserBlazorUI\CleanserBlazorUI.csproj]
     1>D:\AB3\clnsr_prjct\CleanserBlazorUI\Components\Pages\Home.razor(6923,44): warning CS8602: Dereference of a possibly null reference. [D:\AB3\clnsr_prjct\CleanserBlazorUI\CleanserBlazorUI.csproj]
     1>D:\AB3\clnsr_prjct\CleanserBlazorUI\Components\Pages\Home.razor(6923,63): warning CS8602: Dereference of a possibly null reference. [D:\AB3\clnsr_prjct\CleanserBlazorUI\CleanserBlazorUI.csproj]
     1>D:\AB3\clnsr_prjct\CleanserBlazorUI\Components\Pages\Home.razor(6923,84): warning CS8602: Dereference of a possibly null reference. [D:\AB3\clnsr_prjct\CleanserBlazorUI\CleanserBlazorUI.csproj]
     1>D:\AB3\clnsr_prjct\CleanserBlazorUI\Components\Pages\Home.razor(6924,46): warning CS8602: Dereference of a possibly null reference. [D:\AB3\clnsr_prjct\CleanserBlazorUI\CleanserBlazorUI.csproj]
     1>D:\AB3\clnsr_prjct\CleanserBlazorUI\Components\Pages\Home.razor(6924,64): warning CS8602: Dereference of a possibly null reference. [D:\AB3\clnsr_prjct\CleanserBlazorUI\CleanserBlazorUI.csproj]
     1>D:\AB3\clnsr_prjct\CleanserBlazorUI\Components\Pages\Home.razor(6925,12): warning CS8602: Dereference of a possibly null reference. [D:\AB3\clnsr_prjct\CleanserBlazorUI\CleanserBlazorUI.csproj]
     1>D:\AB3\clnsr_prjct\CleanserBlazorUI\Components\Pages\Home.razor(6923,44): warning CS8604: Possible null reference argument for parameter 'S' in '(string S, string F, string M, string NID, string VID, string DID, string PID, string SSID, string GENDER, string DOB, string ADD1, string ADD2, string ADD3, string ADD4, string HTEL, string WTEL, string GMOB) Home.GurantorDataConvertor(string S, string F, string M, string NID, string VID, string DID, string PID, string SSID, string GENDER, string DOB, string ADD1, string ADD2, string ADD3, string ADD4, string HTEL, string WTEL, string GMOB, string ind1_bus2)'. [D:\AB3\clnsr_prjct\CleanserBlazorUI\CleanserBlazorUI.csproj]
     1>D:\AB3\clnsr_prjct\CleanserBlazorUI\Components\Pages\Home.razor(6923,63): warning CS8604: Possible null reference argument for parameter 'F' in '(string S, string F, string M, string NID, string VID, string DID, string PID, string SSID, string GENDER, string DOB, string ADD1, string ADD2, string ADD3, string ADD4, string HTEL, string WTEL, string GMOB) Home.GurantorDataConvertor(string S, string F, string M, string NID, string VID, string DID, string PID, string SSID, string GENDER, string DOB, string ADD1, string ADD2, string ADD3, string ADD4, string HTEL, string WTEL, string GMOB, string ind1_bus2)'. [D:\AB3\clnsr_prjct\CleanserBlazorUI\CleanserBlazorUI.csproj]
     1>D:\AB3\clnsr_prjct\CleanserBlazorUI\Components\Pages\Home.razor(6923,84): warning CS8604: Possible null reference argument for parameter 'M' in '(string S, string F, string M, string NID, string VID, string DID, string PID, string SSID, string GENDER, string DOB, string ADD1, string ADD2, string ADD3, string ADD4, string HTEL, string WTEL, string GMOB) Home.GurantorDataConvertor(string S, string F, string M, string NID, string VID, string DID, string PID, string SSID, string GENDER, string DOB, string ADD1, string ADD2, string ADD3, string ADD4, string HTEL, string WTEL, string GMOB, string ind1_bus2)'. [D:\AB3\clnsr_prjct\CleanserBlazorUI\CleanserBlazorUI.csproj]
     1>D:\AB3\clnsr_prjct\CleanserBlazorUI\Components\Pages\Home.razor(6923,107): warning CS8604: Possible null reference argument for parameter 'NID' in '(string S, string F, string M, string NID, string VID, string DID, string PID, string SSID, string GENDER, string DOB, string ADD1, string ADD2, string ADD3, string ADD4, string HTEL, string WTEL, string GMOB) Home.GurantorDataConvertor(string S, string F, string M, string NID, string VID, string DID, string PID, string SSID, string GENDER, string DOB, string ADD1, string ADD2, string ADD3, string ADD4, string HTEL, string WTEL, string GMOB, string ind1_bus2)'. [D:\AB3\clnsr_prjct\CleanserBlazorUI\CleanserBlazorUI.csproj]
     1>D:\AB3\clnsr_prjct\CleanserBlazorUI\Components\Pages\Home.razor(6923,124): warning CS8604: Possible null reference argument for parameter 'VID' in '(string S, string F, string M, string NID, string VID, string DID, string PID, string SSID, string GENDER, string DOB, string ADD1, string ADD2, string ADD3, string ADD4, string HTEL, string WTEL, string GMOB) Home.GurantorDataConvertor(string S, string F, string M, string NID, string VID, string DID, string PID, string SSID, string GENDER, string DOB, string ADD1, string ADD2, string ADD3, string ADD4, string HTEL, string WTEL, string GMOB, string ind1_bus2)'. [D:\AB3\clnsr_prjct\CleanserBlazorUI\CleanserBlazorUI.csproj]
     1>D:\AB3\clnsr_prjct\CleanserBlazorUI\Components\Pages\Home.razor(6923,141): warning CS8604: Possible null reference argument for parameter 'DID' in '(string S, string F, string M, string NID, string VID, string DID, string PID, string SSID, string GENDER, string DOB, string ADD1, string ADD2, string ADD3, string ADD4, string HTEL, string WTEL, string GMOB) Home.GurantorDataConvertor(string S, string F, string M, string NID, string VID, string DID, string PID, string SSID, string GENDER, string DOB, string ADD1, string ADD2, string ADD3, string ADD4, string HTEL, string WTEL, string GMOB, string ind1_bus2)'. [D:\AB3\clnsr_prjct\CleanserBlazorUI\CleanserBlazorUI.csproj]
     1>D:\AB3\clnsr_prjct\CleanserBlazorUI\Components\Pages\Home.razor(6924,12): warning CS8604: Possible null reference argument for parameter 'PID' in '(string S, string F, string M, string NID, string VID, string DID, string PID, string SSID, string GENDER, string DOB, string ADD1, string ADD2, string ADD3, string ADD4, string HTEL, string WTEL, string GMOB) Home.GurantorDataConvertor(string S, string F, string M, string NID, string VID, string DID, string PID, string SSID, string GENDER, string DOB, string ADD1, string ADD2, string ADD3, string ADD4, string HTEL, string WTEL, string GMOB, string ind1_bus2)'. [D:\AB3\clnsr_prjct\CleanserBlazorUI\CleanserBlazorUI.csproj]
     1>D:\AB3\clnsr_prjct\CleanserBlazorUI\Components\Pages\Home.razor(6924,31): warning CS8604: Possible null reference argument for parameter 'SSID' in '(string S, string F, string M, string NID, string VID, string DID, string PID, string SSID, string GENDER, string DOB, string ADD1, string ADD2, string ADD3, string ADD4, string HTEL, string WTEL, string GMOB) Home.GurantorDataConvertor(string S, string F, string M, string NID, string VID, string DID, string PID, string SSID, string GENDER, string DOB, string ADD1, string ADD2, string ADD3, string ADD4, string HTEL, string WTEL, string GMOB, string ind1_bus2)'. [D:\AB3\clnsr_prjct\CleanserBlazorUI\CleanserBlazorUI.csproj]
     1>D:\AB3\clnsr_prjct\CleanserBlazorUI\Components\Pages\Home.razor(6924,46): warning CS8604: Possible null reference argument for parameter 'GENDER' in '(string S, string F, string M, string NID, string VID, string DID, string PID, string SSID, string GENDER, string DOB, string ADD1, string ADD2, string ADD3, string ADD4, string HTEL, string WTEL, string GMOB) Home.GurantorDataConvertor(string S, string F, string M, string NID, string VID, string DID, string PID, string SSID, string GENDER, string DOB, string ADD1, string ADD2, string ADD3, string ADD4, string HTEL, string WTEL, string GMOB, string ind1_bus2)'. [D:\AB3\clnsr_prjct\CleanserBlazorUI\CleanserBlazorUI.csproj]
     1>D:\AB3\clnsr_prjct\CleanserBlazorUI\Components\Pages\Home.razor(6924,64): warning CS8604: Possible null reference argument for parameter 'DOB' in '(string S, string F, string M, string NID, string VID, string DID, string PID, string SSID, string GENDER, string DOB, string ADD1, string ADD2, string ADD3, string ADD4, string HTEL, string WTEL, string GMOB) Home.GurantorDataConvertor(string S, string F, string M, string NID, string VID, string DID, string PID, string SSID, string GENDER, string DOB, string ADD1, string ADD2, string ADD3, string ADD4, string HTEL, string WTEL, string GMOB, string ind1_bus2)'. [D:\AB3\clnsr_prjct\CleanserBlazorUI\CleanserBlazorUI.csproj]
     1>D:\AB3\clnsr_prjct\CleanserBlazorUI\Components\Pages\Home.razor(6924,79): warning CS8604: Possible null reference argument for parameter 'ADD1' in '(string S, string F, string M, string NID, string VID, string DID, string PID, string SSID, string GENDER, string DOB, string ADD1, string ADD2, string ADD3, string ADD4, string HTEL, string WTEL, string GMOB) Home.GurantorDataConvertor(string S, string F, string M, string NID, string VID, string DID, string PID, string SSID, string GENDER, string DOB, string ADD1, string ADD2, string ADD3, string ADD4, string HTEL, string WTEL, string GMOB, string ind1_bus2)'. [D:\AB3\clnsr_prjct\CleanserBlazorUI\CleanserBlazorUI.csproj]
     1>D:\AB3\clnsr_prjct\CleanserBlazorUI\Components\Pages\Home.razor(6924,95): warning CS8604: Possible null reference argument for parameter 'ADD2' in '(string S, string F, string M, string NID, string VID, string DID, string PID, string SSID, string GENDER, string DOB, string ADD1, string ADD2, string ADD3, string ADD4, string HTEL, string WTEL, string GMOB) Home.GurantorDataConvertor(string S, string F, string M, string NID, string VID, string DID, string PID, string SSID, string GENDER, string DOB, string ADD1, string ADD2, string ADD3, string ADD4, string HTEL, string WTEL, string GMOB, string ind1_bus2)'. [D:\AB3\clnsr_prjct\CleanserBlazorUI\CleanserBlazorUI.csproj]
     1>D:\AB3\clnsr_prjct\CleanserBlazorUI\Components\Pages\Home.razor(6924,111): warning CS8604: Possible null reference argument for parameter 'ADD3' in '(string S, string F, string M, string NID, string VID, string DID, string PID, string SSID, string GENDER, string DOB, string ADD1, string ADD2, string ADD3, string ADD4, string HTEL, string WTEL, string GMOB) Home.GurantorDataConvertor(string S, string F, string M, string NID, string VID, string DID, string PID, string SSID, string GENDER, string DOB, string ADD1, string ADD2, string ADD3, string ADD4, string HTEL, string WTEL, string GMOB, string ind1_bus2)'. [D:\AB3\clnsr_prjct\CleanserBlazorUI\CleanserBlazorUI.csproj]
     1>D:\AB3\clnsr_prjct\CleanserBlazorUI\Components\Pages\Home.razor(6924,141): warning CS8604: Possible null reference argument for parameter 'HTEL' in '(string S, string F, string M, string NID, string VID, string DID, string PID, string SSID, string GENDER, string DOB, string ADD1, string ADD2, string ADD3, string ADD4, string HTEL, string WTEL, string GMOB) Home.GurantorDataConvertor(string S, string F, string M, string NID, string VID, string DID, string PID, string SSID, string GENDER, string DOB, string ADD1, string ADD2, string ADD3, string ADD4, string HTEL, string WTEL, string GMOB, string ind1_bus2)'. [D:\AB3\clnsr_prjct\CleanserBlazorUI\CleanserBlazorUI.csproj]
     1>D:\AB3\clnsr_prjct\CleanserBlazorUI\Components\Pages\Home.razor(6925,12): warning CS8604: Possible null reference argument for parameter 'WTEL' in '(string S, string F, string M, string NID, string VID, string DID, string PID, string SSID, string GENDER, string DOB, string ADD1, string ADD2, string ADD3, string ADD4, string HTEL, string WTEL, string GMOB) Home.GurantorDataConvertor(string S, string F, string M, string NID, string VID, string DID, string PID, string SSID, string GENDER, string DOB, string ADD1, string ADD2, string ADD3, string ADD4, string HTEL, string WTEL, string GMOB, string ind1_bus2)'. [D:\AB3\clnsr_prjct\CleanserBlazorUI\CleanserBlazorUI.csproj]
     1>D:\AB3\clnsr_prjct\CleanserBlazorUI\Components\Pages\Home.razor(6925,31): warning CS8604: Possible null reference argument for parameter 'GMOB' in '(string S, string F, string M, string NID, string VID, string DID, string PID, string SSID, string GENDER, string DOB, string ADD1, string ADD2, string ADD3, string ADD4, string HTEL, string WTEL, string GMOB) Home.GurantorDataConvertor(string S, string F, string M, string NID, string VID, string DID, string PID, string SSID, string GENDER, string DOB, string ADD1, string ADD2, string ADD3, string ADD4, string HTEL, string WTEL, string GMOB, string ind1_bus2)'. [D:\AB3\clnsr_prjct\CleanserBlazorUI\CleanserBlazorUI.csproj]
     1>D:\AB3\clnsr_prjct\CleanserBlazorUI\Components\Pages\Home.razor(6945,49): warning CS8602: Dereference of a possibly null reference. [D:\AB3\clnsr_prjct\CleanserBlazorUI\CleanserBlazorUI.csproj]
     1>D:\AB3\clnsr_prjct\CleanserBlazorUI\Components\Pages\Home.razor(6945,49): warning CS8604: Possible null reference argument for parameter 'dateString' in '(bool IsValidFormat, bool IsEighteenOrAbove, bool IsFutureDate, DateTime TheDate) StringHelper.CheckDate(string dateString)'. [D:\AB3\clnsr_prjct\CleanserBlazorUI\CleanserBlazorUI.csproj]
     1>D:\AB3\clnsr_prjct\CleanserBlazorUI\Components\Pages\Home.razor(6963,17): warning CS8602: Dereference of a possibly null reference. [D:\AB3\clnsr_prjct\CleanserBlazorUI\CleanserBlazorUI.csproj]
     1>D:\AB3\clnsr_prjct\CleanserBlazorUI\Components\Pages\Home.razor(6964,17): warning CS8602: Dereference of a possibly null reference. [D:\AB3\clnsr_prjct\CleanserBlazorUI\CleanserBlazorUI.csproj]
     1>D:\AB3\clnsr_prjct\CleanserBlazorUI\Components\Pages\Home.razor(6970,17): warning CS8602: Dereference of a possibly null reference. [D:\AB3\clnsr_prjct\CleanserBlazorUI\CleanserBlazorUI.csproj]
     1>D:\AB3\clnsr_prjct\CleanserBlazorUI\Components\Pages\Home.razor(6971,17): warning CS8602: Dereference of a possibly null reference. [D:\AB3\clnsr_prjct\CleanserBlazorUI\CleanserBlazorUI.csproj]
     1>D:\AB3\clnsr_prjct\CleanserBlazorUI\Components\Pages\Home.razor(6975,17): warning CS8602: Dereference of a possibly null reference. [D:\AB3\clnsr_prjct\CleanserBlazorUI\CleanserBlazorUI.csproj]
     1>D:\AB3\clnsr_prjct\CleanserBlazorUI\Components\Pages\Home.razor(6976,17): warning CS8602: Dereference of a possibly null reference. [D:\AB3\clnsr_prjct\CleanserBlazorUI\CleanserBlazorUI.csproj]
     1>D:\AB3\clnsr_prjct\CleanserBlazorUI\Components\Pages\Home.razor(6992,17): warning CS8602: Dereference of a possibly null reference. [D:\AB3\clnsr_prjct\CleanserBlazorUI\CleanserBlazorUI.csproj]
     1>D:\AB3\clnsr_prjct\CleanserBlazorUI\Components\Pages\Home.razor(6997,17): warning CS8602: Dereference of a possibly null reference. [D:\AB3\clnsr_prjct\CleanserBlazorUI\CleanserBlazorUI.csproj]
     1>D:\AB3\clnsr_prjct\CleanserBlazorUI\Components\Pages\Home.razor(7002,111): warning CS8602: Dereference of a possibly null reference. [D:\AB3\clnsr_prjct\CleanserBlazorUI\CleanserBlazorUI.csproj]
     1>D:\AB3\clnsr_prjct\CleanserBlazorUI\Components\Pages\Home.razor(7002,111): warning CS8604: Possible null reference argument for parameter 'natureOfComGua' in '(string _surname, string _natureOfComGua, string _nameOfComGuaran) Home.Surname_Nature_NameOfComGuarantorNormalizer(string surname, string natureOfComGua, string nameOfComGuaran)'. [D:\AB3\clnsr_prjct\CleanserBlazorUI\CleanserBlazorUI.csproj]
     1>D:\AB3\clnsr_prjct\CleanserBlazorUI\Components\Pages\Home.razor(7020,26): warning CS8602: Dereference of a possibly null reference. [D:\AB3\clnsr_prjct\CleanserBlazorUI\CleanserBlazorUI.csproj]
     1>D:\AB3\clnsr_prjct\CleanserBlazorUI\Components\Pages\Home.razor(7020,26): warning CS8604: Possible null reference argument for parameter 'input' in 'bool Home.IsLetter(string input)'. [D:\AB3\clnsr_prjct\CleanserBlazorUI\CleanserBlazorUI.csproj]
     1>D:\AB3\clnsr_prjct\CleanserBlazorUI\Components\Pages\Home.razor(7034,17): warning CS8602: Dereference of a possibly null reference. [D:\AB3\clnsr_prjct\CleanserBlazorUI\CleanserBlazorUI.csproj]
     1>D:\AB3\clnsr_prjct\CleanserBlazorUI\Components\Pages\Home.razor(7040,17): warning CS8602: Dereference of a possibly null reference. [D:\AB3\clnsr_prjct\CleanserBlazorUI\CleanserBlazorUI.csproj]
     1>D:\AB3\clnsr_prjct\CleanserBlazorUI\Components\Pages\Home.razor(7045,17): warning CS8602: Dereference of a possibly null reference. [D:\AB3\clnsr_prjct\CleanserBlazorUI\CleanserBlazorUI.csproj]
     1>D:\AB3\clnsr_prjct\CleanserBlazorUI\Components\Pages\Home.razor(7137,63): warning CS8602: Dereference of a possibly null reference. [D:\AB3\clnsr_prjct\CleanserBlazorUI\CleanserBlazorUI.csproj]
     1>D:\AB3\clnsr_prjct\CleanserBlazorUI\Components\Pages\Home.razor(7137,63): warning CS8604: Possible null reference argument for parameter 'input' in 'bool StringHelper.AccountCustomerInValidCharacter(string input)'. [D:\AB3\clnsr_prjct\CleanserBlazorUI\CleanserBlazorUI.csproj]
     1>D:\AB3\clnsr_prjct\CleanserBlazorUI\Components\Pages\Home.razor(7141,63): warning CS8602: Dereference of a possibly null reference. [D:\AB3\clnsr_prjct\CleanserBlazorUI\CleanserBlazorUI.csproj]
     1>D:\AB3\clnsr_prjct\CleanserBlazorUI\Components\Pages\Home.razor(7141,63): warning CS8604: Possible null reference argument for parameter 'input' in 'bool StringHelper.AccountCustomerInValidCharacter(string input)'. [D:\AB3\clnsr_prjct\CleanserBlazorUI\CleanserBlazorUI.csproj]
     1>D:\AB3\clnsr_prjct\CleanserBlazorUI\Components\Pages\Home.razor(7150,27): warning CS8602: Dereference of a possibly null reference. [D:\AB3\clnsr_prjct\CleanserBlazorUI\CleanserBlazorUI.csproj]
     1>D:\AB3\clnsr_prjct\CleanserBlazorUI\Components\Pages\Home.razor(7151,27): warning CS8602: Dereference of a possibly null reference. [D:\AB3\clnsr_prjct\CleanserBlazorUI\CleanserBlazorUI.csproj]
     1>D:\AB3\clnsr_prjct\CleanserBlazorUI\Components\Pages\Home.razor(7152,32): warning CS8602: Dereference of a possibly null reference. [D:\AB3\clnsr_prjct\CleanserBlazorUI\CleanserBlazorUI.csproj]
     1>D:\AB3\clnsr_prjct\CleanserBlazorUI\Components\Pages\Home.razor(7154,37): warning CS8602: Dereference of a possibly null reference. [D:\AB3\clnsr_prjct\CleanserBlazorUI\CleanserBlazorUI.csproj]
     1>D:\AB3\clnsr_prjct\CleanserBlazorUI\Components\Pages\Home.razor(7167,40): warning CS8600: Converting null literal or possible null value to non-nullable type. [D:\AB3\clnsr_prjct\CleanserBlazorUI\CleanserBlazorUI.csproj]
     1>D:\AB3\clnsr_prjct\CleanserBlazorUI\Components\Pages\Home.razor(7170,52): warning CS8602: Dereference of a possibly null reference. [D:\AB3\clnsr_prjct\CleanserBlazorUI\CleanserBlazorUI.csproj]
     1>D:\AB3\clnsr_prjct\CleanserBlazorUI\Components\Pages\Home.razor(7170,52): warning CS8602: Dereference of a possibly null reference. [D:\AB3\clnsr_prjct\CleanserBlazorUI\CleanserBlazorUI.csproj]
     1>D:\AB3\clnsr_prjct\CleanserBlazorUI\Components\Pages\Home.razor(7170,52): warning CS8604: Possible null reference argument for parameter 'input' in 'bool StringHelper.StartsWithFourXOrZero(string input)'. [D:\AB3\clnsr_prjct\CleanserBlazorUI\CleanserBlazorUI.csproj]
     1>D:\AB3\clnsr_prjct\CleanserBlazorUI\Components\Pages\Home.razor(7174,52): warning CS8602: Dereference of a possibly null reference. [D:\AB3\clnsr_prjct\CleanserBlazorUI\CleanserBlazorUI.csproj]
     1>D:\AB3\clnsr_prjct\CleanserBlazorUI\Components\Pages\Home.razor(7174,52): warning CS8604: Possible null reference argument for parameter 'input' in 'bool StringHelper.StartsWithFourXOrZero(string input)'. [D:\AB3\clnsr_prjct\CleanserBlazorUI\CleanserBlazorUI.csproj]
     1>D:\AB3\clnsr_prjct\CleanserBlazorUI\Components\Pages\Home.razor(7195,88): warning CS8602: Dereference of a possibly null reference. [D:\AB3\clnsr_prjct\CleanserBlazorUI\CleanserBlazorUI.csproj]
     1>D:\AB3\clnsr_prjct\CleanserBlazorUI\Components\Pages\Home.razor(7195,114): warning CS8602: Dereference of a possibly null reference. [D:\AB3\clnsr_prjct\CleanserBlazorUI\CleanserBlazorUI.csproj]
     1>D:\AB3\clnsr_prjct\CleanserBlazorUI\Components\Pages\Home.razor(7195,88): warning CS8604: Possible null reference argument for parameter '_sectorindcode' in 'string[] StringHelper.Sectorindcode_Subsecindcode(string _sectorindcode, string _subsecindcode)'. [D:\AB3\clnsr_prjct\CleanserBlazorUI\CleanserBlazorUI.csproj]
     1>D:\AB3\clnsr_prjct\CleanserBlazorUI\Components\Pages\Home.razor(7195,114): warning CS8604: Possible null reference argument for parameter '_subsecindcode' in 'string[] StringHelper.Sectorindcode_Subsecindcode(string _sectorindcode, string _subsecindcode)'. [D:\AB3\clnsr_prjct\CleanserBlazorUI\CleanserBlazorUI.csproj]
     1>D:\AB3\clnsr_prjct\CleanserBlazorUI\Components\Pages\Home.razor(7199,48): warning CS8602: Dereference of a possibly null reference. [D:\AB3\clnsr_prjct\CleanserBlazorUI\CleanserBlazorUI.csproj]
     1>D:\AB3\clnsr_prjct\CleanserBlazorUI\Components\Pages\Home.razor(7199,48): warning CS8604: Possible null reference argument for parameter 'input' in 'string Home.FilterBusinessKeywords(string input)'. [D:\AB3\clnsr_prjct\CleanserBlazorUI\CleanserBlazorUI.csproj]
     1>D:\AB3\clnsr_prjct\CleanserBlazorUI\Components\Pages\Home.razor(7210,90): warning CS8604: Possible null reference argument for parameter 'input' in '(bool thisIsAGhanaCard, bool hasSixUniqueCharactersCharacters) StringHelper.IsGhanacardAndNotRepeatingCharcters(string input)'. [D:\AB3\clnsr_prjct\CleanserBlazorUI\CleanserBlazorUI.csproj]
     1>D:\AB3\clnsr_prjct\CleanserBlazorUI\Components\Pages\Home.razor(7211,86): warning CS8604: Possible null reference argument for parameter 'input' in '(bool thisIsAGhanaCard, bool hasSixUniqueCharactersCharacters) StringHelper.IsGhanacardAndNotRepeatingCharcters(string input)'. [D:\AB3\clnsr_prjct\CleanserBlazorUI\CleanserBlazorUI.csproj]
     1>D:\AB3\clnsr_prjct\CleanserBlazorUI\Components\Pages\Home.razor(7215,17): warning CS8602: Dereference of a possibly null reference. [D:\AB3\clnsr_prjct\CleanserBlazorUI\CleanserBlazorUI.csproj]
     1>D:\AB3\clnsr_prjct\CleanserBlazorUI\Components\Pages\Home.razor(7246,90): warning CS8602: Dereference of a possibly null reference. [D:\AB3\clnsr_prjct\CleanserBlazorUI\CleanserBlazorUI.csproj]
     1>D:\AB3\clnsr_prjct\CleanserBlazorUI\Components\Pages\Home.razor(7246,117): warning CS8602: Dereference of a possibly null reference. [D:\AB3\clnsr_prjct\CleanserBlazorUI\CleanserBlazorUI.csproj]
     1>D:\AB3\clnsr_prjct\CleanserBlazorUI\Components\Pages\Home.razor(7246,90): warning CS8604: Possible null reference argument for parameter 'proofOfAddType' in 'CellDataAndStatus[] StringHelper.ProofOfAddType_ProofOfAddNum(string proofOfAddType, string proofOfAddNum)'. [D:\AB3\clnsr_prjct\CleanserBlazorUI\CleanserBlazorUI.csproj]
     1>D:\AB3\clnsr_prjct\CleanserBlazorUI\Components\Pages\Home.razor(7246,117): warning CS8604: Possible null reference argument for parameter 'proofOfAddNum' in 'CellDataAndStatus[] StringHelper.ProofOfAddType_ProofOfAddNum(string proofOfAddType, string proofOfAddNum)'. [D:\AB3\clnsr_prjct\CleanserBlazorUI\CleanserBlazorUI.csproj]
     1>D:\AB3\clnsr_prjct\CleanserBlazorUI\Components\Pages\Home.razor(7252,57): warning CS8602: Dereference of a possibly null reference. [D:\AB3\clnsr_prjct\CleanserBlazorUI\CleanserBlazorUI.csproj]
     1>D:\AB3\clnsr_prjct\CleanserBlazorUI\Components\Pages\Home.razor(7252,80): warning CS8602: Dereference of a possibly null reference. [D:\AB3\clnsr_prjct\CleanserBlazorUI\CleanserBlazorUI.csproj]
     1>D:\AB3\clnsr_prjct\CleanserBlazorUI\Components\Pages\Home.razor(7252,103): warning CS8602: Dereference of a possibly null reference. [D:\AB3\clnsr_prjct\CleanserBlazorUI\CleanserBlazorUI.csproj]
     1>D:\AB3\clnsr_prjct\CleanserBlazorUI\Components\Pages\Home.razor(7252,126): warning CS8602: Dereference of a possibly null reference. [D:\AB3\clnsr_prjct\CleanserBlazorUI\CleanserBlazorUI.csproj]
     1>D:\AB3\clnsr_prjct\CleanserBlazorUI\Components\Pages\Home.razor(7252,57): warning CS8604: Possible null reference argument for parameter 'addr1' in 'CellDataAndStatus[] StringHelper.CleanAddresses(string addr1, string addr2, string addr3, string addr4)'. [D:\AB3\clnsr_prjct\CleanserBlazorUI\CleanserBlazorUI.csproj]
     1>D:\AB3\clnsr_prjct\CleanserBlazorUI\Components\Pages\Home.razor(7252,80): warning CS8604: Possible null reference argument for parameter 'addr2' in 'CellDataAndStatus[] StringHelper.CleanAddresses(string addr1, string addr2, string addr3, string addr4)'. [D:\AB3\clnsr_prjct\CleanserBlazorUI\CleanserBlazorUI.csproj]
     1>D:\AB3\clnsr_prjct\CleanserBlazorUI\Components\Pages\Home.razor(7252,103): warning CS8604: Possible null reference argument for parameter 'addr3' in 'CellDataAndStatus[] StringHelper.CleanAddresses(string addr1, string addr2, string addr3, string addr4)'. [D:\AB3\clnsr_prjct\CleanserBlazorUI\CleanserBlazorUI.csproj]
     1>D:\AB3\clnsr_prjct\CleanserBlazorUI\Components\Pages\Home.razor(7252,126): warning CS8604: Possible null reference argument for parameter 'addr4' in 'CellDataAndStatus[] StringHelper.CleanAddresses(string addr1, string addr2, string addr3, string addr4)'. [D:\AB3\clnsr_prjct\CleanserBlazorUI\CleanserBlazorUI.csproj]
     1>D:\AB3\clnsr_prjct\CleanserBlazorUI\Components\Pages\Home.razor(7258,60): warning CS8602: Dereference of a possibly null reference. [D:\AB3\clnsr_prjct\CleanserBlazorUI\CleanserBlazorUI.csproj]
     1>D:\AB3\clnsr_prjct\CleanserBlazorUI\Components\Pages\Home.razor(7258,86): warning CS8602: Dereference of a possibly null reference. [D:\AB3\clnsr_prjct\CleanserBlazorUI\CleanserBlazorUI.csproj]
     1>D:\AB3\clnsr_prjct\CleanserBlazorUI\Components\Pages\Home.razor(7258,112): warning CS8602: Dereference of a possibly null reference. [D:\AB3\clnsr_prjct\CleanserBlazorUI\CleanserBlazorUI.csproj]
     1>D:\AB3\clnsr_prjct\CleanserBlazorUI\Components\Pages\Home.razor(7258,138): warning CS8602: Dereference of a possibly null reference. [D:\AB3\clnsr_prjct\CleanserBlazorUI\CleanserBlazorUI.csproj]
     1>D:\AB3\clnsr_prjct\CleanserBlazorUI\Components\Pages\Home.razor(7258,60): warning CS8604: Possible null reference argument for parameter 'addr1' in 'CellDataAndStatus[] StringHelper.CleanAddresses(string addr1, string addr2, string addr3, string addr4)'. [D:\AB3\clnsr_prjct\CleanserBlazorUI\CleanserBlazorUI.csproj]
     1>D:\AB3\clnsr_prjct\CleanserBlazorUI\Components\Pages\Home.razor(7258,86): warning CS8604: Possible null reference argument for parameter 'addr2' in 'CellDataAndStatus[] StringHelper.CleanAddresses(string addr1, string addr2, string addr3, string addr4)'. [D:\AB3\clnsr_prjct\CleanserBlazorUI\CleanserBlazorUI.csproj]
     1>D:\AB3\clnsr_prjct\CleanserBlazorUI\Components\Pages\Home.razor(7258,112): warning CS8604: Possible null reference argument for parameter 'addr3' in 'CellDataAndStatus[] StringHelper.CleanAddresses(string addr1, string addr2, string addr3, string addr4)'. [D:\AB3\clnsr_prjct\CleanserBlazorUI\CleanserBlazorUI.csproj]
     1>D:\AB3\clnsr_prjct\CleanserBlazorUI\Components\Pages\Home.razor(7258,138): warning CS8604: Possible null reference argument for parameter 'addr4' in 'CellDataAndStatus[] StringHelper.CleanAddresses(string addr1, string addr2, string addr3, string addr4)'. [D:\AB3\clnsr_prjct\CleanserBlazorUI\CleanserBlazorUI.csproj]
     1>D:\AB3\clnsr_prjct\CleanserBlazorUI\Components\Pages\Home.razor(7267,64): warning CS8602: Dereference of a possibly null reference. [D:\AB3\clnsr_prjct\CleanserBlazorUI\CleanserBlazorUI.csproj]
     1>D:\AB3\clnsr_prjct\CleanserBlazorUI\Components\Pages\Home.razor(7267,64): warning CS8602: Dereference of a possibly null reference. [D:\AB3\clnsr_prjct\CleanserBlazorUI\CleanserBlazorUI.csproj]
     1>D:\AB3\clnsr_prjct\CleanserBlazorUI\Components\Pages\Home.razor(7267,138): warning CS8602: Dereference of a possibly null reference. [D:\AB3\clnsr_prjct\CleanserBlazorUI\CleanserBlazorUI.csproj]
     1>D:\AB3\clnsr_prjct\CleanserBlazorUI\Components\Pages\Home.razor(7267,138): warning CS8602: Dereference of a possibly null reference. [D:\AB3\clnsr_prjct\CleanserBlazorUI\CleanserBlazorUI.csproj]
     1>D:\AB3\clnsr_prjct\CleanserBlazorUI\Components\Pages\Home.razor(7277,13): warning CS8602: Dereference of a possibly null reference. [D:\AB3\clnsr_prjct\CleanserBlazorUI\CleanserBlazorUI.csproj]
     1>D:\AB3\clnsr_prjct\CleanserBlazorUI\Components\Pages\Home.razor(7277,73): warning CS8604: Possible null reference argument for parameter 'input' in 'string Home.ConvertBusinessShortFormToLongForm(string input)'. [D:\AB3\clnsr_prjct\CleanserBlazorUI\CleanserBlazorUI.csproj]
     1>D:\AB3\clnsr_prjct\CleanserBlazorUI\Components\Pages\Home.razor(7280,13): warning CS8602: Dereference of a possibly null reference. [D:\AB3\clnsr_prjct\CleanserBlazorUI\CleanserBlazorUI.csproj]
     1>D:\AB3\clnsr_prjct\CleanserBlazorUI\Components\Pages\Home.razor(7280,39): warning CS8602: Dereference of a possibly null reference. [D:\AB3\clnsr_prjct\CleanserBlazorUI\CleanserBlazorUI.csproj]
     1>D:\AB3\clnsr_prjct\CleanserBlazorUI\Components\Pages\Home.razor(7285,63): warning CS8604: Possible null reference argument for parameter 'input' in 'bool StringHelper.AccountCustomerInValidCharacter(string input)'. [D:\AB3\clnsr_prjct\CleanserBlazorUI\CleanserBlazorUI.csproj]
     1>D:\AB3\clnsr_prjct\CleanserBlazorUI\Components\Pages\Home.razor(7290,63): warning CS8602: Dereference of a possibly null reference. [D:\AB3\clnsr_prjct\CleanserBlazorUI\CleanserBlazorUI.csproj]
     1>D:\AB3\clnsr_prjct\CleanserBlazorUI\Components\Pages\Home.razor(7290,63): warning CS8604: Possible null reference argument for parameter 'input' in 'bool StringHelper.AccountCustomerInValidCharacter(string input)'. [D:\AB3\clnsr_prjct\CleanserBlazorUI\CleanserBlazorUI.csproj]
     1>D:\AB3\clnsr_prjct\CleanserBlazorUI\Components\Pages\Home.razor(7312,31): warning CS8602: Dereference of a possibly null reference. [D:\AB3\clnsr_prjct\CleanserBlazorUI\CleanserBlazorUI.csproj]
     1>D:\AB3\clnsr_prjct\CleanserBlazorUI\Components\Pages\Home.razor(7313,32): warning CS8602: Dereference of a possibly null reference. [D:\AB3\clnsr_prjct\CleanserBlazorUI\CleanserBlazorUI.csproj]
     1>D:\AB3\clnsr_prjct\CleanserBlazorUI\Components\Pages\Home.razor(7314,33): warning CS8602: Dereference of a possibly null reference. [D:\AB3\clnsr_prjct\CleanserBlazorUI\CleanserBlazorUI.csproj]
     1>D:\AB3\clnsr_prjct\CleanserBlazorUI\Components\Pages\Home.razor(7327,13): warning CS8602: Dereference of a possibly null reference. [D:\AB3\clnsr_prjct\CleanserBlazorUI\CleanserBlazorUI.csproj]
     1>D:\AB3\clnsr_prjct\CleanserBlazorUI\Components\Pages\Home.razor(7330,17): warning CS8602: Dereference of a possibly null reference. [D:\AB3\clnsr_prjct\CleanserBlazorUI\CleanserBlazorUI.csproj]
     1>D:\AB3\clnsr_prjct\CleanserBlazorUI\Components\Pages\Home.razor(7331,17): warning CS8602: Dereference of a possibly null reference. [D:\AB3\clnsr_prjct\CleanserBlazorUI\CleanserBlazorUI.csproj]
     1>D:\AB3\clnsr_prjct\CleanserBlazorUI\Components\Pages\Home.razor(7332,17): warning CS8602: Dereference of a possibly null reference. [D:\AB3\clnsr_prjct\CleanserBlazorUI\CleanserBlazorUI.csproj]
     1>D:\AB3\clnsr_prjct\CleanserBlazorUI\Components\Pages\Home.razor(7333,17): warning CS8602: Dereference of a possibly null reference. [D:\AB3\clnsr_prjct\CleanserBlazorUI\CleanserBlazorUI.csproj]
     1>D:\AB3\clnsr_prjct\CleanserBlazorUI\Components\Pages\Home.razor(7334,17): warning CS8602: Dereference of a possibly null reference. [D:\AB3\clnsr_prjct\CleanserBlazorUI\CleanserBlazorUI.csproj]
     1>D:\AB3\clnsr_prjct\CleanserBlazorUI\Components\Pages\Home.razor(7335,17): warning CS8602: Dereference of a possibly null reference. [D:\AB3\clnsr_prjct\CleanserBlazorUI\CleanserBlazorUI.csproj]
     1>D:\AB3\clnsr_prjct\CleanserBlazorUI\Components\Pages\Home.razor(7330,17): warning CS8604: Possible null reference argument for parameter 'nationalID' in 'CellDataAndStatus[] StringHelper.ValidateIDsMain1_DUD(string nationalID, string voterID, string driver, string dassport, string sSNIT, string otherIDs)'. [D:\AB3\clnsr_prjct\CleanserBlazorUI\CleanserBlazorUI.csproj]
     1>D:\AB3\clnsr_prjct\CleanserBlazorUI\Components\Pages\Home.razor(7331,17): warning CS8604: Possible null reference argument for parameter 'voterID' in 'CellDataAndStatus[] StringHelper.ValidateIDsMain1_DUD(string nationalID, string voterID, string driver, string dassport, string sSNIT, string otherIDs)'. [D:\AB3\clnsr_prjct\CleanserBlazorUI\CleanserBlazorUI.csproj]
     1>D:\AB3\clnsr_prjct\CleanserBlazorUI\Components\Pages\Home.razor(7332,17): warning CS8604: Possible null reference argument for parameter 'driver' in 'CellDataAndStatus[] StringHelper.ValidateIDsMain1_DUD(string nationalID, string voterID, string driver, string dassport, string sSNIT, string otherIDs)'. [D:\AB3\clnsr_prjct\CleanserBlazorUI\CleanserBlazorUI.csproj]
     1>D:\AB3\clnsr_prjct\CleanserBlazorUI\Components\Pages\Home.razor(7333,17): warning CS8604: Possible null reference argument for parameter 'dassport' in 'CellDataAndStatus[] StringHelper.ValidateIDsMain1_DUD(string nationalID, string voterID, string driver, string dassport, string sSNIT, string otherIDs)'. [D:\AB3\clnsr_prjct\CleanserBlazorUI\CleanserBlazorUI.csproj]
     1>D:\AB3\clnsr_prjct\CleanserBlazorUI\Components\Pages\Home.razor(7334,17): warning CS8604: Possible null reference argument for parameter 'sSNIT' in 'CellDataAndStatus[] StringHelper.ValidateIDsMain1_DUD(string nationalID, string voterID, string driver, string dassport, string sSNIT, string otherIDs)'. [D:\AB3\clnsr_prjct\CleanserBlazorUI\CleanserBlazorUI.csproj]
     1>D:\AB3\clnsr_prjct\CleanserBlazorUI\Components\Pages\Home.razor(7335,17): warning CS8604: Possible null reference argument for parameter 'otherIDs' in 'CellDataAndStatus[] StringHelper.ValidateIDsMain1_DUD(string nationalID, string voterID, string driver, string dassport, string sSNIT, string otherIDs)'. [D:\AB3\clnsr_prjct\CleanserBlazorUI\CleanserBlazorUI.csproj]
     1>D:\AB3\clnsr_prjct\CleanserBlazorUI\Components\Pages\Home.razor(7361,101): warning CS8602: Dereference of a possibly null reference. [D:\AB3\clnsr_prjct\CleanserBlazorUI\CleanserBlazorUI.csproj]
     1>D:\AB3\clnsr_prjct\CleanserBlazorUI\Components\Pages\Home.razor(7361,78): warning CS8604: Possible null reference argument for parameter 'otherIDNum' in 'CellDataAndStatus[] StringHelper.OtherIdAndOtherIDType(string otherIDNum, string otherIDType)'. [D:\AB3\clnsr_prjct\CleanserBlazorUI\CleanserBlazorUI.csproj]
     1>D:\AB3\clnsr_prjct\CleanserBlazorUI\Components\Pages\Home.razor(7361,101): warning CS8604: Possible null reference argument for parameter 'otherIDType' in 'CellDataAndStatus[] StringHelper.OtherIdAndOtherIDType(string otherIDNum, string otherIDType)'. [D:\AB3\clnsr_prjct\CleanserBlazorUI\CleanserBlazorUI.csproj]
     1>D:\AB3\clnsr_prjct\CleanserBlazorUI\Components\Pages\Home.razor(7365,69): warning CS8602: Dereference of a possibly null reference. [D:\AB3\clnsr_prjct\CleanserBlazorUI\CleanserBlazorUI.csproj]
     1>D:\AB3\clnsr_prjct\CleanserBlazorUI\Components\Pages\Home.razor(7365,89): warning CS8602: Dereference of a possibly null reference. [D:\AB3\clnsr_prjct\CleanserBlazorUI\CleanserBlazorUI.csproj]
     1>D:\AB3\clnsr_prjct\CleanserBlazorUI\Components\Pages\Home.razor(7365,111): warning CS8602: Dereference of a possibly null reference. [D:\AB3\clnsr_prjct\CleanserBlazorUI\CleanserBlazorUI.csproj]
     1>D:\AB3\clnsr_prjct\CleanserBlazorUI\Components\Pages\Home.razor(7365,69): warning CS8604: Possible null reference argument for parameter 'surname' in 'CellDataAndStatus[] StringHelper.Surname_FirtName_MiddleName(string surname, string firsname, string middlename)'. [D:\AB3\clnsr_prjct\CleanserBlazorUI\CleanserBlazorUI.csproj]
     1>D:\AB3\clnsr_prjct\CleanserBlazorUI\Components\Pages\Home.razor(7365,89): warning CS8604: Possible null reference argument for parameter 'firsname' in 'CellDataAndStatus[] StringHelper.Surname_FirtName_MiddleName(string surname, string firsname, string middlename)'. [D:\AB3\clnsr_prjct\CleanserBlazorUI\CleanserBlazorUI.csproj]
     1>D:\AB3\clnsr_prjct\CleanserBlazorUI\Components\Pages\Home.razor(7365,111): warning CS8604: Possible null reference argument for parameter 'middlename' in 'CellDataAndStatus[] StringHelper.Surname_FirtName_MiddleName(string surname, string firsname, string middlename)'. [D:\AB3\clnsr_prjct\CleanserBlazorUI\CleanserBlazorUI.csproj]
     1>D:\AB3\clnsr_prjct\CleanserBlazorUI\Components\Pages\Home.razor(7371,17): warning CS8602: Dereference of a possibly null reference. [D:\AB3\clnsr_prjct\CleanserBlazorUI\CleanserBlazorUI.csproj]
     1>D:\AB3\clnsr_prjct\CleanserBlazorUI\Components\Pages\Home.razor(7371,53): warning CS8602: Dereference of a possibly null reference. [D:\AB3\clnsr_prjct\CleanserBlazorUI\CleanserBlazorUI.csproj]
     1>D:\AB3\clnsr_prjct\CleanserBlazorUI\Components\Pages\Home.razor(7371,91): warning CS8602: Dereference of a possibly null reference. [D:\AB3\clnsr_prjct\CleanserBlazorUI\CleanserBlazorUI.csproj]
     1>D:\AB3\clnsr_prjct\CleanserBlazorUI\Components\Pages\Home.razor(7377,86): warning CS8604: Possible null reference argument for parameter 'input' in 'bool Home.ContainsRestrictedWord(string input)'. [D:\AB3\clnsr_prjct\CleanserBlazorUI\CleanserBlazorUI.csproj]
     1>D:\AB3\clnsr_prjct\CleanserBlazorUI\Components\Pages\Home.razor(7377,134): warning CS8604: Possible null reference argument for parameter 'input' in 'bool Home.ContainsRestrictedWord(string input)'. [D:\AB3\clnsr_prjct\CleanserBlazorUI\CleanserBlazorUI.csproj]
     1>D:\AB3\clnsr_prjct\CleanserBlazorUI\Components\Pages\Home.razor(7383,90): warning CS8602: Dereference of a possibly null reference. [D:\AB3\clnsr_prjct\CleanserBlazorUI\CleanserBlazorUI.csproj]
     1>D:\AB3\clnsr_prjct\CleanserBlazorUI\Components\Pages\Home.razor(7383,117): warning CS8602: Dereference of a possibly null reference. [D:\AB3\clnsr_prjct\CleanserBlazorUI\CleanserBlazorUI.csproj]
     1>D:\AB3\clnsr_prjct\CleanserBlazorUI\Components\Pages\Home.razor(7383,90): warning CS8604: Possible null reference argument for parameter 'proofOfAddType' in 'CellDataAndStatus[] StringHelper.ProofOfAddType_ProofOfAddNum(string proofOfAddType, string proofOfAddNum)'. [D:\AB3\clnsr_prjct\CleanserBlazorUI\CleanserBlazorUI.csproj]
     1>D:\AB3\clnsr_prjct\CleanserBlazorUI\Components\Pages\Home.razor(7383,117): warning CS8604: Possible null reference argument for parameter 'proofOfAddNum' in 'CellDataAndStatus[] StringHelper.ProofOfAddType_ProofOfAddNum(string proofOfAddType, string proofOfAddNum)'. [D:\AB3\clnsr_prjct\CleanserBlazorUI\CleanserBlazorUI.csproj]
     1>D:\AB3\clnsr_prjct\CleanserBlazorUI\Components\Pages\Home.razor(7388,57): warning CS8602: Dereference of a possibly null reference. [D:\AB3\clnsr_prjct\CleanserBlazorUI\CleanserBlazorUI.csproj]
     1>D:\AB3\clnsr_prjct\CleanserBlazorUI\Components\Pages\Home.razor(7388,81): warning CS8602: Dereference of a possibly null reference. [D:\AB3\clnsr_prjct\CleanserBlazorUI\CleanserBlazorUI.csproj]
     1>D:\AB3\clnsr_prjct\CleanserBlazorUI\Components\Pages\Home.razor(7388,105): warning CS8602: Dereference of a possibly null reference. [D:\AB3\clnsr_prjct\CleanserBlazorUI\CleanserBlazorUI.csproj]
     1>D:\AB3\clnsr_prjct\CleanserBlazorUI\Components\Pages\Home.razor(7388,129): warning CS8602: Dereference of a possibly null reference. [D:\AB3\clnsr_prjct\CleanserBlazorUI\CleanserBlazorUI.csproj]
     1>D:\AB3\clnsr_prjct\CleanserBlazorUI\Components\Pages\Home.razor(7388,57): warning CS8604: Possible null reference argument for parameter 'addr1' in 'CellDataAndStatus[] StringHelper.CleanAddresses(string addr1, string addr2, string addr3, string addr4)'. [D:\AB3\clnsr_prjct\CleanserBlazorUI\CleanserBlazorUI.csproj]
     1>D:\AB3\clnsr_prjct\CleanserBlazorUI\Components\Pages\Home.razor(7388,81): warning CS8604: Possible null reference argument for parameter 'addr2' in 'CellDataAndStatus[] StringHelper.CleanAddresses(string addr1, string addr2, string addr3, string addr4)'. [D:\AB3\clnsr_prjct\CleanserBlazorUI\CleanserBlazorUI.csproj]
     1>D:\AB3\clnsr_prjct\CleanserBlazorUI\Components\Pages\Home.razor(7388,105): warning CS8604: Possible null reference argument for parameter 'addr3' in 'CellDataAndStatus[] StringHelper.CleanAddresses(string addr1, string addr2, string addr3, string addr4)'. [D:\AB3\clnsr_prjct\CleanserBlazorUI\CleanserBlazorUI.csproj]
     1>D:\AB3\clnsr_prjct\CleanserBlazorUI\Components\Pages\Home.razor(7388,129): warning CS8604: Possible null reference argument for parameter 'addr4' in 'CellDataAndStatus[] StringHelper.CleanAddresses(string addr1, string addr2, string addr3, string addr4)'. [D:\AB3\clnsr_prjct\CleanserBlazorUI\CleanserBlazorUI.csproj]
     1>D:\AB3\clnsr_prjct\CleanserBlazorUI\Components\Pages\Home.razor(7395,59): warning CS8602: Dereference of a possibly null reference. [D:\AB3\clnsr_prjct\CleanserBlazorUI\CleanserBlazorUI.csproj]
     1>D:\AB3\clnsr_prjct\CleanserBlazorUI\Components\Pages\Home.razor(7395,84): warning CS8602: Dereference of a possibly null reference. [D:\AB3\clnsr_prjct\CleanserBlazorUI\CleanserBlazorUI.csproj]
     1>D:\AB3\clnsr_prjct\CleanserBlazorUI\Components\Pages\Home.razor(7395,109): warning CS8602: Dereference of a possibly null reference. [D:\AB3\clnsr_prjct\CleanserBlazorUI\CleanserBlazorUI.csproj]
     1>D:\AB3\clnsr_prjct\CleanserBlazorUI\Components\Pages\Home.razor(7395,134): warning CS8602: Dereference of a possibly null reference. [D:\AB3\clnsr_prjct\CleanserBlazorUI\CleanserBlazorUI.csproj]
     1>D:\AB3\clnsr_prjct\CleanserBlazorUI\Components\Pages\Home.razor(7395,59): warning CS8604: Possible null reference argument for parameter 'addr1' in 'CellDataAndStatus[] StringHelper.CleanAddresses(string addr1, string addr2, string addr3, string addr4)'. [D:\AB3\clnsr_prjct\CleanserBlazorUI\CleanserBlazorUI.csproj]
     1>D:\AB3\clnsr_prjct\CleanserBlazorUI\Components\Pages\Home.razor(7395,84): warning CS8604: Possible null reference argument for parameter 'addr2' in 'CellDataAndStatus[] StringHelper.CleanAddresses(string addr1, string addr2, string addr3, string addr4)'. [D:\AB3\clnsr_prjct\CleanserBlazorUI\CleanserBlazorUI.csproj]
     1>D:\AB3\clnsr_prjct\CleanserBlazorUI\Components\Pages\Home.razor(7395,109): warning CS8604: Possible null reference argument for parameter 'addr3' in 'CellDataAndStatus[] StringHelper.CleanAddresses(string addr1, string addr2, string addr3, string addr4)'. [D:\AB3\clnsr_prjct\CleanserBlazorUI\CleanserBlazorUI.csproj]
     1>D:\AB3\clnsr_prjct\CleanserBlazorUI\Components\Pages\Home.razor(7395,134): warning CS8604: Possible null reference argument for parameter 'addr4' in 'CellDataAndStatus[] StringHelper.CleanAddresses(string addr1, string addr2, string addr3, string addr4)'. [D:\AB3\clnsr_prjct\CleanserBlazorUI\CleanserBlazorUI.csproj]
     1>D:\AB3\clnsr_prjct\CleanserBlazorUI\Components\Pages\Home.razor(7402,60): warning CS8602: Dereference of a possibly null reference. [D:\AB3\clnsr_prjct\CleanserBlazorUI\CleanserBlazorUI.csproj]
     1>D:\AB3\clnsr_prjct\CleanserBlazorUI\Components\Pages\Home.razor(7402,86): warning CS8602: Dereference of a possibly null reference. [D:\AB3\clnsr_prjct\CleanserBlazorUI\CleanserBlazorUI.csproj]
     1>D:\AB3\clnsr_prjct\CleanserBlazorUI\Components\Pages\Home.razor(7402,112): warning CS8602: Dereference of a possibly null reference. [D:\AB3\clnsr_prjct\CleanserBlazorUI\CleanserBlazorUI.csproj]
     1>D:\AB3\clnsr_prjct\CleanserBlazorUI\Components\Pages\Home.razor(7402,138): warning CS8602: Dereference of a possibly null reference. [D:\AB3\clnsr_prjct\CleanserBlazorUI\CleanserBlazorUI.csproj]
     1>D:\AB3\clnsr_prjct\CleanserBlazorUI\Components\Pages\Home.razor(7402,60): warning CS8604: Possible null reference argument for parameter 'addr1' in 'CellDataAndStatus[] StringHelper.CleanAddresses(string addr1, string addr2, string addr3, string addr4)'. [D:\AB3\clnsr_prjct\CleanserBlazorUI\CleanserBlazorUI.csproj]
     1>D:\AB3\clnsr_prjct\CleanserBlazorUI\Components\Pages\Home.razor(7402,86): warning CS8604: Possible null reference argument for parameter 'addr2' in 'CellDataAndStatus[] StringHelper.CleanAddresses(string addr1, string addr2, string addr3, string addr4)'. [D:\AB3\clnsr_prjct\CleanserBlazorUI\CleanserBlazorUI.csproj]
     1>D:\AB3\clnsr_prjct\CleanserBlazorUI\Components\Pages\Home.razor(7402,112): warning CS8604: Possible null reference argument for parameter 'addr3' in 'CellDataAndStatus[] StringHelper.CleanAddresses(string addr1, string addr2, string addr3, string addr4)'. [D:\AB3\clnsr_prjct\CleanserBlazorUI\CleanserBlazorUI.csproj]
     1>D:\AB3\clnsr_prjct\CleanserBlazorUI\Components\Pages\Home.razor(7402,138): warning CS8604: Possible null reference argument for parameter 'addr4' in 'CellDataAndStatus[] StringHelper.CleanAddresses(string addr1, string addr2, string addr3, string addr4)'. [D:\AB3\clnsr_prjct\CleanserBlazorUI\CleanserBlazorUI.csproj]
     1>D:\AB3\clnsr_prjct\CleanserBlazorUI\Components\Pages\Home.razor(7411,64): warning CS8602: Dereference of a possibly null reference. [D:\AB3\clnsr_prjct\CleanserBlazorUI\CleanserBlazorUI.csproj]
     1>D:\AB3\clnsr_prjct\CleanserBlazorUI\Components\Pages\Home.razor(7411,64): warning CS8602: Dereference of a possibly null reference. [D:\AB3\clnsr_prjct\CleanserBlazorUI\CleanserBlazorUI.csproj]
     1>D:\AB3\clnsr_prjct\CleanserBlazorUI\Components\Pages\Home.razor(7411,138): warning CS8602: Dereference of a possibly null reference. [D:\AB3\clnsr_prjct\CleanserBlazorUI\CleanserBlazorUI.csproj]
     1>D:\AB3\clnsr_prjct\CleanserBlazorUI\Components\Pages\Home.razor(7411,138): warning CS8602: Dereference of a possibly null reference. [D:\AB3\clnsr_prjct\CleanserBlazorUI\CleanserBlazorUI.csproj]
     1>D:\AB3\clnsr_prjct\CleanserBlazorUI\Components\Pages\Home.razor(7418,17): warning CS8602: Dereference of a possibly null reference. [D:\AB3\clnsr_prjct\CleanserBlazorUI\CleanserBlazorUI.csproj]
     1>D:\AB3\clnsr_prjct\CleanserBlazorUI\Components\Pages\Home.razor(7420,39): warning CS8602: Dereference of a possibly null reference. [D:\AB3\clnsr_prjct\CleanserBlazorUI\CleanserBlazorUI.csproj]
     1>D:\AB3\clnsr_prjct\CleanserBlazorUI\Components\Pages\Home.razor(7437,55): warning CS8602: Dereference of a possibly null reference. [D:\AB3\clnsr_prjct\CleanserBlazorUI\CleanserBlazorUI.csproj]
     1>D:\AB3\clnsr_prjct\CleanserBlazorUI\Components\Pages\Home.razor(7437,76): warning CS8602: Dereference of a possibly null reference. [D:\AB3\clnsr_prjct\CleanserBlazorUI\CleanserBlazorUI.csproj]
     1>D:\AB3\clnsr_prjct\CleanserBlazorUI\Components\Pages\Home.razor(7437,97): warning CS8602: Dereference of a possibly null reference. [D:\AB3\clnsr_prjct\CleanserBlazorUI\CleanserBlazorUI.csproj]
     1>D:\AB3\clnsr_prjct\CleanserBlazorUI\Components\Pages\Home.razor(7437,118): warning CS8602: Dereference of a possibly null reference. [D:\AB3\clnsr_prjct\CleanserBlazorUI\CleanserBlazorUI.csproj]
     1>D:\AB3\clnsr_prjct\CleanserBlazorUI\Components\Pages\Home.razor(7437,55): warning CS8604: Possible null reference argument for parameter 'addr1' in 'CellDataAndStatus[] StringHelper.CleanAddresses(string addr1, string addr2, string addr3, string addr4)'. [D:\AB3\clnsr_prjct\CleanserBlazorUI\CleanserBlazorUI.csproj]
     1>D:\AB3\clnsr_prjct\CleanserBlazorUI\Components\Pages\Home.razor(7437,76): warning CS8604: Possible null reference argument for parameter 'addr2' in 'CellDataAndStatus[] StringHelper.CleanAddresses(string addr1, string addr2, string addr3, string addr4)'. [D:\AB3\clnsr_prjct\CleanserBlazorUI\CleanserBlazorUI.csproj]
     1>D:\AB3\clnsr_prjct\CleanserBlazorUI\Components\Pages\Home.razor(7437,97): warning CS8604: Possible null reference argument for parameter 'addr3' in 'CellDataAndStatus[] StringHelper.CleanAddresses(string addr1, string addr2, string addr3, string addr4)'. [D:\AB3\clnsr_prjct\CleanserBlazorUI\CleanserBlazorUI.csproj]
     1>D:\AB3\clnsr_prjct\CleanserBlazorUI\Components\Pages\Home.razor(7437,118): warning CS8604: Possible null reference argument for parameter 'addr4' in 'CellDataAndStatus[] StringHelper.CleanAddresses(string addr1, string addr2, string addr3, string addr4)'. [D:\AB3\clnsr_prjct\CleanserBlazorUI\CleanserBlazorUI.csproj]
     1>D:\AB3\clnsr_prjct\CleanserBlazorUI\Components\Pages\Home.razor(7444,13): warning CS8602: Dereference of a possibly null reference. [D:\AB3\clnsr_prjct\CleanserBlazorUI\CleanserBlazorUI.csproj]
     1>D:\AB3\clnsr_prjct\CleanserBlazorUI\Components\Pages\Home.razor(7444,39): warning CS8602: Dereference of a possibly null reference. [D:\AB3\clnsr_prjct\CleanserBlazorUI\CleanserBlazorUI.csproj]
     1>D:\AB3\clnsr_prjct\CleanserBlazorUI\Components\Pages\Home.razor(7448,146): warning CS8602: Dereference of a possibly null reference. [D:\AB3\clnsr_prjct\CleanserBlazorUI\CleanserBlazorUI.csproj]
     1>D:\AB3\clnsr_prjct\CleanserBlazorUI\Components\Pages\Home.razor(7448,173): warning CS8602: Dereference of a possibly null reference. [D:\AB3\clnsr_prjct\CleanserBlazorUI\CleanserBlazorUI.csproj]
     1>D:\AB3\clnsr_prjct\CleanserBlazorUI\Components\Pages\Home.razor(7448,192): warning CS8602: Dereference of a possibly null reference. [D:\AB3\clnsr_prjct\CleanserBlazorUI\CleanserBlazorUI.csproj]
     1>D:\AB3\clnsr_prjct\CleanserBlazorUI\Components\Pages\Home.razor(7448,219): warning CS8602: Dereference of a possibly null reference. [D:\AB3\clnsr_prjct\CleanserBlazorUI\CleanserBlazorUI.csproj]
     1>D:\AB3\clnsr_prjct\CleanserBlazorUI\Components\Pages\Home.razor(7448,146): warning CS8604: Possible null reference argument for parameter 'incomeCurrency' in 'CellDataAndStatus[] StringHelper.IncomeCurrency_Income_jointOrSoleAcc_NoParticipantsInAcc(string incomeCurrency, string income, string jointOrSoleAcc, string noParticipantsInAcc)'. [D:\AB3\clnsr_prjct\CleanserBlazorUI\CleanserBlazorUI.csproj]
     1>D:\AB3\clnsr_prjct\CleanserBlazorUI\Components\Pages\Home.razor(7448,173): warning CS8604: Possible null reference argument for parameter 'income' in 'CellDataAndStatus[] StringHelper.IncomeCurrency_Income_jointOrSoleAcc_NoParticipantsInAcc(string incomeCurrency, string income, string jointOrSoleAcc, string noParticipantsInAcc)'. [D:\AB3\clnsr_prjct\CleanserBlazorUI\CleanserBlazorUI.csproj]
     1>D:\AB3\clnsr_prjct\CleanserBlazorUI\Components\Pages\Home.razor(7448,192): warning CS8604: Possible null reference argument for parameter 'jointOrSoleAcc' in 'CellDataAndStatus[] StringHelper.IncomeCurrency_Income_jointOrSoleAcc_NoParticipantsInAcc(string incomeCurrency, string income, string jointOrSoleAcc, string noParticipantsInAcc)'. [D:\AB3\clnsr_prjct\CleanserBlazorUI\CleanserBlazorUI.csproj]
     1>D:\AB3\clnsr_prjct\CleanserBlazorUI\Components\Pages\Home.razor(7448,219): warning CS8604: Possible null reference argument for parameter 'noParticipantsInAcc' in 'CellDataAndStatus[] StringHelper.IncomeCurrency_Income_jointOrSoleAcc_NoParticipantsInAcc(string incomeCurrency, string income, string jointOrSoleAcc, string noParticipantsInAcc)'. [D:\AB3\clnsr_prjct\CleanserBlazorUI\CleanserBlazorUI.csproj]
     1>D:\AB3\clnsr_prjct\CleanserBlazorUI\Components\Pages\Home.razor(7456,63): warning CS8604: Possible null reference argument for parameter 'input' in 'bool StringHelper.AccountCustomerInValidCharacter(string input)'. [D:\AB3\clnsr_prjct\CleanserBlazorUI\CleanserBlazorUI.csproj]
     1>D:\AB3\clnsr_prjct\CleanserBlazorUI\Components\Pages\Home.razor(7460,63): warning CS8602: Dereference of a possibly null reference. [D:\AB3\clnsr_prjct\CleanserBlazorUI\CleanserBlazorUI.csproj]
     1>D:\AB3\clnsr_prjct\CleanserBlazorUI\Components\Pages\Home.razor(7460,63): warning CS8604: Possible null reference argument for parameter 'input' in 'bool StringHelper.AccountCustomerInValidCharacter(string input)'. [D:\AB3\clnsr_prjct\CleanserBlazorUI\CleanserBlazorUI.csproj]
     1>D:\AB3\clnsr_prjct\CleanserBlazorUI\Components\Pages\Home.razor(7472,32): warning CS8602: Dereference of a possibly null reference. [D:\AB3\clnsr_prjct\CleanserBlazorUI\CleanserBlazorUI.csproj]
     1>D:\AB3\clnsr_prjct\CleanserBlazorUI\Components\Pages\Home.razor(7474,31): warning CS8602: Dereference of a possibly null reference. [D:\AB3\clnsr_prjct\CleanserBlazorUI\CleanserBlazorUI.csproj]
     1>D:\AB3\clnsr_prjct\CleanserBlazorUI\Components\Pages\Home.razor(7475,32): warning CS8602: Dereference of a possibly null reference. [D:\AB3\clnsr_prjct\CleanserBlazorUI\CleanserBlazorUI.csproj]
     1>D:\AB3\clnsr_prjct\CleanserBlazorUI\Components\Pages\Home.razor(7476,33): warning CS8602: Dereference of a possibly null reference. [D:\AB3\clnsr_prjct\CleanserBlazorUI\CleanserBlazorUI.csproj]
     1>D:\AB3\clnsr_prjct\CleanserBlazorUI\Components\Pages\Home.razor(7537,82): warning CS8600: Converting null literal or possible null value to non-nullable type. [D:\AB3\clnsr_prjct\CleanserBlazorUI\CleanserBlazorUI.csproj]
     1>D:\AB3\clnsr_prjct\CleanserBlazorUI\Components\Pages\Home.razor(7537,98): warning CS8600: Converting null literal or possible null value to non-nullable type. [D:\AB3\clnsr_prjct\CleanserBlazorUI\CleanserBlazorUI.csproj]
     1>D:\AB3\clnsr_prjct\CleanserBlazorUI\Components\Pages\Home.razor(7537,114): warning CS8600: Converting null literal or possible null value to non-nullable type. [D:\AB3\clnsr_prjct\CleanserBlazorUI\CleanserBlazorUI.csproj]
     1>D:\AB3\clnsr_prjct\CleanserBlazorUI\Components\Pages\Home.razor(7568,46): warning CS8604: Possible null reference argument for parameter 'input' in 'string Home.FilterBusinessKeywords(string input)'. [D:\AB3\clnsr_prjct\CleanserBlazorUI\CleanserBlazorUI.csproj]
     1>D:\AB3\clnsr_prjct\CleanserBlazorUI\Components\Pages\Home.razor(7595,47): warning CS8604: Possible null reference argument for parameter 'input' in 'bool Home.ContainsRestrictedWord(string input)'. [D:\AB3\clnsr_prjct\CleanserBlazorUI\CleanserBlazorUI.csproj]
     1>D:\AB3\clnsr_prjct\CleanserBlazorUI\Components\Pages\Home.razor(7700,32): warning CS8600: Converting null literal or possible null value to non-nullable type. [D:\AB3\clnsr_prjct\CleanserBlazorUI\CleanserBlazorUI.csproj]
     1>D:\AB3\clnsr_prjct\CleanserBlazorUI\Components\Pages\Home.razor(7701,76): warning CS8604: Possible null reference argument for parameter 'input' in 'string StringHelper.GetFirstPartExcludeLastPart(string input, int n)'. [D:\AB3\clnsr_prjct\CleanserBlazorUI\CleanserBlazorUI.csproj]
     1>D:\AB3\clnsr_prjct\CleanserBlazorUI\Components\Pages\Home.razor(7698,22): warning CS1998: This async method lacks 'await' operators and will run synchronously. Consider using the 'await' operator to await non-blocking API calls, or 'await Task.Run(...)' to do CPU-bound work on a background thread. [D:\AB3\clnsr_prjct\CleanserBlazorUI\CleanserBlazorUI.csproj]
     1>D:\AB3\clnsr_prjct\CleanserBlazorUI\Components\Pages\Home.razor(7733,9): warning CS8602: Dereference of a possibly null reference. [D:\AB3\clnsr_prjct\CleanserBlazorUI\CleanserBlazorUI.csproj]
     1>D:\AB3\clnsr_prjct\CleanserBlazorUI\Components\Pages\Home.razor(7734,9): warning CS8602: Dereference of a possibly null reference. [D:\AB3\clnsr_prjct\CleanserBlazorUI\CleanserBlazorUI.csproj]
     1>D:\AB3\clnsr_prjct\CleanserBlazorUI\Components\Pages\Home.razor(7749,9): warning CS8602: Dereference of a possibly null reference. [D:\AB3\clnsr_prjct\CleanserBlazorUI\CleanserBlazorUI.csproj]
     1>D:\AB3\clnsr_prjct\CleanserBlazorUI\Components\Pages\Home.razor(7750,9): warning CS8602: Dereference of a possibly null reference. [D:\AB3\clnsr_prjct\CleanserBlazorUI\CleanserBlazorUI.csproj]
     1>D:\AB3\clnsr_prjct\CleanserBlazorUI\Components\Pages\Home.razor(7759,9): warning CS8602: Dereference of a possibly null reference. [D:\AB3\clnsr_prjct\CleanserBlazorUI\CleanserBlazorUI.csproj]
     1>D:\AB3\clnsr_prjct\CleanserBlazorUI\Components\Pages\Home.razor(7760,13): warning CS0219: The variable 'rejectedFiles' is assigned but its value is never used [D:\AB3\clnsr_prjct\CleanserBlazorUI\CleanserBlazorUI.csproj]
     1>D:\AB3\clnsr_prjct\CleanserBlazorUI\Components\Pages\Home.razor(7847,27): warning CS8622: Nullability of reference types in type of parameter 'sender' of 'void Home.OnTimerElapsed(object sender, ElapsedEventArgs e)' doesn't match the target delegate 'ElapsedEventHandler' (possibly because of nullability attributes). [D:\AB3\clnsr_prjct\CleanserBlazorUI\CleanserBlazorUI.csproj]
     1>D:\AB3\clnsr_prjct\CleanserBlazorUI\Components\Pages\Home.razor(7881,9): warning CS1717: Assignment made to same variable; did you mean to assign something else? [D:\AB3\clnsr_prjct\CleanserBlazorUI\CleanserBlazorUI.csproj]
     1>D:\AB3\clnsr_prjct\CleanserBlazorUI\Components\Pages\Home.razor(7882,9): warning CS1717: Assignment made to same variable; did you mean to assign something else? [D:\AB3\clnsr_prjct\CleanserBlazorUI\CleanserBlazorUI.csproj]
     1>D:\AB3\clnsr_prjct\CleanserBlazorUI\Components\Pages\Home.razor(256,12): warning CS8618: Non-nullable field 'correctDateOfBirth' must contain a non-null value when exiting constructor. Consider adding the 'required' modifier or declaring the field as nullable. [D:\AB3\clnsr_prjct\CleanserBlazorUI\CleanserBlazorUI.csproj]
     1>D:\AB3\clnsr_prjct\CleanserBlazorUI\Components\Pages\Home.razor(256,39): warning CS8618: Non-nullable field 'dobIssues' must contain a non-null value when exiting constructor. Consider adding the 'required' modifier or declaring the field as nullable. [D:\AB3\clnsr_prjct\CleanserBlazorUI\CleanserBlazorUI.csproj]
     1>D:\AB3\clnsr_prjct\CleanserBlazorUI\Components\Pages\Home.razor(256,57): warning CS8618: Non-nullable field 'matchdata' must contain a non-null value when exiting constructor. Consider adding the 'required' modifier or declaring the field as nullable. [D:\AB3\clnsr_prjct\CleanserBlazorUI\CleanserBlazorUI.csproj]
     1>D:\AB3\clnsr_prjct\CleanserBlazorUI\Components\Pages\Home.razor(256,75): warning CS8618: Non-nullable field 'newdata' must contain a non-null value when exiting constructor. Consider adding the 'required' modifier or declaring the field as nullable. [D:\AB3\clnsr_prjct\CleanserBlazorUI\CleanserBlazorUI.csproj]
     1>D:\AB3\clnsr_prjct\CleanserBlazorUI\Components\Pages\Home.razor(256,91): warning CS8618: Non-nullable field 'duplicateCount' must contain a non-null value when exiting constructor. Consider adding the 'required' modifier or declaring the field as nullable. [D:\AB3\clnsr_prjct\CleanserBlazorUI\CleanserBlazorUI.csproj]
     1>D:\AB3\clnsr_prjct\CleanserBlazorUI\Components\Pages\Home.razor(280,12): warning CS8618: Non-nullable field 'AlertSeverityMessage' must contain a non-null value when exiting constructor. Consider adding the 'required' modifier or declaring the field as nullable. [D:\AB3\clnsr_prjct\CleanserBlazorUI\CleanserBlazorUI.csproj]
     1>D:\AB3\clnsr_prjct\CleanserBlazorUI\Components\Pages\Home.razor(281,25): warning CS8618: Non-nullable field '_timer' must contain a non-null value when exiting constructor. Consider adding the 'required' modifier or declaring the field as nullable. [D:\AB3\clnsr_prjct\CleanserBlazorUI\CleanserBlazorUI.csproj]
     1>D:\AB3\clnsr_prjct\CleanserBlazorUI\Components\Pages\BusinessNamesNormalizer.razor(81,17): warning CS0649: Field 'BusinessNamesNormalizer.id' is never assigned to, and will always have its default value 0 [D:\AB3\clnsr_prjct\CleanserBlazorUI\CleanserBlazorUI.csproj]
     1>D:\AB3\clnsr_prjct\CleanserBlazorUI\Components\Pages\BusinessNamesNormalizer.razor(82,30): warning CS0169: The field 'BusinessNamesNormalizer.dataType' is never used [D:\AB3\clnsr_prjct\CleanserBlazorUI\CleanserBlazorUI.csproj]
     1>D:\AB3\clnsr_prjct\CleanserBlazorUI\Components\Account\Pages\RegisterConfirmation.razor(32,21): warning CS0649: Field 'RegisterConfirmation.emailConfirmationLink' is never assigned to, and will always have its default value null [D:\AB3\clnsr_prjct\CleanserBlazorUI\CleanserBlazorUI.csproj]
     1>D:\AB3\clnsr_prjct\CleanserBlazorUI\Components\Pages\BusinessNamesNormalizer.razor(84,22): warning CS0649: Field 'BusinessNamesNormalizer.dateModified' is never assigned to, and will always have its default value [D:\AB3\clnsr_prjct\CleanserBlazorUI\CleanserBlazorUI.csproj]
     1>D:\AB3\clnsr_prjct\CleanserBlazorUI\Components\Pages\Manageroles.razor(88,41): warning CS0649: Field 'Manageroles.identityErrors' is never assigned to, and will always have its default value null [D:\AB3\clnsr_prjct\CleanserBlazorUI\CleanserBlazorUI.csproj]
     1>D:\AB3\clnsr_prjct\CleanserBlazorUI\Components\Pages\Home.razor(296,10): warning CS0414: The field 'Home.IsProcessingExcelLoadingBarVisible' is assigned but its value is never used [D:\AB3\clnsr_prjct\CleanserBlazorUI\CleanserBlazorUI.csproj]
     1>D:\AB3\clnsr_prjct\CleanserBlazorUI\Components\Pages\Home.razor(283,10): warning CS0414: The field 'Home._isRunning' is assigned but its value is never used [D:\AB3\clnsr_prjct\CleanserBlazorUI\CleanserBlazorUI.csproj]
     1>D:\AB3\clnsr_prjct\CleanserBlazorUI\Components\Pages\Home.razor(323,12): warning CS0414: The field 'Home._buttonText' is assigned but its value is never used [D:\AB3\clnsr_prjct\CleanserBlazorUI\CleanserBlazorUI.csproj]
     1>D:\AB3\clnsr_prjct\CleanserBlazorUI\Components\Pages\Ref.razor(223,18): warning CS0414: The field 'Ref.IsProcessingExcelLoadingBarVisible' is assigned but its value is never used [D:\AB3\clnsr_prjct\CleanserBlazorUI\CleanserBlazorUI.csproj]
     1>D:\AB3\clnsr_prjct\CleanserBlazorUI\Components\Pages\Home.razor(322,12): warning CS0414: The field 'Home.showMainPage' is assigned but its value is never used [D:\AB3\clnsr_prjct\CleanserBlazorUI\CleanserBlazorUI.csproj]
     1>D:\AB3\clnsr_prjct\CleanserBlazorUI\Components\Pages\Ref.razor(245,9): warning CS0414: The field 'Ref.countclick' is assigned but its value is never used [D:\AB3\clnsr_prjct\CleanserBlazorUI\CleanserBlazorUI.csproj]
     1>D:\AB3\clnsr_prjct\CleanserBlazorUI\Components\Pages\Ref.razor(235,9): warning CS0414: The field 'Ref.currentRowCount' is assigned but its value is never used [D:\AB3\clnsr_prjct\CleanserBlazorUI\CleanserBlazorUI.csproj]
     1>D:\AB3\clnsr_prjct\CleanserBlazorUI\Components\Pages\Home.razor(292,9): warning CS0414: The field 'Home.FILE_NAME_LENGHT' is assigned but its value is never used [D:\AB3\clnsr_prjct\CleanserBlazorUI\CleanserBlazorUI.csproj]
     1>D:\AB3\clnsr_prjct\CleanserBlazorUI\Components\Pages\Home.razor(321,12): warning CS0414: The field 'Home.showSkeleton' is assigned but its value is never used [D:\AB3\clnsr_prjct\CleanserBlazorUI\CleanserBlazorUI.csproj]
     1>D:\AB3\clnsr_prjct\CleanserBlazorUI\Components\Pages\Ref.razor(209,18): warning CS0414: The field 'Ref._isRunning' is assigned but its value is never used [D:\AB3\clnsr_prjct\CleanserBlazorUI\CleanserBlazorUI.csproj]
     1>D:\AB3\clnsr_prjct\CleanserBlazorUI\Components\Pages\Businessnames.razor(1,1): warning MUD0002: Illegal Attribute 'Icon' on 'MudButton' using pattern 'LowerCase' source location '(462,20)-(470,21)' (https://mudblazor.com/features/analyzers) [D:\AB3\clnsr_prjct\CleanserBlazorUI\CleanserBlazorUI.csproj]
     1>D:\AB3\clnsr_prjct\CleanserBlazorUI\Components\Pages\Businessnames.razor(1,1): warning MUD0002: Illegal Attribute 'Icon' on 'MudButton' using pattern 'LowerCase' source location '(512,20)-(520,21)' (https://mudblazor.com/features/analyzers) [D:\AB3\clnsr_prjct\CleanserBlazorUI\CleanserBlazorUI.csproj]
     1>D:\AB3\clnsr_prjct\CleanserBlazorUI\Components\Pages\BusinessNamesNormalizer.razor(1,1): warning MUD0002: Illegal Attribute 'Icon' on 'MudButton' using pattern 'LowerCase' source location '(407,20)-(415,21)' (https://mudblazor.com/features/analyzers) [D:\AB3\clnsr_prjct\CleanserBlazorUI\CleanserBlazorUI.csproj]
     1>D:\AB3\clnsr_prjct\CleanserBlazorUI\Components\Pages\BusinessNamesNormalizer.razor(1,1): warning MUD0002: Illegal Attribute 'Icon' on 'MudButton' using pattern 'LowerCase' source location '(449,20)-(457,21)' (https://mudblazor.com/features/analyzers) [D:\AB3\clnsr_prjct\CleanserBlazorUI\CleanserBlazorUI.csproj]
     1>D:\AB3\clnsr_prjct\CleanserBlazorUI\Components\Pages\BusinessNamesNormalizer.razor(1,1): warning MUD0002: Illegal Attribute 'Icon' on 'MudButton' using pattern 'LowerCase' source location '(491,20)-(499,21)' (https://mudblazor.com/features/analyzers) [D:\AB3\clnsr_prjct\CleanserBlazorUI\CleanserBlazorUI.csproj]
     1>D:\AB3\clnsr_prjct\CleanserBlazorUI\Components\Pages\BusinessNamesNormalizer.razor(1,1): warning MUD0002: Illegal Attribute 'Icon' on 'MudButton' using pattern 'LowerCase' source location '(533,20)-(541,21)' (https://mudblazor.com/features/analyzers) [D:\AB3\clnsr_prjct\CleanserBlazorUI\CleanserBlazorUI.csproj]
     1>D:\AB3\clnsr_prjct\CleanserBlazorUI\Components\Pages\BusinessNamesNormalizer.razor(1,1): warning MUD0002: Illegal Attribute 'Icon' on 'MudButton' using pattern 'LowerCase' source location '(575,20)-(583,21)' (https://mudblazor.com/features/analyzers) [D:\AB3\clnsr_prjct\CleanserBlazorUI\CleanserBlazorUI.csproj]
     1>D:\AB3\clnsr_prjct\CleanserBlazorUI\Components\Pages\BusinessNamesNormalizer.razor(1,1): warning MUD0002: Illegal Attribute 'Icon' on 'MudButton' using pattern 'LowerCase' source location '(830,20)-(838,21)' (https://mudblazor.com/features/analyzers) [D:\AB3\clnsr_prjct\CleanserBlazorUI\CleanserBlazorUI.csproj]
     1>D:\AB3\clnsr_prjct\CleanserBlazorUI\Components\Pages\BusinessNamesNormalizer.razor(1,1): warning MUD0002: Illegal Attribute 'Icon' on 'MudButton' using pattern 'LowerCase' source location '(872,20)-(880,21)' (https://mudblazor.com/features/analyzers) [D:\AB3\clnsr_prjct\CleanserBlazorUI\CleanserBlazorUI.csproj]
     1>D:\AB3\clnsr_prjct\CleanserBlazorUI\Components\Pages\Manageroles.razor(1,1): warning MUD0002: Illegal Attribute 'Icon' on 'MudButton' using pattern 'LowerCase' source location '(526,20)-(534,21)' (https://mudblazor.com/features/analyzers) [D:\AB3\clnsr_prjct\CleanserBlazorUI\CleanserBlazorUI.csproj]
     1>D:\AB3\clnsr_prjct\CleanserBlazorUI\Components\Pages\Manageroles.razor(1,1): warning MUD0002: Illegal Attribute 'Icon' on 'MudButton' using pattern 'LowerCase' source location '(593,20)-(601,21)' (https://mudblazor.com/features/analyzers) [D:\AB3\clnsr_prjct\CleanserBlazorUI\CleanserBlazorUI.csproj]
     1>D:\AB3\clnsr_prjct\CleanserBlazorUI\Components\Pages\Manageroles.razor(1,1): warning MUD0002: Illegal Attribute 'Icon' on 'MudButton' using pattern 'LowerCase' source location '(715,20)-(723,21)' (https://mudblazor.com/features/analyzers) [D:\AB3\clnsr_prjct\CleanserBlazorUI\CleanserBlazorUI.csproj]
     1>D:\AB3\clnsr_prjct\CleanserBlazorUI\Components\Pages\Manageroles.razor(1,1): warning MUD0002: Illegal Attribute 'Icon' on 'MudButton' using pattern 'LowerCase' source location '(765,20)-(773,21)' (https://mudblazor.com/features/analyzers) [D:\AB3\clnsr_prjct\CleanserBlazorUI\CleanserBlazorUI.csproj]
         CompilerServer: server - server processed compilation - CleanserBlazorUI (net9.0)
       _ProcessScopedCssFiles:
       Skipping target "_ProcessScopedCssFiles" because all output files are up-to-date with respect to the input files.
       ResolveBuildCompressedStaticWebAssetsConfiguration:
         Accepted compressed asset 'D:\AB3\clnsr_prjct\CleanserBlazorUI\obj\Debug\net9.0\compressed\tzxjg6is5z-sowobu9fea.gz' for 'C:\Users\AAddy\.nuget\packages\mudblazor\8.9.0\staticwebassets\MudBlazor.min.css'.
         Accepted compressed asset 'D:\AB3\clnsr_prjct\CleanserBlazorUI\obj\Debug\net9.0\compressed\0wz98yz2xy-b8x8f7e52z.gz' for 'C:\Users\AAddy\.nuget\packages\mudblazor\8.9.0\staticwebassets\MudBlazor.min.js'.
         Accepted compressed asset 'D:\AB3\clnsr_prjct\CleanserBlazorUI\obj\Debug\net9.0\compressed\unlu0xluo6-eu7w3d5g1a.gz' for 'C:\Users\AAddy\.nuget\packages\microsoft.aspnetcore.components.quickgrid\9.0.7\staticwebassets\QuickGrid.razor.js'.
         Accepted compressed asset 'D:\AB3\clnsr_prjct\CleanserBlazorUI\obj\Debug\net9.0\compressed\51awqoa2np-zysuvm6wo0.gz' for 'D:\AB3\clnsr_prjct\CleanserBlazorUI\wwwroot\app.css'.
         Accepted compressed asset 'D:\AB3\clnsr_prjct\CleanserBlazorUI\obj\Debug\net9.0\compressed\625otoc6q2-zub09dkrxp.gz' for 'D:\AB3\clnsr_prjct\CleanserBlazorUI\wwwroot\lib\bootstrap\dist\css\bootstrap.css'.
         Accepted compressed asset 'D:\AB3\clnsr_prjct\CleanserBlazorUI\obj\Debug\net9.0\compressed\3fa5fimw6g-43atpzeawx.gz' for 'D:\AB3\clnsr_prjct\CleanserBlazorUI\wwwroot\lib\bootstrap\dist\css\bootstrap.min.css'.
         Accepted compressed asset 'D:\AB3\clnsr_prjct\CleanserBlazorUI\obj\Debug\net9.0\compressed\jucpjpez7j-v0zj4ognzu.gz' for 'D:\AB3\clnsr_prjct\CleanserBlazorUI\wwwroot\lib\bootstrap\dist\css\bootstrap.min.css.map'.
         Accepted compressed asset 'D:\AB3\clnsr_prjct\CleanserBlazorUI\obj\Debug\net9.0\compressed\8d1xcfxxqo-4094rpi4f9.gz' for 'D:\AB3\clnsr_prjct\CleanserBlazorUI\wwwroot\lib\bootstrap\dist\js\bootstrap.bundle.js'.
         Accepted compressed asset 'D:\AB3\clnsr_prjct\CleanserBlazorUI\obj\Debug\net9.0\compressed\994uw7p6d6-hd3gran6i8.gz' for 'D:\AB3\clnsr_prjct\CleanserBlazorUI\wwwroot\lib\bootstrap\dist\js\bootstrap.bundle.min.js'.
         Accepted compressed asset 'D:\AB3\clnsr_prjct\CleanserBlazorUI\obj\Debug\net9.0\compressed\bi1xxp7ck9-iovd86k7lj.gz' for 'D:\AB3\clnsr_prjct\CleanserBlazorUI\wwwroot\lib\bootstrap\dist\js\bootstrap.bundle.min.js.map'.
         Accepted compressed asset 'D:\AB3\clnsr_prjct\CleanserBlazorUI\obj\Debug\net9.0\compressed\pcmdciygav-lzl4gmaxuk.gz' for 'D:\AB3\clnsr_prjct\CleanserBlazorUI\wwwroot\_downloadFile.js'.
         Accepted compressed asset 'D:\AB3\clnsr_prjct\CleanserBlazorUI\obj\Debug\net9.0\compressed\3gin1ph7ub-25o87uqmvr.gz' for 'C:\Users\AAddy\.nuget\packages\microsoft.aspnetcore.components.quickgrid\9.0.7\staticwebassets\Microsoft.AspNetCore.Components.QuickGrid.25o87uqmvr.bundle.scp.css'.
         Accepted compressed asset 'D:\AB3\clnsr_prjct\CleanserBlazorUI\obj\Debug\net9.0\compressed\ix1018tzug-4j820bhxod.gz' for 'D:\AB3\clnsr_prjct\CleanserBlazorUI\obj\Debug\net9.0\scopedcss\bundle\CleanserBlazorUI.styles.css'.
         Accepted compressed asset 'D:\AB3\clnsr_prjct\CleanserBlazorUI\obj\Debug\net9.0\compressed\def6u4jmps-54wwxu3aav.gz' for 'D:\AB3\clnsr_prjct\CleanserBlazorUI\obj\Debug\net9.0\scopedcss\projectbundle\CleanserBlazorUI.bundle.scp.css'.
         Resolved 14 compressed assets for 14 candidate assets.
       ResolveBuildCompressedStaticWebAssets:
         Processing compressed asset: D:\AB3\clnsr_prjct\CleanserBlazorUI\obj\Debug\net9.0\compressed\def6u4jmps-54wwxu3aav.gz
         Processing compressed asset: D:\AB3\clnsr_prjct\CleanserBlazorUI\obj\Debug\net9.0\compressed\ix1018tzug-4j820bhxod.gz
         Processing compressed asset: D:\AB3\clnsr_prjct\CleanserBlazorUI\obj\Debug\net9.0\compressed\3gin1ph7ub-25o87uqmvr.gz
         Processing compressed asset: D:\AB3\clnsr_prjct\CleanserBlazorUI\obj\Debug\net9.0\compressed\pcmdciygav-lzl4gmaxuk.gz
         Processing compressed asset: D:\AB3\clnsr_prjct\CleanserBlazorUI\obj\Debug\net9.0\compressed\bi1xxp7ck9-iovd86k7lj.gz
         Processing compressed asset: D:\AB3\clnsr_prjct\CleanserBlazorUI\obj\Debug\net9.0\compressed\994uw7p6d6-hd3gran6i8.gz
         Processing compressed asset: D:\AB3\clnsr_prjct\CleanserBlazorUI\obj\Debug\net9.0\compressed\8d1xcfxxqo-4094rpi4f9.gz
         Processing compressed asset: D:\AB3\clnsr_prjct\CleanserBlazorUI\obj\Debug\net9.0\compressed\jucpjpez7j-v0zj4ognzu.gz
         Processing compressed asset: D:\AB3\clnsr_prjct\CleanserBlazorUI\obj\Debug\net9.0\compressed\3fa5fimw6g-43atpzeawx.gz
         Processing compressed asset: D:\AB3\clnsr_prjct\CleanserBlazorUI\obj\Debug\net9.0\compressed\625otoc6q2-zub09dkrxp.gz
         Processing compressed asset: D:\AB3\clnsr_prjct\CleanserBlazorUI\obj\Debug\net9.0\compressed\51awqoa2np-zysuvm6wo0.gz
         Processing compressed asset: D:\AB3\clnsr_prjct\CleanserBlazorUI\obj\Debug\net9.0\compressed\unlu0xluo6-eu7w3d5g1a.gz
         Processing compressed asset: D:\AB3\clnsr_prjct\CleanserBlazorUI\obj\Debug\net9.0\compressed\0wz98yz2xy-b8x8f7e52z.gz
         Processing compressed asset: D:\AB3\clnsr_prjct\CleanserBlazorUI\obj\Debug\net9.0\compressed\tzxjg6is5z-sowobu9fea.gz
       _BuildCopyStaticWebAssetsPreserveNewest:
       Skipping target "_BuildCopyStaticWebAssetsPreserveNewest" because it has no outputs.
       _CopyFilesMarkedCopyLocal:
         Copying file from "D:\AB3\clnsr_prjct\CleanserMonitor\CleanserMonitor.ServiceDefaults\bin\Debug\net9.0\CleanserMonitor.ServiceDefaults.dll" to "D:\AB3\clnsr_prjct\CleanserBlazorUI\bin\Debug\net9.0\CleanserMonitor.ServiceDefaults.dll".
         Copying file from "D:\AB3\clnsr_prjct\CleanserMonitor\CleanserMonitor.ServiceDefaults\bin\Debug\net9.0\CleanserMonitor.ServiceDefaults.pdb" to "D:\AB3\clnsr_prjct\CleanserBlazorUI\bin\Debug\net9.0\CleanserMonitor.ServiceDefaults.pdb".
         Touching "D:\AB3\clnsr_prjct\CleanserBlazorUI\obj\Debug\net9.0\Cleanser.D44BEE56.Up2Date".
       _CopyOutOfDateSourceItemsToOutputDirectory:
       Building target "_CopyOutOfDateSourceItemsToOutputDirectory" partially, because some output files are out of date with respect to their input files.
         Copying file from "D:\AB3\clnsr_prjct\CleanserBlazorUI\obj\Debug\net9.0\apphost.exe" to "D:\AB3\clnsr_prjct\CleanserBlazorUI\bin\Debug\net9.0\CleanserBlazorUI.exe".
       CopyFilesToOutputDirectory:
         Copying file from "D:\AB3\clnsr_prjct\CleanserBlazorUI\obj\Debug\net9.0\CleanserBlazorUI.dll" to "D:\AB3\clnsr_prjct\CleanserBlazorUI\bin\Debug\net9.0\CleanserBlazorUI.dll".
         Copying reference assembly from "obj\Debug\net9.0\refint\CleanserBlazorUI.dll" to "D:\AB3\clnsr_prjct\CleanserBlazorUI\obj\Debug\net9.0\ref\CleanserBlazorUI.dll".
         CleanserBlazorUI -> D:\AB3\clnsr_prjct\CleanserBlazorUI\bin\Debug\net9.0\CleanserBlazorUI.dll
         Copying file from "D:\AB3\clnsr_prjct\CleanserBlazorUI\obj\Debug\net9.0\CleanserBlazorUI.pdb" to "D:\AB3\clnsr_prjct\CleanserBlazorUI\bin\Debug\net9.0\CleanserBlazorUI.pdb".
     1>Done Building Project "D:\AB3\clnsr_prjct\CleanserBlazorUI\CleanserBlazorUI.csproj" (default targets).

Build succeeded.

       "D:\AB3\clnsr_prjct\CleanserBlazorUI\CleanserBlazorUI.csproj" (Restore target) (1) ->
       (Restore target) -> 
         D:\AB3\clnsr_prjct\CleanserMonitor\CleanserMonitor.ServiceDefaults\CleanserMonitor.ServiceDefaults.csproj : warning NU1902: Package 'OpenTelemetry.Exporter.OpenTelemetryProtocol' 1.12.0 has a known moderate severity vulnerability, https://github.com/advisories/GHSA-4625-4j76-fww9 [D:\AB3\clnsr_prjct\CleanserBlazorUI\CleanserBlazorUI.csproj]


       "D:\AB3\clnsr_prjct\CleanserBlazorUI\CleanserBlazorUI.csproj" (default target) (1:7) ->
       "D:\AB3\clnsr_prjct\CleanserMonitor\CleanserMonitor.ServiceDefaults\CleanserMonitor.ServiceDefaults.csproj" (default target) (2:6) ->
       (ResolvePackageAssets target) -> 
         D:\AB3\clnsr_prjct\CleanserMonitor\CleanserMonitor.ServiceDefaults\CleanserMonitor.ServiceDefaults.csproj : warning NU1902: Package 'OpenTelemetry.Exporter.OpenTelemetryProtocol' 1.12.0 has a known moderate severity vulnerability, https://github.com/advisories/GHSA-4625-4j76-fww9


       "D:\AB3\clnsr_prjct\CleanserBlazorUI\CleanserBlazorUI.csproj" (default target) (1:7) ->
       (CoreCompile target) -> 
         D:\AB3\clnsr_prjct\CleanserBlazorUI\Components\Pages\Manageroles.razor(31,1): warning RZ10012: Found markup element with unexpected name 'StatusMessage'. If this is intended to be a component, add a @using directive for its namespace. [D:\AB3\clnsr_prjct\CleanserBlazorUI\CleanserBlazorUI.csproj]
         D:\AB3\clnsr_prjct\CleanserBlazorUI\AllowedWordsAttribute.cs(17,41): warning CS8765: Nullability of type of parameter 'value' doesn't match overridden member (possibly because of nullability attributes). [D:\AB3\clnsr_prjct\CleanserBlazorUI\CleanserBlazorUI.csproj]
         D:\AB3\clnsr_prjct\CleanserBlazorUI\Interface\ICustomEmailSender.cs(10,10): warning CS0108: 'ICustomEmailSender.SendEmailAsync(string, string, string)' hides inherited member 'IEmailSender.SendEmailAsync(string, string, string)'. Use the new keyword if hiding was intended. [D:\AB3\clnsr_prjct\CleanserBlazorUI\CleanserBlazorUI.csproj]
         D:\AB3\clnsr_prjct\CleanserBlazorUI\AllowedWordsAttribute.cs(31,16): warning CS8603: Possible null reference return. [D:\AB3\clnsr_prjct\CleanserBlazorUI\CleanserBlazorUI.csproj]
         D:\AB3\clnsr_prjct\CleanserBlazorUI\DevelopmentFolder\ExtractSpreadSheetHeader.cs(17,13): warning CS0219: The variable 'pp' is assigned but its value is never used [D:\AB3\clnsr_prjct\CleanserBlazorUI\CleanserBlazorUI.csproj]
         D:\AB3\clnsr_prjct\CleanserBlazorUI\DevelopmentFolder\ExtractSpreadSheetHeader.cs(29,13): warning CS0219: The variable 'pp' is assigned but its value is never used [D:\AB3\clnsr_prjct\CleanserBlazorUI\CleanserBlazorUI.csproj]
         D:\AB3\clnsr_prjct\CleanserBlazorUI\DevelopmentFolder\ExtractSpreadSheetHeader.cs(40,13): warning CS0219: The variable 'pp' is assigned but its value is never used [D:\AB3\clnsr_prjct\CleanserBlazorUI\CleanserBlazorUI.csproj]
         D:\AB3\clnsr_prjct\CleanserBlazorUI\DevelopmentFolder\ExtractSpreadSheetHeader.cs(52,13): warning CS0219: The variable 'pp' is assigned but its value is never used [D:\AB3\clnsr_prjct\CleanserBlazorUI\CleanserBlazorUI.csproj]
         D:\AB3\clnsr_prjct\CleanserBlazorUI\Entities\SubScribersDBContext.cs(378,19): warning CS8618: Non-nullable property 'SubscriberCode' must contain a non-null value when exiting constructor. Consider adding the 'required' modifier or declaring the property as nullable. [D:\AB3\clnsr_prjct\CleanserBlazorUI\CleanserBlazorUI.csproj]
         D:\AB3\clnsr_prjct\CleanserBlazorUI\Entities\SubScribersDBContext.cs(360,19): warning CS8618: Non-nullable property 'SubscriberCode' must contain a non-null value when exiting constructor. Consider adding the 'required' modifier or declaring the property as nullable. [D:\AB3\clnsr_prjct\CleanserBlazorUI\CleanserBlazorUI.csproj]
         D:\AB3\clnsr_prjct\CleanserBlazorUI\DevelopmentFolder\ExtractSpreadSheetHeader.cs(78,17): warning CS0219: The variable 'bb' is assigned but its value is never used [D:\AB3\clnsr_prjct\CleanserBlazorUI\CleanserBlazorUI.csproj]
         D:\AB3\clnsr_prjct\CleanserBlazorUI\DevelopmentFolder\ExtractSpreadSheetHeader.cs(90,13): warning CS0219: The variable 'pp' is assigned but its value is never used [D:\AB3\clnsr_prjct\CleanserBlazorUI\CleanserBlazorUI.csproj]
         D:\AB3\clnsr_prjct\CleanserBlazorUI\DevelopmentFolder\ExtractSpreadSheetHeader.cs(101,13): warning CS0219: The variable 'pp' is assigned but its value is never used [D:\AB3\clnsr_prjct\CleanserBlazorUI\CleanserBlazorUI.csproj]
         D:\AB3\clnsr_prjct\CleanserBlazorUI\DevelopmentFolder\ExtractSpreadSheetHeader.cs(112,13): warning CS0219: The variable 'pp' is assigned but its value is never used [D:\AB3\clnsr_prjct\CleanserBlazorUI\CleanserBlazorUI.csproj]
         D:\AB3\clnsr_prjct\CleanserBlazorUI\DevelopmentFolder\ExtractSpreadSheetHeader.cs(123,13): warning CS0219: The variable 'pp' is assigned but its value is never used [D:\AB3\clnsr_prjct\CleanserBlazorUI\CleanserBlazorUI.csproj]
         D:\AB3\clnsr_prjct\CleanserBlazorUI\DevelopmentFolder\ExtractSpreadSheetHeader.cs(134,13): warning CS0219: The variable 'pp' is assigned but its value is never used [D:\AB3\clnsr_prjct\CleanserBlazorUI\CleanserBlazorUI.csproj]
         D:\AB3\clnsr_prjct\CleanserBlazorUI\DevelopmentFolder\ExtractSpreadSheetHeader.cs(145,13): warning CS0219: The variable 'pp' is assigned but its value is never used [D:\AB3\clnsr_prjct\CleanserBlazorUI\CleanserBlazorUI.csproj]
         D:\AB3\clnsr_prjct\CleanserBlazorUI\Services\TempFileCleanerService.cs(7,23): warning CS1998: This async method lacks 'await' operators and will run synchronously. Consider using the 'await' operator to await non-blocking API calls, or 'await Task.Run(...)' to do CPU-bound work on a background thread. [D:\AB3\clnsr_prjct\CleanserBlazorUI\CleanserBlazorUI.csproj]
         D:\AB3\clnsr_prjct\CleanserBlazorUI\DevelopmentFolder\ExtractSpreadSheetHeader.cs(156,13): warning CS0219: The variable 'pp' is assigned but its value is never used [D:\AB3\clnsr_prjct\CleanserBlazorUI\CleanserBlazorUI.csproj]
         D:\AB3\clnsr_prjct\CleanserBlazorUI\Services\TempFileCleaner.cs(16,27): warning CS1998: This async method lacks 'await' operators and will run synchronously. Consider using the 'await' operator to await non-blocking API calls, or 'await Task.Run(...)' to do CPU-bound work on a background thread. [D:\AB3\clnsr_prjct\CleanserBlazorUI\CleanserBlazorUI.csproj]
         D:\AB3\clnsr_prjct\CleanserBlazorUI\Helpers\StringHelper.cs(4744,20): warning CS8603: Possible null reference return. [D:\AB3\clnsr_prjct\CleanserBlazorUI\CleanserBlazorUI.csproj]
         D:\AB3\clnsr_prjct\CleanserBlazorUI\Models\SmtpSettings.cs(4,19): warning CS8618: Non-nullable property 'Server' must contain a non-null value when exiting constructor. Consider adding the 'required' modifier or declaring the property as nullable. [D:\AB3\clnsr_prjct\CleanserBlazorUI\CleanserBlazorUI.csproj]
         D:\AB3\clnsr_prjct\CleanserBlazorUI\Models\SmtpSettings.cs(6,19): warning CS8618: Non-nullable property 'Username' must contain a non-null value when exiting constructor. Consider adding the 'required' modifier or declaring the property as nullable. [D:\AB3\clnsr_prjct\CleanserBlazorUI\CleanserBlazorUI.csproj]
         D:\AB3\clnsr_prjct\CleanserBlazorUI\Models\SmtpSettings.cs(7,19): warning CS8618: Non-nullable property 'Password' must contain a non-null value when exiting constructor. Consider adding the 'required' modifier or declaring the property as nullable. [D:\AB3\clnsr_prjct\CleanserBlazorUI\CleanserBlazorUI.csproj]
         D:\AB3\clnsr_prjct\CleanserBlazorUI\Models\SmtpSettings.cs(9,19): warning CS8618: Non-nullable property 'FromEmail' must contain a non-null value when exiting constructor. Consider adding the 'required' modifier or declaring the property as nullable. [D:\AB3\clnsr_prjct\CleanserBlazorUI\CleanserBlazorUI.csproj]
         D:\AB3\clnsr_prjct\CleanserBlazorUI\Entities\SubScribersDBContext.cs(194,19): warning CS8618: Non-nullable property 'SubscriberCode' must contain a non-null value when exiting constructor. Consider adding the 'required' modifier or declaring the property as nullable. [D:\AB3\clnsr_prjct\CleanserBlazorUI\CleanserBlazorUI.csproj]
         D:\AB3\clnsr_prjct\CleanserBlazorUI\Entities\SubScribersDBContext.cs(8,19): warning CS8618: Non-nullable property 'SubscriberCode' must contain a non-null value when exiting constructor. Consider adding the 'required' modifier or declaring the property as nullable. [D:\AB3\clnsr_prjct\CleanserBlazorUI\CleanserBlazorUI.csproj]
         D:\AB3\clnsr_prjct\CleanserBlazorUI\Entities\SubscribeContext.cs(4,19): warning CS8618: Non-nullable property 'ShortName' must contain a non-null value when exiting constructor. Consider adding the 'required' modifier or declaring the property as nullable. [D:\AB3\clnsr_prjct\CleanserBlazorUI\CleanserBlazorUI.csproj]
         D:\AB3\clnsr_prjct\CleanserBlazorUI\Entities\SubscribeContext.cs(5,19): warning CS8618: Non-nullable property 'SubCategoryCode' must contain a non-null value when exiting constructor. Consider adding the 'required' modifier or declaring the property as nullable. [D:\AB3\clnsr_prjct\CleanserBlazorUI\CleanserBlazorUI.csproj]
         D:\AB3\clnsr_prjct\CleanserBlazorUI\Helpers\StringHelper.cs(233,22): warning CS8509: The switch expression does not handle all possible values of its input type (it is not exhaustive). For example, the pattern '""' is not covered. [D:\AB3\clnsr_prjct\CleanserBlazorUI\CleanserBlazorUI.csproj]
         D:\AB3\clnsr_prjct\CleanserBlazorUI\Converters\BusinessDataTransformer.cs(716,55): warning CS8604: Possible null reference argument for parameter 'input' in '(decimal Value, bool IsValid) StringHelper.ValidateDecimalInput(string input)'. [D:\AB3\clnsr_prjct\CleanserBlazorUI\CleanserBlazorUI.csproj]
         D:\AB3\clnsr_prjct\CleanserBlazorUI\Data\DataManagementService.cs(407,31): warning CS1998: This async method lacks 'await' operators and will run synchronously. Consider using the 'await' operator to await non-blocking API calls, or 'await Task.Run(...)' to do CPU-bound work on a background thread. [D:\AB3\clnsr_prjct\CleanserBlazorUI\CleanserBlazorUI.csproj]
         D:\AB3\clnsr_prjct\CleanserBlazorUI\Converters\BusinessDataTransformer.cs(814,55): warning CS8604: Possible null reference argument for parameter 'input' in '(decimal Value, bool IsValid) StringHelper.ValidateDecimalInput(string input)'. [D:\AB3\clnsr_prjct\CleanserBlazorUI\CleanserBlazorUI.csproj]
         D:\AB3\clnsr_prjct\CleanserBlazorUI\Components\Pages\Ref.razor(110,153): warning CS8602: Dereference of a possibly null reference. [D:\AB3\clnsr_prjct\CleanserBlazorUI\CleanserBlazorUI.csproj]
         D:\AB3\clnsr_prjct\CleanserBlazorUI\Components\Pages\Ref.razor(143,22): warning CS8602: Dereference of a possibly null reference. [D:\AB3\clnsr_prjct\CleanserBlazorUI\CleanserBlazorUI.csproj]
         D:\AB3\clnsr_prjct\CleanserBlazorUI\Helpers\StringHelper.cs(429,42): warning CS8604: Possible null reference argument for parameter 'input' in '(decimal Value, bool IsValid) StringHelper.ValidateDecimalInput(string input)'. [D:\AB3\clnsr_prjct\CleanserBlazorUI\CleanserBlazorUI.csproj]
         D:\AB3\clnsr_prjct\CleanserBlazorUI\Helpers\StringHelper.cs(430,42): warning CS8604: Possible null reference argument for parameter 'input' in '(decimal Value, bool IsValid) StringHelper.ValidateDecimalInput(string input)'. [D:\AB3\clnsr_prjct\CleanserBlazorUI\CleanserBlazorUI.csproj]
         D:\AB3\clnsr_prjct\CleanserBlazorUI\Helpers\StringHelper.cs(514,16): warning CS8603: Possible null reference return. [D:\AB3\clnsr_prjct\CleanserBlazorUI\CleanserBlazorUI.csproj]
         D:\AB3\clnsr_prjct\CleanserBlazorUI\Components\Pages\Ref.razor(258,52): warning CS8604: Possible null reference argument for parameter 'browserFile' in 'Task<CleaningStatus> Ref.INSERTREF_REF_GetSpreadsheetData(IBrowserFile browserFile)'. [D:\AB3\clnsr_prjct\CleanserBlazorUI\CleanserBlazorUI.csproj]
         D:\AB3\clnsr_prjct\CleanserBlazorUI\Converters\BusinessDataTransformer.cs(988,16): warning CS8600: Converting null literal or possible null value to non-nullable type. [D:\AB3\clnsr_prjct\CleanserBlazorUI\CleanserBlazorUI.csproj]
         D:\AB3\clnsr_prjct\CleanserBlazorUI\Converters\BusinessDataTransformer.cs(997,16): warning CS8600: Converting null literal or possible null value to non-nullable type. [D:\AB3\clnsr_prjct\CleanserBlazorUI\CleanserBlazorUI.csproj]
         D:\AB3\clnsr_prjct\CleanserBlazorUI\Converters\BusinessDataTransformer.cs(1006,16): warning CS8600: Converting null literal or possible null value to non-nullable type. [D:\AB3\clnsr_prjct\CleanserBlazorUI\CleanserBlazorUI.csproj]
         D:\AB3\clnsr_prjct\CleanserBlazorUI\Components\Pages\Ref.razor(274,42): warning CS8604: Possible null reference argument for parameter 'browserFile' in 'Task<CleaningStatus> Ref.REF_GetSpreadsheetData(IBrowserFile browserFile)'. [D:\AB3\clnsr_prjct\CleanserBlazorUI\CleanserBlazorUI.csproj]
         D:\AB3\clnsr_prjct\CleanserBlazorUI\Converters\BusinessDataTransformer.cs(1015,16): warning CS8600: Converting null literal or possible null value to non-nullable type. [D:\AB3\clnsr_prjct\CleanserBlazorUI\CleanserBlazorUI.csproj]
         D:\AB3\clnsr_prjct\CleanserBlazorUI\Converters\BusinessDataTransformer.cs(1024,16): warning CS8600: Converting null literal or possible null value to non-nullable type. [D:\AB3\clnsr_prjct\CleanserBlazorUI\CleanserBlazorUI.csproj]
         D:\AB3\clnsr_prjct\CleanserBlazorUI\Converters\BusinessDataTransformer.cs(1033,16): warning CS8600: Converting null literal or possible null value to non-nullable type. [D:\AB3\clnsr_prjct\CleanserBlazorUI\CleanserBlazorUI.csproj]
         D:\AB3\clnsr_prjct\CleanserBlazorUI\Converters\BusinessDataTransformer.cs(1042,16): warning CS8600: Converting null literal or possible null value to non-nullable type. [D:\AB3\clnsr_prjct\CleanserBlazorUI\CleanserBlazorUI.csproj]
         D:\AB3\clnsr_prjct\CleanserBlazorUI\Data\DataManagementService.cs(548,34): warning CS8604: Possible null reference argument for parameter 'entity' in 'EntityEntry<SettingsClass> DbSet<SettingsClass>.Remove(SettingsClass entity)'. [D:\AB3\clnsr_prjct\CleanserBlazorUI\CleanserBlazorUI.csproj]
         D:\AB3\clnsr_prjct\CleanserBlazorUI\Components\Pages\Ref.razor(293,101): warning CS8602: Dereference of a possibly null reference. [D:\AB3\clnsr_prjct\CleanserBlazorUI\CleanserBlazorUI.csproj]
         D:\AB3\clnsr_prjct\CleanserBlazorUI\Components\Pages\Ref.razor(325,25): warning CS8602: Dereference of a possibly null reference. [D:\AB3\clnsr_prjct\CleanserBlazorUI\CleanserBlazorUI.csproj]
         D:\AB3\clnsr_prjct\CleanserBlazorUI\Components\Pages\Ref.razor(328,25): warning CS8602: Dereference of a possibly null reference. [D:\AB3\clnsr_prjct\CleanserBlazorUI\CleanserBlazorUI.csproj]
         D:\AB3\clnsr_prjct\CleanserBlazorUI\Components\Pages\Ref.razor(362,101): warning CS8602: Dereference of a possibly null reference. [D:\AB3\clnsr_prjct\CleanserBlazorUI\CleanserBlazorUI.csproj]
         D:\AB3\clnsr_prjct\CleanserBlazorUI\Components\Pages\Ref.razor(388,25): warning CS8602: Dereference of a possibly null reference. [D:\AB3\clnsr_prjct\CleanserBlazorUI\CleanserBlazorUI.csproj]
         D:\AB3\clnsr_prjct\CleanserBlazorUI\Components\Pages\Ref.razor(391,25): warning CS8602: Dereference of a possibly null reference. [D:\AB3\clnsr_prjct\CleanserBlazorUI\CleanserBlazorUI.csproj]
         D:\AB3\clnsr_prjct\CleanserBlazorUI\Converters\BusinessDataTransformer.cs(1334,16): warning CS8600: Converting null literal or possible null value to non-nullable type. [D:\AB3\clnsr_prjct\CleanserBlazorUI\CleanserBlazorUI.csproj]
         D:\AB3\clnsr_prjct\CleanserBlazorUI\Data\DataManagementService.cs(632,49): warning CS8604: Possible null reference argument for parameter 'entity' in 'EntityEntry<BusSettNormalizer> DbSet<BusSettNormalizer>.Remove(BusSettNormalizer entity)'. [D:\AB3\clnsr_prjct\CleanserBlazorUI\CleanserBlazorUI.csproj]
         D:\AB3\clnsr_prjct\CleanserBlazorUI\Converters\IndividualDataTransformer.cs(1064,55): warning CS8604: Possible null reference argument for parameter 'input' in '(decimal Value, bool IsValid) StringHelper.ValidateDecimalInput(string input)'. [D:\AB3\clnsr_prjct\CleanserBlazorUI\CleanserBlazorUI.csproj]
         D:\AB3\clnsr_prjct\CleanserBlazorUI\Components\Pages\Ref.razor(423,101): warning CS8602: Dereference of a possibly null reference. [D:\AB3\clnsr_prjct\CleanserBlazorUI\CleanserBlazorUI.csproj]
         D:\AB3\clnsr_prjct\CleanserBlazorUI\Components\Pages\Ref.razor(455,25): warning CS8602: Dereference of a possibly null reference. [D:\AB3\clnsr_prjct\CleanserBlazorUI\CleanserBlazorUI.csproj]
         D:\AB3\clnsr_prjct\CleanserBlazorUI\Components\Pages\Ref.razor(458,25): warning CS8602: Dereference of a possibly null reference. [D:\AB3\clnsr_prjct\CleanserBlazorUI\CleanserBlazorUI.csproj]
         D:\AB3\clnsr_prjct\CleanserBlazorUI\Components\Pages\Ref.razor(487,101): warning CS8602: Dereference of a possibly null reference. [D:\AB3\clnsr_prjct\CleanserBlazorUI\CleanserBlazorUI.csproj]
         D:\AB3\clnsr_prjct\CleanserBlazorUI\Components\Pages\Ref.razor(513,25): warning CS8602: Dereference of a possibly null reference. [D:\AB3\clnsr_prjct\CleanserBlazorUI\CleanserBlazorUI.csproj]
         D:\AB3\clnsr_prjct\CleanserBlazorUI\Components\Pages\Ref.razor(516,25): warning CS8602: Dereference of a possibly null reference. [D:\AB3\clnsr_prjct\CleanserBlazorUI\CleanserBlazorUI.csproj]
         D:\AB3\clnsr_prjct\CleanserBlazorUI\Components\Pages\Ref.razor(542,27): warning CS8622: Nullability of reference types in type of parameter 'sender' of 'void Ref.OnTimerElapsed(object sender, ElapsedEventArgs e)' doesn't match the target delegate 'ElapsedEventHandler' (possibly because of nullability attributes). [D:\AB3\clnsr_prjct\CleanserBlazorUI\CleanserBlazorUI.csproj]
         D:\AB3\clnsr_prjct\CleanserBlazorUI\Entities\IndividualContext.cs(6,19): warning CS8618: Non-nullable property 'DisbursementDateMisMatch' must contain a non-null value when exiting constructor. Consider adding the 'required' modifier or declaring the property as nullable. [D:\AB3\clnsr_prjct\CleanserBlazorUI\CleanserBlazorUI.csproj]
         D:\AB3\clnsr_prjct\CleanserBlazorUI\Entities\IndividualContext.cs(7,19): warning CS8618: Non-nullable property 'DuplicateDoBIssues' must contain a non-null value when exiting constructor. Consider adding the 'required' modifier or declaring the property as nullable. [D:\AB3\clnsr_prjct\CleanserBlazorUI\CleanserBlazorUI.csproj]
         D:\AB3\clnsr_prjct\CleanserBlazorUI\Entities\IndividualContext.cs(9,19): warning CS8618: Non-nullable property 'DisburStatus' must contain a non-null value when exiting constructor. Consider adding the 'required' modifier or declaring the property as nullable. [D:\AB3\clnsr_prjct\CleanserBlazorUI\CleanserBlazorUI.csproj]
         D:\AB3\clnsr_prjct\CleanserBlazorUI\Entities\IndividualContext.cs(245,19): warning CS8618: Non-nullable property 'Status' must contain a non-null value when exiting constructor. Consider adding the 'required' modifier or declaring the property as nullable. [D:\AB3\clnsr_prjct\CleanserBlazorUI\CleanserBlazorUI.csproj]
         D:\AB3\clnsr_prjct\CleanserBlazorUI\Components\Pages\Ref.razor(548,9): warning CS1717: Assignment made to same variable; did you mean to assign something else? [D:\AB3\clnsr_prjct\CleanserBlazorUI\CleanserBlazorUI.csproj]
         D:\AB3\clnsr_prjct\CleanserBlazorUI\Components\Pages\Ref.razor(549,9): warning CS1717: Assignment made to same variable; did you mean to assign something else? [D:\AB3\clnsr_prjct\CleanserBlazorUI\CleanserBlazorUI.csproj]
         D:\AB3\clnsr_prjct\CleanserBlazorUI\Converters\IndividualDataTransformer.cs(1165,55): warning CS8604: Possible null reference argument for parameter 'input' in '(decimal Value, bool IsValid) StringHelper.ValidateDecimalInput(string input)'. [D:\AB3\clnsr_prjct\CleanserBlazorUI\CleanserBlazorUI.csproj]
         D:\AB3\clnsr_prjct\CleanserBlazorUI\Components\Pages\Ref.razor(581,30): warning CS0168: The variable 'ex' is declared but never used [D:\AB3\clnsr_prjct\CleanserBlazorUI\CleanserBlazorUI.csproj]
         D:\AB3\clnsr_prjct\CleanserBlazorUI\Components\Pages\Ref.razor(591,9): warning CS8602: Dereference of a possibly null reference. [D:\AB3\clnsr_prjct\CleanserBlazorUI\CleanserBlazorUI.csproj]
         D:\AB3\clnsr_prjct\CleanserBlazorUI\Helpers\StringHelper.cs(678,61): warning CS8604: Possible null reference argument for parameter 'input' in '(decimal Value, bool IsValid) StringHelper.ValidateDecimalInput(string input)'. [D:\AB3\clnsr_prjct\CleanserBlazorUI\CleanserBlazorUI.csproj]
         D:\AB3\clnsr_prjct\CleanserBlazorUI\Helpers\StringHelper.cs(679,59): warning CS8604: Possible null reference argument for parameter 'input' in '(decimal Value, bool IsValid) StringHelper.ValidateDecimalInput(string input)'. [D:\AB3\clnsr_prjct\CleanserBlazorUI\CleanserBlazorUI.csproj]
         D:\AB3\clnsr_prjct\CleanserBlazorUI\Helpers\StringHelper.cs(680,63): warning CS8604: Possible null reference argument for parameter 'input' in '(decimal Value, bool IsValid) StringHelper.ValidateDecimalInput(string input)'. [D:\AB3\clnsr_prjct\CleanserBlazorUI\CleanserBlazorUI.csproj]
         D:\AB3\clnsr_prjct\CleanserBlazorUI\Components\Pages\Ref.razor(635,9): warning CS8602: Dereference of a possibly null reference. [D:\AB3\clnsr_prjct\CleanserBlazorUI\CleanserBlazorUI.csproj]
         D:\AB3\clnsr_prjct\CleanserBlazorUI\Components\Pages\Ref.razor(636,9): warning CS8602: Dereference of a possibly null reference. [D:\AB3\clnsr_prjct\CleanserBlazorUI\CleanserBlazorUI.csproj]
         D:\AB3\clnsr_prjct\CleanserBlazorUI\Components\Pages\Ref.razor(671,9): warning CS8602: Dereference of a possibly null reference. [D:\AB3\clnsr_prjct\CleanserBlazorUI\CleanserBlazorUI.csproj]
         D:\AB3\clnsr_prjct\CleanserBlazorUI\Components\Pages\Ref.razor(672,9): warning CS8602: Dereference of a possibly null reference. [D:\AB3\clnsr_prjct\CleanserBlazorUI\CleanserBlazorUI.csproj]
         D:\AB3\clnsr_prjct\CleanserBlazorUI\Entities\BusinessContextDud.cs(4,19): warning CS8618: Non-nullable property 'Status' must contain a non-null value when exiting constructor. Consider adding the 'required' modifier or declaring the property as nullable. [D:\AB3\clnsr_prjct\CleanserBlazorUI\CleanserBlazorUI.csproj]
         D:\AB3\clnsr_prjct\CleanserBlazorUI\Converters\IndividualDataTransformer.cs(1361,16): warning CS8600: Converting null literal or possible null value to non-nullable type. [D:\AB3\clnsr_prjct\CleanserBlazorUI\CleanserBlazorUI.csproj]
         D:\AB3\clnsr_prjct\CleanserBlazorUI\Converters\IndividualDataTransformer.cs(1370,16): warning CS8600: Converting null literal or possible null value to non-nullable type. [D:\AB3\clnsr_prjct\CleanserBlazorUI\CleanserBlazorUI.csproj]
         D:\AB3\clnsr_prjct\CleanserBlazorUI\Converters\IndividualDataTransformer.cs(1379,16): warning CS8600: Converting null literal or possible null value to non-nullable type. [D:\AB3\clnsr_prjct\CleanserBlazorUI\CleanserBlazorUI.csproj]
         D:\AB3\clnsr_prjct\CleanserBlazorUI\Converters\IndividualDataTransformer.cs(1388,16): warning CS8600: Converting null literal or possible null value to non-nullable type. [D:\AB3\clnsr_prjct\CleanserBlazorUI\CleanserBlazorUI.csproj]
         D:\AB3\clnsr_prjct\CleanserBlazorUI\Converters\IndividualDataTransformer.cs(1397,16): warning CS8600: Converting null literal or possible null value to non-nullable type. [D:\AB3\clnsr_prjct\CleanserBlazorUI\CleanserBlazorUI.csproj]
         D:\AB3\clnsr_prjct\CleanserBlazorUI\Converters\IndividualDataTransformer.cs(1407,16): warning CS8600: Converting null literal or possible null value to non-nullable type. [D:\AB3\clnsr_prjct\CleanserBlazorUI\CleanserBlazorUI.csproj]
         D:\AB3\clnsr_prjct\CleanserBlazorUI\Converters\IndividualDataTransformer.cs(1416,16): warning CS8600: Converting null literal or possible null value to non-nullable type. [D:\AB3\clnsr_prjct\CleanserBlazorUI\CleanserBlazorUI.csproj]
         D:\AB3\clnsr_prjct\CleanserBlazorUI\Interface\EventService.cs(5,43): warning CS8618: Non-nullable event 'OnFunctionCalled' must contain a non-null value when exiting constructor. Consider adding the 'required' modifier or declaring the event as nullable. [D:\AB3\clnsr_prjct\CleanserBlazorUI\CleanserBlazorUI.csproj]
         D:\AB3\clnsr_prjct\CleanserBlazorUI\Converters\IndividualDataTransformer.cs(1779,16): warning CS8600: Converting null literal or possible null value to non-nullable type. [D:\AB3\clnsr_prjct\CleanserBlazorUI\CleanserBlazorUI.csproj]
         D:\AB3\clnsr_prjct\CleanserBlazorUI\Entities\BusinessContext.cs(12,19): warning CS8618: Non-nullable property 'DisburStatus' must contain a non-null value when exiting constructor. Consider adding the 'required' modifier or declaring the property as nullable. [D:\AB3\clnsr_prjct\CleanserBlazorUI\CleanserBlazorUI.csproj]
         D:\AB3\clnsr_prjct\CleanserBlazorUI\Entities\BusinessContext.cs(13,19): warning CS8618: Non-nullable property 'Status' must contain a non-null value when exiting constructor. Consider adding the 'required' modifier or declaring the property as nullable. [D:\AB3\clnsr_prjct\CleanserBlazorUI\CleanserBlazorUI.csproj]
         D:\AB3\clnsr_prjct\CleanserBlazorUI\Helpers\StringHelper.cs(1636,20): warning CS8603: Possible null reference return. [D:\AB3\clnsr_prjct\CleanserBlazorUI\CleanserBlazorUI.csproj]
         D:\AB3\clnsr_prjct\CleanserBlazorUI\Helpers\StringHelper.cs(1643,20): warning CS8603: Possible null reference return. [D:\AB3\clnsr_prjct\CleanserBlazorUI\CleanserBlazorUI.csproj]
         D:\AB3\clnsr_prjct\CleanserBlazorUI\Helpers\StringHelper.cs(1662,28): warning CS8603: Possible null reference return. [D:\AB3\clnsr_prjct\CleanserBlazorUI\CleanserBlazorUI.csproj]
         D:\AB3\clnsr_prjct\CleanserBlazorUI\Helpers\StringHelper.cs(1671,24): warning CS8603: Possible null reference return. [D:\AB3\clnsr_prjct\CleanserBlazorUI\CleanserBlazorUI.csproj]
         D:\AB3\clnsr_prjct\CleanserBlazorUI\Helpers\StringHelper.cs(2090,49): warning CS0219: The variable 'iIndex' is assigned but its value is never used [D:\AB3\clnsr_prjct\CleanserBlazorUI\CleanserBlazorUI.csproj]
         D:\AB3\clnsr_prjct\CleanserBlazorUI\Helpers\StringHelper.cs(2170,49): warning CS0219: The variable 'iIndex' is assigned but its value is never used [D:\AB3\clnsr_prjct\CleanserBlazorUI\CleanserBlazorUI.csproj]
         D:\AB3\clnsr_prjct\CleanserBlazorUI\Components\Account\Pages\RegisterConfirmation.razor(57,18): warning CS0184: The given expression is never of the provided ('IdentityNoOpEmailSender') type [D:\AB3\clnsr_prjct\CleanserBlazorUI\CleanserBlazorUI.csproj]
         D:\AB3\clnsr_prjct\CleanserBlazorUI\Components\Account\Pages\RegisterConfirmation.razor(59,46): warning CS8604: Possible null reference argument for parameter 'email' in 'Task ICustomEmailSender.SendEmailAsync(string email, string subject, string message, string isit__R_rest__F_Forget__C_Confirm)'. [D:\AB3\clnsr_prjct\CleanserBlazorUI\CleanserBlazorUI.csproj]
         D:\AB3\clnsr_prjct\CleanserBlazorUI\Components\Account\Pages\RegisterConfirmation.razor(59,76): warning CS8604: Possible null reference argument for parameter 'message' in 'Task ICustomEmailSender.SendEmailAsync(string email, string subject, string message, string isit__R_rest__F_Forget__C_Confirm)'. [D:\AB3\clnsr_prjct\CleanserBlazorUI\CleanserBlazorUI.csproj]
         D:\AB3\clnsr_prjct\CleanserBlazorUI\Components\Pages\AddDateJobTask.razor(28,29): warning CS8618: Non-nullable property 'DialogService' must contain a non-null value when exiting constructor. Consider adding the 'required' modifier or declaring the property as nullable. [D:\AB3\clnsr_prjct\CleanserBlazorUI\CleanserBlazorUI.csproj]
         D:\AB3\clnsr_prjct\CleanserBlazorUI\Components\Account\Pages\Register.razor(126,63): warning CS8604: Possible null reference argument for parameter 'user' in 'Task<IdentityResult> UserManager<ApplicationUser>.AddToRoleAsync(ApplicationUser user, string role)'. [D:\AB3\clnsr_prjct\CleanserBlazorUI\CleanserBlazorUI.csproj]
         D:\AB3\clnsr_prjct\CleanserBlazorUI\Components\Account\Pages\Register.razor(143,42): warning CS8604: Possible null reference argument for parameter 'email' in 'Task ICustomEmailSender.SendEmailAsync(string email, string subject, string message)'. [D:\AB3\clnsr_prjct\CleanserBlazorUI\CleanserBlazorUI.csproj]
         D:\AB3\clnsr_prjct\CleanserBlazorUI\Helpers\StringHelper.cs(3246,13): warning CS1717: Assignment made to same variable; did you mean to assign something else? [D:\AB3\clnsr_prjct\CleanserBlazorUI\CleanserBlazorUI.csproj]
         D:\AB3\clnsr_prjct\CleanserBlazorUI\Helpers\StringHelper.cs(3250,13): warning CS1717: Assignment made to same variable; did you mean to assign something else? [D:\AB3\clnsr_prjct\CleanserBlazorUI\CleanserBlazorUI.csproj]
         D:\AB3\clnsr_prjct\CleanserBlazorUI\Helpers\StringHelper.cs(3255,13): warning CS1717: Assignment made to same variable; did you mean to assign something else? [D:\AB3\clnsr_prjct\CleanserBlazorUI\CleanserBlazorUI.csproj]
         D:\AB3\clnsr_prjct\CleanserBlazorUI\Helpers\StringHelper.cs(3256,13): warning CS1717: Assignment made to same variable; did you mean to assign something else? [D:\AB3\clnsr_prjct\CleanserBlazorUI\CleanserBlazorUI.csproj]
         D:\AB3\clnsr_prjct\CleanserBlazorUI\Helpers\StringHelper.cs(3263,13): warning CS1717: Assignment made to same variable; did you mean to assign something else? [D:\AB3\clnsr_prjct\CleanserBlazorUI\CleanserBlazorUI.csproj]
         D:\AB3\clnsr_prjct\CleanserBlazorUI\Helpers\StringHelper.cs(3862,76): warning CS8602: Dereference of a possibly null reference. [D:\AB3\clnsr_prjct\CleanserBlazorUI\CleanserBlazorUI.csproj]
         D:\AB3\clnsr_prjct\CleanserBlazorUI\Helpers\StringHelper.cs(4076,16): warning CS8619: Nullability of reference types in value of type '(string?, bool)' doesn't match target type '(string LastDate, bool IsValid)'. [D:\AB3\clnsr_prjct\CleanserBlazorUI\CleanserBlazorUI.csproj]
         D:\AB3\clnsr_prjct\CleanserBlazorUI\Components\Pages\Businessnames.razor(61,16): warning CS0219: The variable 'AlertSeverityVisible' is assigned but its value is never used [D:\AB3\clnsr_prjct\CleanserBlazorUI\CleanserBlazorUI.csproj]
         D:\AB3\clnsr_prjct\CleanserBlazorUI\Helpers\StringHelper.cs(4102,16): warning CS8619: Nullability of reference types in value of type '(string?, bool)' doesn't match target type '(string LastDate, bool IsValid)'. [D:\AB3\clnsr_prjct\CleanserBlazorUI\CleanserBlazorUI.csproj]
         D:\AB3\clnsr_prjct\CleanserBlazorUI\Helpers\StringHelper.cs(4146,20): warning CS8600: Converting null literal or possible null value to non-nullable type. [D:\AB3\clnsr_prjct\CleanserBlazorUI\CleanserBlazorUI.csproj]
         D:\AB3\clnsr_prjct\CleanserBlazorUI\Helpers\StringHelper.cs(4154,20): warning CS8602: Dereference of a possibly null reference. [D:\AB3\clnsr_prjct\CleanserBlazorUI\CleanserBlazorUI.csproj]
         D:\AB3\clnsr_prjct\CleanserBlazorUI\Components\Pages\Businessnames.razor(102,22): warning CS8601: Possible null reference assignment. [D:\AB3\clnsr_prjct\CleanserBlazorUI\CleanserBlazorUI.csproj]
         D:\AB3\clnsr_prjct\CleanserBlazorUI\Components\Pages\Businessnames.razor(48,37): warning CS8618: Non-nullable field 'cancellationTokenSource' must contain a non-null value when exiting constructor. Consider adding the 'required' modifier or declaring the field as nullable. [D:\AB3\clnsr_prjct\CleanserBlazorUI\CleanserBlazorUI.csproj]
         D:\AB3\clnsr_prjct\CleanserBlazorUI\Components\Pages\Businessnames.razor(53,19): warning CS8618: Non-nullable field 'settingsClass' must contain a non-null value when exiting constructor. Consider adding the 'required' modifier or declaring the field as nullable. [D:\AB3\clnsr_prjct\CleanserBlazorUI\CleanserBlazorUI.csproj]
         D:\AB3\clnsr_prjct\CleanserBlazorUI\Components\Pages\BusinessNamesNormalizer.razor(114,16): warning CS0219: The variable 'AlertSeverityVisible' is assigned but its value is never used [D:\AB3\clnsr_prjct\CleanserBlazorUI\CleanserBlazorUI.csproj]
         D:\AB3\clnsr_prjct\CleanserBlazorUI\Components\Pages\BusinessNamesNormalizer.razor(162,24): warning CS1998: This async method lacks 'await' operators and will run synchronously. Consider using the 'await' operator to await non-blocking API calls, or 'await Task.Run(...)' to do CPU-bound work on a background thread. [D:\AB3\clnsr_prjct\CleanserBlazorUI\CleanserBlazorUI.csproj]
         D:\AB3\clnsr_prjct\CleanserBlazorUI\Components\Pages\BusinessNamesNormalizer.razor(69,37): warning CS8618: Non-nullable field 'cancellationTokenSource' must contain a non-null value when exiting constructor. Consider adding the 'required' modifier or declaring the field as nullable. [D:\AB3\clnsr_prjct\CleanserBlazorUI\CleanserBlazorUI.csproj]
         D:\AB3\clnsr_prjct\CleanserBlazorUI\Components\Pages\BusinessNamesNormalizer.razor(75,31): warning CS8618: Non-nullable field 'settingsClass' must contain a non-null value when exiting constructor. Consider adding the 'required' modifier or declaring the field as nullable. [D:\AB3\clnsr_prjct\CleanserBlazorUI\CleanserBlazorUI.csproj]
         D:\AB3\clnsr_prjct\CleanserBlazorUI\Components\Pages\Ref.razor(1615,32): warning CS8600: Converting null literal or possible null value to non-nullable type. [D:\AB3\clnsr_prjct\CleanserBlazorUI\CleanserBlazorUI.csproj]
         D:\AB3\clnsr_prjct\CleanserBlazorUI\Components\Pages\Ref.razor(1616,76): warning CS8604: Possible null reference argument for parameter 'input' in 'string StringHelper.GetFirstPartExcludeLastPart(string input, int n)'. [D:\AB3\clnsr_prjct\CleanserBlazorUI\CleanserBlazorUI.csproj]
         D:\AB3\clnsr_prjct\CleanserBlazorUI\Components\Pages\Ref.razor(1624,43): warning CS8602: Dereference of a possibly null reference. [D:\AB3\clnsr_prjct\CleanserBlazorUI\CleanserBlazorUI.csproj]
         D:\AB3\clnsr_prjct\CleanserBlazorUI\Components\Pages\Ref.razor(1632,43): warning CS8602: Dereference of a possibly null reference. [D:\AB3\clnsr_prjct\CleanserBlazorUI\CleanserBlazorUI.csproj]
         D:\AB3\clnsr_prjct\CleanserBlazorUI\Components\Pages\Ref.razor(206,20): warning CS8618: Non-nullable field 'AlertSeverityMessage' must contain a non-null value when exiting constructor. Consider adding the 'required' modifier or declaring the field as nullable. [D:\AB3\clnsr_prjct\CleanserBlazorUI\CleanserBlazorUI.csproj]
         D:\AB3\clnsr_prjct\CleanserBlazorUI\Components\Pages\Ref.razor(207,33): warning CS8618: Non-nullable field '_timer' must contain a non-null value when exiting constructor. Consider adding the 'required' modifier or declaring the field as nullable. [D:\AB3\clnsr_prjct\CleanserBlazorUI\CleanserBlazorUI.csproj]
         D:\AB3\clnsr_prjct\CleanserBlazorUI\Components\Pages\Home.razor(97,149): warning CS8602: Dereference of a possibly null reference. [D:\AB3\clnsr_prjct\CleanserBlazorUI\CleanserBlazorUI.csproj]
         D:\AB3\clnsr_prjct\CleanserBlazorUI\Components\Pages\Home.razor(202,10): warning CS8602: Dereference of a possibly null reference. [D:\AB3\clnsr_prjct\CleanserBlazorUI\CleanserBlazorUI.csproj]
         D:\AB3\clnsr_prjct\CleanserBlazorUI\Components\Pages\Manageroles.razor(108,25): warning CS8601: Possible null reference assignment. [D:\AB3\clnsr_prjct\CleanserBlazorUI\CleanserBlazorUI.csproj]
         D:\AB3\clnsr_prjct\CleanserBlazorUI\Components\Pages\Home.razor(341,42): warning CS8604: Possible null reference argument for parameter 'browserFile' in 'Task<CleaningStatus> Home.REF_GetSpreadsheetData(IBrowserFile browserFile, int id)'. [D:\AB3\clnsr_prjct\CleanserBlazorUI\CleanserBlazorUI.csproj]
         D:\AB3\clnsr_prjct\CleanserBlazorUI\Components\Pages\Home.razor(386,52): warning CS8604: Possible null reference argument for parameter 'browserFile' in 'Task<CleaningStatus> Home.INSERTREF_REF_GetSpreadsheetData(IBrowserFile browserFile)'. [D:\AB3\clnsr_prjct\CleanserBlazorUI\CleanserBlazorUI.csproj]
         D:\AB3\clnsr_prjct\CleanserBlazorUI\Components\Pages\Manageroles.razor(177,23): warning CS8618: Non-nullable property 'Email' must contain a non-null value when exiting constructor. Consider adding the 'required' modifier or declaring the property as nullable. [D:\AB3\clnsr_prjct\CleanserBlazorUI\CleanserBlazorUI.csproj]
         D:\AB3\clnsr_prjct\CleanserBlazorUI\Components\Pages\Manageroles.razor(178,29): warning CS8618: Non-nullable property 'Roles' must contain a non-null value when exiting constructor. Consider adding the 'required' modifier or declaring the property as nullable. [D:\AB3\clnsr_prjct\CleanserBlazorUI\CleanserBlazorUI.csproj]
         D:\AB3\clnsr_prjct\CleanserBlazorUI\Components\Pages\Home.razor(454,101): warning CS8602: Dereference of a possibly null reference. [D:\AB3\clnsr_prjct\CleanserBlazorUI\CleanserBlazorUI.csproj]
         D:\AB3\clnsr_prjct\CleanserBlazorUI\Components\Pages\Home.razor(488,25): warning CS8602: Dereference of a possibly null reference. [D:\AB3\clnsr_prjct\CleanserBlazorUI\CleanserBlazorUI.csproj]
         D:\AB3\clnsr_prjct\CleanserBlazorUI\Components\Pages\Home.razor(491,25): warning CS8602: Dereference of a possibly null reference. [D:\AB3\clnsr_prjct\CleanserBlazorUI\CleanserBlazorUI.csproj]
         D:\AB3\clnsr_prjct\CleanserBlazorUI\Components\Pages\Home.razor(527,101): warning CS8602: Dereference of a possibly null reference. [D:\AB3\clnsr_prjct\CleanserBlazorUI\CleanserBlazorUI.csproj]
         D:\AB3\clnsr_prjct\CleanserBlazorUI\Components\Pages\Home.razor(562,25): warning CS8602: Dereference of a possibly null reference. [D:\AB3\clnsr_prjct\CleanserBlazorUI\CleanserBlazorUI.csproj]
         D:\AB3\clnsr_prjct\CleanserBlazorUI\Components\Pages\Home.razor(565,25): warning CS8602: Dereference of a possibly null reference. [D:\AB3\clnsr_prjct\CleanserBlazorUI\CleanserBlazorUI.csproj]
         D:\AB3\clnsr_prjct\CleanserBlazorUI\Components\Pages\Home.razor(606,101): warning CS8602: Dereference of a possibly null reference. [D:\AB3\clnsr_prjct\CleanserBlazorUI\CleanserBlazorUI.csproj]
         D:\AB3\clnsr_prjct\CleanserBlazorUI\Components\Pages\Home.razor(638,25): warning CS8602: Dereference of a possibly null reference. [D:\AB3\clnsr_prjct\CleanserBlazorUI\CleanserBlazorUI.csproj]
         D:\AB3\clnsr_prjct\CleanserBlazorUI\Components\Pages\Home.razor(641,25): warning CS8602: Dereference of a possibly null reference. [D:\AB3\clnsr_prjct\CleanserBlazorUI\CleanserBlazorUI.csproj]
         D:\AB3\clnsr_prjct\CleanserBlazorUI\Components\Pages\Home.razor(680,101): warning CS8602: Dereference of a possibly null reference. [D:\AB3\clnsr_prjct\CleanserBlazorUI\CleanserBlazorUI.csproj]
         D:\AB3\clnsr_prjct\CleanserBlazorUI\Components\Pages\Home.razor(712,25): warning CS8602: Dereference of a possibly null reference. [D:\AB3\clnsr_prjct\CleanserBlazorUI\CleanserBlazorUI.csproj]
         D:\AB3\clnsr_prjct\CleanserBlazorUI\Components\Pages\Home.razor(715,25): warning CS8602: Dereference of a possibly null reference. [D:\AB3\clnsr_prjct\CleanserBlazorUI\CleanserBlazorUI.csproj]
         D:\AB3\clnsr_prjct\CleanserBlazorUI\Components\Pages\Home.razor(750,30): warning CS0168: The variable 'ex' is declared but never used [D:\AB3\clnsr_prjct\CleanserBlazorUI\CleanserBlazorUI.csproj]
         D:\AB3\clnsr_prjct\CleanserBlazorUI\Components\Pages\Home.razor(760,9): warning CS8602: Dereference of a possibly null reference. [D:\AB3\clnsr_prjct\CleanserBlazorUI\CleanserBlazorUI.csproj]
         D:\AB3\clnsr_prjct\CleanserBlazorUI\Components\Pages\Home.razor(811,9): warning CS8602: Dereference of a possibly null reference. [D:\AB3\clnsr_prjct\CleanserBlazorUI\CleanserBlazorUI.csproj]
         D:\AB3\clnsr_prjct\CleanserBlazorUI\Components\Pages\Home.razor(812,9): warning CS8602: Dereference of a possibly null reference. [D:\AB3\clnsr_prjct\CleanserBlazorUI\CleanserBlazorUI.csproj]
         D:\AB3\clnsr_prjct\CleanserBlazorUI\Components\Pages\Home.razor(845,9): warning CS8602: Dereference of a possibly null reference. [D:\AB3\clnsr_prjct\CleanserBlazorUI\CleanserBlazorUI.csproj]
         D:\AB3\clnsr_prjct\CleanserBlazorUI\Components\Pages\Home.razor(846,9): warning CS8602: Dereference of a possibly null reference. [D:\AB3\clnsr_prjct\CleanserBlazorUI\CleanserBlazorUI.csproj]
         D:\AB3\clnsr_prjct\CleanserBlazorUI\Components\Account\Pages\ForgotPassword.razor(56,42): warning CS8604: Possible null reference argument for parameter 'email' in 'Task ICustomEmailSender.SendEmailAsync(string email, string subject, string message, string isit__R_rest__F_Forget__C_Confirm)'. [D:\AB3\clnsr_prjct\CleanserBlazorUI\CleanserBlazorUI.csproj]
         D:\AB3\clnsr_prjct\CleanserBlazorUI\Components\Pages\Home.razor(1873,47): warning CS8602: Dereference of a possibly null reference. [D:\AB3\clnsr_prjct\CleanserBlazorUI\CleanserBlazorUI.csproj]
         D:\AB3\clnsr_prjct\CleanserBlazorUI\Components\Pages\Home.razor(1879,38): warning CS8602: Dereference of a possibly null reference. [D:\AB3\clnsr_prjct\CleanserBlazorUI\CleanserBlazorUI.csproj]
         D:\AB3\clnsr_prjct\CleanserBlazorUI\Components\Pages\Home.razor(1885,38): warning CS8602: Dereference of a possibly null reference. [D:\AB3\clnsr_prjct\CleanserBlazorUI\CleanserBlazorUI.csproj]
         D:\AB3\clnsr_prjct\CleanserBlazorUI\Components\Pages\Home.razor(1899,35): warning CS8602: Dereference of a possibly null reference. [D:\AB3\clnsr_prjct\CleanserBlazorUI\CleanserBlazorUI.csproj]
         D:\AB3\clnsr_prjct\CleanserBlazorUI\Components\Pages\Home.razor(1905,50): warning CS8602: Dereference of a possibly null reference. [D:\AB3\clnsr_prjct\CleanserBlazorUI\CleanserBlazorUI.csproj]
         D:\AB3\clnsr_prjct\CleanserBlazorUI\Components\Pages\Home.razor(1911,38): warning CS8602: Dereference of a possibly null reference. [D:\AB3\clnsr_prjct\CleanserBlazorUI\CleanserBlazorUI.csproj]
         D:\AB3\clnsr_prjct\CleanserBlazorUI\Components\Pages\Home.razor(1927,42): warning CS8602: Dereference of a possibly null reference. [D:\AB3\clnsr_prjct\CleanserBlazorUI\CleanserBlazorUI.csproj]
         D:\AB3\clnsr_prjct\CleanserBlazorUI\Components\Pages\Home.razor(1943,35): warning CS8602: Dereference of a possibly null reference. [D:\AB3\clnsr_prjct\CleanserBlazorUI\CleanserBlazorUI.csproj]
         D:\AB3\clnsr_prjct\CleanserBlazorUI\Components\Pages\Home.razor(1949,50): warning CS8602: Dereference of a possibly null reference. [D:\AB3\clnsr_prjct\CleanserBlazorUI\CleanserBlazorUI.csproj]
         D:\AB3\clnsr_prjct\CleanserBlazorUI\Components\Pages\Home.razor(1955,38): warning CS8602: Dereference of a possibly null reference. [D:\AB3\clnsr_prjct\CleanserBlazorUI\CleanserBlazorUI.csproj]
         D:\AB3\clnsr_prjct\CleanserBlazorUI\Components\Pages\Home.razor(1966,42): warning CS8602: Dereference of a possibly null reference. [D:\AB3\clnsr_prjct\CleanserBlazorUI\CleanserBlazorUI.csproj]
         D:\AB3\clnsr_prjct\CleanserBlazorUI\Components\Pages\Home.razor(2004,44): warning CS8604: Possible null reference argument for parameter 'dob' in 'string Home.NormalizeDate(string dob)'. [D:\AB3\clnsr_prjct\CleanserBlazorUI\CleanserBlazorUI.csproj]
         D:\AB3\clnsr_prjct\CleanserBlazorUI\Components\Pages\Home.razor(3332,32): warning CS8600: Converting null literal or possible null value to non-nullable type. [D:\AB3\clnsr_prjct\CleanserBlazorUI\CleanserBlazorUI.csproj]
         D:\AB3\clnsr_prjct\CleanserBlazorUI\Components\Pages\Home.razor(3333,76): warning CS8604: Possible null reference argument for parameter 'input' in 'string StringHelper.GetFirstPartExcludeLastPart(string input, int n)'. [D:\AB3\clnsr_prjct\CleanserBlazorUI\CleanserBlazorUI.csproj]
         D:\AB3\clnsr_prjct\CleanserBlazorUI\Components\Pages\Home.razor(3341,43): warning CS8602: Dereference of a possibly null reference. [D:\AB3\clnsr_prjct\CleanserBlazorUI\CleanserBlazorUI.csproj]
         D:\AB3\clnsr_prjct\CleanserBlazorUI\Components\Pages\Home.razor(3349,43): warning CS8602: Dereference of a possibly null reference. [D:\AB3\clnsr_prjct\CleanserBlazorUI\CleanserBlazorUI.csproj]
         D:\AB3\clnsr_prjct\CleanserBlazorUI\Components\Pages\Home.razor(3370,101): warning CS8602: Dereference of a possibly null reference. [D:\AB3\clnsr_prjct\CleanserBlazorUI\CleanserBlazorUI.csproj]
         D:\AB3\clnsr_prjct\CleanserBlazorUI\Components\Pages\Home.razor(3399,25): warning CS8602: Dereference of a possibly null reference. [D:\AB3\clnsr_prjct\CleanserBlazorUI\CleanserBlazorUI.csproj]
         D:\AB3\clnsr_prjct\CleanserBlazorUI\Components\Pages\Home.razor(3402,25): warning CS8602: Dereference of a possibly null reference. [D:\AB3\clnsr_prjct\CleanserBlazorUI\CleanserBlazorUI.csproj]
         D:\AB3\clnsr_prjct\CleanserBlazorUI\Components\Pages\Home.razor(3493,105): warning CS8604: Possible null reference argument for parameter 'context_duplicate' in 'Task<byte[]> Home.SaveToExcelAsync<IndividualContext>(List<IndividualContext> context, List<IndividualContext> context_duplicate, List<IndividualContext>? context_closed = null)'. [D:\AB3\clnsr_prjct\CleanserBlazorUI\CleanserBlazorUI.csproj]
         D:\AB3\clnsr_prjct\CleanserBlazorUI\Components\Pages\Home.razor(3527,101): warning CS8602: Dereference of a possibly null reference. [D:\AB3\clnsr_prjct\CleanserBlazorUI\CleanserBlazorUI.csproj]
         D:\AB3\clnsr_prjct\CleanserBlazorUI\Components\Pages\Home.razor(3559,25): warning CS8602: Dereference of a possibly null reference. [D:\AB3\clnsr_prjct\CleanserBlazorUI\CleanserBlazorUI.csproj]
         D:\AB3\clnsr_prjct\CleanserBlazorUI\Components\Pages\Home.razor(3562,25): warning CS8602: Dereference of a possibly null reference. [D:\AB3\clnsr_prjct\CleanserBlazorUI\CleanserBlazorUI.csproj]
         D:\AB3\clnsr_prjct\CleanserBlazorUI\Components\Pages\Home.razor(3630,101): warning CS8602: Dereference of a possibly null reference. [D:\AB3\clnsr_prjct\CleanserBlazorUI\CleanserBlazorUI.csproj]
         D:\AB3\clnsr_prjct\CleanserBlazorUI\Components\Pages\Home.razor(3648,25): warning CS8602: Dereference of a possibly null reference. [D:\AB3\clnsr_prjct\CleanserBlazorUI\CleanserBlazorUI.csproj]
         D:\AB3\clnsr_prjct\CleanserBlazorUI\Components\Pages\Home.razor(3651,25): warning CS8602: Dereference of a possibly null reference. [D:\AB3\clnsr_prjct\CleanserBlazorUI\CleanserBlazorUI.csproj]
         D:\AB3\clnsr_prjct\CleanserBlazorUI\Components\Pages\Home.razor(3683,101): warning CS8602: Dereference of a possibly null reference. [D:\AB3\clnsr_prjct\CleanserBlazorUI\CleanserBlazorUI.csproj]
         D:\AB3\clnsr_prjct\CleanserBlazorUI\Components\Pages\Home.razor(3701,25): warning CS8602: Dereference of a possibly null reference. [D:\AB3\clnsr_prjct\CleanserBlazorUI\CleanserBlazorUI.csproj]
         D:\AB3\clnsr_prjct\CleanserBlazorUI\Components\Pages\Home.razor(3704,25): warning CS8602: Dereference of a possibly null reference. [D:\AB3\clnsr_prjct\CleanserBlazorUI\CleanserBlazorUI.csproj]
         D:\AB3\clnsr_prjct\CleanserBlazorUI\Components\Pages\Home.razor(3758,41): warning CS8604: Possible null reference argument for parameter 'browserFile' in 'Task<CleaningStatus> Home.GetSpreadsheetDataNew(IBrowserFile browserFile, int id)'. [D:\AB3\clnsr_prjct\CleanserBlazorUI\CleanserBlazorUI.csproj]
         D:\AB3\clnsr_prjct\CleanserBlazorUI\Components\Pages\Home.razor(4569,42): warning CS8602: Dereference of a possibly null reference. [D:\AB3\clnsr_prjct\CleanserBlazorUI\CleanserBlazorUI.csproj]
         D:\AB3\clnsr_prjct\CleanserBlazorUI\Components\Pages\Home.razor(4571,42): warning CS8602: Dereference of a possibly null reference. [D:\AB3\clnsr_prjct\CleanserBlazorUI\CleanserBlazorUI.csproj]
         D:\AB3\clnsr_prjct\CleanserBlazorUI\Components\Pages\Home.razor(4573,42): warning CS8602: Dereference of a possibly null reference. [D:\AB3\clnsr_prjct\CleanserBlazorUI\CleanserBlazorUI.csproj]
         D:\AB3\clnsr_prjct\CleanserBlazorUI\Components\Pages\Home.razor(4574,42): warning CS8602: Dereference of a possibly null reference. [D:\AB3\clnsr_prjct\CleanserBlazorUI\CleanserBlazorUI.csproj]
         D:\AB3\clnsr_prjct\CleanserBlazorUI\Components\Pages\Home.razor(4575,43): warning CS8602: Dereference of a possibly null reference. [D:\AB3\clnsr_prjct\CleanserBlazorUI\CleanserBlazorUI.csproj]
         D:\AB3\clnsr_prjct\CleanserBlazorUI\Components\Pages\Home.razor(4576,43): warning CS8602: Dereference of a possibly null reference. [D:\AB3\clnsr_prjct\CleanserBlazorUI\CleanserBlazorUI.csproj]
         D:\AB3\clnsr_prjct\CleanserBlazorUI\Components\Pages\Home.razor(4577,43): warning CS8602: Dereference of a possibly null reference. [D:\AB3\clnsr_prjct\CleanserBlazorUI\CleanserBlazorUI.csproj]
         D:\AB3\clnsr_prjct\CleanserBlazorUI\Components\Pages\Home.razor(4578,43): warning CS8602: Dereference of a possibly null reference. [D:\AB3\clnsr_prjct\CleanserBlazorUI\CleanserBlazorUI.csproj]
         D:\AB3\clnsr_prjct\CleanserBlazorUI\Components\Pages\Home.razor(4579,43): warning CS8602: Dereference of a possibly null reference. [D:\AB3\clnsr_prjct\CleanserBlazorUI\CleanserBlazorUI.csproj]
         D:\AB3\clnsr_prjct\CleanserBlazorUI\Components\Pages\Home.razor(4580,43): warning CS8602: Dereference of a possibly null reference. [D:\AB3\clnsr_prjct\CleanserBlazorUI\CleanserBlazorUI.csproj]
         D:\AB3\clnsr_prjct\CleanserBlazorUI\Components\Pages\Home.razor(4586,43): warning CS8602: Dereference of a possibly null reference. [D:\AB3\clnsr_prjct\CleanserBlazorUI\CleanserBlazorUI.csproj]
         D:\AB3\clnsr_prjct\CleanserBlazorUI\Components\Pages\Home.razor(4587,43): warning CS8602: Dereference of a possibly null reference. [D:\AB3\clnsr_prjct\CleanserBlazorUI\CleanserBlazorUI.csproj]
         D:\AB3\clnsr_prjct\CleanserBlazorUI\Components\Pages\Home.razor(4588,43): warning CS8602: Dereference of a possibly null reference. [D:\AB3\clnsr_prjct\CleanserBlazorUI\CleanserBlazorUI.csproj]
         D:\AB3\clnsr_prjct\CleanserBlazorUI\Components\Pages\Home.razor(4589,43): warning CS8602: Dereference of a possibly null reference. [D:\AB3\clnsr_prjct\CleanserBlazorUI\CleanserBlazorUI.csproj]
         D:\AB3\clnsr_prjct\CleanserBlazorUI\Components\Pages\Home.razor(4591,43): warning CS8602: Dereference of a possibly null reference. [D:\AB3\clnsr_prjct\CleanserBlazorUI\CleanserBlazorUI.csproj]
         D:\AB3\clnsr_prjct\CleanserBlazorUI\Components\Pages\Home.razor(4592,43): warning CS8602: Dereference of a possibly null reference. [D:\AB3\clnsr_prjct\CleanserBlazorUI\CleanserBlazorUI.csproj]
         D:\AB3\clnsr_prjct\CleanserBlazorUI\Components\Pages\Home.razor(4593,43): warning CS8602: Dereference of a possibly null reference. [D:\AB3\clnsr_prjct\CleanserBlazorUI\CleanserBlazorUI.csproj]
         D:\AB3\clnsr_prjct\CleanserBlazorUI\Components\Pages\Home.razor(4594,43): warning CS8602: Dereference of a possibly null reference. [D:\AB3\clnsr_prjct\CleanserBlazorUI\CleanserBlazorUI.csproj]
         D:\AB3\clnsr_prjct\CleanserBlazorUI\Components\Pages\Home.razor(4598,43): warning CS8602: Dereference of a possibly null reference. [D:\AB3\clnsr_prjct\CleanserBlazorUI\CleanserBlazorUI.csproj]
         D:\AB3\clnsr_prjct\CleanserBlazorUI\Components\Pages\Home.razor(4599,43): warning CS8602: Dereference of a possibly null reference. [D:\AB3\clnsr_prjct\CleanserBlazorUI\CleanserBlazorUI.csproj]
         D:\AB3\clnsr_prjct\CleanserBlazorUI\Components\Pages\Home.razor(4605,43): warning CS8602: Dereference of a possibly null reference. [D:\AB3\clnsr_prjct\CleanserBlazorUI\CleanserBlazorUI.csproj]
         D:\AB3\clnsr_prjct\CleanserBlazorUI\Components\Pages\Home.razor(4606,43): warning CS8602: Dereference of a possibly null reference. [D:\AB3\clnsr_prjct\CleanserBlazorUI\CleanserBlazorUI.csproj]
         D:\AB3\clnsr_prjct\CleanserBlazorUI\Components\Pages\Home.razor(4607,43): warning CS8602: Dereference of a possibly null reference. [D:\AB3\clnsr_prjct\CleanserBlazorUI\CleanserBlazorUI.csproj]
         D:\AB3\clnsr_prjct\CleanserBlazorUI\Components\Pages\Home.razor(4609,43): warning CS8602: Dereference of a possibly null reference. [D:\AB3\clnsr_prjct\CleanserBlazorUI\CleanserBlazorUI.csproj]
         D:\AB3\clnsr_prjct\CleanserBlazorUI\Components\Pages\Home.razor(4610,43): warning CS8602: Dereference of a possibly null reference. [D:\AB3\clnsr_prjct\CleanserBlazorUI\CleanserBlazorUI.csproj]
         D:\AB3\clnsr_prjct\CleanserBlazorUI\Components\Pages\Home.razor(4611,43): warning CS8602: Dereference of a possibly null reference. [D:\AB3\clnsr_prjct\CleanserBlazorUI\CleanserBlazorUI.csproj]
         D:\AB3\clnsr_prjct\CleanserBlazorUI\Components\Pages\Home.razor(4612,43): warning CS8602: Dereference of a possibly null reference. [D:\AB3\clnsr_prjct\CleanserBlazorUI\CleanserBlazorUI.csproj]
         D:\AB3\clnsr_prjct\CleanserBlazorUI\Components\Pages\Home.razor(4613,43): warning CS8602: Dereference of a possibly null reference. [D:\AB3\clnsr_prjct\CleanserBlazorUI\CleanserBlazorUI.csproj]
         D:\AB3\clnsr_prjct\CleanserBlazorUI\Components\Pages\Home.razor(4614,43): warning CS8602: Dereference of a possibly null reference. [D:\AB3\clnsr_prjct\CleanserBlazorUI\CleanserBlazorUI.csproj]
         D:\AB3\clnsr_prjct\CleanserBlazorUI\Components\Pages\Home.razor(4615,43): warning CS8602: Dereference of a possibly null reference. [D:\AB3\clnsr_prjct\CleanserBlazorUI\CleanserBlazorUI.csproj]
         D:\AB3\clnsr_prjct\CleanserBlazorUI\Components\Pages\Home.razor(4616,43): warning CS8602: Dereference of a possibly null reference. [D:\AB3\clnsr_prjct\CleanserBlazorUI\CleanserBlazorUI.csproj]
         D:\AB3\clnsr_prjct\CleanserBlazorUI\Components\Pages\Home.razor(4617,43): warning CS8602: Dereference of a possibly null reference. [D:\AB3\clnsr_prjct\CleanserBlazorUI\CleanserBlazorUI.csproj]
         D:\AB3\clnsr_prjct\CleanserBlazorUI\Components\Pages\Home.razor(4618,43): warning CS8602: Dereference of a possibly null reference. [D:\AB3\clnsr_prjct\CleanserBlazorUI\CleanserBlazorUI.csproj]
         D:\AB3\clnsr_prjct\CleanserBlazorUI\Components\Pages\Home.razor(4619,43): warning CS8602: Dereference of a possibly null reference. [D:\AB3\clnsr_prjct\CleanserBlazorUI\CleanserBlazorUI.csproj]
         D:\AB3\clnsr_prjct\CleanserBlazorUI\Components\Pages\Home.razor(4620,43): warning CS8602: Dereference of a possibly null reference. [D:\AB3\clnsr_prjct\CleanserBlazorUI\CleanserBlazorUI.csproj]
         D:\AB3\clnsr_prjct\CleanserBlazorUI\Components\Pages\Home.razor(4622,43): warning CS8602: Dereference of a possibly null reference. [D:\AB3\clnsr_prjct\CleanserBlazorUI\CleanserBlazorUI.csproj]
         D:\AB3\clnsr_prjct\CleanserBlazorUI\Components\Pages\Home.razor(4624,43): warning CS8602: Dereference of a possibly null reference. [D:\AB3\clnsr_prjct\CleanserBlazorUI\CleanserBlazorUI.csproj]
         D:\AB3\clnsr_prjct\CleanserBlazorUI\Components\Pages\Home.razor(4634,43): warning CS8602: Dereference of a possibly null reference. [D:\AB3\clnsr_prjct\CleanserBlazorUI\CleanserBlazorUI.csproj]
         D:\AB3\clnsr_prjct\CleanserBlazorUI\Components\Pages\Home.razor(4635,43): warning CS8602: Dereference of a possibly null reference. [D:\AB3\clnsr_prjct\CleanserBlazorUI\CleanserBlazorUI.csproj]
         D:\AB3\clnsr_prjct\CleanserBlazorUI\Components\Pages\Home.razor(4636,43): warning CS8602: Dereference of a possibly null reference. [D:\AB3\clnsr_prjct\CleanserBlazorUI\CleanserBlazorUI.csproj]
         D:\AB3\clnsr_prjct\CleanserBlazorUI\Components\Pages\Home.razor(4637,43): warning CS8602: Dereference of a possibly null reference. [D:\AB3\clnsr_prjct\CleanserBlazorUI\CleanserBlazorUI.csproj]
         D:\AB3\clnsr_prjct\CleanserBlazorUI\Components\Pages\Home.razor(4638,43): warning CS8602: Dereference of a possibly null reference. [D:\AB3\clnsr_prjct\CleanserBlazorUI\CleanserBlazorUI.csproj]
         D:\AB3\clnsr_prjct\CleanserBlazorUI\Components\Pages\Home.razor(4640,43): warning CS8602: Dereference of a possibly null reference. [D:\AB3\clnsr_prjct\CleanserBlazorUI\CleanserBlazorUI.csproj]
         D:\AB3\clnsr_prjct\CleanserBlazorUI\Components\Pages\Home.razor(4641,43): warning CS8602: Dereference of a possibly null reference. [D:\AB3\clnsr_prjct\CleanserBlazorUI\CleanserBlazorUI.csproj]
         D:\AB3\clnsr_prjct\CleanserBlazorUI\Components\Pages\Home.razor(4642,43): warning CS8602: Dereference of a possibly null reference. [D:\AB3\clnsr_prjct\CleanserBlazorUI\CleanserBlazorUI.csproj]
         D:\AB3\clnsr_prjct\CleanserBlazorUI\Components\Pages\Home.razor(4648,43): warning CS8602: Dereference of a possibly null reference. [D:\AB3\clnsr_prjct\CleanserBlazorUI\CleanserBlazorUI.csproj]
         D:\AB3\clnsr_prjct\CleanserBlazorUI\Components\Pages\Home.razor(4729,42): warning CS8602: Dereference of a possibly null reference. [D:\AB3\clnsr_prjct\CleanserBlazorUI\CleanserBlazorUI.csproj]
         D:\AB3\clnsr_prjct\CleanserBlazorUI\Components\Pages\Home.razor(4730,42): warning CS8602: Dereference of a possibly null reference. [D:\AB3\clnsr_prjct\CleanserBlazorUI\CleanserBlazorUI.csproj]
         D:\AB3\clnsr_prjct\CleanserBlazorUI\Components\Pages\Home.razor(4731,42): warning CS8602: Dereference of a possibly null reference. [D:\AB3\clnsr_prjct\CleanserBlazorUI\CleanserBlazorUI.csproj]
         D:\AB3\clnsr_prjct\CleanserBlazorUI\Components\Pages\Home.razor(4737,43): warning CS8602: Dereference of a possibly null reference. [D:\AB3\clnsr_prjct\CleanserBlazorUI\CleanserBlazorUI.csproj]
         D:\AB3\clnsr_prjct\CleanserBlazorUI\Components\Pages\Home.razor(4740,43): warning CS8602: Dereference of a possibly null reference. [D:\AB3\clnsr_prjct\CleanserBlazorUI\CleanserBlazorUI.csproj]
         D:\AB3\clnsr_prjct\CleanserBlazorUI\Components\Pages\Home.razor(4741,43): warning CS8602: Dereference of a possibly null reference. [D:\AB3\clnsr_prjct\CleanserBlazorUI\CleanserBlazorUI.csproj]
         D:\AB3\clnsr_prjct\CleanserBlazorUI\Components\Pages\Home.razor(4742,43): warning CS8602: Dereference of a possibly null reference. [D:\AB3\clnsr_prjct\CleanserBlazorUI\CleanserBlazorUI.csproj]
         D:\AB3\clnsr_prjct\CleanserBlazorUI\Components\Pages\Home.razor(4743,43): warning CS8602: Dereference of a possibly null reference. [D:\AB3\clnsr_prjct\CleanserBlazorUI\CleanserBlazorUI.csproj]
         D:\AB3\clnsr_prjct\CleanserBlazorUI\Components\Pages\Home.razor(4744,43): warning CS8602: Dereference of a possibly null reference. [D:\AB3\clnsr_prjct\CleanserBlazorUI\CleanserBlazorUI.csproj]
         D:\AB3\clnsr_prjct\CleanserBlazorUI\Components\Pages\Home.razor(4745,43): warning CS8602: Dereference of a possibly null reference. [D:\AB3\clnsr_prjct\CleanserBlazorUI\CleanserBlazorUI.csproj]
         D:\AB3\clnsr_prjct\CleanserBlazorUI\Components\Pages\Home.razor(4749,43): warning CS8602: Dereference of a possibly null reference. [D:\AB3\clnsr_prjct\CleanserBlazorUI\CleanserBlazorUI.csproj]
         D:\AB3\clnsr_prjct\CleanserBlazorUI\Components\Pages\Home.razor(4750,43): warning CS8602: Dereference of a possibly null reference. [D:\AB3\clnsr_prjct\CleanserBlazorUI\CleanserBlazorUI.csproj]
         D:\AB3\clnsr_prjct\CleanserBlazorUI\Components\Pages\Home.razor(4753,43): warning CS8602: Dereference of a possibly null reference. [D:\AB3\clnsr_prjct\CleanserBlazorUI\CleanserBlazorUI.csproj]
         D:\AB3\clnsr_prjct\CleanserBlazorUI\Components\Pages\Home.razor(4754,43): warning CS8602: Dereference of a possibly null reference. [D:\AB3\clnsr_prjct\CleanserBlazorUI\CleanserBlazorUI.csproj]
         D:\AB3\clnsr_prjct\CleanserBlazorUI\Components\Pages\Home.razor(4755,43): warning CS8602: Dereference of a possibly null reference. [D:\AB3\clnsr_prjct\CleanserBlazorUI\CleanserBlazorUI.csproj]
         D:\AB3\clnsr_prjct\CleanserBlazorUI\Components\Pages\Home.razor(4756,43): warning CS8602: Dereference of a possibly null reference. [D:\AB3\clnsr_prjct\CleanserBlazorUI\CleanserBlazorUI.csproj]
         D:\AB3\clnsr_prjct\CleanserBlazorUI\Components\Pages\Home.razor(4757,43): warning CS8602: Dereference of a possibly null reference. [D:\AB3\clnsr_prjct\CleanserBlazorUI\CleanserBlazorUI.csproj]
         D:\AB3\clnsr_prjct\CleanserBlazorUI\Components\Pages\Home.razor(4758,43): warning CS8602: Dereference of a possibly null reference. [D:\AB3\clnsr_prjct\CleanserBlazorUI\CleanserBlazorUI.csproj]
         D:\AB3\clnsr_prjct\CleanserBlazorUI\Components\Pages\Home.razor(4759,43): warning CS8602: Dereference of a possibly null reference. [D:\AB3\clnsr_prjct\CleanserBlazorUI\CleanserBlazorUI.csproj]
         D:\AB3\clnsr_prjct\CleanserBlazorUI\Components\Pages\Home.razor(4760,43): warning CS8602: Dereference of a possibly null reference. [D:\AB3\clnsr_prjct\CleanserBlazorUI\CleanserBlazorUI.csproj]
         D:\AB3\clnsr_prjct\CleanserBlazorUI\Components\Pages\Home.razor(4761,43): warning CS8602: Dereference of a possibly null reference. [D:\AB3\clnsr_prjct\CleanserBlazorUI\CleanserBlazorUI.csproj]
         D:\AB3\clnsr_prjct\CleanserBlazorUI\Components\Pages\Home.razor(4762,43): warning CS8602: Dereference of a possibly null reference. [D:\AB3\clnsr_prjct\CleanserBlazorUI\CleanserBlazorUI.csproj]
         D:\AB3\clnsr_prjct\CleanserBlazorUI\Components\Pages\Home.razor(4763,43): warning CS8602: Dereference of a possibly null reference. [D:\AB3\clnsr_prjct\CleanserBlazorUI\CleanserBlazorUI.csproj]
         D:\AB3\clnsr_prjct\CleanserBlazorUI\Components\Pages\Home.razor(4764,43): warning CS8602: Dereference of a possibly null reference. [D:\AB3\clnsr_prjct\CleanserBlazorUI\CleanserBlazorUI.csproj]
         D:\AB3\clnsr_prjct\CleanserBlazorUI\Components\Pages\Home.razor(4765,43): warning CS8602: Dereference of a possibly null reference. [D:\AB3\clnsr_prjct\CleanserBlazorUI\CleanserBlazorUI.csproj]
         D:\AB3\clnsr_prjct\CleanserBlazorUI\Components\Pages\Home.razor(4766,43): warning CS8602: Dereference of a possibly null reference. [D:\AB3\clnsr_prjct\CleanserBlazorUI\CleanserBlazorUI.csproj]
         D:\AB3\clnsr_prjct\CleanserBlazorUI\Components\Pages\Home.razor(4767,43): warning CS8602: Dereference of a possibly null reference. [D:\AB3\clnsr_prjct\CleanserBlazorUI\CleanserBlazorUI.csproj]
         D:\AB3\clnsr_prjct\CleanserBlazorUI\Components\Pages\Home.razor(4768,43): warning CS8602: Dereference of a possibly null reference. [D:\AB3\clnsr_prjct\CleanserBlazorUI\CleanserBlazorUI.csproj]
         D:\AB3\clnsr_prjct\CleanserBlazorUI\Components\Pages\Home.razor(4769,43): warning CS8602: Dereference of a possibly null reference. [D:\AB3\clnsr_prjct\CleanserBlazorUI\CleanserBlazorUI.csproj]
         D:\AB3\clnsr_prjct\CleanserBlazorUI\Components\Pages\Home.razor(4770,43): warning CS8602: Dereference of a possibly null reference. [D:\AB3\clnsr_prjct\CleanserBlazorUI\CleanserBlazorUI.csproj]
         D:\AB3\clnsr_prjct\CleanserBlazorUI\Components\Pages\Home.razor(4771,43): warning CS8602: Dereference of a possibly null reference. [D:\AB3\clnsr_prjct\CleanserBlazorUI\CleanserBlazorUI.csproj]
         D:\AB3\clnsr_prjct\CleanserBlazorUI\Components\Pages\Home.razor(4772,43): warning CS8602: Dereference of a possibly null reference. [D:\AB3\clnsr_prjct\CleanserBlazorUI\CleanserBlazorUI.csproj]
         D:\AB3\clnsr_prjct\CleanserBlazorUI\Components\Pages\Home.razor(4774,43): warning CS8602: Dereference of a possibly null reference. [D:\AB3\clnsr_prjct\CleanserBlazorUI\CleanserBlazorUI.csproj]
         D:\AB3\clnsr_prjct\CleanserBlazorUI\Components\Pages\Home.razor(4775,43): warning CS8602: Dereference of a possibly null reference. [D:\AB3\clnsr_prjct\CleanserBlazorUI\CleanserBlazorUI.csproj]
         D:\AB3\clnsr_prjct\CleanserBlazorUI\Components\Pages\Home.razor(4776,43): warning CS8602: Dereference of a possibly null reference. [D:\AB3\clnsr_prjct\CleanserBlazorUI\CleanserBlazorUI.csproj]
         D:\AB3\clnsr_prjct\CleanserBlazorUI\Components\Pages\Home.razor(4777,43): warning CS8602: Dereference of a possibly null reference. [D:\AB3\clnsr_prjct\CleanserBlazorUI\CleanserBlazorUI.csproj]
         D:\AB3\clnsr_prjct\CleanserBlazorUI\Components\Pages\Home.razor(4778,43): warning CS8602: Dereference of a possibly null reference. [D:\AB3\clnsr_prjct\CleanserBlazorUI\CleanserBlazorUI.csproj]
         D:\AB3\clnsr_prjct\CleanserBlazorUI\Components\Pages\Home.razor(4779,43): warning CS8602: Dereference of a possibly null reference. [D:\AB3\clnsr_prjct\CleanserBlazorUI\CleanserBlazorUI.csproj]
         D:\AB3\clnsr_prjct\CleanserBlazorUI\Components\Pages\Home.razor(4780,43): warning CS8602: Dereference of a possibly null reference. [D:\AB3\clnsr_prjct\CleanserBlazorUI\CleanserBlazorUI.csproj]
         D:\AB3\clnsr_prjct\CleanserBlazorUI\Components\Pages\Home.razor(4781,43): warning CS8602: Dereference of a possibly null reference. [D:\AB3\clnsr_prjct\CleanserBlazorUI\CleanserBlazorUI.csproj]
         D:\AB3\clnsr_prjct\CleanserBlazorUI\Components\Pages\Home.razor(4782,43): warning CS8602: Dereference of a possibly null reference. [D:\AB3\clnsr_prjct\CleanserBlazorUI\CleanserBlazorUI.csproj]
         D:\AB3\clnsr_prjct\CleanserBlazorUI\Components\Pages\Home.razor(4783,43): warning CS8602: Dereference of a possibly null reference. [D:\AB3\clnsr_prjct\CleanserBlazorUI\CleanserBlazorUI.csproj]
         D:\AB3\clnsr_prjct\CleanserBlazorUI\Components\Pages\Home.razor(4784,43): warning CS8602: Dereference of a possibly null reference. [D:\AB3\clnsr_prjct\CleanserBlazorUI\CleanserBlazorUI.csproj]
         D:\AB3\clnsr_prjct\CleanserBlazorUI\Components\Pages\Home.razor(4785,43): warning CS8602: Dereference of a possibly null reference. [D:\AB3\clnsr_prjct\CleanserBlazorUI\CleanserBlazorUI.csproj]
         D:\AB3\clnsr_prjct\CleanserBlazorUI\Components\Pages\Home.razor(4786,43): warning CS8602: Dereference of a possibly null reference. [D:\AB3\clnsr_prjct\CleanserBlazorUI\CleanserBlazorUI.csproj]
         D:\AB3\clnsr_prjct\CleanserBlazorUI\Components\Pages\Home.razor(4787,43): warning CS8602: Dereference of a possibly null reference. [D:\AB3\clnsr_prjct\CleanserBlazorUI\CleanserBlazorUI.csproj]
         D:\AB3\clnsr_prjct\CleanserBlazorUI\Components\Pages\Home.razor(4788,43): warning CS8602: Dereference of a possibly null reference. [D:\AB3\clnsr_prjct\CleanserBlazorUI\CleanserBlazorUI.csproj]
         D:\AB3\clnsr_prjct\CleanserBlazorUI\Components\Pages\Home.razor(4789,43): warning CS8602: Dereference of a possibly null reference. [D:\AB3\clnsr_prjct\CleanserBlazorUI\CleanserBlazorUI.csproj]
         D:\AB3\clnsr_prjct\CleanserBlazorUI\Components\Pages\Home.razor(4790,43): warning CS8602: Dereference of a possibly null reference. [D:\AB3\clnsr_prjct\CleanserBlazorUI\CleanserBlazorUI.csproj]
         D:\AB3\clnsr_prjct\CleanserBlazorUI\Components\Pages\Home.razor(4791,43): warning CS8602: Dereference of a possibly null reference. [D:\AB3\clnsr_prjct\CleanserBlazorUI\CleanserBlazorUI.csproj]
         D:\AB3\clnsr_prjct\CleanserBlazorUI\Components\Pages\Home.razor(4792,43): warning CS8602: Dereference of a possibly null reference. [D:\AB3\clnsr_prjct\CleanserBlazorUI\CleanserBlazorUI.csproj]
         D:\AB3\clnsr_prjct\CleanserBlazorUI\Components\Pages\Home.razor(4793,43): warning CS8602: Dereference of a possibly null reference. [D:\AB3\clnsr_prjct\CleanserBlazorUI\CleanserBlazorUI.csproj]
         D:\AB3\clnsr_prjct\CleanserBlazorUI\Components\Pages\Home.razor(4794,43): warning CS8602: Dereference of a possibly null reference. [D:\AB3\clnsr_prjct\CleanserBlazorUI\CleanserBlazorUI.csproj]
         D:\AB3\clnsr_prjct\CleanserBlazorUI\Components\Pages\Home.razor(4795,43): warning CS8602: Dereference of a possibly null reference. [D:\AB3\clnsr_prjct\CleanserBlazorUI\CleanserBlazorUI.csproj]
         D:\AB3\clnsr_prjct\CleanserBlazorUI\Components\Pages\Home.razor(4796,43): warning CS8602: Dereference of a possibly null reference. [D:\AB3\clnsr_prjct\CleanserBlazorUI\CleanserBlazorUI.csproj]
         D:\AB3\clnsr_prjct\CleanserBlazorUI\Components\Pages\Home.razor(4797,43): warning CS8602: Dereference of a possibly null reference. [D:\AB3\clnsr_prjct\CleanserBlazorUI\CleanserBlazorUI.csproj]
         D:\AB3\clnsr_prjct\CleanserBlazorUI\Components\Pages\Home.razor(4798,43): warning CS8602: Dereference of a possibly null reference. [D:\AB3\clnsr_prjct\CleanserBlazorUI\CleanserBlazorUI.csproj]
         D:\AB3\clnsr_prjct\CleanserBlazorUI\Components\Pages\Home.razor(4799,43): warning CS8602: Dereference of a possibly null reference. [D:\AB3\clnsr_prjct\CleanserBlazorUI\CleanserBlazorUI.csproj]
         D:\AB3\clnsr_prjct\CleanserBlazorUI\Components\Pages\Home.razor(4800,43): warning CS8602: Dereference of a possibly null reference. [D:\AB3\clnsr_prjct\CleanserBlazorUI\CleanserBlazorUI.csproj]
         D:\AB3\clnsr_prjct\CleanserBlazorUI\Components\Pages\Home.razor(4801,43): warning CS8602: Dereference of a possibly null reference. [D:\AB3\clnsr_prjct\CleanserBlazorUI\CleanserBlazorUI.csproj]
         D:\AB3\clnsr_prjct\CleanserBlazorUI\Components\Pages\Home.razor(4802,43): warning CS8602: Dereference of a possibly null reference. [D:\AB3\clnsr_prjct\CleanserBlazorUI\CleanserBlazorUI.csproj]
         D:\AB3\clnsr_prjct\CleanserBlazorUI\Components\Pages\Home.razor(4803,43): warning CS8602: Dereference of a possibly null reference. [D:\AB3\clnsr_prjct\CleanserBlazorUI\CleanserBlazorUI.csproj]
         D:\AB3\clnsr_prjct\CleanserBlazorUI\Components\Pages\Home.razor(4804,43): warning CS8602: Dereference of a possibly null reference. [D:\AB3\clnsr_prjct\CleanserBlazorUI\CleanserBlazorUI.csproj]
         D:\AB3\clnsr_prjct\CleanserBlazorUI\Components\Pages\Home.razor(4805,43): warning CS8602: Dereference of a possibly null reference. [D:\AB3\clnsr_prjct\CleanserBlazorUI\CleanserBlazorUI.csproj]
         D:\AB3\clnsr_prjct\CleanserBlazorUI\Components\Pages\Home.razor(4806,43): warning CS8602: Dereference of a possibly null reference. [D:\AB3\clnsr_prjct\CleanserBlazorUI\CleanserBlazorUI.csproj]
         D:\AB3\clnsr_prjct\CleanserBlazorUI\Components\Pages\Home.razor(4807,43): warning CS8602: Dereference of a possibly null reference. [D:\AB3\clnsr_prjct\CleanserBlazorUI\CleanserBlazorUI.csproj]
         D:\AB3\clnsr_prjct\CleanserBlazorUI\Components\Pages\Home.razor(4808,43): warning CS8602: Dereference of a possibly null reference. [D:\AB3\clnsr_prjct\CleanserBlazorUI\CleanserBlazorUI.csproj]
         D:\AB3\clnsr_prjct\CleanserBlazorUI\Components\Pages\Home.razor(4809,43): warning CS8602: Dereference of a possibly null reference. [D:\AB3\clnsr_prjct\CleanserBlazorUI\CleanserBlazorUI.csproj]
         D:\AB3\clnsr_prjct\CleanserBlazorUI\Components\Pages\Home.razor(4810,43): warning CS8602: Dereference of a possibly null reference. [D:\AB3\clnsr_prjct\CleanserBlazorUI\CleanserBlazorUI.csproj]
         D:\AB3\clnsr_prjct\CleanserBlazorUI\Components\Pages\Home.razor(4811,43): warning CS8602: Dereference of a possibly null reference. [D:\AB3\clnsr_prjct\CleanserBlazorUI\CleanserBlazorUI.csproj]
         D:\AB3\clnsr_prjct\CleanserBlazorUI\Components\Pages\Home.razor(4812,43): warning CS8602: Dereference of a possibly null reference. [D:\AB3\clnsr_prjct\CleanserBlazorUI\CleanserBlazorUI.csproj]
         D:\AB3\clnsr_prjct\CleanserBlazorUI\Components\Pages\Home.razor(4813,43): warning CS8602: Dereference of a possibly null reference. [D:\AB3\clnsr_prjct\CleanserBlazorUI\CleanserBlazorUI.csproj]
         D:\AB3\clnsr_prjct\CleanserBlazorUI\Components\Pages\Home.razor(4816,43): warning CS8602: Dereference of a possibly null reference. [D:\AB3\clnsr_prjct\CleanserBlazorUI\CleanserBlazorUI.csproj]
         D:\AB3\clnsr_prjct\CleanserBlazorUI\Components\Pages\Home.razor(4817,43): warning CS8602: Dereference of a possibly null reference. [D:\AB3\clnsr_prjct\CleanserBlazorUI\CleanserBlazorUI.csproj]
         D:\AB3\clnsr_prjct\CleanserBlazorUI\Components\Pages\Home.razor(4818,43): warning CS8602: Dereference of a possibly null reference. [D:\AB3\clnsr_prjct\CleanserBlazorUI\CleanserBlazorUI.csproj]
         D:\AB3\clnsr_prjct\CleanserBlazorUI\Components\Pages\Home.razor(4819,43): warning CS8602: Dereference of a possibly null reference. [D:\AB3\clnsr_prjct\CleanserBlazorUI\CleanserBlazorUI.csproj]
         D:\AB3\clnsr_prjct\CleanserBlazorUI\Components\Pages\Home.razor(4820,43): warning CS8602: Dereference of a possibly null reference. [D:\AB3\clnsr_prjct\CleanserBlazorUI\CleanserBlazorUI.csproj]
         D:\AB3\clnsr_prjct\CleanserBlazorUI\Components\Pages\Home.razor(4821,43): warning CS8602: Dereference of a possibly null reference. [D:\AB3\clnsr_prjct\CleanserBlazorUI\CleanserBlazorUI.csproj]
         D:\AB3\clnsr_prjct\CleanserBlazorUI\Components\Pages\Home.razor(4822,43): warning CS8602: Dereference of a possibly null reference. [D:\AB3\clnsr_prjct\CleanserBlazorUI\CleanserBlazorUI.csproj]
         D:\AB3\clnsr_prjct\CleanserBlazorUI\Components\Pages\Home.razor(4823,43): warning CS8602: Dereference of a possibly null reference. [D:\AB3\clnsr_prjct\CleanserBlazorUI\CleanserBlazorUI.csproj]
         D:\AB3\clnsr_prjct\CleanserBlazorUI\Components\Pages\Home.razor(4824,43): warning CS8602: Dereference of a possibly null reference. [D:\AB3\clnsr_prjct\CleanserBlazorUI\CleanserBlazorUI.csproj]
         D:\AB3\clnsr_prjct\CleanserBlazorUI\Components\Pages\Home.razor(4825,43): warning CS8602: Dereference of a possibly null reference. [D:\AB3\clnsr_prjct\CleanserBlazorUI\CleanserBlazorUI.csproj]
         D:\AB3\clnsr_prjct\CleanserBlazorUI\Components\Pages\Home.razor(4826,43): warning CS8602: Dereference of a possibly null reference. [D:\AB3\clnsr_prjct\CleanserBlazorUI\CleanserBlazorUI.csproj]
         D:\AB3\clnsr_prjct\CleanserBlazorUI\Components\Pages\Home.razor(4827,44): warning CS8602: Dereference of a possibly null reference. [D:\AB3\clnsr_prjct\CleanserBlazorUI\CleanserBlazorUI.csproj]
         D:\AB3\clnsr_prjct\CleanserBlazorUI\Components\Pages\Home.razor(4828,44): warning CS8602: Dereference of a possibly null reference. [D:\AB3\clnsr_prjct\CleanserBlazorUI\CleanserBlazorUI.csproj]
         D:\AB3\clnsr_prjct\CleanserBlazorUI\Components\Pages\Home.razor(4830,44): warning CS8602: Dereference of a possibly null reference. [D:\AB3\clnsr_prjct\CleanserBlazorUI\CleanserBlazorUI.csproj]
         D:\AB3\clnsr_prjct\CleanserBlazorUI\Components\Pages\Home.razor(4831,44): warning CS8602: Dereference of a possibly null reference. [D:\AB3\clnsr_prjct\CleanserBlazorUI\CleanserBlazorUI.csproj]
         D:\AB3\clnsr_prjct\CleanserBlazorUI\Components\Pages\Home.razor(4832,44): warning CS8602: Dereference of a possibly null reference. [D:\AB3\clnsr_prjct\CleanserBlazorUI\CleanserBlazorUI.csproj]
         D:\AB3\clnsr_prjct\CleanserBlazorUI\Components\Pages\Home.razor(4833,44): warning CS8602: Dereference of a possibly null reference. [D:\AB3\clnsr_prjct\CleanserBlazorUI\CleanserBlazorUI.csproj]
         D:\AB3\clnsr_prjct\CleanserBlazorUI\Components\Pages\Home.razor(4834,44): warning CS8602: Dereference of a possibly null reference. [D:\AB3\clnsr_prjct\CleanserBlazorUI\CleanserBlazorUI.csproj]
         D:\AB3\clnsr_prjct\CleanserBlazorUI\Components\Pages\Home.razor(4835,44): warning CS8602: Dereference of a possibly null reference. [D:\AB3\clnsr_prjct\CleanserBlazorUI\CleanserBlazorUI.csproj]
         D:\AB3\clnsr_prjct\CleanserBlazorUI\Components\Pages\Home.razor(4836,44): warning CS8602: Dereference of a possibly null reference. [D:\AB3\clnsr_prjct\CleanserBlazorUI\CleanserBlazorUI.csproj]
         D:\AB3\clnsr_prjct\CleanserBlazorUI\Components\Pages\Home.razor(4837,44): warning CS8602: Dereference of a possibly null reference. [D:\AB3\clnsr_prjct\CleanserBlazorUI\CleanserBlazorUI.csproj]
         D:\AB3\clnsr_prjct\CleanserBlazorUI\Components\Pages\Home.razor(4838,44): warning CS8602: Dereference of a possibly null reference. [D:\AB3\clnsr_prjct\CleanserBlazorUI\CleanserBlazorUI.csproj]
         D:\AB3\clnsr_prjct\CleanserBlazorUI\Components\Pages\Home.razor(4839,44): warning CS8602: Dereference of a possibly null reference. [D:\AB3\clnsr_prjct\CleanserBlazorUI\CleanserBlazorUI.csproj]
         D:\AB3\clnsr_prjct\CleanserBlazorUI\Components\Pages\Home.razor(4840,44): warning CS8602: Dereference of a possibly null reference. [D:\AB3\clnsr_prjct\CleanserBlazorUI\CleanserBlazorUI.csproj]
         D:\AB3\clnsr_prjct\CleanserBlazorUI\Components\Pages\Home.razor(4841,44): warning CS8602: Dereference of a possibly null reference. [D:\AB3\clnsr_prjct\CleanserBlazorUI\CleanserBlazorUI.csproj]
         D:\AB3\clnsr_prjct\CleanserBlazorUI\Components\Pages\Home.razor(4842,44): warning CS8602: Dereference of a possibly null reference. [D:\AB3\clnsr_prjct\CleanserBlazorUI\CleanserBlazorUI.csproj]
         D:\AB3\clnsr_prjct\CleanserBlazorUI\Components\Pages\Home.razor(4843,44): warning CS8602: Dereference of a possibly null reference. [D:\AB3\clnsr_prjct\CleanserBlazorUI\CleanserBlazorUI.csproj]
         D:\AB3\clnsr_prjct\CleanserBlazorUI\Components\Pages\Home.razor(4844,44): warning CS8602: Dereference of a possibly null reference. [D:\AB3\clnsr_prjct\CleanserBlazorUI\CleanserBlazorUI.csproj]
         D:\AB3\clnsr_prjct\CleanserBlazorUI\Components\Pages\Home.razor(4845,44): warning CS8602: Dereference of a possibly null reference. [D:\AB3\clnsr_prjct\CleanserBlazorUI\CleanserBlazorUI.csproj]
         D:\AB3\clnsr_prjct\CleanserBlazorUI\Components\Pages\Home.razor(4846,44): warning CS8602: Dereference of a possibly null reference. [D:\AB3\clnsr_prjct\CleanserBlazorUI\CleanserBlazorUI.csproj]
         D:\AB3\clnsr_prjct\CleanserBlazorUI\Components\Pages\Home.razor(4847,44): warning CS8602: Dereference of a possibly null reference. [D:\AB3\clnsr_prjct\CleanserBlazorUI\CleanserBlazorUI.csproj]
         D:\AB3\clnsr_prjct\CleanserBlazorUI\Components\Pages\Home.razor(4848,44): warning CS8602: Dereference of a possibly null reference. [D:\AB3\clnsr_prjct\CleanserBlazorUI\CleanserBlazorUI.csproj]
         D:\AB3\clnsr_prjct\CleanserBlazorUI\Components\Pages\Home.razor(4849,44): warning CS8602: Dereference of a possibly null reference. [D:\AB3\clnsr_prjct\CleanserBlazorUI\CleanserBlazorUI.csproj]
         D:\AB3\clnsr_prjct\CleanserBlazorUI\Components\Pages\Home.razor(4850,44): warning CS8602: Dereference of a possibly null reference. [D:\AB3\clnsr_prjct\CleanserBlazorUI\CleanserBlazorUI.csproj]
         D:\AB3\clnsr_prjct\CleanserBlazorUI\Components\Pages\Home.razor(4851,44): warning CS8602: Dereference of a possibly null reference. [D:\AB3\clnsr_prjct\CleanserBlazorUI\CleanserBlazorUI.csproj]
         D:\AB3\clnsr_prjct\CleanserBlazorUI\Components\Pages\Home.razor(4852,44): warning CS8602: Dereference of a possibly null reference. [D:\AB3\clnsr_prjct\CleanserBlazorUI\CleanserBlazorUI.csproj]
         D:\AB3\clnsr_prjct\CleanserBlazorUI\Components\Pages\Home.razor(4853,44): warning CS8602: Dereference of a possibly null reference. [D:\AB3\clnsr_prjct\CleanserBlazorUI\CleanserBlazorUI.csproj]
         D:\AB3\clnsr_prjct\CleanserBlazorUI\Components\Pages\Home.razor(4854,44): warning CS8602: Dereference of a possibly null reference. [D:\AB3\clnsr_prjct\CleanserBlazorUI\CleanserBlazorUI.csproj]
         D:\AB3\clnsr_prjct\CleanserBlazorUI\Components\Pages\Home.razor(4855,44): warning CS8602: Dereference of a possibly null reference. [D:\AB3\clnsr_prjct\CleanserBlazorUI\CleanserBlazorUI.csproj]
         D:\AB3\clnsr_prjct\CleanserBlazorUI\Components\Pages\Home.razor(4856,44): warning CS8602: Dereference of a possibly null reference. [D:\AB3\clnsr_prjct\CleanserBlazorUI\CleanserBlazorUI.csproj]
         D:\AB3\clnsr_prjct\CleanserBlazorUI\Components\Pages\Home.razor(4857,44): warning CS8602: Dereference of a possibly null reference. [D:\AB3\clnsr_prjct\CleanserBlazorUI\CleanserBlazorUI.csproj]
         D:\AB3\clnsr_prjct\CleanserBlazorUI\Components\Pages\Home.razor(4858,44): warning CS8602: Dereference of a possibly null reference. [D:\AB3\clnsr_prjct\CleanserBlazorUI\CleanserBlazorUI.csproj]
         D:\AB3\clnsr_prjct\CleanserBlazorUI\Components\Pages\Home.razor(4859,44): warning CS8602: Dereference of a possibly null reference. [D:\AB3\clnsr_prjct\CleanserBlazorUI\CleanserBlazorUI.csproj]
         D:\AB3\clnsr_prjct\CleanserBlazorUI\Components\Pages\Home.razor(4860,44): warning CS8602: Dereference of a possibly null reference. [D:\AB3\clnsr_prjct\CleanserBlazorUI\CleanserBlazorUI.csproj]
         D:\AB3\clnsr_prjct\CleanserBlazorUI\Components\Pages\Home.razor(4861,44): warning CS8602: Dereference of a possibly null reference. [D:\AB3\clnsr_prjct\CleanserBlazorUI\CleanserBlazorUI.csproj]
         D:\AB3\clnsr_prjct\CleanserBlazorUI\Components\Pages\Home.razor(4862,44): warning CS8602: Dereference of a possibly null reference. [D:\AB3\clnsr_prjct\CleanserBlazorUI\CleanserBlazorUI.csproj]
         D:\AB3\clnsr_prjct\CleanserBlazorUI\Components\Pages\Home.razor(4863,44): warning CS8602: Dereference of a possibly null reference. [D:\AB3\clnsr_prjct\CleanserBlazorUI\CleanserBlazorUI.csproj]
         D:\AB3\clnsr_prjct\CleanserBlazorUI\Components\Pages\Home.razor(4864,44): warning CS8602: Dereference of a possibly null reference. [D:\AB3\clnsr_prjct\CleanserBlazorUI\CleanserBlazorUI.csproj]
         D:\AB3\clnsr_prjct\CleanserBlazorUI\Components\Pages\Home.razor(4865,44): warning CS8602: Dereference of a possibly null reference. [D:\AB3\clnsr_prjct\CleanserBlazorUI\CleanserBlazorUI.csproj]
         D:\AB3\clnsr_prjct\CleanserBlazorUI\Components\Pages\Home.razor(4866,44): warning CS8602: Dereference of a possibly null reference. [D:\AB3\clnsr_prjct\CleanserBlazorUI\CleanserBlazorUI.csproj]
         D:\AB3\clnsr_prjct\CleanserBlazorUI\Components\Pages\Home.razor(4867,44): warning CS8602: Dereference of a possibly null reference. [D:\AB3\clnsr_prjct\CleanserBlazorUI\CleanserBlazorUI.csproj]
         D:\AB3\clnsr_prjct\CleanserBlazorUI\Components\Pages\Home.razor(4868,44): warning CS8602: Dereference of a possibly null reference. [D:\AB3\clnsr_prjct\CleanserBlazorUI\CleanserBlazorUI.csproj]
         D:\AB3\clnsr_prjct\CleanserBlazorUI\Components\Pages\Home.razor(4869,44): warning CS8602: Dereference of a possibly null reference. [D:\AB3\clnsr_prjct\CleanserBlazorUI\CleanserBlazorUI.csproj]
         D:\AB3\clnsr_prjct\CleanserBlazorUI\Components\Pages\Home.razor(4870,44): warning CS8602: Dereference of a possibly null reference. [D:\AB3\clnsr_prjct\CleanserBlazorUI\CleanserBlazorUI.csproj]
         D:\AB3\clnsr_prjct\CleanserBlazorUI\Components\Pages\Home.razor(4871,44): warning CS8602: Dereference of a possibly null reference. [D:\AB3\clnsr_prjct\CleanserBlazorUI\CleanserBlazorUI.csproj]
         D:\AB3\clnsr_prjct\CleanserBlazorUI\Components\Pages\Home.razor(4872,44): warning CS8602: Dereference of a possibly null reference. [D:\AB3\clnsr_prjct\CleanserBlazorUI\CleanserBlazorUI.csproj]
         D:\AB3\clnsr_prjct\CleanserBlazorUI\Components\Pages\Home.razor(4873,44): warning CS8602: Dereference of a possibly null reference. [D:\AB3\clnsr_prjct\CleanserBlazorUI\CleanserBlazorUI.csproj]
         D:\AB3\clnsr_prjct\CleanserBlazorUI\Components\Pages\Home.razor(4874,44): warning CS8602: Dereference of a possibly null reference. [D:\AB3\clnsr_prjct\CleanserBlazorUI\CleanserBlazorUI.csproj]
         D:\AB3\clnsr_prjct\CleanserBlazorUI\Components\Pages\Home.razor(4875,44): warning CS8602: Dereference of a possibly null reference. [D:\AB3\clnsr_prjct\CleanserBlazorUI\CleanserBlazorUI.csproj]
         D:\AB3\clnsr_prjct\CleanserBlazorUI\Components\Pages\Home.razor(4876,44): warning CS8602: Dereference of a possibly null reference. [D:\AB3\clnsr_prjct\CleanserBlazorUI\CleanserBlazorUI.csproj]
         D:\AB3\clnsr_prjct\CleanserBlazorUI\Components\Pages\Home.razor(4877,44): warning CS8602: Dereference of a possibly null reference. [D:\AB3\clnsr_prjct\CleanserBlazorUI\CleanserBlazorUI.csproj]
         D:\AB3\clnsr_prjct\CleanserBlazorUI\Components\Pages\Home.razor(4878,44): warning CS8602: Dereference of a possibly null reference. [D:\AB3\clnsr_prjct\CleanserBlazorUI\CleanserBlazorUI.csproj]
         D:\AB3\clnsr_prjct\CleanserBlazorUI\Components\Pages\Home.razor(4879,44): warning CS8602: Dereference of a possibly null reference. [D:\AB3\clnsr_prjct\CleanserBlazorUI\CleanserBlazorUI.csproj]
         D:\AB3\clnsr_prjct\CleanserBlazorUI\Components\Pages\Home.razor(4880,44): warning CS8602: Dereference of a possibly null reference. [D:\AB3\clnsr_prjct\CleanserBlazorUI\CleanserBlazorUI.csproj]
         D:\AB3\clnsr_prjct\CleanserBlazorUI\Components\Pages\Home.razor(4881,44): warning CS8602: Dereference of a possibly null reference. [D:\AB3\clnsr_prjct\CleanserBlazorUI\CleanserBlazorUI.csproj]
         D:\AB3\clnsr_prjct\CleanserBlazorUI\Components\Pages\Home.razor(4882,44): warning CS8602: Dereference of a possibly null reference. [D:\AB3\clnsr_prjct\CleanserBlazorUI\CleanserBlazorUI.csproj]
         D:\AB3\clnsr_prjct\CleanserBlazorUI\Components\Pages\Home.razor(4883,44): warning CS8602: Dereference of a possibly null reference. [D:\AB3\clnsr_prjct\CleanserBlazorUI\CleanserBlazorUI.csproj]
         D:\AB3\clnsr_prjct\CleanserBlazorUI\Components\Pages\Home.razor(4884,44): warning CS8602: Dereference of a possibly null reference. [D:\AB3\clnsr_prjct\CleanserBlazorUI\CleanserBlazorUI.csproj]
         D:\AB3\clnsr_prjct\CleanserBlazorUI\Components\Pages\Home.razor(4885,44): warning CS8602: Dereference of a possibly null reference. [D:\AB3\clnsr_prjct\CleanserBlazorUI\CleanserBlazorUI.csproj]
         D:\AB3\clnsr_prjct\CleanserBlazorUI\Components\Pages\Home.razor(4886,44): warning CS8602: Dereference of a possibly null reference. [D:\AB3\clnsr_prjct\CleanserBlazorUI\CleanserBlazorUI.csproj]
         D:\AB3\clnsr_prjct\CleanserBlazorUI\Components\Pages\Home.razor(4887,44): warning CS8602: Dereference of a possibly null reference. [D:\AB3\clnsr_prjct\CleanserBlazorUI\CleanserBlazorUI.csproj]
         D:\AB3\clnsr_prjct\CleanserBlazorUI\Components\Pages\Home.razor(4888,44): warning CS8602: Dereference of a possibly null reference. [D:\AB3\clnsr_prjct\CleanserBlazorUI\CleanserBlazorUI.csproj]
         D:\AB3\clnsr_prjct\CleanserBlazorUI\Components\Pages\Home.razor(4889,44): warning CS8602: Dereference of a possibly null reference. [D:\AB3\clnsr_prjct\CleanserBlazorUI\CleanserBlazorUI.csproj]
         D:\AB3\clnsr_prjct\CleanserBlazorUI\Components\Pages\Home.razor(4890,44): warning CS8602: Dereference of a possibly null reference. [D:\AB3\clnsr_prjct\CleanserBlazorUI\CleanserBlazorUI.csproj]
         D:\AB3\clnsr_prjct\CleanserBlazorUI\Components\Pages\Home.razor(4891,44): warning CS8602: Dereference of a possibly null reference. [D:\AB3\clnsr_prjct\CleanserBlazorUI\CleanserBlazorUI.csproj]
         D:\AB3\clnsr_prjct\CleanserBlazorUI\Components\Pages\Home.razor(4892,44): warning CS8602: Dereference of a possibly null reference. [D:\AB3\clnsr_prjct\CleanserBlazorUI\CleanserBlazorUI.csproj]
         D:\AB3\clnsr_prjct\CleanserBlazorUI\Components\Pages\Home.razor(4893,44): warning CS8602: Dereference of a possibly null reference. [D:\AB3\clnsr_prjct\CleanserBlazorUI\CleanserBlazorUI.csproj]
         D:\AB3\clnsr_prjct\CleanserBlazorUI\Components\Pages\Home.razor(4894,44): warning CS8602: Dereference of a possibly null reference. [D:\AB3\clnsr_prjct\CleanserBlazorUI\CleanserBlazorUI.csproj]
         D:\AB3\clnsr_prjct\CleanserBlazorUI\Components\Pages\Home.razor(4895,44): warning CS8602: Dereference of a possibly null reference. [D:\AB3\clnsr_prjct\CleanserBlazorUI\CleanserBlazorUI.csproj]
         D:\AB3\clnsr_prjct\CleanserBlazorUI\Components\Pages\Home.razor(4896,44): warning CS8602: Dereference of a possibly null reference. [D:\AB3\clnsr_prjct\CleanserBlazorUI\CleanserBlazorUI.csproj]
         D:\AB3\clnsr_prjct\CleanserBlazorUI\Components\Pages\Home.razor(4897,44): warning CS8602: Dereference of a possibly null reference. [D:\AB3\clnsr_prjct\CleanserBlazorUI\CleanserBlazorUI.csproj]
         D:\AB3\clnsr_prjct\CleanserBlazorUI\Components\Pages\Home.razor(4898,44): warning CS8602: Dereference of a possibly null reference. [D:\AB3\clnsr_prjct\CleanserBlazorUI\CleanserBlazorUI.csproj]
         D:\AB3\clnsr_prjct\CleanserBlazorUI\Components\Pages\Home.razor(4899,44): warning CS8602: Dereference of a possibly null reference. [D:\AB3\clnsr_prjct\CleanserBlazorUI\CleanserBlazorUI.csproj]
         D:\AB3\clnsr_prjct\CleanserBlazorUI\Components\Pages\Home.razor(4900,44): warning CS8602: Dereference of a possibly null reference. [D:\AB3\clnsr_prjct\CleanserBlazorUI\CleanserBlazorUI.csproj]
         D:\AB3\clnsr_prjct\CleanserBlazorUI\Components\Pages\Home.razor(4901,44): warning CS8602: Dereference of a possibly null reference. [D:\AB3\clnsr_prjct\CleanserBlazorUI\CleanserBlazorUI.csproj]
         D:\AB3\clnsr_prjct\CleanserBlazorUI\Components\Pages\Home.razor(4902,44): warning CS8602: Dereference of a possibly null reference. [D:\AB3\clnsr_prjct\CleanserBlazorUI\CleanserBlazorUI.csproj]
         D:\AB3\clnsr_prjct\CleanserBlazorUI\Components\Pages\Home.razor(4903,44): warning CS8602: Dereference of a possibly null reference. [D:\AB3\clnsr_prjct\CleanserBlazorUI\CleanserBlazorUI.csproj]
         D:\AB3\clnsr_prjct\CleanserBlazorUI\Components\Pages\Home.razor(4904,44): warning CS8602: Dereference of a possibly null reference. [D:\AB3\clnsr_prjct\CleanserBlazorUI\CleanserBlazorUI.csproj]
         D:\AB3\clnsr_prjct\CleanserBlazorUI\Components\Pages\Home.razor(4905,44): warning CS8602: Dereference of a possibly null reference. [D:\AB3\clnsr_prjct\CleanserBlazorUI\CleanserBlazorUI.csproj]
         D:\AB3\clnsr_prjct\CleanserBlazorUI\Components\Pages\Home.razor(4918,42): warning CS8602: Dereference of a possibly null reference. [D:\AB3\clnsr_prjct\CleanserBlazorUI\CleanserBlazorUI.csproj]
         D:\AB3\clnsr_prjct\CleanserBlazorUI\Components\Pages\Home.razor(4920,42): warning CS8602: Dereference of a possibly null reference. [D:\AB3\clnsr_prjct\CleanserBlazorUI\CleanserBlazorUI.csproj]
         D:\AB3\clnsr_prjct\CleanserBlazorUI\Components\Pages\Home.razor(4922,42): warning CS8602: Dereference of a possibly null reference. [D:\AB3\clnsr_prjct\CleanserBlazorUI\CleanserBlazorUI.csproj]
         D:\AB3\clnsr_prjct\CleanserBlazorUI\Components\Pages\Home.razor(4923,42): warning CS8602: Dereference of a possibly null reference. [D:\AB3\clnsr_prjct\CleanserBlazorUI\CleanserBlazorUI.csproj]
         D:\AB3\clnsr_prjct\CleanserBlazorUI\Components\Pages\Home.razor(4924,43): warning CS8602: Dereference of a possibly null reference. [D:\AB3\clnsr_prjct\CleanserBlazorUI\CleanserBlazorUI.csproj]
         D:\AB3\clnsr_prjct\CleanserBlazorUI\Components\Pages\Home.razor(4925,43): warning CS8602: Dereference of a possibly null reference. [D:\AB3\clnsr_prjct\CleanserBlazorUI\CleanserBlazorUI.csproj]
         D:\AB3\clnsr_prjct\CleanserBlazorUI\Components\Pages\Home.razor(4926,43): warning CS8602: Dereference of a possibly null reference. [D:\AB3\clnsr_prjct\CleanserBlazorUI\CleanserBlazorUI.csproj]
         D:\AB3\clnsr_prjct\CleanserBlazorUI\Components\Pages\Home.razor(4927,43): warning CS8602: Dereference of a possibly null reference. [D:\AB3\clnsr_prjct\CleanserBlazorUI\CleanserBlazorUI.csproj]
         D:\AB3\clnsr_prjct\CleanserBlazorUI\Components\Pages\Home.razor(4928,43): warning CS8602: Dereference of a possibly null reference. [D:\AB3\clnsr_prjct\CleanserBlazorUI\CleanserBlazorUI.csproj]
         D:\AB3\clnsr_prjct\CleanserBlazorUI\Components\Pages\Home.razor(4929,43): warning CS8602: Dereference of a possibly null reference. [D:\AB3\clnsr_prjct\CleanserBlazorUI\CleanserBlazorUI.csproj]
         D:\AB3\clnsr_prjct\CleanserBlazorUI\Components\Pages\Home.razor(4935,43): warning CS8602: Dereference of a possibly null reference. [D:\AB3\clnsr_prjct\CleanserBlazorUI\CleanserBlazorUI.csproj]
         D:\AB3\clnsr_prjct\CleanserBlazorUI\Components\Pages\Home.razor(4936,43): warning CS8602: Dereference of a possibly null reference. [D:\AB3\clnsr_prjct\CleanserBlazorUI\CleanserBlazorUI.csproj]
         D:\AB3\clnsr_prjct\CleanserBlazorUI\Components\Pages\Home.razor(4937,43): warning CS8602: Dereference of a possibly null reference. [D:\AB3\clnsr_prjct\CleanserBlazorUI\CleanserBlazorUI.csproj]
         D:\AB3\clnsr_prjct\CleanserBlazorUI\Components\Pages\Home.razor(4938,43): warning CS8602: Dereference of a possibly null reference. [D:\AB3\clnsr_prjct\CleanserBlazorUI\CleanserBlazorUI.csproj]
         D:\AB3\clnsr_prjct\CleanserBlazorUI\Components\Pages\Home.razor(4940,43): warning CS8602: Dereference of a possibly null reference. [D:\AB3\clnsr_prjct\CleanserBlazorUI\CleanserBlazorUI.csproj]
         D:\AB3\clnsr_prjct\CleanserBlazorUI\Components\Pages\Home.razor(4941,43): warning CS8602: Dereference of a possibly null reference. [D:\AB3\clnsr_prjct\CleanserBlazorUI\CleanserBlazorUI.csproj]
         D:\AB3\clnsr_prjct\CleanserBlazorUI\Components\Pages\Home.razor(4942,43): warning CS8602: Dereference of a possibly null reference. [D:\AB3\clnsr_prjct\CleanserBlazorUI\CleanserBlazorUI.csproj]
         D:\AB3\clnsr_prjct\CleanserBlazorUI\Components\Pages\Home.razor(4943,43): warning CS8602: Dereference of a possibly null reference. [D:\AB3\clnsr_prjct\CleanserBlazorUI\CleanserBlazorUI.csproj]
         D:\AB3\clnsr_prjct\CleanserBlazorUI\Components\Pages\Home.razor(4947,43): warning CS8602: Dereference of a possibly null reference. [D:\AB3\clnsr_prjct\CleanserBlazorUI\CleanserBlazorUI.csproj]
         D:\AB3\clnsr_prjct\CleanserBlazorUI\Components\Pages\Home.razor(4948,43): warning CS8602: Dereference of a possibly null reference. [D:\AB3\clnsr_prjct\CleanserBlazorUI\CleanserBlazorUI.csproj]
         D:\AB3\clnsr_prjct\CleanserBlazorUI\Components\Pages\Home.razor(4954,43): warning CS8602: Dereference of a possibly null reference. [D:\AB3\clnsr_prjct\CleanserBlazorUI\CleanserBlazorUI.csproj]
         D:\AB3\clnsr_prjct\CleanserBlazorUI\Components\Pages\Home.razor(4955,43): warning CS8602: Dereference of a possibly null reference. [D:\AB3\clnsr_prjct\CleanserBlazorUI\CleanserBlazorUI.csproj]
         D:\AB3\clnsr_prjct\CleanserBlazorUI\Components\Pages\Home.razor(4956,43): warning CS8602: Dereference of a possibly null reference. [D:\AB3\clnsr_prjct\CleanserBlazorUI\CleanserBlazorUI.csproj]
         D:\AB3\clnsr_prjct\CleanserBlazorUI\Components\Pages\Home.razor(4958,43): warning CS8602: Dereference of a possibly null reference. [D:\AB3\clnsr_prjct\CleanserBlazorUI\CleanserBlazorUI.csproj]
         D:\AB3\clnsr_prjct\CleanserBlazorUI\Components\Pages\Home.razor(4959,43): warning CS8602: Dereference of a possibly null reference. [D:\AB3\clnsr_prjct\CleanserBlazorUI\CleanserBlazorUI.csproj]
         D:\AB3\clnsr_prjct\CleanserBlazorUI\Components\Pages\Home.razor(4960,43): warning CS8602: Dereference of a possibly null reference. [D:\AB3\clnsr_prjct\CleanserBlazorUI\CleanserBlazorUI.csproj]
         D:\AB3\clnsr_prjct\CleanserBlazorUI\Components\Pages\Home.razor(4961,43): warning CS8602: Dereference of a possibly null reference. [D:\AB3\clnsr_prjct\CleanserBlazorUI\CleanserBlazorUI.csproj]
         D:\AB3\clnsr_prjct\CleanserBlazorUI\Components\Pages\Home.razor(4962,43): warning CS8602: Dereference of a possibly null reference. [D:\AB3\clnsr_prjct\CleanserBlazorUI\CleanserBlazorUI.csproj]
         D:\AB3\clnsr_prjct\CleanserBlazorUI\Components\Pages\Home.razor(4963,43): warning CS8602: Dereference of a possibly null reference. [D:\AB3\clnsr_prjct\CleanserBlazorUI\CleanserBlazorUI.csproj]
         D:\AB3\clnsr_prjct\CleanserBlazorUI\Components\Pages\Home.razor(4964,43): warning CS8602: Dereference of a possibly null reference. [D:\AB3\clnsr_prjct\CleanserBlazorUI\CleanserBlazorUI.csproj]
         D:\AB3\clnsr_prjct\CleanserBlazorUI\Components\Pages\Home.razor(4965,43): warning CS8602: Dereference of a possibly null reference. [D:\AB3\clnsr_prjct\CleanserBlazorUI\CleanserBlazorUI.csproj]
         D:\AB3\clnsr_prjct\CleanserBlazorUI\Components\Pages\Home.razor(4966,43): warning CS8602: Dereference of a possibly null reference. [D:\AB3\clnsr_prjct\CleanserBlazorUI\CleanserBlazorUI.csproj]
         D:\AB3\clnsr_prjct\CleanserBlazorUI\Components\Pages\Home.razor(4967,43): warning CS8602: Dereference of a possibly null reference. [D:\AB3\clnsr_prjct\CleanserBlazorUI\CleanserBlazorUI.csproj]
         D:\AB3\clnsr_prjct\CleanserBlazorUI\Components\Pages\Home.razor(4968,43): warning CS8602: Dereference of a possibly null reference. [D:\AB3\clnsr_prjct\CleanserBlazorUI\CleanserBlazorUI.csproj]
         D:\AB3\clnsr_prjct\CleanserBlazorUI\Components\Pages\Home.razor(4969,43): warning CS8602: Dereference of a possibly null reference. [D:\AB3\clnsr_prjct\CleanserBlazorUI\CleanserBlazorUI.csproj]
         D:\AB3\clnsr_prjct\CleanserBlazorUI\Components\Pages\Home.razor(4971,43): warning CS8602: Dereference of a possibly null reference. [D:\AB3\clnsr_prjct\CleanserBlazorUI\CleanserBlazorUI.csproj]
         D:\AB3\clnsr_prjct\CleanserBlazorUI\Components\Pages\Home.razor(4973,43): warning CS8602: Dereference of a possibly null reference. [D:\AB3\clnsr_prjct\CleanserBlazorUI\CleanserBlazorUI.csproj]
         D:\AB3\clnsr_prjct\CleanserBlazorUI\Components\Pages\Home.razor(4983,43): warning CS8602: Dereference of a possibly null reference. [D:\AB3\clnsr_prjct\CleanserBlazorUI\CleanserBlazorUI.csproj]
         D:\AB3\clnsr_prjct\CleanserBlazorUI\Components\Pages\Home.razor(4984,43): warning CS8602: Dereference of a possibly null reference. [D:\AB3\clnsr_prjct\CleanserBlazorUI\CleanserBlazorUI.csproj]
         D:\AB3\clnsr_prjct\CleanserBlazorUI\Components\Pages\Home.razor(4985,43): warning CS8602: Dereference of a possibly null reference. [D:\AB3\clnsr_prjct\CleanserBlazorUI\CleanserBlazorUI.csproj]
         D:\AB3\clnsr_prjct\CleanserBlazorUI\Components\Pages\Home.razor(4986,43): warning CS8602: Dereference of a possibly null reference. [D:\AB3\clnsr_prjct\CleanserBlazorUI\CleanserBlazorUI.csproj]
         D:\AB3\clnsr_prjct\CleanserBlazorUI\Components\Pages\Home.razor(4987,43): warning CS8602: Dereference of a possibly null reference. [D:\AB3\clnsr_prjct\CleanserBlazorUI\CleanserBlazorUI.csproj]
         D:\AB3\clnsr_prjct\CleanserBlazorUI\Components\Pages\Home.razor(4989,43): warning CS8602: Dereference of a possibly null reference. [D:\AB3\clnsr_prjct\CleanserBlazorUI\CleanserBlazorUI.csproj]
         D:\AB3\clnsr_prjct\CleanserBlazorUI\Components\Pages\Home.razor(4990,43): warning CS8602: Dereference of a possibly null reference. [D:\AB3\clnsr_prjct\CleanserBlazorUI\CleanserBlazorUI.csproj]
         D:\AB3\clnsr_prjct\CleanserBlazorUI\Components\Pages\Home.razor(4991,43): warning CS8602: Dereference of a possibly null reference. [D:\AB3\clnsr_prjct\CleanserBlazorUI\CleanserBlazorUI.csproj]
         D:\AB3\clnsr_prjct\CleanserBlazorUI\Components\Pages\Home.razor(4997,43): warning CS8602: Dereference of a possibly null reference. [D:\AB3\clnsr_prjct\CleanserBlazorUI\CleanserBlazorUI.csproj]
         D:\AB3\clnsr_prjct\CleanserBlazorUI\Components\Pages\Home.razor(5256,42): warning CS8602: Dereference of a possibly null reference. [D:\AB3\clnsr_prjct\CleanserBlazorUI\CleanserBlazorUI.csproj]
         D:\AB3\clnsr_prjct\CleanserBlazorUI\Components\Pages\Home.razor(5257,42): warning CS8602: Dereference of a possibly null reference. [D:\AB3\clnsr_prjct\CleanserBlazorUI\CleanserBlazorUI.csproj]
         D:\AB3\clnsr_prjct\CleanserBlazorUI\Components\Pages\Home.razor(5258,42): warning CS8602: Dereference of a possibly null reference. [D:\AB3\clnsr_prjct\CleanserBlazorUI\CleanserBlazorUI.csproj]
         D:\AB3\clnsr_prjct\CleanserBlazorUI\Components\Pages\Home.razor(5259,42): warning CS8602: Dereference of a possibly null reference. [D:\AB3\clnsr_prjct\CleanserBlazorUI\CleanserBlazorUI.csproj]
         D:\AB3\clnsr_prjct\CleanserBlazorUI\Components\Pages\Home.razor(5260,42): warning CS8602: Dereference of a possibly null reference. [D:\AB3\clnsr_prjct\CleanserBlazorUI\CleanserBlazorUI.csproj]
         D:\AB3\clnsr_prjct\CleanserBlazorUI\Components\Pages\Home.razor(5261,42): warning CS8602: Dereference of a possibly null reference. [D:\AB3\clnsr_prjct\CleanserBlazorUI\CleanserBlazorUI.csproj]
         D:\AB3\clnsr_prjct\CleanserBlazorUI\Components\Pages\Home.razor(5262,42): warning CS8602: Dereference of a possibly null reference. [D:\AB3\clnsr_prjct\CleanserBlazorUI\CleanserBlazorUI.csproj]
         D:\AB3\clnsr_prjct\CleanserBlazorUI\Components\Pages\Home.razor(5263,43): warning CS8602: Dereference of a possibly null reference. [D:\AB3\clnsr_prjct\CleanserBlazorUI\CleanserBlazorUI.csproj]
         D:\AB3\clnsr_prjct\CleanserBlazorUI\Components\Pages\Home.razor(5264,43): warning CS8602: Dereference of a possibly null reference. [D:\AB3\clnsr_prjct\CleanserBlazorUI\CleanserBlazorUI.csproj]
         D:\AB3\clnsr_prjct\CleanserBlazorUI\Components\Pages\Home.razor(5265,43): warning CS8602: Dereference of a possibly null reference. [D:\AB3\clnsr_prjct\CleanserBlazorUI\CleanserBlazorUI.csproj]
         D:\AB3\clnsr_prjct\CleanserBlazorUI\Components\Pages\Home.razor(5266,43): warning CS8602: Dereference of a possibly null reference. [D:\AB3\clnsr_prjct\CleanserBlazorUI\CleanserBlazorUI.csproj]
         D:\AB3\clnsr_prjct\CleanserBlazorUI\Components\Pages\Home.razor(5267,43): warning CS8602: Dereference of a possibly null reference. [D:\AB3\clnsr_prjct\CleanserBlazorUI\CleanserBlazorUI.csproj]
         D:\AB3\clnsr_prjct\CleanserBlazorUI\Components\Pages\Home.razor(5268,43): warning CS8602: Dereference of a possibly null reference. [D:\AB3\clnsr_prjct\CleanserBlazorUI\CleanserBlazorUI.csproj]
         D:\AB3\clnsr_prjct\CleanserBlazorUI\Components\Pages\Home.razor(5269,43): warning CS8602: Dereference of a possibly null reference. [D:\AB3\clnsr_prjct\CleanserBlazorUI\CleanserBlazorUI.csproj]
         D:\AB3\clnsr_prjct\CleanserBlazorUI\Components\Pages\Home.razor(5270,43): warning CS8602: Dereference of a possibly null reference. [D:\AB3\clnsr_prjct\CleanserBlazorUI\CleanserBlazorUI.csproj]
         D:\AB3\clnsr_prjct\CleanserBlazorUI\Components\Pages\Home.razor(5271,43): warning CS8602: Dereference of a possibly null reference. [D:\AB3\clnsr_prjct\CleanserBlazorUI\CleanserBlazorUI.csproj]
         D:\AB3\clnsr_prjct\CleanserBlazorUI\Components\Pages\Home.razor(5272,43): warning CS8602: Dereference of a possibly null reference. [D:\AB3\clnsr_prjct\CleanserBlazorUI\CleanserBlazorUI.csproj]
         D:\AB3\clnsr_prjct\CleanserBlazorUI\Components\Pages\Home.razor(5273,43): warning CS8602: Dereference of a possibly null reference. [D:\AB3\clnsr_prjct\CleanserBlazorUI\CleanserBlazorUI.csproj]
         D:\AB3\clnsr_prjct\CleanserBlazorUI\Components\Pages\Home.razor(5274,43): warning CS8602: Dereference of a possibly null reference. [D:\AB3\clnsr_prjct\CleanserBlazorUI\CleanserBlazorUI.csproj]
         D:\AB3\clnsr_prjct\CleanserBlazorUI\Components\Pages\Home.razor(5275,43): warning CS8602: Dereference of a possibly null reference. [D:\AB3\clnsr_prjct\CleanserBlazorUI\CleanserBlazorUI.csproj]
         D:\AB3\clnsr_prjct\CleanserBlazorUI\Components\Pages\Home.razor(5276,43): warning CS8602: Dereference of a possibly null reference. [D:\AB3\clnsr_prjct\CleanserBlazorUI\CleanserBlazorUI.csproj]
         D:\AB3\clnsr_prjct\CleanserBlazorUI\Components\Pages\Home.razor(5277,43): warning CS8602: Dereference of a possibly null reference. [D:\AB3\clnsr_prjct\CleanserBlazorUI\CleanserBlazorUI.csproj]
         D:\AB3\clnsr_prjct\CleanserBlazorUI\Components\Pages\Home.razor(5278,43): warning CS8602: Dereference of a possibly null reference. [D:\AB3\clnsr_prjct\CleanserBlazorUI\CleanserBlazorUI.csproj]
         D:\AB3\clnsr_prjct\CleanserBlazorUI\Components\Pages\Home.razor(5279,43): warning CS8602: Dereference of a possibly null reference. [D:\AB3\clnsr_prjct\CleanserBlazorUI\CleanserBlazorUI.csproj]
         D:\AB3\clnsr_prjct\CleanserBlazorUI\Components\Pages\Home.razor(5280,43): warning CS8602: Dereference of a possibly null reference. [D:\AB3\clnsr_prjct\CleanserBlazorUI\CleanserBlazorUI.csproj]
         D:\AB3\clnsr_prjct\CleanserBlazorUI\Components\Pages\Home.razor(5281,43): warning CS8602: Dereference of a possibly null reference. [D:\AB3\clnsr_prjct\CleanserBlazorUI\CleanserBlazorUI.csproj]
         D:\AB3\clnsr_prjct\CleanserBlazorUI\Components\Pages\Home.razor(5282,43): warning CS8602: Dereference of a possibly null reference. [D:\AB3\clnsr_prjct\CleanserBlazorUI\CleanserBlazorUI.csproj]
         D:\AB3\clnsr_prjct\CleanserBlazorUI\Components\Pages\Home.razor(5283,43): warning CS8602: Dereference of a possibly null reference. [D:\AB3\clnsr_prjct\CleanserBlazorUI\CleanserBlazorUI.csproj]
         D:\AB3\clnsr_prjct\CleanserBlazorUI\Components\Pages\Home.razor(5284,43): warning CS8602: Dereference of a possibly null reference. [D:\AB3\clnsr_prjct\CleanserBlazorUI\CleanserBlazorUI.csproj]
         D:\AB3\clnsr_prjct\CleanserBlazorUI\Components\Pages\Home.razor(5285,43): warning CS8602: Dereference of a possibly null reference. [D:\AB3\clnsr_prjct\CleanserBlazorUI\CleanserBlazorUI.csproj]
         D:\AB3\clnsr_prjct\CleanserBlazorUI\Components\Pages\Home.razor(5286,43): warning CS8602: Dereference of a possibly null reference. [D:\AB3\clnsr_prjct\CleanserBlazorUI\CleanserBlazorUI.csproj]
         D:\AB3\clnsr_prjct\CleanserBlazorUI\Components\Pages\Home.razor(5287,43): warning CS8602: Dereference of a possibly null reference. [D:\AB3\clnsr_prjct\CleanserBlazorUI\CleanserBlazorUI.csproj]
         D:\AB3\clnsr_prjct\CleanserBlazorUI\Components\Pages\Home.razor(5288,43): warning CS8602: Dereference of a possibly null reference. [D:\AB3\clnsr_prjct\CleanserBlazorUI\CleanserBlazorUI.csproj]
         D:\AB3\clnsr_prjct\CleanserBlazorUI\Components\Pages\Home.razor(5289,43): warning CS8602: Dereference of a possibly null reference. [D:\AB3\clnsr_prjct\CleanserBlazorUI\CleanserBlazorUI.csproj]
         D:\AB3\clnsr_prjct\CleanserBlazorUI\Components\Pages\Home.razor(5290,43): warning CS8602: Dereference of a possibly null reference. [D:\AB3\clnsr_prjct\CleanserBlazorUI\CleanserBlazorUI.csproj]
         D:\AB3\clnsr_prjct\CleanserBlazorUI\Components\Pages\Home.razor(5291,43): warning CS8602: Dereference of a possibly null reference. [D:\AB3\clnsr_prjct\CleanserBlazorUI\CleanserBlazorUI.csproj]
         D:\AB3\clnsr_prjct\CleanserBlazorUI\Components\Pages\Home.razor(5292,43): warning CS8602: Dereference of a possibly null reference. [D:\AB3\clnsr_prjct\CleanserBlazorUI\CleanserBlazorUI.csproj]
         D:\AB3\clnsr_prjct\CleanserBlazorUI\Components\Pages\Home.razor(5293,43): warning CS8602: Dereference of a possibly null reference. [D:\AB3\clnsr_prjct\CleanserBlazorUI\CleanserBlazorUI.csproj]
         D:\AB3\clnsr_prjct\CleanserBlazorUI\Components\Pages\Home.razor(5294,43): warning CS8602: Dereference of a possibly null reference. [D:\AB3\clnsr_prjct\CleanserBlazorUI\CleanserBlazorUI.csproj]
         D:\AB3\clnsr_prjct\CleanserBlazorUI\Components\Pages\Home.razor(5295,43): warning CS8602: Dereference of a possibly null reference. [D:\AB3\clnsr_prjct\CleanserBlazorUI\CleanserBlazorUI.csproj]
         D:\AB3\clnsr_prjct\CleanserBlazorUI\Components\Pages\Home.razor(5296,43): warning CS8602: Dereference of a possibly null reference. [D:\AB3\clnsr_prjct\CleanserBlazorUI\CleanserBlazorUI.csproj]
         D:\AB3\clnsr_prjct\CleanserBlazorUI\Components\Pages\Home.razor(5297,43): warning CS8602: Dereference of a possibly null reference. [D:\AB3\clnsr_prjct\CleanserBlazorUI\CleanserBlazorUI.csproj]
         D:\AB3\clnsr_prjct\CleanserBlazorUI\Components\Pages\Home.razor(5298,43): warning CS8602: Dereference of a possibly null reference. [D:\AB3\clnsr_prjct\CleanserBlazorUI\CleanserBlazorUI.csproj]
         D:\AB3\clnsr_prjct\CleanserBlazorUI\Components\Pages\Home.razor(5299,43): warning CS8602: Dereference of a possibly null reference. [D:\AB3\clnsr_prjct\CleanserBlazorUI\CleanserBlazorUI.csproj]
         D:\AB3\clnsr_prjct\CleanserBlazorUI\Components\Pages\Home.razor(5300,43): warning CS8602: Dereference of a possibly null reference. [D:\AB3\clnsr_prjct\CleanserBlazorUI\CleanserBlazorUI.csproj]
         D:\AB3\clnsr_prjct\CleanserBlazorUI\Components\Pages\Home.razor(5301,43): warning CS8602: Dereference of a possibly null reference. [D:\AB3\clnsr_prjct\CleanserBlazorUI\CleanserBlazorUI.csproj]
         D:\AB3\clnsr_prjct\CleanserBlazorUI\Components\Pages\Home.razor(5302,43): warning CS8602: Dereference of a possibly null reference. [D:\AB3\clnsr_prjct\CleanserBlazorUI\CleanserBlazorUI.csproj]
         D:\AB3\clnsr_prjct\CleanserBlazorUI\Components\Pages\Home.razor(5303,74): warning CS8602: Dereference of a possibly null reference. [D:\AB3\clnsr_prjct\CleanserBlazorUI\CleanserBlazorUI.csproj]
         D:\AB3\clnsr_prjct\CleanserBlazorUI\Components\Pages\Home.razor(5303,74): warning CS8604: Possible null reference argument for parameter 'data' in 'CellDataAndStatus StringHelper.EmpTypeNormarlise(string data)'. [D:\AB3\clnsr_prjct\CleanserBlazorUI\CleanserBlazorUI.csproj]
         D:\AB3\clnsr_prjct\CleanserBlazorUI\Components\Pages\Home.razor(5304,43): warning CS8602: Dereference of a possibly null reference. [D:\AB3\clnsr_prjct\CleanserBlazorUI\CleanserBlazorUI.csproj]
         D:\AB3\clnsr_prjct\CleanserBlazorUI\Components\Pages\Home.razor(5305,43): warning CS8602: Dereference of a possibly null reference. [D:\AB3\clnsr_prjct\CleanserBlazorUI\CleanserBlazorUI.csproj]
         D:\AB3\clnsr_prjct\CleanserBlazorUI\Components\Pages\Home.razor(5306,43): warning CS8602: Dereference of a possibly null reference. [D:\AB3\clnsr_prjct\CleanserBlazorUI\CleanserBlazorUI.csproj]
         D:\AB3\clnsr_prjct\CleanserBlazorUI\Components\Pages\Home.razor(5307,43): warning CS8602: Dereference of a possibly null reference. [D:\AB3\clnsr_prjct\CleanserBlazorUI\CleanserBlazorUI.csproj]
         D:\AB3\clnsr_prjct\CleanserBlazorUI\Components\Pages\Home.razor(5308,43): warning CS8602: Dereference of a possibly null reference. [D:\AB3\clnsr_prjct\CleanserBlazorUI\CleanserBlazorUI.csproj]
         D:\AB3\clnsr_prjct\CleanserBlazorUI\Components\Pages\Home.razor(5309,43): warning CS8602: Dereference of a possibly null reference. [D:\AB3\clnsr_prjct\CleanserBlazorUI\CleanserBlazorUI.csproj]
         D:\AB3\clnsr_prjct\CleanserBlazorUI\Components\Pages\Home.razor(5310,43): warning CS8602: Dereference of a possibly null reference. [D:\AB3\clnsr_prjct\CleanserBlazorUI\CleanserBlazorUI.csproj]
         D:\AB3\clnsr_prjct\CleanserBlazorUI\Components\Pages\Home.razor(5311,43): warning CS8602: Dereference of a possibly null reference. [D:\AB3\clnsr_prjct\CleanserBlazorUI\CleanserBlazorUI.csproj]
         D:\AB3\clnsr_prjct\CleanserBlazorUI\Components\Pages\Home.razor(5312,43): warning CS8602: Dereference of a possibly null reference. [D:\AB3\clnsr_prjct\CleanserBlazorUI\CleanserBlazorUI.csproj]
         D:\AB3\clnsr_prjct\CleanserBlazorUI\Components\Pages\Home.razor(5313,43): warning CS8602: Dereference of a possibly null reference. [D:\AB3\clnsr_prjct\CleanserBlazorUI\CleanserBlazorUI.csproj]
         D:\AB3\clnsr_prjct\CleanserBlazorUI\Components\Pages\Home.razor(5314,43): warning CS8602: Dereference of a possibly null reference. [D:\AB3\clnsr_prjct\CleanserBlazorUI\CleanserBlazorUI.csproj]
         D:\AB3\clnsr_prjct\CleanserBlazorUI\Components\Pages\Home.razor(5315,43): warning CS8602: Dereference of a possibly null reference. [D:\AB3\clnsr_prjct\CleanserBlazorUI\CleanserBlazorUI.csproj]
         D:\AB3\clnsr_prjct\CleanserBlazorUI\Components\Pages\Home.razor(5316,43): warning CS8602: Dereference of a possibly null reference. [D:\AB3\clnsr_prjct\CleanserBlazorUI\CleanserBlazorUI.csproj]
         D:\AB3\clnsr_prjct\CleanserBlazorUI\Components\Pages\Home.razor(5317,43): warning CS8602: Dereference of a possibly null reference. [D:\AB3\clnsr_prjct\CleanserBlazorUI\CleanserBlazorUI.csproj]
         D:\AB3\clnsr_prjct\CleanserBlazorUI\Components\Pages\Home.razor(5318,43): warning CS8602: Dereference of a possibly null reference. [D:\AB3\clnsr_prjct\CleanserBlazorUI\CleanserBlazorUI.csproj]
         D:\AB3\clnsr_prjct\CleanserBlazorUI\Components\Pages\Home.razor(5319,43): warning CS8602: Dereference of a possibly null reference. [D:\AB3\clnsr_prjct\CleanserBlazorUI\CleanserBlazorUI.csproj]
         D:\AB3\clnsr_prjct\CleanserBlazorUI\Components\Pages\Home.razor(5320,43): warning CS8602: Dereference of a possibly null reference. [D:\AB3\clnsr_prjct\CleanserBlazorUI\CleanserBlazorUI.csproj]
         D:\AB3\clnsr_prjct\CleanserBlazorUI\Components\Pages\Home.razor(5321,43): warning CS8602: Dereference of a possibly null reference. [D:\AB3\clnsr_prjct\CleanserBlazorUI\CleanserBlazorUI.csproj]
         D:\AB3\clnsr_prjct\CleanserBlazorUI\Components\Pages\Home.razor(5322,43): warning CS8602: Dereference of a possibly null reference. [D:\AB3\clnsr_prjct\CleanserBlazorUI\CleanserBlazorUI.csproj]
         D:\AB3\clnsr_prjct\CleanserBlazorUI\Components\Pages\Home.razor(5323,43): warning CS8602: Dereference of a possibly null reference. [D:\AB3\clnsr_prjct\CleanserBlazorUI\CleanserBlazorUI.csproj]
         D:\AB3\clnsr_prjct\CleanserBlazorUI\Components\Pages\Home.razor(5324,43): warning CS8602: Dereference of a possibly null reference. [D:\AB3\clnsr_prjct\CleanserBlazorUI\CleanserBlazorUI.csproj]
         D:\AB3\clnsr_prjct\CleanserBlazorUI\Components\Pages\Home.razor(5325,43): warning CS8602: Dereference of a possibly null reference. [D:\AB3\clnsr_prjct\CleanserBlazorUI\CleanserBlazorUI.csproj]
         D:\AB3\clnsr_prjct\CleanserBlazorUI\Components\Pages\Home.razor(5326,43): warning CS8602: Dereference of a possibly null reference. [D:\AB3\clnsr_prjct\CleanserBlazorUI\CleanserBlazorUI.csproj]
         D:\AB3\clnsr_prjct\CleanserBlazorUI\Components\Pages\Home.razor(5327,43): warning CS8602: Dereference of a possibly null reference. [D:\AB3\clnsr_prjct\CleanserBlazorUI\CleanserBlazorUI.csproj]
         D:\AB3\clnsr_prjct\CleanserBlazorUI\Components\Pages\Home.razor(5328,43): warning CS8602: Dereference of a possibly null reference. [D:\AB3\clnsr_prjct\CleanserBlazorUI\CleanserBlazorUI.csproj]
         D:\AB3\clnsr_prjct\CleanserBlazorUI\Components\Pages\Home.razor(5329,43): warning CS8602: Dereference of a possibly null reference. [D:\AB3\clnsr_prjct\CleanserBlazorUI\CleanserBlazorUI.csproj]
         D:\AB3\clnsr_prjct\CleanserBlazorUI\Components\Pages\Home.razor(5330,43): warning CS8602: Dereference of a possibly null reference. [D:\AB3\clnsr_prjct\CleanserBlazorUI\CleanserBlazorUI.csproj]
         D:\AB3\clnsr_prjct\CleanserBlazorUI\Components\Pages\Home.razor(5331,43): warning CS8602: Dereference of a possibly null reference. [D:\AB3\clnsr_prjct\CleanserBlazorUI\CleanserBlazorUI.csproj]
         D:\AB3\clnsr_prjct\CleanserBlazorUI\Components\Pages\Home.razor(5332,43): warning CS8602: Dereference of a possibly null reference. [D:\AB3\clnsr_prjct\CleanserBlazorUI\CleanserBlazorUI.csproj]
         D:\AB3\clnsr_prjct\CleanserBlazorUI\Components\Pages\Home.razor(5333,43): warning CS8602: Dereference of a possibly null reference. [D:\AB3\clnsr_prjct\CleanserBlazorUI\CleanserBlazorUI.csproj]
         D:\AB3\clnsr_prjct\CleanserBlazorUI\Components\Pages\Home.razor(5334,43): warning CS8602: Dereference of a possibly null reference. [D:\AB3\clnsr_prjct\CleanserBlazorUI\CleanserBlazorUI.csproj]
         D:\AB3\clnsr_prjct\CleanserBlazorUI\Components\Pages\Home.razor(5335,43): warning CS8602: Dereference of a possibly null reference. [D:\AB3\clnsr_prjct\CleanserBlazorUI\CleanserBlazorUI.csproj]
         D:\AB3\clnsr_prjct\CleanserBlazorUI\Components\Pages\Home.razor(5336,43): warning CS8602: Dereference of a possibly null reference. [D:\AB3\clnsr_prjct\CleanserBlazorUI\CleanserBlazorUI.csproj]
         D:\AB3\clnsr_prjct\CleanserBlazorUI\Components\Pages\Home.razor(5337,43): warning CS8602: Dereference of a possibly null reference. [D:\AB3\clnsr_prjct\CleanserBlazorUI\CleanserBlazorUI.csproj]
         D:\AB3\clnsr_prjct\CleanserBlazorUI\Components\Pages\Home.razor(5338,43): warning CS8602: Dereference of a possibly null reference. [D:\AB3\clnsr_prjct\CleanserBlazorUI\CleanserBlazorUI.csproj]
         D:\AB3\clnsr_prjct\CleanserBlazorUI\Components\Pages\Home.razor(5339,43): warning CS8602: Dereference of a possibly null reference. [D:\AB3\clnsr_prjct\CleanserBlazorUI\CleanserBlazorUI.csproj]
         D:\AB3\clnsr_prjct\CleanserBlazorUI\Components\Pages\Home.razor(5340,43): warning CS8602: Dereference of a possibly null reference. [D:\AB3\clnsr_prjct\CleanserBlazorUI\CleanserBlazorUI.csproj]
         D:\AB3\clnsr_prjct\CleanserBlazorUI\Components\Pages\Home.razor(5341,43): warning CS8602: Dereference of a possibly null reference. [D:\AB3\clnsr_prjct\CleanserBlazorUI\CleanserBlazorUI.csproj]
         D:\AB3\clnsr_prjct\CleanserBlazorUI\Components\Pages\Home.razor(5342,43): warning CS8602: Dereference of a possibly null reference. [D:\AB3\clnsr_prjct\CleanserBlazorUI\CleanserBlazorUI.csproj]
         D:\AB3\clnsr_prjct\CleanserBlazorUI\Components\Pages\Home.razor(5343,43): warning CS8602: Dereference of a possibly null reference. [D:\AB3\clnsr_prjct\CleanserBlazorUI\CleanserBlazorUI.csproj]
         D:\AB3\clnsr_prjct\CleanserBlazorUI\Components\Pages\Home.razor(5344,43): warning CS8602: Dereference of a possibly null reference. [D:\AB3\clnsr_prjct\CleanserBlazorUI\CleanserBlazorUI.csproj]
         D:\AB3\clnsr_prjct\CleanserBlazorUI\Components\Pages\Home.razor(5345,43): warning CS8602: Dereference of a possibly null reference. [D:\AB3\clnsr_prjct\CleanserBlazorUI\CleanserBlazorUI.csproj]
         D:\AB3\clnsr_prjct\CleanserBlazorUI\Components\Pages\Home.razor(5346,43): warning CS8602: Dereference of a possibly null reference. [D:\AB3\clnsr_prjct\CleanserBlazorUI\CleanserBlazorUI.csproj]
         D:\AB3\clnsr_prjct\CleanserBlazorUI\Components\Pages\Home.razor(5347,43): warning CS8602: Dereference of a possibly null reference. [D:\AB3\clnsr_prjct\CleanserBlazorUI\CleanserBlazorUI.csproj]
         D:\AB3\clnsr_prjct\CleanserBlazorUI\Components\Pages\Home.razor(5348,43): warning CS8602: Dereference of a possibly null reference. [D:\AB3\clnsr_prjct\CleanserBlazorUI\CleanserBlazorUI.csproj]
         D:\AB3\clnsr_prjct\CleanserBlazorUI\Components\Pages\Home.razor(5349,43): warning CS8602: Dereference of a possibly null reference. [D:\AB3\clnsr_prjct\CleanserBlazorUI\CleanserBlazorUI.csproj]
         D:\AB3\clnsr_prjct\CleanserBlazorUI\Components\Pages\Home.razor(5350,43): warning CS8602: Dereference of a possibly null reference. [D:\AB3\clnsr_prjct\CleanserBlazorUI\CleanserBlazorUI.csproj]
         D:\AB3\clnsr_prjct\CleanserBlazorUI\Components\Pages\Home.razor(5351,43): warning CS8602: Dereference of a possibly null reference. [D:\AB3\clnsr_prjct\CleanserBlazorUI\CleanserBlazorUI.csproj]
         D:\AB3\clnsr_prjct\CleanserBlazorUI\Components\Pages\Home.razor(5352,43): warning CS8602: Dereference of a possibly null reference. [D:\AB3\clnsr_prjct\CleanserBlazorUI\CleanserBlazorUI.csproj]
         D:\AB3\clnsr_prjct\CleanserBlazorUI\Components\Pages\Home.razor(5353,44): warning CS8602: Dereference of a possibly null reference. [D:\AB3\clnsr_prjct\CleanserBlazorUI\CleanserBlazorUI.csproj]
         D:\AB3\clnsr_prjct\CleanserBlazorUI\Components\Pages\Home.razor(5354,44): warning CS8602: Dereference of a possibly null reference. [D:\AB3\clnsr_prjct\CleanserBlazorUI\CleanserBlazorUI.csproj]
         D:\AB3\clnsr_prjct\CleanserBlazorUI\Components\Pages\Home.razor(5355,44): warning CS8602: Dereference of a possibly null reference. [D:\AB3\clnsr_prjct\CleanserBlazorUI\CleanserBlazorUI.csproj]
         D:\AB3\clnsr_prjct\CleanserBlazorUI\Components\Pages\Home.razor(5356,44): warning CS8602: Dereference of a possibly null reference. [D:\AB3\clnsr_prjct\CleanserBlazorUI\CleanserBlazorUI.csproj]
         D:\AB3\clnsr_prjct\CleanserBlazorUI\Components\Pages\Home.razor(5357,44): warning CS8602: Dereference of a possibly null reference. [D:\AB3\clnsr_prjct\CleanserBlazorUI\CleanserBlazorUI.csproj]
         D:\AB3\clnsr_prjct\CleanserBlazorUI\Components\Pages\Home.razor(5358,44): warning CS8602: Dereference of a possibly null reference. [D:\AB3\clnsr_prjct\CleanserBlazorUI\CleanserBlazorUI.csproj]
         D:\AB3\clnsr_prjct\CleanserBlazorUI\Components\Pages\Home.razor(5359,44): warning CS8602: Dereference of a possibly null reference. [D:\AB3\clnsr_prjct\CleanserBlazorUI\CleanserBlazorUI.csproj]
         D:\AB3\clnsr_prjct\CleanserBlazorUI\Components\Pages\Home.razor(5360,44): warning CS8602: Dereference of a possibly null reference. [D:\AB3\clnsr_prjct\CleanserBlazorUI\CleanserBlazorUI.csproj]
         D:\AB3\clnsr_prjct\CleanserBlazorUI\Components\Pages\Home.razor(5361,44): warning CS8602: Dereference of a possibly null reference. [D:\AB3\clnsr_prjct\CleanserBlazorUI\CleanserBlazorUI.csproj]
         D:\AB3\clnsr_prjct\CleanserBlazorUI\Components\Pages\Home.razor(5362,44): warning CS8602: Dereference of a possibly null reference. [D:\AB3\clnsr_prjct\CleanserBlazorUI\CleanserBlazorUI.csproj]
         D:\AB3\clnsr_prjct\CleanserBlazorUI\Components\Pages\Home.razor(5363,44): warning CS8602: Dereference of a possibly null reference. [D:\AB3\clnsr_prjct\CleanserBlazorUI\CleanserBlazorUI.csproj]
         D:\AB3\clnsr_prjct\CleanserBlazorUI\Components\Pages\Home.razor(5364,44): warning CS8602: Dereference of a possibly null reference. [D:\AB3\clnsr_prjct\CleanserBlazorUI\CleanserBlazorUI.csproj]
         D:\AB3\clnsr_prjct\CleanserBlazorUI\Components\Pages\Home.razor(5365,44): warning CS8602: Dereference of a possibly null reference. [D:\AB3\clnsr_prjct\CleanserBlazorUI\CleanserBlazorUI.csproj]
         D:\AB3\clnsr_prjct\CleanserBlazorUI\Components\Pages\Home.razor(5366,44): warning CS8602: Dereference of a possibly null reference. [D:\AB3\clnsr_prjct\CleanserBlazorUI\CleanserBlazorUI.csproj]
         D:\AB3\clnsr_prjct\CleanserBlazorUI\Components\Pages\Home.razor(5367,44): warning CS8602: Dereference of a possibly null reference. [D:\AB3\clnsr_prjct\CleanserBlazorUI\CleanserBlazorUI.csproj]
         D:\AB3\clnsr_prjct\CleanserBlazorUI\Components\Pages\Home.razor(5368,44): warning CS8602: Dereference of a possibly null reference. [D:\AB3\clnsr_prjct\CleanserBlazorUI\CleanserBlazorUI.csproj]
         D:\AB3\clnsr_prjct\CleanserBlazorUI\Components\Pages\Home.razor(5369,44): warning CS8602: Dereference of a possibly null reference. [D:\AB3\clnsr_prjct\CleanserBlazorUI\CleanserBlazorUI.csproj]
         D:\AB3\clnsr_prjct\CleanserBlazorUI\Components\Pages\Home.razor(5370,44): warning CS8602: Dereference of a possibly null reference. [D:\AB3\clnsr_prjct\CleanserBlazorUI\CleanserBlazorUI.csproj]
         D:\AB3\clnsr_prjct\CleanserBlazorUI\Components\Pages\Home.razor(5371,44): warning CS8602: Dereference of a possibly null reference. [D:\AB3\clnsr_prjct\CleanserBlazorUI\CleanserBlazorUI.csproj]
         D:\AB3\clnsr_prjct\CleanserBlazorUI\Components\Pages\Home.razor(5372,44): warning CS8602: Dereference of a possibly null reference. [D:\AB3\clnsr_prjct\CleanserBlazorUI\CleanserBlazorUI.csproj]
         D:\AB3\clnsr_prjct\CleanserBlazorUI\Components\Pages\Home.razor(5373,44): warning CS8602: Dereference of a possibly null reference. [D:\AB3\clnsr_prjct\CleanserBlazorUI\CleanserBlazorUI.csproj]
         D:\AB3\clnsr_prjct\CleanserBlazorUI\Components\Pages\Home.razor(5374,44): warning CS8602: Dereference of a possibly null reference. [D:\AB3\clnsr_prjct\CleanserBlazorUI\CleanserBlazorUI.csproj]
         D:\AB3\clnsr_prjct\CleanserBlazorUI\Components\Pages\Home.razor(5375,44): warning CS8602: Dereference of a possibly null reference. [D:\AB3\clnsr_prjct\CleanserBlazorUI\CleanserBlazorUI.csproj]
         D:\AB3\clnsr_prjct\CleanserBlazorUI\Components\Pages\Home.razor(5376,44): warning CS8602: Dereference of a possibly null reference. [D:\AB3\clnsr_prjct\CleanserBlazorUI\CleanserBlazorUI.csproj]
         D:\AB3\clnsr_prjct\CleanserBlazorUI\Components\Pages\Home.razor(5377,44): warning CS8602: Dereference of a possibly null reference. [D:\AB3\clnsr_prjct\CleanserBlazorUI\CleanserBlazorUI.csproj]
         D:\AB3\clnsr_prjct\CleanserBlazorUI\Components\Pages\Home.razor(5378,44): warning CS8602: Dereference of a possibly null reference. [D:\AB3\clnsr_prjct\CleanserBlazorUI\CleanserBlazorUI.csproj]
         D:\AB3\clnsr_prjct\CleanserBlazorUI\Components\Pages\Home.razor(5379,44): warning CS8602: Dereference of a possibly null reference. [D:\AB3\clnsr_prjct\CleanserBlazorUI\CleanserBlazorUI.csproj]
         D:\AB3\clnsr_prjct\CleanserBlazorUI\Components\Pages\Home.razor(5380,44): warning CS8602: Dereference of a possibly null reference. [D:\AB3\clnsr_prjct\CleanserBlazorUI\CleanserBlazorUI.csproj]
         D:\AB3\clnsr_prjct\CleanserBlazorUI\Components\Pages\Home.razor(5381,44): warning CS8602: Dereference of a possibly null reference. [D:\AB3\clnsr_prjct\CleanserBlazorUI\CleanserBlazorUI.csproj]
         D:\AB3\clnsr_prjct\CleanserBlazorUI\Components\Pages\Home.razor(5382,44): warning CS8602: Dereference of a possibly null reference. [D:\AB3\clnsr_prjct\CleanserBlazorUI\CleanserBlazorUI.csproj]
         D:\AB3\clnsr_prjct\CleanserBlazorUI\Components\Pages\Home.razor(5383,44): warning CS8602: Dereference of a possibly null reference. [D:\AB3\clnsr_prjct\CleanserBlazorUI\CleanserBlazorUI.csproj]
         D:\AB3\clnsr_prjct\CleanserBlazorUI\Components\Pages\Home.razor(5384,44): warning CS8602: Dereference of a possibly null reference. [D:\AB3\clnsr_prjct\CleanserBlazorUI\CleanserBlazorUI.csproj]
         D:\AB3\clnsr_prjct\CleanserBlazorUI\Components\Pages\Home.razor(5385,44): warning CS8602: Dereference of a possibly null reference. [D:\AB3\clnsr_prjct\CleanserBlazorUI\CleanserBlazorUI.csproj]
         D:\AB3\clnsr_prjct\CleanserBlazorUI\Components\Pages\Home.razor(5386,44): warning CS8602: Dereference of a possibly null reference. [D:\AB3\clnsr_prjct\CleanserBlazorUI\CleanserBlazorUI.csproj]
         D:\AB3\clnsr_prjct\CleanserBlazorUI\Components\Pages\Home.razor(5387,44): warning CS8602: Dereference of a possibly null reference. [D:\AB3\clnsr_prjct\CleanserBlazorUI\CleanserBlazorUI.csproj]
         D:\AB3\clnsr_prjct\CleanserBlazorUI\Components\Pages\Home.razor(5388,44): warning CS8602: Dereference of a possibly null reference. [D:\AB3\clnsr_prjct\CleanserBlazorUI\CleanserBlazorUI.csproj]
         D:\AB3\clnsr_prjct\CleanserBlazorUI\Components\Pages\Home.razor(5389,44): warning CS8602: Dereference of a possibly null reference. [D:\AB3\clnsr_prjct\CleanserBlazorUI\CleanserBlazorUI.csproj]
         D:\AB3\clnsr_prjct\CleanserBlazorUI\Components\Pages\Home.razor(5390,44): warning CS8602: Dereference of a possibly null reference. [D:\AB3\clnsr_prjct\CleanserBlazorUI\CleanserBlazorUI.csproj]
         D:\AB3\clnsr_prjct\CleanserBlazorUI\Components\Pages\Home.razor(5391,44): warning CS8602: Dereference of a possibly null reference. [D:\AB3\clnsr_prjct\CleanserBlazorUI\CleanserBlazorUI.csproj]
         D:\AB3\clnsr_prjct\CleanserBlazorUI\Components\Pages\Home.razor(5392,44): warning CS8602: Dereference of a possibly null reference. [D:\AB3\clnsr_prjct\CleanserBlazorUI\CleanserBlazorUI.csproj]
         D:\AB3\clnsr_prjct\CleanserBlazorUI\Components\Pages\Home.razor(5393,44): warning CS8602: Dereference of a possibly null reference. [D:\AB3\clnsr_prjct\CleanserBlazorUI\CleanserBlazorUI.csproj]
         D:\AB3\clnsr_prjct\CleanserBlazorUI\Components\Pages\Home.razor(5394,44): warning CS8602: Dereference of a possibly null reference. [D:\AB3\clnsr_prjct\CleanserBlazorUI\CleanserBlazorUI.csproj]
         D:\AB3\clnsr_prjct\CleanserBlazorUI\Components\Pages\Home.razor(5395,44): warning CS8602: Dereference of a possibly null reference. [D:\AB3\clnsr_prjct\CleanserBlazorUI\CleanserBlazorUI.csproj]
         D:\AB3\clnsr_prjct\CleanserBlazorUI\Components\Pages\Home.razor(5396,44): warning CS8602: Dereference of a possibly null reference. [D:\AB3\clnsr_prjct\CleanserBlazorUI\CleanserBlazorUI.csproj]
         D:\AB3\clnsr_prjct\CleanserBlazorUI\Components\Pages\Home.razor(5397,44): warning CS8602: Dereference of a possibly null reference. [D:\AB3\clnsr_prjct\CleanserBlazorUI\CleanserBlazorUI.csproj]
         D:\AB3\clnsr_prjct\CleanserBlazorUI\Components\Pages\Home.razor(5398,44): warning CS8602: Dereference of a possibly null reference. [D:\AB3\clnsr_prjct\CleanserBlazorUI\CleanserBlazorUI.csproj]
         D:\AB3\clnsr_prjct\CleanserBlazorUI\Components\Pages\Home.razor(5399,44): warning CS8602: Dereference of a possibly null reference. [D:\AB3\clnsr_prjct\CleanserBlazorUI\CleanserBlazorUI.csproj]
         D:\AB3\clnsr_prjct\CleanserBlazorUI\Components\Pages\Home.razor(5400,44): warning CS8602: Dereference of a possibly null reference. [D:\AB3\clnsr_prjct\CleanserBlazorUI\CleanserBlazorUI.csproj]
         D:\AB3\clnsr_prjct\CleanserBlazorUI\Components\Pages\Home.razor(5401,44): warning CS8602: Dereference of a possibly null reference. [D:\AB3\clnsr_prjct\CleanserBlazorUI\CleanserBlazorUI.csproj]
         D:\AB3\clnsr_prjct\CleanserBlazorUI\Components\Pages\Home.razor(5402,44): warning CS8602: Dereference of a possibly null reference. [D:\AB3\clnsr_prjct\CleanserBlazorUI\CleanserBlazorUI.csproj]
         D:\AB3\clnsr_prjct\CleanserBlazorUI\Components\Pages\Home.razor(5403,44): warning CS8602: Dereference of a possibly null reference. [D:\AB3\clnsr_prjct\CleanserBlazorUI\CleanserBlazorUI.csproj]
         D:\AB3\clnsr_prjct\CleanserBlazorUI\Components\Pages\Home.razor(5404,44): warning CS8602: Dereference of a possibly null reference. [D:\AB3\clnsr_prjct\CleanserBlazorUI\CleanserBlazorUI.csproj]
         D:\AB3\clnsr_prjct\CleanserBlazorUI\Components\Pages\Home.razor(5405,44): warning CS8602: Dereference of a possibly null reference. [D:\AB3\clnsr_prjct\CleanserBlazorUI\CleanserBlazorUI.csproj]
         D:\AB3\clnsr_prjct\CleanserBlazorUI\Components\Pages\Home.razor(5406,44): warning CS8602: Dereference of a possibly null reference. [D:\AB3\clnsr_prjct\CleanserBlazorUI\CleanserBlazorUI.csproj]
         D:\AB3\clnsr_prjct\CleanserBlazorUI\Components\Pages\Home.razor(5407,44): warning CS8602: Dereference of a possibly null reference. [D:\AB3\clnsr_prjct\CleanserBlazorUI\CleanserBlazorUI.csproj]
         D:\AB3\clnsr_prjct\CleanserBlazorUI\Components\Pages\Home.razor(5408,44): warning CS8602: Dereference of a possibly null reference. [D:\AB3\clnsr_prjct\CleanserBlazorUI\CleanserBlazorUI.csproj]
         D:\AB3\clnsr_prjct\CleanserBlazorUI\Components\Pages\Home.razor(5409,44): warning CS8602: Dereference of a possibly null reference. [D:\AB3\clnsr_prjct\CleanserBlazorUI\CleanserBlazorUI.csproj]
         D:\AB3\clnsr_prjct\CleanserBlazorUI\Components\Pages\Home.razor(5410,44): warning CS8602: Dereference of a possibly null reference. [D:\AB3\clnsr_prjct\CleanserBlazorUI\CleanserBlazorUI.csproj]
         D:\AB3\clnsr_prjct\CleanserBlazorUI\Components\Pages\Home.razor(5411,44): warning CS8602: Dereference of a possibly null reference. [D:\AB3\clnsr_prjct\CleanserBlazorUI\CleanserBlazorUI.csproj]
         D:\AB3\clnsr_prjct\CleanserBlazorUI\Components\Pages\Home.razor(5412,44): warning CS8602: Dereference of a possibly null reference. [D:\AB3\clnsr_prjct\CleanserBlazorUI\CleanserBlazorUI.csproj]
         D:\AB3\clnsr_prjct\CleanserBlazorUI\Components\Pages\Home.razor(5413,44): warning CS8602: Dereference of a possibly null reference. [D:\AB3\clnsr_prjct\CleanserBlazorUI\CleanserBlazorUI.csproj]
         D:\AB3\clnsr_prjct\CleanserBlazorUI\Components\Pages\Home.razor(5414,44): warning CS8602: Dereference of a possibly null reference. [D:\AB3\clnsr_prjct\CleanserBlazorUI\CleanserBlazorUI.csproj]
         D:\AB3\clnsr_prjct\CleanserBlazorUI\Components\Pages\Home.razor(5415,44): warning CS8602: Dereference of a possibly null reference. [D:\AB3\clnsr_prjct\CleanserBlazorUI\CleanserBlazorUI.csproj]
         D:\AB3\clnsr_prjct\CleanserBlazorUI\Components\Pages\Home.razor(5416,44): warning CS8602: Dereference of a possibly null reference. [D:\AB3\clnsr_prjct\CleanserBlazorUI\CleanserBlazorUI.csproj]
         D:\AB3\clnsr_prjct\CleanserBlazorUI\Components\Pages\Home.razor(5417,44): warning CS8602: Dereference of a possibly null reference. [D:\AB3\clnsr_prjct\CleanserBlazorUI\CleanserBlazorUI.csproj]
         D:\AB3\clnsr_prjct\CleanserBlazorUI\Components\Pages\Home.razor(5418,44): warning CS8602: Dereference of a possibly null reference. [D:\AB3\clnsr_prjct\CleanserBlazorUI\CleanserBlazorUI.csproj]
         D:\AB3\clnsr_prjct\CleanserBlazorUI\Components\Pages\Home.razor(5419,44): warning CS8602: Dereference of a possibly null reference. [D:\AB3\clnsr_prjct\CleanserBlazorUI\CleanserBlazorUI.csproj]
         D:\AB3\clnsr_prjct\CleanserBlazorUI\Components\Pages\Home.razor(5420,44): warning CS8602: Dereference of a possibly null reference. [D:\AB3\clnsr_prjct\CleanserBlazorUI\CleanserBlazorUI.csproj]
         D:\AB3\clnsr_prjct\CleanserBlazorUI\Components\Pages\Home.razor(5421,44): warning CS8602: Dereference of a possibly null reference. [D:\AB3\clnsr_prjct\CleanserBlazorUI\CleanserBlazorUI.csproj]
         D:\AB3\clnsr_prjct\CleanserBlazorUI\Components\Pages\Home.razor(5422,44): warning CS8602: Dereference of a possibly null reference. [D:\AB3\clnsr_prjct\CleanserBlazorUI\CleanserBlazorUI.csproj]
         D:\AB3\clnsr_prjct\CleanserBlazorUI\Components\Pages\Home.razor(5423,44): warning CS8602: Dereference of a possibly null reference. [D:\AB3\clnsr_prjct\CleanserBlazorUI\CleanserBlazorUI.csproj]
         D:\AB3\clnsr_prjct\CleanserBlazorUI\Components\Pages\Home.razor(5424,44): warning CS8602: Dereference of a possibly null reference. [D:\AB3\clnsr_prjct\CleanserBlazorUI\CleanserBlazorUI.csproj]
         D:\AB3\clnsr_prjct\CleanserBlazorUI\Components\Pages\Home.razor(5425,44): warning CS8602: Dereference of a possibly null reference. [D:\AB3\clnsr_prjct\CleanserBlazorUI\CleanserBlazorUI.csproj]
         D:\AB3\clnsr_prjct\CleanserBlazorUI\Components\Pages\Home.razor(5426,44): warning CS8602: Dereference of a possibly null reference. [D:\AB3\clnsr_prjct\CleanserBlazorUI\CleanserBlazorUI.csproj]
         D:\AB3\clnsr_prjct\CleanserBlazorUI\Components\Pages\Home.razor(5427,44): warning CS8602: Dereference of a possibly null reference. [D:\AB3\clnsr_prjct\CleanserBlazorUI\CleanserBlazorUI.csproj]
         D:\AB3\clnsr_prjct\CleanserBlazorUI\Components\Pages\Home.razor(5428,44): warning CS8602: Dereference of a possibly null reference. [D:\AB3\clnsr_prjct\CleanserBlazorUI\CleanserBlazorUI.csproj]
         D:\AB3\clnsr_prjct\CleanserBlazorUI\Components\Pages\Home.razor(5429,44): warning CS8602: Dereference of a possibly null reference. [D:\AB3\clnsr_prjct\CleanserBlazorUI\CleanserBlazorUI.csproj]
         D:\AB3\clnsr_prjct\CleanserBlazorUI\Components\Pages\Home.razor(5430,44): warning CS8602: Dereference of a possibly null reference. [D:\AB3\clnsr_prjct\CleanserBlazorUI\CleanserBlazorUI.csproj]
         D:\AB3\clnsr_prjct\CleanserBlazorUI\Components\Pages\Home.razor(5431,44): warning CS8602: Dereference of a possibly null reference. [D:\AB3\clnsr_prjct\CleanserBlazorUI\CleanserBlazorUI.csproj]
         D:\AB3\clnsr_prjct\CleanserBlazorUI\Components\Pages\Home.razor(5678,42): warning CS8602: Dereference of a possibly null reference. [D:\AB3\clnsr_prjct\CleanserBlazorUI\CleanserBlazorUI.csproj]
         D:\AB3\clnsr_prjct\CleanserBlazorUI\Components\Pages\Home.razor(5679,42): warning CS8602: Dereference of a possibly null reference. [D:\AB3\clnsr_prjct\CleanserBlazorUI\CleanserBlazorUI.csproj]
         D:\AB3\clnsr_prjct\CleanserBlazorUI\Components\Pages\Home.razor(5680,42): warning CS8602: Dereference of a possibly null reference. [D:\AB3\clnsr_prjct\CleanserBlazorUI\CleanserBlazorUI.csproj]
         D:\AB3\clnsr_prjct\CleanserBlazorUI\Components\Pages\Home.razor(5681,42): warning CS8602: Dereference of a possibly null reference. [D:\AB3\clnsr_prjct\CleanserBlazorUI\CleanserBlazorUI.csproj]
         D:\AB3\clnsr_prjct\CleanserBlazorUI\Components\Pages\Home.razor(5682,42): warning CS8602: Dereference of a possibly null reference. [D:\AB3\clnsr_prjct\CleanserBlazorUI\CleanserBlazorUI.csproj]
         D:\AB3\clnsr_prjct\CleanserBlazorUI\Components\Pages\Home.razor(5683,42): warning CS8602: Dereference of a possibly null reference. [D:\AB3\clnsr_prjct\CleanserBlazorUI\CleanserBlazorUI.csproj]
         D:\AB3\clnsr_prjct\CleanserBlazorUI\Components\Pages\Home.razor(5684,42): warning CS8602: Dereference of a possibly null reference. [D:\AB3\clnsr_prjct\CleanserBlazorUI\CleanserBlazorUI.csproj]
         D:\AB3\clnsr_prjct\CleanserBlazorUI\Components\Pages\Home.razor(5685,43): warning CS8602: Dereference of a possibly null reference. [D:\AB3\clnsr_prjct\CleanserBlazorUI\CleanserBlazorUI.csproj]
         D:\AB3\clnsr_prjct\CleanserBlazorUI\Components\Pages\Home.razor(5686,43): warning CS8602: Dereference of a possibly null reference. [D:\AB3\clnsr_prjct\CleanserBlazorUI\CleanserBlazorUI.csproj]
         D:\AB3\clnsr_prjct\CleanserBlazorUI\Components\Pages\Home.razor(5687,43): warning CS8602: Dereference of a possibly null reference. [D:\AB3\clnsr_prjct\CleanserBlazorUI\CleanserBlazorUI.csproj]
         D:\AB3\clnsr_prjct\CleanserBlazorUI\Components\Pages\Home.razor(5688,43): warning CS8602: Dereference of a possibly null reference. [D:\AB3\clnsr_prjct\CleanserBlazorUI\CleanserBlazorUI.csproj]
         D:\AB3\clnsr_prjct\CleanserBlazorUI\Components\Pages\Home.razor(5689,43): warning CS8602: Dereference of a possibly null reference. [D:\AB3\clnsr_prjct\CleanserBlazorUI\CleanserBlazorUI.csproj]
         D:\AB3\clnsr_prjct\CleanserBlazorUI\Components\Pages\Home.razor(5690,43): warning CS8602: Dereference of a possibly null reference. [D:\AB3\clnsr_prjct\CleanserBlazorUI\CleanserBlazorUI.csproj]
         D:\AB3\clnsr_prjct\CleanserBlazorUI\Components\Pages\Home.razor(5691,43): warning CS8602: Dereference of a possibly null reference. [D:\AB3\clnsr_prjct\CleanserBlazorUI\CleanserBlazorUI.csproj]
         D:\AB3\clnsr_prjct\CleanserBlazorUI\Components\Pages\Home.razor(5692,43): warning CS8602: Dereference of a possibly null reference. [D:\AB3\clnsr_prjct\CleanserBlazorUI\CleanserBlazorUI.csproj]
         D:\AB3\clnsr_prjct\CleanserBlazorUI\Components\Pages\Home.razor(5693,43): warning CS8602: Dereference of a possibly null reference. [D:\AB3\clnsr_prjct\CleanserBlazorUI\CleanserBlazorUI.csproj]
         D:\AB3\clnsr_prjct\CleanserBlazorUI\Components\Pages\Home.razor(5694,43): warning CS8602: Dereference of a possibly null reference. [D:\AB3\clnsr_prjct\CleanserBlazorUI\CleanserBlazorUI.csproj]
         D:\AB3\clnsr_prjct\CleanserBlazorUI\Components\Pages\Home.razor(5695,43): warning CS8602: Dereference of a possibly null reference. [D:\AB3\clnsr_prjct\CleanserBlazorUI\CleanserBlazorUI.csproj]
         D:\AB3\clnsr_prjct\CleanserBlazorUI\Components\Pages\Home.razor(5696,43): warning CS8602: Dereference of a possibly null reference. [D:\AB3\clnsr_prjct\CleanserBlazorUI\CleanserBlazorUI.csproj]
         D:\AB3\clnsr_prjct\CleanserBlazorUI\Components\Pages\Home.razor(5697,43): warning CS8602: Dereference of a possibly null reference. [D:\AB3\clnsr_prjct\CleanserBlazorUI\CleanserBlazorUI.csproj]
         D:\AB3\clnsr_prjct\CleanserBlazorUI\Components\Pages\Home.razor(5698,43): warning CS8602: Dereference of a possibly null reference. [D:\AB3\clnsr_prjct\CleanserBlazorUI\CleanserBlazorUI.csproj]
         D:\AB3\clnsr_prjct\CleanserBlazorUI\Components\Pages\Home.razor(5699,43): warning CS8602: Dereference of a possibly null reference. [D:\AB3\clnsr_prjct\CleanserBlazorUI\CleanserBlazorUI.csproj]
         D:\AB3\clnsr_prjct\CleanserBlazorUI\Components\Pages\Home.razor(5700,43): warning CS8602: Dereference of a possibly null reference. [D:\AB3\clnsr_prjct\CleanserBlazorUI\CleanserBlazorUI.csproj]
         D:\AB3\clnsr_prjct\CleanserBlazorUI\Components\Pages\Home.razor(5701,43): warning CS8602: Dereference of a possibly null reference. [D:\AB3\clnsr_prjct\CleanserBlazorUI\CleanserBlazorUI.csproj]
         D:\AB3\clnsr_prjct\CleanserBlazorUI\Components\Pages\Home.razor(5702,43): warning CS8602: Dereference of a possibly null reference. [D:\AB3\clnsr_prjct\CleanserBlazorUI\CleanserBlazorUI.csproj]
         D:\AB3\clnsr_prjct\CleanserBlazorUI\Components\Pages\Home.razor(5703,43): warning CS8602: Dereference of a possibly null reference. [D:\AB3\clnsr_prjct\CleanserBlazorUI\CleanserBlazorUI.csproj]
         D:\AB3\clnsr_prjct\CleanserBlazorUI\Components\Pages\Home.razor(5704,43): warning CS8602: Dereference of a possibly null reference. [D:\AB3\clnsr_prjct\CleanserBlazorUI\CleanserBlazorUI.csproj]
         D:\AB3\clnsr_prjct\CleanserBlazorUI\Components\Pages\Home.razor(5705,43): warning CS8602: Dereference of a possibly null reference. [D:\AB3\clnsr_prjct\CleanserBlazorUI\CleanserBlazorUI.csproj]
         D:\AB3\clnsr_prjct\CleanserBlazorUI\Components\Pages\Home.razor(5706,43): warning CS8602: Dereference of a possibly null reference. [D:\AB3\clnsr_prjct\CleanserBlazorUI\CleanserBlazorUI.csproj]
         D:\AB3\clnsr_prjct\CleanserBlazorUI\Components\Pages\Home.razor(5707,43): warning CS8602: Dereference of a possibly null reference. [D:\AB3\clnsr_prjct\CleanserBlazorUI\CleanserBlazorUI.csproj]
         D:\AB3\clnsr_prjct\CleanserBlazorUI\Components\Pages\Home.razor(5708,43): warning CS8602: Dereference of a possibly null reference. [D:\AB3\clnsr_prjct\CleanserBlazorUI\CleanserBlazorUI.csproj]
         D:\AB3\clnsr_prjct\CleanserBlazorUI\Components\Pages\Home.razor(5709,43): warning CS8602: Dereference of a possibly null reference. [D:\AB3\clnsr_prjct\CleanserBlazorUI\CleanserBlazorUI.csproj]
         D:\AB3\clnsr_prjct\CleanserBlazorUI\Components\Pages\Home.razor(5710,43): warning CS8602: Dereference of a possibly null reference. [D:\AB3\clnsr_prjct\CleanserBlazorUI\CleanserBlazorUI.csproj]
         D:\AB3\clnsr_prjct\CleanserBlazorUI\Components\Pages\Home.razor(5711,43): warning CS8602: Dereference of a possibly null reference. [D:\AB3\clnsr_prjct\CleanserBlazorUI\CleanserBlazorUI.csproj]
         D:\AB3\clnsr_prjct\CleanserBlazorUI\Components\Pages\Home.razor(5712,43): warning CS8602: Dereference of a possibly null reference. [D:\AB3\clnsr_prjct\CleanserBlazorUI\CleanserBlazorUI.csproj]
         D:\AB3\clnsr_prjct\CleanserBlazorUI\Components\Pages\Home.razor(5713,43): warning CS8602: Dereference of a possibly null reference. [D:\AB3\clnsr_prjct\CleanserBlazorUI\CleanserBlazorUI.csproj]
         D:\AB3\clnsr_prjct\CleanserBlazorUI\Components\Pages\Home.razor(5714,43): warning CS8602: Dereference of a possibly null reference. [D:\AB3\clnsr_prjct\CleanserBlazorUI\CleanserBlazorUI.csproj]
         D:\AB3\clnsr_prjct\CleanserBlazorUI\Components\Pages\Home.razor(5715,43): warning CS8602: Dereference of a possibly null reference. [D:\AB3\clnsr_prjct\CleanserBlazorUI\CleanserBlazorUI.csproj]
         D:\AB3\clnsr_prjct\CleanserBlazorUI\Components\Pages\Home.razor(5716,43): warning CS8602: Dereference of a possibly null reference. [D:\AB3\clnsr_prjct\CleanserBlazorUI\CleanserBlazorUI.csproj]
         D:\AB3\clnsr_prjct\CleanserBlazorUI\Components\Pages\Home.razor(5717,43): warning CS8602: Dereference of a possibly null reference. [D:\AB3\clnsr_prjct\CleanserBlazorUI\CleanserBlazorUI.csproj]
         D:\AB3\clnsr_prjct\CleanserBlazorUI\Components\Pages\Home.razor(5718,43): warning CS8602: Dereference of a possibly null reference. [D:\AB3\clnsr_prjct\CleanserBlazorUI\CleanserBlazorUI.csproj]
         D:\AB3\clnsr_prjct\CleanserBlazorUI\Components\Pages\Home.razor(5719,43): warning CS8602: Dereference of a possibly null reference. [D:\AB3\clnsr_prjct\CleanserBlazorUI\CleanserBlazorUI.csproj]
         D:\AB3\clnsr_prjct\CleanserBlazorUI\Components\Pages\Home.razor(5720,43): warning CS8602: Dereference of a possibly null reference. [D:\AB3\clnsr_prjct\CleanserBlazorUI\CleanserBlazorUI.csproj]
         D:\AB3\clnsr_prjct\CleanserBlazorUI\Components\Pages\Home.razor(5721,43): warning CS8602: Dereference of a possibly null reference. [D:\AB3\clnsr_prjct\CleanserBlazorUI\CleanserBlazorUI.csproj]
         D:\AB3\clnsr_prjct\CleanserBlazorUI\Components\Pages\Home.razor(5790,42): warning CS8602: Dereference of a possibly null reference. [D:\AB3\clnsr_prjct\CleanserBlazorUI\CleanserBlazorUI.csproj]
         D:\AB3\clnsr_prjct\CleanserBlazorUI\Components\Pages\Home.razor(5791,42): warning CS8602: Dereference of a possibly null reference. [D:\AB3\clnsr_prjct\CleanserBlazorUI\CleanserBlazorUI.csproj]
         D:\AB3\clnsr_prjct\CleanserBlazorUI\Components\Pages\Home.razor(5792,42): warning CS8602: Dereference of a possibly null reference. [D:\AB3\clnsr_prjct\CleanserBlazorUI\CleanserBlazorUI.csproj]
         D:\AB3\clnsr_prjct\CleanserBlazorUI\Components\Pages\Home.razor(5793,42): warning CS8602: Dereference of a possibly null reference. [D:\AB3\clnsr_prjct\CleanserBlazorUI\CleanserBlazorUI.csproj]
         D:\AB3\clnsr_prjct\CleanserBlazorUI\Components\Pages\Home.razor(5794,42): warning CS8602: Dereference of a possibly null reference. [D:\AB3\clnsr_prjct\CleanserBlazorUI\CleanserBlazorUI.csproj]
         D:\AB3\clnsr_prjct\CleanserBlazorUI\Components\Pages\Home.razor(5795,42): warning CS8602: Dereference of a possibly null reference. [D:\AB3\clnsr_prjct\CleanserBlazorUI\CleanserBlazorUI.csproj]
         D:\AB3\clnsr_prjct\CleanserBlazorUI\Components\Pages\Home.razor(5796,42): warning CS8602: Dereference of a possibly null reference. [D:\AB3\clnsr_prjct\CleanserBlazorUI\CleanserBlazorUI.csproj]
         D:\AB3\clnsr_prjct\CleanserBlazorUI\Components\Pages\Home.razor(5797,43): warning CS8602: Dereference of a possibly null reference. [D:\AB3\clnsr_prjct\CleanserBlazorUI\CleanserBlazorUI.csproj]
         D:\AB3\clnsr_prjct\CleanserBlazorUI\Components\Pages\Home.razor(5798,43): warning CS8602: Dereference of a possibly null reference. [D:\AB3\clnsr_prjct\CleanserBlazorUI\CleanserBlazorUI.csproj]
         D:\AB3\clnsr_prjct\CleanserBlazorUI\Components\Pages\Home.razor(5799,43): warning CS8602: Dereference of a possibly null reference. [D:\AB3\clnsr_prjct\CleanserBlazorUI\CleanserBlazorUI.csproj]
         D:\AB3\clnsr_prjct\CleanserBlazorUI\Components\Pages\Home.razor(5800,43): warning CS8602: Dereference of a possibly null reference. [D:\AB3\clnsr_prjct\CleanserBlazorUI\CleanserBlazorUI.csproj]
         D:\AB3\clnsr_prjct\CleanserBlazorUI\Components\Pages\Home.razor(5801,43): warning CS8602: Dereference of a possibly null reference. [D:\AB3\clnsr_prjct\CleanserBlazorUI\CleanserBlazorUI.csproj]
         D:\AB3\clnsr_prjct\CleanserBlazorUI\Components\Pages\Home.razor(5802,43): warning CS8602: Dereference of a possibly null reference. [D:\AB3\clnsr_prjct\CleanserBlazorUI\CleanserBlazorUI.csproj]
         D:\AB3\clnsr_prjct\CleanserBlazorUI\Components\Pages\Home.razor(5803,43): warning CS8602: Dereference of a possibly null reference. [D:\AB3\clnsr_prjct\CleanserBlazorUI\CleanserBlazorUI.csproj]
         D:\AB3\clnsr_prjct\CleanserBlazorUI\Components\Pages\Home.razor(5804,43): warning CS8602: Dereference of a possibly null reference. [D:\AB3\clnsr_prjct\CleanserBlazorUI\CleanserBlazorUI.csproj]
         D:\AB3\clnsr_prjct\CleanserBlazorUI\Components\Pages\Home.razor(5805,43): warning CS8602: Dereference of a possibly null reference. [D:\AB3\clnsr_prjct\CleanserBlazorUI\CleanserBlazorUI.csproj]
         D:\AB3\clnsr_prjct\CleanserBlazorUI\Components\Pages\Home.razor(5806,43): warning CS8602: Dereference of a possibly null reference. [D:\AB3\clnsr_prjct\CleanserBlazorUI\CleanserBlazorUI.csproj]
         D:\AB3\clnsr_prjct\CleanserBlazorUI\Components\Pages\Home.razor(5807,43): warning CS8602: Dereference of a possibly null reference. [D:\AB3\clnsr_prjct\CleanserBlazorUI\CleanserBlazorUI.csproj]
         D:\AB3\clnsr_prjct\CleanserBlazorUI\Components\Pages\Home.razor(5808,43): warning CS8602: Dereference of a possibly null reference. [D:\AB3\clnsr_prjct\CleanserBlazorUI\CleanserBlazorUI.csproj]
         D:\AB3\clnsr_prjct\CleanserBlazorUI\Components\Pages\Home.razor(5809,43): warning CS8602: Dereference of a possibly null reference. [D:\AB3\clnsr_prjct\CleanserBlazorUI\CleanserBlazorUI.csproj]
         D:\AB3\clnsr_prjct\CleanserBlazorUI\Components\Pages\Home.razor(5810,43): warning CS8602: Dereference of a possibly null reference. [D:\AB3\clnsr_prjct\CleanserBlazorUI\CleanserBlazorUI.csproj]
         D:\AB3\clnsr_prjct\CleanserBlazorUI\Components\Pages\Home.razor(5811,43): warning CS8602: Dereference of a possibly null reference. [D:\AB3\clnsr_prjct\CleanserBlazorUI\CleanserBlazorUI.csproj]
         D:\AB3\clnsr_prjct\CleanserBlazorUI\Components\Pages\Home.razor(5812,43): warning CS8602: Dereference of a possibly null reference. [D:\AB3\clnsr_prjct\CleanserBlazorUI\CleanserBlazorUI.csproj]
         D:\AB3\clnsr_prjct\CleanserBlazorUI\Components\Pages\Home.razor(5813,43): warning CS8602: Dereference of a possibly null reference. [D:\AB3\clnsr_prjct\CleanserBlazorUI\CleanserBlazorUI.csproj]
         D:\AB3\clnsr_prjct\CleanserBlazorUI\Components\Pages\Home.razor(5814,43): warning CS8602: Dereference of a possibly null reference. [D:\AB3\clnsr_prjct\CleanserBlazorUI\CleanserBlazorUI.csproj]
         D:\AB3\clnsr_prjct\CleanserBlazorUI\Components\Pages\Home.razor(5815,43): warning CS8602: Dereference of a possibly null reference. [D:\AB3\clnsr_prjct\CleanserBlazorUI\CleanserBlazorUI.csproj]
         D:\AB3\clnsr_prjct\CleanserBlazorUI\Components\Pages\Home.razor(5816,43): warning CS8602: Dereference of a possibly null reference. [D:\AB3\clnsr_prjct\CleanserBlazorUI\CleanserBlazorUI.csproj]
         D:\AB3\clnsr_prjct\CleanserBlazorUI\Components\Pages\Home.razor(5817,43): warning CS8602: Dereference of a possibly null reference. [D:\AB3\clnsr_prjct\CleanserBlazorUI\CleanserBlazorUI.csproj]
         D:\AB3\clnsr_prjct\CleanserBlazorUI\Components\Pages\Home.razor(5818,43): warning CS8602: Dereference of a possibly null reference. [D:\AB3\clnsr_prjct\CleanserBlazorUI\CleanserBlazorUI.csproj]
         D:\AB3\clnsr_prjct\CleanserBlazorUI\Components\Pages\Home.razor(5819,43): warning CS8602: Dereference of a possibly null reference. [D:\AB3\clnsr_prjct\CleanserBlazorUI\CleanserBlazorUI.csproj]
         D:\AB3\clnsr_prjct\CleanserBlazorUI\Components\Pages\Home.razor(5820,43): warning CS8602: Dereference of a possibly null reference. [D:\AB3\clnsr_prjct\CleanserBlazorUI\CleanserBlazorUI.csproj]
         D:\AB3\clnsr_prjct\CleanserBlazorUI\Components\Pages\Home.razor(5821,43): warning CS8602: Dereference of a possibly null reference. [D:\AB3\clnsr_prjct\CleanserBlazorUI\CleanserBlazorUI.csproj]
         D:\AB3\clnsr_prjct\CleanserBlazorUI\Components\Pages\Home.razor(5822,43): warning CS8602: Dereference of a possibly null reference. [D:\AB3\clnsr_prjct\CleanserBlazorUI\CleanserBlazorUI.csproj]
         D:\AB3\clnsr_prjct\CleanserBlazorUI\Components\Pages\Home.razor(5823,43): warning CS8602: Dereference of a possibly null reference. [D:\AB3\clnsr_prjct\CleanserBlazorUI\CleanserBlazorUI.csproj]
         D:\AB3\clnsr_prjct\CleanserBlazorUI\Components\Pages\Home.razor(5824,43): warning CS8602: Dereference of a possibly null reference. [D:\AB3\clnsr_prjct\CleanserBlazorUI\CleanserBlazorUI.csproj]
         D:\AB3\clnsr_prjct\CleanserBlazorUI\Components\Pages\Home.razor(5825,43): warning CS8602: Dereference of a possibly null reference. [D:\AB3\clnsr_prjct\CleanserBlazorUI\CleanserBlazorUI.csproj]
         D:\AB3\clnsr_prjct\CleanserBlazorUI\Components\Pages\Home.razor(5826,43): warning CS8602: Dereference of a possibly null reference. [D:\AB3\clnsr_prjct\CleanserBlazorUI\CleanserBlazorUI.csproj]
         D:\AB3\clnsr_prjct\CleanserBlazorUI\Components\Pages\Home.razor(5827,43): warning CS8602: Dereference of a possibly null reference. [D:\AB3\clnsr_prjct\CleanserBlazorUI\CleanserBlazorUI.csproj]
         D:\AB3\clnsr_prjct\CleanserBlazorUI\Components\Pages\Home.razor(5828,43): warning CS8602: Dereference of a possibly null reference. [D:\AB3\clnsr_prjct\CleanserBlazorUI\CleanserBlazorUI.csproj]
         D:\AB3\clnsr_prjct\CleanserBlazorUI\Components\Pages\Home.razor(5829,43): warning CS8602: Dereference of a possibly null reference. [D:\AB3\clnsr_prjct\CleanserBlazorUI\CleanserBlazorUI.csproj]
         D:\AB3\clnsr_prjct\CleanserBlazorUI\Components\Pages\Home.razor(5830,43): warning CS8602: Dereference of a possibly null reference. [D:\AB3\clnsr_prjct\CleanserBlazorUI\CleanserBlazorUI.csproj]
         D:\AB3\clnsr_prjct\CleanserBlazorUI\Components\Pages\Home.razor(5831,43): warning CS8602: Dereference of a possibly null reference. [D:\AB3\clnsr_prjct\CleanserBlazorUI\CleanserBlazorUI.csproj]
         D:\AB3\clnsr_prjct\CleanserBlazorUI\Components\Pages\Home.razor(5832,43): warning CS8602: Dereference of a possibly null reference. [D:\AB3\clnsr_prjct\CleanserBlazorUI\CleanserBlazorUI.csproj]
         D:\AB3\clnsr_prjct\CleanserBlazorUI\Components\Pages\Home.razor(5833,43): warning CS8602: Dereference of a possibly null reference. [D:\AB3\clnsr_prjct\CleanserBlazorUI\CleanserBlazorUI.csproj]
         D:\AB3\clnsr_prjct\CleanserBlazorUI\Components\Pages\Home.razor(5834,43): warning CS8602: Dereference of a possibly null reference. [D:\AB3\clnsr_prjct\CleanserBlazorUI\CleanserBlazorUI.csproj]
         D:\AB3\clnsr_prjct\CleanserBlazorUI\Components\Pages\Home.razor(5835,43): warning CS8602: Dereference of a possibly null reference. [D:\AB3\clnsr_prjct\CleanserBlazorUI\CleanserBlazorUI.csproj]
         D:\AB3\clnsr_prjct\CleanserBlazorUI\Components\Pages\Home.razor(5836,43): warning CS8602: Dereference of a possibly null reference. [D:\AB3\clnsr_prjct\CleanserBlazorUI\CleanserBlazorUI.csproj]
         D:\AB3\clnsr_prjct\CleanserBlazorUI\Components\Pages\Home.razor(5837,43): warning CS8602: Dereference of a possibly null reference. [D:\AB3\clnsr_prjct\CleanserBlazorUI\CleanserBlazorUI.csproj]
         D:\AB3\clnsr_prjct\CleanserBlazorUI\Components\Pages\Home.razor(5838,43): warning CS8602: Dereference of a possibly null reference. [D:\AB3\clnsr_prjct\CleanserBlazorUI\CleanserBlazorUI.csproj]
         D:\AB3\clnsr_prjct\CleanserBlazorUI\Components\Pages\Home.razor(5839,43): warning CS8602: Dereference of a possibly null reference. [D:\AB3\clnsr_prjct\CleanserBlazorUI\CleanserBlazorUI.csproj]
         D:\AB3\clnsr_prjct\CleanserBlazorUI\Components\Pages\Home.razor(5840,43): warning CS8602: Dereference of a possibly null reference. [D:\AB3\clnsr_prjct\CleanserBlazorUI\CleanserBlazorUI.csproj]
         D:\AB3\clnsr_prjct\CleanserBlazorUI\Components\Pages\Home.razor(5841,43): warning CS8602: Dereference of a possibly null reference. [D:\AB3\clnsr_prjct\CleanserBlazorUI\CleanserBlazorUI.csproj]
         D:\AB3\clnsr_prjct\CleanserBlazorUI\Components\Pages\Home.razor(5842,43): warning CS8602: Dereference of a possibly null reference. [D:\AB3\clnsr_prjct\CleanserBlazorUI\CleanserBlazorUI.csproj]
         D:\AB3\clnsr_prjct\CleanserBlazorUI\Components\Pages\Home.razor(5843,43): warning CS8602: Dereference of a possibly null reference. [D:\AB3\clnsr_prjct\CleanserBlazorUI\CleanserBlazorUI.csproj]
         D:\AB3\clnsr_prjct\CleanserBlazorUI\Components\Pages\Home.razor(5844,43): warning CS8602: Dereference of a possibly null reference. [D:\AB3\clnsr_prjct\CleanserBlazorUI\CleanserBlazorUI.csproj]
         D:\AB3\clnsr_prjct\CleanserBlazorUI\Components\Pages\Home.razor(5845,43): warning CS8602: Dereference of a possibly null reference. [D:\AB3\clnsr_prjct\CleanserBlazorUI\CleanserBlazorUI.csproj]
         D:\AB3\clnsr_prjct\CleanserBlazorUI\Components\Pages\Home.razor(5846,43): warning CS8602: Dereference of a possibly null reference. [D:\AB3\clnsr_prjct\CleanserBlazorUI\CleanserBlazorUI.csproj]
         D:\AB3\clnsr_prjct\CleanserBlazorUI\Components\Pages\Home.razor(5847,43): warning CS8602: Dereference of a possibly null reference. [D:\AB3\clnsr_prjct\CleanserBlazorUI\CleanserBlazorUI.csproj]
         D:\AB3\clnsr_prjct\CleanserBlazorUI\Components\Pages\Home.razor(5848,43): warning CS8602: Dereference of a possibly null reference. [D:\AB3\clnsr_prjct\CleanserBlazorUI\CleanserBlazorUI.csproj]
         D:\AB3\clnsr_prjct\CleanserBlazorUI\Components\Pages\Home.razor(5849,43): warning CS8602: Dereference of a possibly null reference. [D:\AB3\clnsr_prjct\CleanserBlazorUI\CleanserBlazorUI.csproj]
         D:\AB3\clnsr_prjct\CleanserBlazorUI\Components\Pages\Home.razor(5850,43): warning CS8602: Dereference of a possibly null reference. [D:\AB3\clnsr_prjct\CleanserBlazorUI\CleanserBlazorUI.csproj]
         D:\AB3\clnsr_prjct\CleanserBlazorUI\Components\Pages\Home.razor(5851,43): warning CS8602: Dereference of a possibly null reference. [D:\AB3\clnsr_prjct\CleanserBlazorUI\CleanserBlazorUI.csproj]
         D:\AB3\clnsr_prjct\CleanserBlazorUI\Components\Pages\Home.razor(5852,43): warning CS8602: Dereference of a possibly null reference. [D:\AB3\clnsr_prjct\CleanserBlazorUI\CleanserBlazorUI.csproj]
         D:\AB3\clnsr_prjct\CleanserBlazorUI\Components\Pages\Home.razor(5853,43): warning CS8602: Dereference of a possibly null reference. [D:\AB3\clnsr_prjct\CleanserBlazorUI\CleanserBlazorUI.csproj]
         D:\AB3\clnsr_prjct\CleanserBlazorUI\Components\Pages\Home.razor(5854,43): warning CS8602: Dereference of a possibly null reference. [D:\AB3\clnsr_prjct\CleanserBlazorUI\CleanserBlazorUI.csproj]
         D:\AB3\clnsr_prjct\CleanserBlazorUI\Components\Pages\Home.razor(5855,43): warning CS8602: Dereference of a possibly null reference. [D:\AB3\clnsr_prjct\CleanserBlazorUI\CleanserBlazorUI.csproj]
         D:\AB3\clnsr_prjct\CleanserBlazorUI\Components\Pages\Home.razor(5856,43): warning CS8602: Dereference of a possibly null reference. [D:\AB3\clnsr_prjct\CleanserBlazorUI\CleanserBlazorUI.csproj]
         D:\AB3\clnsr_prjct\CleanserBlazorUI\Components\Pages\Home.razor(5857,43): warning CS8602: Dereference of a possibly null reference. [D:\AB3\clnsr_prjct\CleanserBlazorUI\CleanserBlazorUI.csproj]
         D:\AB3\clnsr_prjct\CleanserBlazorUI\Components\Pages\Home.razor(5858,43): warning CS8602: Dereference of a possibly null reference. [D:\AB3\clnsr_prjct\CleanserBlazorUI\CleanserBlazorUI.csproj]
         D:\AB3\clnsr_prjct\CleanserBlazorUI\Components\Pages\Home.razor(5859,43): warning CS8602: Dereference of a possibly null reference. [D:\AB3\clnsr_prjct\CleanserBlazorUI\CleanserBlazorUI.csproj]
         D:\AB3\clnsr_prjct\CleanserBlazorUI\Components\Pages\Home.razor(5860,43): warning CS8602: Dereference of a possibly null reference. [D:\AB3\clnsr_prjct\CleanserBlazorUI\CleanserBlazorUI.csproj]
         D:\AB3\clnsr_prjct\CleanserBlazorUI\Components\Pages\Home.razor(5861,43): warning CS8602: Dereference of a possibly null reference. [D:\AB3\clnsr_prjct\CleanserBlazorUI\CleanserBlazorUI.csproj]
         D:\AB3\clnsr_prjct\CleanserBlazorUI\Components\Pages\Home.razor(5961,34): warning CS8600: Converting null literal or possible null value to non-nullable type. [D:\AB3\clnsr_prjct\CleanserBlazorUI\CleanserBlazorUI.csproj]
         D:\AB3\clnsr_prjct\CleanserBlazorUI\Components\Pages\Home.razor(5962,48): warning CS8602: Dereference of a possibly null reference. [D:\AB3\clnsr_prjct\CleanserBlazorUI\CleanserBlazorUI.csproj]
         D:\AB3\clnsr_prjct\CleanserBlazorUI\Components\Pages\Home.razor(5962,48): warning CS8602: Dereference of a possibly null reference. [D:\AB3\clnsr_prjct\CleanserBlazorUI\CleanserBlazorUI.csproj]
         D:\AB3\clnsr_prjct\CleanserBlazorUI\Components\Pages\Home.razor(5962,48): warning CS8604: Possible null reference argument for parameter 'dateString' in '(bool IsValidFormat, bool IsEighteenOrAbove, bool IsFutureDate, DateTime TheDate) StringHelper.CheckDate(string dateString)'. [D:\AB3\clnsr_prjct\CleanserBlazorUI\CleanserBlazorUI.csproj]
         D:\AB3\clnsr_prjct\CleanserBlazorUI\Components\Pages\Home.razor(5964,52): warning CS8602: Dereference of a possibly null reference. [D:\AB3\clnsr_prjct\CleanserBlazorUI\CleanserBlazorUI.csproj]
         D:\AB3\clnsr_prjct\CleanserBlazorUI\Components\Pages\Home.razor(5964,52): warning CS8604: Possible null reference argument for parameter 'input' in 'bool StringHelper.StartsWithFourXOrZero(string input)'. [D:\AB3\clnsr_prjct\CleanserBlazorUI\CleanserBlazorUI.csproj]
         D:\AB3\clnsr_prjct\CleanserBlazorUI\Components\Pages\Home.razor(5968,52): warning CS8602: Dereference of a possibly null reference. [D:\AB3\clnsr_prjct\CleanserBlazorUI\CleanserBlazorUI.csproj]
         D:\AB3\clnsr_prjct\CleanserBlazorUI\Components\Pages\Home.razor(5968,52): warning CS8604: Possible null reference argument for parameter 'input' in 'bool StringHelper.StartsWithFourXOrZero(string input)'. [D:\AB3\clnsr_prjct\CleanserBlazorUI\CleanserBlazorUI.csproj]
         D:\AB3\clnsr_prjct\CleanserBlazorUI\Components\Pages\Home.razor(5989,88): warning CS8602: Dereference of a possibly null reference. [D:\AB3\clnsr_prjct\CleanserBlazorUI\CleanserBlazorUI.csproj]
         D:\AB3\clnsr_prjct\CleanserBlazorUI\Components\Pages\Home.razor(5989,111): warning CS8602: Dereference of a possibly null reference. [D:\AB3\clnsr_prjct\CleanserBlazorUI\CleanserBlazorUI.csproj]
         D:\AB3\clnsr_prjct\CleanserBlazorUI\Components\Pages\Home.razor(5989,88): warning CS8604: Possible null reference argument for parameter '_sectorindcode' in 'string[] StringHelper.Sectorindcode_Subsecindcode(string _sectorindcode, string _subsecindcode)'. [D:\AB3\clnsr_prjct\CleanserBlazorUI\CleanserBlazorUI.csproj]
         D:\AB3\clnsr_prjct\CleanserBlazorUI\Components\Pages\Home.razor(5989,111): warning CS8604: Possible null reference argument for parameter '_subsecindcode' in 'string[] StringHelper.Sectorindcode_Subsecindcode(string _sectorindcode, string _subsecindcode)'. [D:\AB3\clnsr_prjct\CleanserBlazorUI\CleanserBlazorUI.csproj]
         D:\AB3\clnsr_prjct\CleanserBlazorUI\Components\Pages\Home.razor(5993,48): warning CS8602: Dereference of a possibly null reference. [D:\AB3\clnsr_prjct\CleanserBlazorUI\CleanserBlazorUI.csproj]
         D:\AB3\clnsr_prjct\CleanserBlazorUI\Components\Pages\Home.razor(5993,48): warning CS8604: Possible null reference argument for parameter 'input' in 'string Home.FilterBusinessKeywords(string input)'. [D:\AB3\clnsr_prjct\CleanserBlazorUI\CleanserBlazorUI.csproj]
         D:\AB3\clnsr_prjct\CleanserBlazorUI\Components\Pages\Home.razor(6000,47): warning CS8604: Possible null reference argument for parameter 'input' in 'string Home.FilterBusinessKeywords(string input)'. [D:\AB3\clnsr_prjct\CleanserBlazorUI\CleanserBlazorUI.csproj]
         D:\AB3\clnsr_prjct\CleanserBlazorUI\Components\Pages\Home.razor(6013,47): warning CS8604: Possible null reference argument for parameter 'input' in 'string Home.FilterBusinessKeywords(string input)'. [D:\AB3\clnsr_prjct\CleanserBlazorUI\CleanserBlazorUI.csproj]
         D:\AB3\clnsr_prjct\CleanserBlazorUI\Components\Pages\Home.razor(6025,47): warning CS8604: Possible null reference argument for parameter 'input' in 'string Home.FilterBusinessKeywords(string input)'. [D:\AB3\clnsr_prjct\CleanserBlazorUI\CleanserBlazorUI.csproj]
         D:\AB3\clnsr_prjct\CleanserBlazorUI\Components\Pages\Home.razor(6037,47): warning CS8604: Possible null reference argument for parameter 'input' in 'string Home.FilterBusinessKeywords(string input)'. [D:\AB3\clnsr_prjct\CleanserBlazorUI\CleanserBlazorUI.csproj]
         D:\AB3\clnsr_prjct\CleanserBlazorUI\Components\Pages\Home.razor(6050,90): warning CS8604: Possible null reference argument for parameter 'input' in '(bool thisIsAGhanaCard, bool hasSixUniqueCharactersCharacters) StringHelper.IsGhanacardAndNotRepeatingCharcters(string input)'. [D:\AB3\clnsr_prjct\CleanserBlazorUI\CleanserBlazorUI.csproj]
         D:\AB3\clnsr_prjct\CleanserBlazorUI\Components\Pages\Home.razor(6051,86): warning CS8604: Possible null reference argument for parameter 'input' in '(bool thisIsAGhanaCard, bool hasSixUniqueCharactersCharacters) StringHelper.IsGhanacardAndNotRepeatingCharcters(string input)'. [D:\AB3\clnsr_prjct\CleanserBlazorUI\CleanserBlazorUI.csproj]
         D:\AB3\clnsr_prjct\CleanserBlazorUI\Components\Pages\Home.razor(6055,17): warning CS8602: Dereference of a possibly null reference. [D:\AB3\clnsr_prjct\CleanserBlazorUI\CleanserBlazorUI.csproj]
         D:\AB3\clnsr_prjct\CleanserBlazorUI\Components\Pages\Home.razor(6107,17): warning CS8602: Dereference of a possibly null reference. [D:\AB3\clnsr_prjct\CleanserBlazorUI\CleanserBlazorUI.csproj]
         D:\AB3\clnsr_prjct\CleanserBlazorUI\Components\Pages\Home.razor(6114,90): warning CS8604: Possible null reference argument for parameter 'proofOfAddType' in 'CellDataAndStatus[] StringHelper.ProofOfAddType_ProofOfAddNum(string proofOfAddType, string proofOfAddNum)'. [D:\AB3\clnsr_prjct\CleanserBlazorUI\CleanserBlazorUI.csproj]
         D:\AB3\clnsr_prjct\CleanserBlazorUI\Components\Pages\Home.razor(6114,114): warning CS8604: Possible null reference argument for parameter 'proofOfAddNum' in 'CellDataAndStatus[] StringHelper.ProofOfAddType_ProofOfAddNum(string proofOfAddType, string proofOfAddNum)'. [D:\AB3\clnsr_prjct\CleanserBlazorUI\CleanserBlazorUI.csproj]
         D:\AB3\clnsr_prjct\CleanserBlazorUI\Components\Pages\Home.razor(6120,57): warning CS8602: Dereference of a possibly null reference. [D:\AB3\clnsr_prjct\CleanserBlazorUI\CleanserBlazorUI.csproj]
         D:\AB3\clnsr_prjct\CleanserBlazorUI\Components\Pages\Home.razor(6120,77): warning CS8602: Dereference of a possibly null reference. [D:\AB3\clnsr_prjct\CleanserBlazorUI\CleanserBlazorUI.csproj]
         D:\AB3\clnsr_prjct\CleanserBlazorUI\Components\Pages\Home.razor(6120,97): warning CS8602: Dereference of a possibly null reference. [D:\AB3\clnsr_prjct\CleanserBlazorUI\CleanserBlazorUI.csproj]
         D:\AB3\clnsr_prjct\CleanserBlazorUI\Components\Pages\Home.razor(6120,117): warning CS8602: Dereference of a possibly null reference. [D:\AB3\clnsr_prjct\CleanserBlazorUI\CleanserBlazorUI.csproj]
         D:\AB3\clnsr_prjct\CleanserBlazorUI\Components\Pages\Home.razor(6120,57): warning CS8604: Possible null reference argument for parameter 'addr1' in 'CellDataAndStatus[] StringHelper.CleanAddresses(string addr1, string addr2, string addr3, string addr4)'. [D:\AB3\clnsr_prjct\CleanserBlazorUI\CleanserBlazorUI.csproj]
         D:\AB3\clnsr_prjct\CleanserBlazorUI\Components\Pages\Home.razor(6120,77): warning CS8604: Possible null reference argument for parameter 'addr2' in 'CellDataAndStatus[] StringHelper.CleanAddresses(string addr1, string addr2, string addr3, string addr4)'. [D:\AB3\clnsr_prjct\CleanserBlazorUI\CleanserBlazorUI.csproj]
         D:\AB3\clnsr_prjct\CleanserBlazorUI\Components\Pages\Home.razor(6120,97): warning CS8604: Possible null reference argument for parameter 'addr3' in 'CellDataAndStatus[] StringHelper.CleanAddresses(string addr1, string addr2, string addr3, string addr4)'. [D:\AB3\clnsr_prjct\CleanserBlazorUI\CleanserBlazorUI.csproj]
         D:\AB3\clnsr_prjct\CleanserBlazorUI\Components\Pages\Home.razor(6120,117): warning CS8604: Possible null reference argument for parameter 'addr4' in 'CellDataAndStatus[] StringHelper.CleanAddresses(string addr1, string addr2, string addr3, string addr4)'. [D:\AB3\clnsr_prjct\CleanserBlazorUI\CleanserBlazorUI.csproj]
         D:\AB3\clnsr_prjct\CleanserBlazorUI\Components\Pages\Home.razor(6126,60): warning CS8602: Dereference of a possibly null reference. [D:\AB3\clnsr_prjct\CleanserBlazorUI\CleanserBlazorUI.csproj]
         D:\AB3\clnsr_prjct\CleanserBlazorUI\Components\Pages\Home.razor(6126,83): warning CS8602: Dereference of a possibly null reference. [D:\AB3\clnsr_prjct\CleanserBlazorUI\CleanserBlazorUI.csproj]
         D:\AB3\clnsr_prjct\CleanserBlazorUI\Components\Pages\Home.razor(6126,106): warning CS8602: Dereference of a possibly null reference. [D:\AB3\clnsr_prjct\CleanserBlazorUI\CleanserBlazorUI.csproj]
         D:\AB3\clnsr_prjct\CleanserBlazorUI\Components\Pages\Home.razor(6126,129): warning CS8602: Dereference of a possibly null reference. [D:\AB3\clnsr_prjct\CleanserBlazorUI\CleanserBlazorUI.csproj]
         D:\AB3\clnsr_prjct\CleanserBlazorUI\Components\Pages\Home.razor(6126,60): warning CS8604: Possible null reference argument for parameter 'addr1' in 'CellDataAndStatus[] StringHelper.CleanAddresses(string addr1, string addr2, string addr3, string addr4)'. [D:\AB3\clnsr_prjct\CleanserBlazorUI\CleanserBlazorUI.csproj]
         D:\AB3\clnsr_prjct\CleanserBlazorUI\Components\Pages\Home.razor(6126,83): warning CS8604: Possible null reference argument for parameter 'addr2' in 'CellDataAndStatus[] StringHelper.CleanAddresses(string addr1, string addr2, string addr3, string addr4)'. [D:\AB3\clnsr_prjct\CleanserBlazorUI\CleanserBlazorUI.csproj]
         D:\AB3\clnsr_prjct\CleanserBlazorUI\Components\Pages\Home.razor(6126,106): warning CS8604: Possible null reference argument for parameter 'addr3' in 'CellDataAndStatus[] StringHelper.CleanAddresses(string addr1, string addr2, string addr3, string addr4)'. [D:\AB3\clnsr_prjct\CleanserBlazorUI\CleanserBlazorUI.csproj]
         D:\AB3\clnsr_prjct\CleanserBlazorUI\Components\Pages\Home.razor(6126,129): warning CS8604: Possible null reference argument for parameter 'addr4' in 'CellDataAndStatus[] StringHelper.CleanAddresses(string addr1, string addr2, string addr3, string addr4)'. [D:\AB3\clnsr_prjct\CleanserBlazorUI\CleanserBlazorUI.csproj]
         D:\AB3\clnsr_prjct\CleanserBlazorUI\Components\Pages\Home.razor(6135,64): warning CS8602: Dereference of a possibly null reference. [D:\AB3\clnsr_prjct\CleanserBlazorUI\CleanserBlazorUI.csproj]
         D:\AB3\clnsr_prjct\CleanserBlazorUI\Components\Pages\Home.razor(6135,64): warning CS8602: Dereference of a possibly null reference. [D:\AB3\clnsr_prjct\CleanserBlazorUI\CleanserBlazorUI.csproj]
         D:\AB3\clnsr_prjct\CleanserBlazorUI\Components\Pages\Home.razor(6135,135): warning CS8602: Dereference of a possibly null reference. [D:\AB3\clnsr_prjct\CleanserBlazorUI\CleanserBlazorUI.csproj]
         D:\AB3\clnsr_prjct\CleanserBlazorUI\Components\Pages\Home.razor(6135,135): warning CS8602: Dereference of a possibly null reference. [D:\AB3\clnsr_prjct\CleanserBlazorUI\CleanserBlazorUI.csproj]
         D:\AB3\clnsr_prjct\CleanserBlazorUI\Components\Pages\Home.razor(6139,67): warning CS8602: Dereference of a possibly null reference. [D:\AB3\clnsr_prjct\CleanserBlazorUI\CleanserBlazorUI.csproj]
         D:\AB3\clnsr_prjct\CleanserBlazorUI\Components\Pages\Home.razor(6139,136): warning CS8602: Dereference of a possibly null reference. [D:\AB3\clnsr_prjct\CleanserBlazorUI\CleanserBlazorUI.csproj]
         D:\AB3\clnsr_prjct\CleanserBlazorUI\Components\Pages\Home.razor(6143,67): warning CS8602: Dereference of a possibly null reference. [D:\AB3\clnsr_prjct\CleanserBlazorUI\CleanserBlazorUI.csproj]
         D:\AB3\clnsr_prjct\CleanserBlazorUI\Components\Pages\Home.razor(6143,136): warning CS8602: Dereference of a possibly null reference. [D:\AB3\clnsr_prjct\CleanserBlazorUI\CleanserBlazorUI.csproj]
         D:\AB3\clnsr_prjct\CleanserBlazorUI\Components\Pages\Home.razor(6147,67): warning CS8602: Dereference of a possibly null reference. [D:\AB3\clnsr_prjct\CleanserBlazorUI\CleanserBlazorUI.csproj]
         D:\AB3\clnsr_prjct\CleanserBlazorUI\Components\Pages\Home.razor(6147,136): warning CS8602: Dereference of a possibly null reference. [D:\AB3\clnsr_prjct\CleanserBlazorUI\CleanserBlazorUI.csproj]
         D:\AB3\clnsr_prjct\CleanserBlazorUI\Components\Pages\Home.razor(6151,67): warning CS8602: Dereference of a possibly null reference. [D:\AB3\clnsr_prjct\CleanserBlazorUI\CleanserBlazorUI.csproj]
         D:\AB3\clnsr_prjct\CleanserBlazorUI\Components\Pages\Home.razor(6151,136): warning CS8602: Dereference of a possibly null reference. [D:\AB3\clnsr_prjct\CleanserBlazorUI\CleanserBlazorUI.csproj]
         D:\AB3\clnsr_prjct\CleanserBlazorUI\Components\Pages\Home.razor(6160,87): warning CS8602: Dereference of a possibly null reference. [D:\AB3\clnsr_prjct\CleanserBlazorUI\CleanserBlazorUI.csproj]
         D:\AB3\clnsr_prjct\CleanserBlazorUI\Components\Pages\Home.razor(6160,111): warning CS8602: Dereference of a possibly null reference. [D:\AB3\clnsr_prjct\CleanserBlazorUI\CleanserBlazorUI.csproj]
         D:\AB3\clnsr_prjct\CleanserBlazorUI\Components\Pages\Home.razor(6160,87): warning CS8604: Possible null reference argument for parameter 'facilityAmount' in 'CellDataAndStatus[] StringHelper.FacilityAmount_DisbursementAmt(string facilityAmount, string disbursementAmt)'. [D:\AB3\clnsr_prjct\CleanserBlazorUI\CleanserBlazorUI.csproj]
         D:\AB3\clnsr_prjct\CleanserBlazorUI\Components\Pages\Home.razor(6160,111): warning CS8604: Possible null reference argument for parameter 'disbursementAmt' in 'CellDataAndStatus[] StringHelper.FacilityAmount_DisbursementAmt(string facilityAmount, string disbursementAmt)'. [D:\AB3\clnsr_prjct\CleanserBlazorUI\CleanserBlazorUI.csproj]
         D:\AB3\clnsr_prjct\CleanserBlazorUI\Components\Pages\Home.razor(6165,126): warning CS8602: Dereference of a possibly null reference. [D:\AB3\clnsr_prjct\CleanserBlazorUI\CleanserBlazorUI.csproj]
         D:\AB3\clnsr_prjct\CleanserBlazorUI\Components\Pages\Home.razor(6165,142): warning CS8602: Dereference of a possibly null reference. [D:\AB3\clnsr_prjct\CleanserBlazorUI\CleanserBlazorUI.csproj]
         D:\AB3\clnsr_prjct\CleanserBlazorUI\Components\Pages\Home.razor(6165,167): warning CS8602: Dereference of a possibly null reference. [D:\AB3\clnsr_prjct\CleanserBlazorUI\CleanserBlazorUI.csproj]
         D:\AB3\clnsr_prjct\CleanserBlazorUI\Components\Pages\Home.razor(6165,190): warning CS8602: Dereference of a possibly null reference. [D:\AB3\clnsr_prjct\CleanserBlazorUI\CleanserBlazorUI.csproj]
         D:\AB3\clnsr_prjct\CleanserBlazorUI\Components\Pages\Home.razor(6165,204): warning CS8602: Dereference of a possibly null reference. [D:\AB3\clnsr_prjct\CleanserBlazorUI\CleanserBlazorUI.csproj]
         D:\AB3\clnsr_prjct\CleanserBlazorUI\Components\Pages\Home.razor(6165,232): warning CS8602: Dereference of a possibly null reference. [D:\AB3\clnsr_prjct\CleanserBlazorUI\CleanserBlazorUI.csproj]
         D:\AB3\clnsr_prjct\CleanserBlazorUI\Components\Pages\Home.razor(6165,126): warning CS8604: Possible null reference argument for parameter 'currentBalance' in 'CellDataAndStatus[] StringHelper.CurBal0_AmtOverdue1_WOffAmount2_NDIA3_Fsc4_d_Date5(string currentBalance, string amtInArrears, string writtenOffAmount, string nDIA, string fcode, string f_isDate, string filename)'. [D:\AB3\clnsr_prjct\CleanserBlazorUI\CleanserBlazorUI.csproj]
         D:\AB3\clnsr_prjct\CleanserBlazorUI\Components\Pages\Home.razor(6165,142): warning CS8604: Possible null reference argument for parameter 'amtInArrears' in 'CellDataAndStatus[] StringHelper.CurBal0_AmtOverdue1_WOffAmount2_NDIA3_Fsc4_d_Date5(string currentBalance, string amtInArrears, string writtenOffAmount, string nDIA, string fcode, string f_isDate, string filename)'. [D:\AB3\clnsr_prjct\CleanserBlazorUI\CleanserBlazorUI.csproj]
         D:\AB3\clnsr_prjct\CleanserBlazorUI\Components\Pages\Home.razor(6165,167): warning CS8604: Possible null reference argument for parameter 'writtenOffAmount' in 'CellDataAndStatus[] StringHelper.CurBal0_AmtOverdue1_WOffAmount2_NDIA3_Fsc4_d_Date5(string currentBalance, string amtInArrears, string writtenOffAmount, string nDIA, string fcode, string f_isDate, string filename)'. [D:\AB3\clnsr_prjct\CleanserBlazorUI\CleanserBlazorUI.csproj]
         D:\AB3\clnsr_prjct\CleanserBlazorUI\Components\Pages\Home.razor(6165,190): warning CS8604: Possible null reference argument for parameter 'nDIA' in 'CellDataAndStatus[] StringHelper.CurBal0_AmtOverdue1_WOffAmount2_NDIA3_Fsc4_d_Date5(string currentBalance, string amtInArrears, string writtenOffAmount, string nDIA, string fcode, string f_isDate, string filename)'. [D:\AB3\clnsr_prjct\CleanserBlazorUI\CleanserBlazorUI.csproj]
         D:\AB3\clnsr_prjct\CleanserBlazorUI\Components\Pages\Home.razor(6165,204): warning CS8604: Possible null reference argument for parameter 'fcode' in 'CellDataAndStatus[] StringHelper.CurBal0_AmtOverdue1_WOffAmount2_NDIA3_Fsc4_d_Date5(string currentBalance, string amtInArrears, string writtenOffAmount, string nDIA, string fcode, string f_isDate, string filename)'. [D:\AB3\clnsr_prjct\CleanserBlazorUI\CleanserBlazorUI.csproj]
         D:\AB3\clnsr_prjct\CleanserBlazorUI\Components\Pages\Home.razor(6165,232): warning CS8604: Possible null reference argument for parameter 'f_isDate' in 'CellDataAndStatus[] StringHelper.CurBal0_AmtOverdue1_WOffAmount2_NDIA3_Fsc4_d_Date5(string currentBalance, string amtInArrears, string writtenOffAmount, string nDIA, string fcode, string f_isDate, string filename)'. [D:\AB3\clnsr_prjct\CleanserBlazorUI\CleanserBlazorUI.csproj]
         D:\AB3\clnsr_prjct\CleanserBlazorUI\Components\Pages\Home.razor(6180,53): warning CS8604: Possible null reference argument for parameter 'addr1' in 'CellDataAndStatus[] StringHelper.CleanAddresses(string addr1, string addr2, string addr3, string addr4)'. [D:\AB3\clnsr_prjct\CleanserBlazorUI\CleanserBlazorUI.csproj]
         D:\AB3\clnsr_prjct\CleanserBlazorUI\Components\Pages\Home.razor(6180,69): warning CS8604: Possible null reference argument for parameter 'addr2' in 'CellDataAndStatus[] StringHelper.CleanAddresses(string addr1, string addr2, string addr3, string addr4)'. [D:\AB3\clnsr_prjct\CleanserBlazorUI\CleanserBlazorUI.csproj]
         D:\AB3\clnsr_prjct\CleanserBlazorUI\Components\Pages\Home.razor(6180,85): warning CS8604: Possible null reference argument for parameter 'addr3' in 'CellDataAndStatus[] StringHelper.CleanAddresses(string addr1, string addr2, string addr3, string addr4)'. [D:\AB3\clnsr_prjct\CleanserBlazorUI\CleanserBlazorUI.csproj]
         D:\AB3\clnsr_prjct\CleanserBlazorUI\Components\Pages\Home.razor(6186,53): warning CS8604: Possible null reference argument for parameter 'addr1' in 'CellDataAndStatus[] StringHelper.CleanAddresses(string addr1, string addr2, string addr3, string addr4)'. [D:\AB3\clnsr_prjct\CleanserBlazorUI\CleanserBlazorUI.csproj]
         D:\AB3\clnsr_prjct\CleanserBlazorUI\Components\Pages\Home.razor(6186,69): warning CS8604: Possible null reference argument for parameter 'addr2' in 'CellDataAndStatus[] StringHelper.CleanAddresses(string addr1, string addr2, string addr3, string addr4)'. [D:\AB3\clnsr_prjct\CleanserBlazorUI\CleanserBlazorUI.csproj]
         D:\AB3\clnsr_prjct\CleanserBlazorUI\Components\Pages\Home.razor(6186,85): warning CS8604: Possible null reference argument for parameter 'addr3' in 'CellDataAndStatus[] StringHelper.CleanAddresses(string addr1, string addr2, string addr3, string addr4)'. [D:\AB3\clnsr_prjct\CleanserBlazorUI\CleanserBlazorUI.csproj]
         D:\AB3\clnsr_prjct\CleanserBlazorUI\Components\Pages\Home.razor(6192,53): warning CS8604: Possible null reference argument for parameter 'addr1' in 'CellDataAndStatus[] StringHelper.CleanAddresses(string addr1, string addr2, string addr3, string addr4)'. [D:\AB3\clnsr_prjct\CleanserBlazorUI\CleanserBlazorUI.csproj]
         D:\AB3\clnsr_prjct\CleanserBlazorUI\Components\Pages\Home.razor(6192,69): warning CS8604: Possible null reference argument for parameter 'addr2' in 'CellDataAndStatus[] StringHelper.CleanAddresses(string addr1, string addr2, string addr3, string addr4)'. [D:\AB3\clnsr_prjct\CleanserBlazorUI\CleanserBlazorUI.csproj]
         D:\AB3\clnsr_prjct\CleanserBlazorUI\Components\Pages\Home.razor(6192,85): warning CS8604: Possible null reference argument for parameter 'addr3' in 'CellDataAndStatus[] StringHelper.CleanAddresses(string addr1, string addr2, string addr3, string addr4)'. [D:\AB3\clnsr_prjct\CleanserBlazorUI\CleanserBlazorUI.csproj]
         D:\AB3\clnsr_prjct\CleanserBlazorUI\Components\Pages\Home.razor(6198,53): warning CS8604: Possible null reference argument for parameter 'addr1' in 'CellDataAndStatus[] StringHelper.CleanAddresses(string addr1, string addr2, string addr3, string addr4)'. [D:\AB3\clnsr_prjct\CleanserBlazorUI\CleanserBlazorUI.csproj]
         D:\AB3\clnsr_prjct\CleanserBlazorUI\Components\Pages\Home.razor(6198,69): warning CS8604: Possible null reference argument for parameter 'addr2' in 'CellDataAndStatus[] StringHelper.CleanAddresses(string addr1, string addr2, string addr3, string addr4)'. [D:\AB3\clnsr_prjct\CleanserBlazorUI\CleanserBlazorUI.csproj]
         D:\AB3\clnsr_prjct\CleanserBlazorUI\Components\Pages\Home.razor(6198,85): warning CS8604: Possible null reference argument for parameter 'addr3' in 'CellDataAndStatus[] StringHelper.CleanAddresses(string addr1, string addr2, string addr3, string addr4)'. [D:\AB3\clnsr_prjct\CleanserBlazorUI\CleanserBlazorUI.csproj]
         D:\AB3\clnsr_prjct\CleanserBlazorUI\Components\Pages\Home.razor(6203,44): warning CS8604: Possible null reference argument for parameter 'S' in '(string S, string F, string M, string NID, string VID, string DID, string PID, string SSID, string GENDER, string DOB, string ADD1, string ADD2, string ADD3, string ADD4, string HTEL, string WTEL, string GMOB) Home.GurantorDataConvertor(string S, string F, string M, string NID, string VID, string DID, string PID, string SSID, string GENDER, string DOB, string ADD1, string ADD2, string ADD3, string ADD4, string HTEL, string WTEL, string GMOB, string ind1_bus2)'. [D:\AB3\clnsr_prjct\CleanserBlazorUI\CleanserBlazorUI.csproj]
         D:\AB3\clnsr_prjct\CleanserBlazorUI\Components\Pages\Home.razor(6203,63): warning CS8604: Possible null reference argument for parameter 'F' in '(string S, string F, string M, string NID, string VID, string DID, string PID, string SSID, string GENDER, string DOB, string ADD1, string ADD2, string ADD3, string ADD4, string HTEL, string WTEL, string GMOB) Home.GurantorDataConvertor(string S, string F, string M, string NID, string VID, string DID, string PID, string SSID, string GENDER, string DOB, string ADD1, string ADD2, string ADD3, string ADD4, string HTEL, string WTEL, string GMOB, string ind1_bus2)'. [D:\AB3\clnsr_prjct\CleanserBlazorUI\CleanserBlazorUI.csproj]
         D:\AB3\clnsr_prjct\CleanserBlazorUI\Components\Pages\Home.razor(6203,84): warning CS8604: Possible null reference argument for parameter 'M' in '(string S, string F, string M, string NID, string VID, string DID, string PID, string SSID, string GENDER, string DOB, string ADD1, string ADD2, string ADD3, string ADD4, string HTEL, string WTEL, string GMOB) Home.GurantorDataConvertor(string S, string F, string M, string NID, string VID, string DID, string PID, string SSID, string GENDER, string DOB, string ADD1, string ADD2, string ADD3, string ADD4, string HTEL, string WTEL, string GMOB, string ind1_bus2)'. [D:\AB3\clnsr_prjct\CleanserBlazorUI\CleanserBlazorUI.csproj]
         D:\AB3\clnsr_prjct\CleanserBlazorUI\Components\Pages\Home.razor(6203,107): warning CS8604: Possible null reference argument for parameter 'NID' in '(string S, string F, string M, string NID, string VID, string DID, string PID, string SSID, string GENDER, string DOB, string ADD1, string ADD2, string ADD3, string ADD4, string HTEL, string WTEL, string GMOB) Home.GurantorDataConvertor(string S, string F, string M, string NID, string VID, string DID, string PID, string SSID, string GENDER, string DOB, string ADD1, string ADD2, string ADD3, string ADD4, string HTEL, string WTEL, string GMOB, string ind1_bus2)'. [D:\AB3\clnsr_prjct\CleanserBlazorUI\CleanserBlazorUI.csproj]
         D:\AB3\clnsr_prjct\CleanserBlazorUI\Components\Pages\Home.razor(6203,124): warning CS8604: Possible null reference argument for parameter 'VID' in '(string S, string F, string M, string NID, string VID, string DID, string PID, string SSID, string GENDER, string DOB, string ADD1, string ADD2, string ADD3, string ADD4, string HTEL, string WTEL, string GMOB) Home.GurantorDataConvertor(string S, string F, string M, string NID, string VID, string DID, string PID, string SSID, string GENDER, string DOB, string ADD1, string ADD2, string ADD3, string ADD4, string HTEL, string WTEL, string GMOB, string ind1_bus2)'. [D:\AB3\clnsr_prjct\CleanserBlazorUI\CleanserBlazorUI.csproj]
         D:\AB3\clnsr_prjct\CleanserBlazorUI\Components\Pages\Home.razor(6203,141): warning CS8604: Possible null reference argument for parameter 'DID' in '(string S, string F, string M, string NID, string VID, string DID, string PID, string SSID, string GENDER, string DOB, string ADD1, string ADD2, string ADD3, string ADD4, string HTEL, string WTEL, string GMOB) Home.GurantorDataConvertor(string S, string F, string M, string NID, string VID, string DID, string PID, string SSID, string GENDER, string DOB, string ADD1, string ADD2, string ADD3, string ADD4, string HTEL, string WTEL, string GMOB, string ind1_bus2)'. [D:\AB3\clnsr_prjct\CleanserBlazorUI\CleanserBlazorUI.csproj]
         D:\AB3\clnsr_prjct\CleanserBlazorUI\Components\Pages\Home.razor(6204,7): warning CS8604: Possible null reference argument for parameter 'PID' in '(string S, string F, string M, string NID, string VID, string DID, string PID, string SSID, string GENDER, string DOB, string ADD1, string ADD2, string ADD3, string ADD4, string HTEL, string WTEL, string GMOB) Home.GurantorDataConvertor(string S, string F, string M, string NID, string VID, string DID, string PID, string SSID, string GENDER, string DOB, string ADD1, string ADD2, string ADD3, string ADD4, string HTEL, string WTEL, string GMOB, string ind1_bus2)'. [D:\AB3\clnsr_prjct\CleanserBlazorUI\CleanserBlazorUI.csproj]
         D:\AB3\clnsr_prjct\CleanserBlazorUI\Components\Pages\Home.razor(6204,26): warning CS8604: Possible null reference argument for parameter 'SSID' in '(string S, string F, string M, string NID, string VID, string DID, string PID, string SSID, string GENDER, string DOB, string ADD1, string ADD2, string ADD3, string ADD4, string HTEL, string WTEL, string GMOB) Home.GurantorDataConvertor(string S, string F, string M, string NID, string VID, string DID, string PID, string SSID, string GENDER, string DOB, string ADD1, string ADD2, string ADD3, string ADD4, string HTEL, string WTEL, string GMOB, string ind1_bus2)'. [D:\AB3\clnsr_prjct\CleanserBlazorUI\CleanserBlazorUI.csproj]
         D:\AB3\clnsr_prjct\CleanserBlazorUI\Components\Pages\Home.razor(6204,41): warning CS8604: Possible null reference argument for parameter 'GENDER' in '(string S, string F, string M, string NID, string VID, string DID, string PID, string SSID, string GENDER, string DOB, string ADD1, string ADD2, string ADD3, string ADD4, string HTEL, string WTEL, string GMOB) Home.GurantorDataConvertor(string S, string F, string M, string NID, string VID, string DID, string PID, string SSID, string GENDER, string DOB, string ADD1, string ADD2, string ADD3, string ADD4, string HTEL, string WTEL, string GMOB, string ind1_bus2)'. [D:\AB3\clnsr_prjct\CleanserBlazorUI\CleanserBlazorUI.csproj]
         D:\AB3\clnsr_prjct\CleanserBlazorUI\Components\Pages\Home.razor(6204,59): warning CS8604: Possible null reference argument for parameter 'DOB' in '(string S, string F, string M, string NID, string VID, string DID, string PID, string SSID, string GENDER, string DOB, string ADD1, string ADD2, string ADD3, string ADD4, string HTEL, string WTEL, string GMOB) Home.GurantorDataConvertor(string S, string F, string M, string NID, string VID, string DID, string PID, string SSID, string GENDER, string DOB, string ADD1, string ADD2, string ADD3, string ADD4, string HTEL, string WTEL, string GMOB, string ind1_bus2)'. [D:\AB3\clnsr_prjct\CleanserBlazorUI\CleanserBlazorUI.csproj]
         D:\AB3\clnsr_prjct\CleanserBlazorUI\Components\Pages\Home.razor(6204,74): warning CS8604: Possible null reference argument for parameter 'ADD1' in '(string S, string F, string M, string NID, string VID, string DID, string PID, string SSID, string GENDER, string DOB, string ADD1, string ADD2, string ADD3, string ADD4, string HTEL, string WTEL, string GMOB) Home.GurantorDataConvertor(string S, string F, string M, string NID, string VID, string DID, string PID, string SSID, string GENDER, string DOB, string ADD1, string ADD2, string ADD3, string ADD4, string HTEL, string WTEL, string GMOB, string ind1_bus2)'. [D:\AB3\clnsr_prjct\CleanserBlazorUI\CleanserBlazorUI.csproj]
         D:\AB3\clnsr_prjct\CleanserBlazorUI\Components\Pages\Home.razor(6204,90): warning CS8604: Possible null reference argument for parameter 'ADD2' in '(string S, string F, string M, string NID, string VID, string DID, string PID, string SSID, string GENDER, string DOB, string ADD1, string ADD2, string ADD3, string ADD4, string HTEL, string WTEL, string GMOB) Home.GurantorDataConvertor(string S, string F, string M, string NID, string VID, string DID, string PID, string SSID, string GENDER, string DOB, string ADD1, string ADD2, string ADD3, string ADD4, string HTEL, string WTEL, string GMOB, string ind1_bus2)'. [D:\AB3\clnsr_prjct\CleanserBlazorUI\CleanserBlazorUI.csproj]
         D:\AB3\clnsr_prjct\CleanserBlazorUI\Components\Pages\Home.razor(6204,106): warning CS8604: Possible null reference argument for parameter 'ADD3' in '(string S, string F, string M, string NID, string VID, string DID, string PID, string SSID, string GENDER, string DOB, string ADD1, string ADD2, string ADD3, string ADD4, string HTEL, string WTEL, string GMOB) Home.GurantorDataConvertor(string S, string F, string M, string NID, string VID, string DID, string PID, string SSID, string GENDER, string DOB, string ADD1, string ADD2, string ADD3, string ADD4, string HTEL, string WTEL, string GMOB, string ind1_bus2)'. [D:\AB3\clnsr_prjct\CleanserBlazorUI\CleanserBlazorUI.csproj]
         D:\AB3\clnsr_prjct\CleanserBlazorUI\Components\Pages\Home.razor(6204,136): warning CS8604: Possible null reference argument for parameter 'HTEL' in '(string S, string F, string M, string NID, string VID, string DID, string PID, string SSID, string GENDER, string DOB, string ADD1, string ADD2, string ADD3, string ADD4, string HTEL, string WTEL, string GMOB) Home.GurantorDataConvertor(string S, string F, string M, string NID, string VID, string DID, string PID, string SSID, string GENDER, string DOB, string ADD1, string ADD2, string ADD3, string ADD4, string HTEL, string WTEL, string GMOB, string ind1_bus2)'. [D:\AB3\clnsr_prjct\CleanserBlazorUI\CleanserBlazorUI.csproj]
         D:\AB3\clnsr_prjct\CleanserBlazorUI\Components\Pages\Home.razor(6205,7): warning CS8604: Possible null reference argument for parameter 'WTEL' in '(string S, string F, string M, string NID, string VID, string DID, string PID, string SSID, string GENDER, string DOB, string ADD1, string ADD2, string ADD3, string ADD4, string HTEL, string WTEL, string GMOB) Home.GurantorDataConvertor(string S, string F, string M, string NID, string VID, string DID, string PID, string SSID, string GENDER, string DOB, string ADD1, string ADD2, string ADD3, string ADD4, string HTEL, string WTEL, string GMOB, string ind1_bus2)'. [D:\AB3\clnsr_prjct\CleanserBlazorUI\CleanserBlazorUI.csproj]
         D:\AB3\clnsr_prjct\CleanserBlazorUI\Components\Pages\Home.razor(6205,26): warning CS8604: Possible null reference argument for parameter 'GMOB' in '(string S, string F, string M, string NID, string VID, string DID, string PID, string SSID, string GENDER, string DOB, string ADD1, string ADD2, string ADD3, string ADD4, string HTEL, string WTEL, string GMOB) Home.GurantorDataConvertor(string S, string F, string M, string NID, string VID, string DID, string PID, string SSID, string GENDER, string DOB, string ADD1, string ADD2, string ADD3, string ADD4, string HTEL, string WTEL, string GMOB, string ind1_bus2)'. [D:\AB3\clnsr_prjct\CleanserBlazorUI\CleanserBlazorUI.csproj]
         D:\AB3\clnsr_prjct\CleanserBlazorUI\Components\Pages\Home.razor(6223,44): warning CS8604: Possible null reference argument for parameter 'S' in '(string S, string F, string M, string NID, string VID, string DID, string PID, string SSID, string GENDER, string DOB, string ADD1, string ADD2, string ADD3, string ADD4, string HTEL, string WTEL, string GMOB) Home.GurantorDataConvertor(string S, string F, string M, string NID, string VID, string DID, string PID, string SSID, string GENDER, string DOB, string ADD1, string ADD2, string ADD3, string ADD4, string HTEL, string WTEL, string GMOB, string ind1_bus2)'. [D:\AB3\clnsr_prjct\CleanserBlazorUI\CleanserBlazorUI.csproj]
         D:\AB3\clnsr_prjct\CleanserBlazorUI\Components\Pages\Home.razor(6223,63): warning CS8604: Possible null reference argument for parameter 'F' in '(string S, string F, string M, string NID, string VID, string DID, string PID, string SSID, string GENDER, string DOB, string ADD1, string ADD2, string ADD3, string ADD4, string HTEL, string WTEL, string GMOB) Home.GurantorDataConvertor(string S, string F, string M, string NID, string VID, string DID, string PID, string SSID, string GENDER, string DOB, string ADD1, string ADD2, string ADD3, string ADD4, string HTEL, string WTEL, string GMOB, string ind1_bus2)'. [D:\AB3\clnsr_prjct\CleanserBlazorUI\CleanserBlazorUI.csproj]
         D:\AB3\clnsr_prjct\CleanserBlazorUI\Components\Pages\Home.razor(6223,84): warning CS8604: Possible null reference argument for parameter 'M' in '(string S, string F, string M, string NID, string VID, string DID, string PID, string SSID, string GENDER, string DOB, string ADD1, string ADD2, string ADD3, string ADD4, string HTEL, string WTEL, string GMOB) Home.GurantorDataConvertor(string S, string F, string M, string NID, string VID, string DID, string PID, string SSID, string GENDER, string DOB, string ADD1, string ADD2, string ADD3, string ADD4, string HTEL, string WTEL, string GMOB, string ind1_bus2)'. [D:\AB3\clnsr_prjct\CleanserBlazorUI\CleanserBlazorUI.csproj]
         D:\AB3\clnsr_prjct\CleanserBlazorUI\Components\Pages\Home.razor(6223,107): warning CS8604: Possible null reference argument for parameter 'NID' in '(string S, string F, string M, string NID, string VID, string DID, string PID, string SSID, string GENDER, string DOB, string ADD1, string ADD2, string ADD3, string ADD4, string HTEL, string WTEL, string GMOB) Home.GurantorDataConvertor(string S, string F, string M, string NID, string VID, string DID, string PID, string SSID, string GENDER, string DOB, string ADD1, string ADD2, string ADD3, string ADD4, string HTEL, string WTEL, string GMOB, string ind1_bus2)'. [D:\AB3\clnsr_prjct\CleanserBlazorUI\CleanserBlazorUI.csproj]
         D:\AB3\clnsr_prjct\CleanserBlazorUI\Components\Pages\Home.razor(6223,124): warning CS8604: Possible null reference argument for parameter 'VID' in '(string S, string F, string M, string NID, string VID, string DID, string PID, string SSID, string GENDER, string DOB, string ADD1, string ADD2, string ADD3, string ADD4, string HTEL, string WTEL, string GMOB) Home.GurantorDataConvertor(string S, string F, string M, string NID, string VID, string DID, string PID, string SSID, string GENDER, string DOB, string ADD1, string ADD2, string ADD3, string ADD4, string HTEL, string WTEL, string GMOB, string ind1_bus2)'. [D:\AB3\clnsr_prjct\CleanserBlazorUI\CleanserBlazorUI.csproj]
         D:\AB3\clnsr_prjct\CleanserBlazorUI\Components\Pages\Home.razor(6223,141): warning CS8604: Possible null reference argument for parameter 'DID' in '(string S, string F, string M, string NID, string VID, string DID, string PID, string SSID, string GENDER, string DOB, string ADD1, string ADD2, string ADD3, string ADD4, string HTEL, string WTEL, string GMOB) Home.GurantorDataConvertor(string S, string F, string M, string NID, string VID, string DID, string PID, string SSID, string GENDER, string DOB, string ADD1, string ADD2, string ADD3, string ADD4, string HTEL, string WTEL, string GMOB, string ind1_bus2)'. [D:\AB3\clnsr_prjct\CleanserBlazorUI\CleanserBlazorUI.csproj]
         D:\AB3\clnsr_prjct\CleanserBlazorUI\Components\Pages\Home.razor(6224,13): warning CS8604: Possible null reference argument for parameter 'PID' in '(string S, string F, string M, string NID, string VID, string DID, string PID, string SSID, string GENDER, string DOB, string ADD1, string ADD2, string ADD3, string ADD4, string HTEL, string WTEL, string GMOB) Home.GurantorDataConvertor(string S, string F, string M, string NID, string VID, string DID, string PID, string SSID, string GENDER, string DOB, string ADD1, string ADD2, string ADD3, string ADD4, string HTEL, string WTEL, string GMOB, string ind1_bus2)'. [D:\AB3\clnsr_prjct\CleanserBlazorUI\CleanserBlazorUI.csproj]
         D:\AB3\clnsr_prjct\CleanserBlazorUI\Components\Pages\Home.razor(6224,32): warning CS8604: Possible null reference argument for parameter 'SSID' in '(string S, string F, string M, string NID, string VID, string DID, string PID, string SSID, string GENDER, string DOB, string ADD1, string ADD2, string ADD3, string ADD4, string HTEL, string WTEL, string GMOB) Home.GurantorDataConvertor(string S, string F, string M, string NID, string VID, string DID, string PID, string SSID, string GENDER, string DOB, string ADD1, string ADD2, string ADD3, string ADD4, string HTEL, string WTEL, string GMOB, string ind1_bus2)'. [D:\AB3\clnsr_prjct\CleanserBlazorUI\CleanserBlazorUI.csproj]
         D:\AB3\clnsr_prjct\CleanserBlazorUI\Components\Pages\Home.razor(6224,47): warning CS8604: Possible null reference argument for parameter 'GENDER' in '(string S, string F, string M, string NID, string VID, string DID, string PID, string SSID, string GENDER, string DOB, string ADD1, string ADD2, string ADD3, string ADD4, string HTEL, string WTEL, string GMOB) Home.GurantorDataConvertor(string S, string F, string M, string NID, string VID, string DID, string PID, string SSID, string GENDER, string DOB, string ADD1, string ADD2, string ADD3, string ADD4, string HTEL, string WTEL, string GMOB, string ind1_bus2)'. [D:\AB3\clnsr_prjct\CleanserBlazorUI\CleanserBlazorUI.csproj]
         D:\AB3\clnsr_prjct\CleanserBlazorUI\Components\Pages\Home.razor(6224,65): warning CS8604: Possible null reference argument for parameter 'DOB' in '(string S, string F, string M, string NID, string VID, string DID, string PID, string SSID, string GENDER, string DOB, string ADD1, string ADD2, string ADD3, string ADD4, string HTEL, string WTEL, string GMOB) Home.GurantorDataConvertor(string S, string F, string M, string NID, string VID, string DID, string PID, string SSID, string GENDER, string DOB, string ADD1, string ADD2, string ADD3, string ADD4, string HTEL, string WTEL, string GMOB, string ind1_bus2)'. [D:\AB3\clnsr_prjct\CleanserBlazorUI\CleanserBlazorUI.csproj]
         D:\AB3\clnsr_prjct\CleanserBlazorUI\Components\Pages\Home.razor(6224,80): warning CS8604: Possible null reference argument for parameter 'ADD1' in '(string S, string F, string M, string NID, string VID, string DID, string PID, string SSID, string GENDER, string DOB, string ADD1, string ADD2, string ADD3, string ADD4, string HTEL, string WTEL, string GMOB) Home.GurantorDataConvertor(string S, string F, string M, string NID, string VID, string DID, string PID, string SSID, string GENDER, string DOB, string ADD1, string ADD2, string ADD3, string ADD4, string HTEL, string WTEL, string GMOB, string ind1_bus2)'. [D:\AB3\clnsr_prjct\CleanserBlazorUI\CleanserBlazorUI.csproj]
         D:\AB3\clnsr_prjct\CleanserBlazorUI\Components\Pages\Home.razor(6224,96): warning CS8604: Possible null reference argument for parameter 'ADD2' in '(string S, string F, string M, string NID, string VID, string DID, string PID, string SSID, string GENDER, string DOB, string ADD1, string ADD2, string ADD3, string ADD4, string HTEL, string WTEL, string GMOB) Home.GurantorDataConvertor(string S, string F, string M, string NID, string VID, string DID, string PID, string SSID, string GENDER, string DOB, string ADD1, string ADD2, string ADD3, string ADD4, string HTEL, string WTEL, string GMOB, string ind1_bus2)'. [D:\AB3\clnsr_prjct\CleanserBlazorUI\CleanserBlazorUI.csproj]
         D:\AB3\clnsr_prjct\CleanserBlazorUI\Components\Pages\Home.razor(6224,112): warning CS8604: Possible null reference argument for parameter 'ADD3' in '(string S, string F, string M, string NID, string VID, string DID, string PID, string SSID, string GENDER, string DOB, string ADD1, string ADD2, string ADD3, string ADD4, string HTEL, string WTEL, string GMOB) Home.GurantorDataConvertor(string S, string F, string M, string NID, string VID, string DID, string PID, string SSID, string GENDER, string DOB, string ADD1, string ADD2, string ADD3, string ADD4, string HTEL, string WTEL, string GMOB, string ind1_bus2)'. [D:\AB3\clnsr_prjct\CleanserBlazorUI\CleanserBlazorUI.csproj]
         D:\AB3\clnsr_prjct\CleanserBlazorUI\Components\Pages\Home.razor(6224,142): warning CS8604: Possible null reference argument for parameter 'HTEL' in '(string S, string F, string M, string NID, string VID, string DID, string PID, string SSID, string GENDER, string DOB, string ADD1, string ADD2, string ADD3, string ADD4, string HTEL, string WTEL, string GMOB) Home.GurantorDataConvertor(string S, string F, string M, string NID, string VID, string DID, string PID, string SSID, string GENDER, string DOB, string ADD1, string ADD2, string ADD3, string ADD4, string HTEL, string WTEL, string GMOB, string ind1_bus2)'. [D:\AB3\clnsr_prjct\CleanserBlazorUI\CleanserBlazorUI.csproj]
         D:\AB3\clnsr_prjct\CleanserBlazorUI\Components\Pages\Home.razor(6225,13): warning CS8604: Possible null reference argument for parameter 'WTEL' in '(string S, string F, string M, string NID, string VID, string DID, string PID, string SSID, string GENDER, string DOB, string ADD1, string ADD2, string ADD3, string ADD4, string HTEL, string WTEL, string GMOB) Home.GurantorDataConvertor(string S, string F, string M, string NID, string VID, string DID, string PID, string SSID, string GENDER, string DOB, string ADD1, string ADD2, string ADD3, string ADD4, string HTEL, string WTEL, string GMOB, string ind1_bus2)'. [D:\AB3\clnsr_prjct\CleanserBlazorUI\CleanserBlazorUI.csproj]
         D:\AB3\clnsr_prjct\CleanserBlazorUI\Components\Pages\Home.razor(6225,32): warning CS8604: Possible null reference argument for parameter 'GMOB' in '(string S, string F, string M, string NID, string VID, string DID, string PID, string SSID, string GENDER, string DOB, string ADD1, string ADD2, string ADD3, string ADD4, string HTEL, string WTEL, string GMOB) Home.GurantorDataConvertor(string S, string F, string M, string NID, string VID, string DID, string PID, string SSID, string GENDER, string DOB, string ADD1, string ADD2, string ADD3, string ADD4, string HTEL, string WTEL, string GMOB, string ind1_bus2)'. [D:\AB3\clnsr_prjct\CleanserBlazorUI\CleanserBlazorUI.csproj]
         D:\AB3\clnsr_prjct\CleanserBlazorUI\Components\Pages\Home.razor(6243,44): warning CS8604: Possible null reference argument for parameter 'S' in '(string S, string F, string M, string NID, string VID, string DID, string PID, string SSID, string GENDER, string DOB, string ADD1, string ADD2, string ADD3, string ADD4, string HTEL, string WTEL, string GMOB) Home.GurantorDataConvertor(string S, string F, string M, string NID, string VID, string DID, string PID, string SSID, string GENDER, string DOB, string ADD1, string ADD2, string ADD3, string ADD4, string HTEL, string WTEL, string GMOB, string ind1_bus2)'. [D:\AB3\clnsr_prjct\CleanserBlazorUI\CleanserBlazorUI.csproj]
         D:\AB3\clnsr_prjct\CleanserBlazorUI\Components\Pages\Home.razor(6243,63): warning CS8604: Possible null reference argument for parameter 'F' in '(string S, string F, string M, string NID, string VID, string DID, string PID, string SSID, string GENDER, string DOB, string ADD1, string ADD2, string ADD3, string ADD4, string HTEL, string WTEL, string GMOB) Home.GurantorDataConvertor(string S, string F, string M, string NID, string VID, string DID, string PID, string SSID, string GENDER, string DOB, string ADD1, string ADD2, string ADD3, string ADD4, string HTEL, string WTEL, string GMOB, string ind1_bus2)'. [D:\AB3\clnsr_prjct\CleanserBlazorUI\CleanserBlazorUI.csproj]
         D:\AB3\clnsr_prjct\CleanserBlazorUI\Components\Pages\Home.razor(6243,84): warning CS8604: Possible null reference argument for parameter 'M' in '(string S, string F, string M, string NID, string VID, string DID, string PID, string SSID, string GENDER, string DOB, string ADD1, string ADD2, string ADD3, string ADD4, string HTEL, string WTEL, string GMOB) Home.GurantorDataConvertor(string S, string F, string M, string NID, string VID, string DID, string PID, string SSID, string GENDER, string DOB, string ADD1, string ADD2, string ADD3, string ADD4, string HTEL, string WTEL, string GMOB, string ind1_bus2)'. [D:\AB3\clnsr_prjct\CleanserBlazorUI\CleanserBlazorUI.csproj]
         D:\AB3\clnsr_prjct\CleanserBlazorUI\Components\Pages\Home.razor(6243,107): warning CS8604: Possible null reference argument for parameter 'NID' in '(string S, string F, string M, string NID, string VID, string DID, string PID, string SSID, string GENDER, string DOB, string ADD1, string ADD2, string ADD3, string ADD4, string HTEL, string WTEL, string GMOB) Home.GurantorDataConvertor(string S, string F, string M, string NID, string VID, string DID, string PID, string SSID, string GENDER, string DOB, string ADD1, string ADD2, string ADD3, string ADD4, string HTEL, string WTEL, string GMOB, string ind1_bus2)'. [D:\AB3\clnsr_prjct\CleanserBlazorUI\CleanserBlazorUI.csproj]
         D:\AB3\clnsr_prjct\CleanserBlazorUI\Components\Pages\Home.razor(6243,124): warning CS8604: Possible null reference argument for parameter 'VID' in '(string S, string F, string M, string NID, string VID, string DID, string PID, string SSID, string GENDER, string DOB, string ADD1, string ADD2, string ADD3, string ADD4, string HTEL, string WTEL, string GMOB) Home.GurantorDataConvertor(string S, string F, string M, string NID, string VID, string DID, string PID, string SSID, string GENDER, string DOB, string ADD1, string ADD2, string ADD3, string ADD4, string HTEL, string WTEL, string GMOB, string ind1_bus2)'. [D:\AB3\clnsr_prjct\CleanserBlazorUI\CleanserBlazorUI.csproj]
         D:\AB3\clnsr_prjct\CleanserBlazorUI\Components\Pages\Home.razor(6243,141): warning CS8604: Possible null reference argument for parameter 'DID' in '(string S, string F, string M, string NID, string VID, string DID, string PID, string SSID, string GENDER, string DOB, string ADD1, string ADD2, string ADD3, string ADD4, string HTEL, string WTEL, string GMOB) Home.GurantorDataConvertor(string S, string F, string M, string NID, string VID, string DID, string PID, string SSID, string GENDER, string DOB, string ADD1, string ADD2, string ADD3, string ADD4, string HTEL, string WTEL, string GMOB, string ind1_bus2)'. [D:\AB3\clnsr_prjct\CleanserBlazorUI\CleanserBlazorUI.csproj]
         D:\AB3\clnsr_prjct\CleanserBlazorUI\Components\Pages\Home.razor(6244,13): warning CS8604: Possible null reference argument for parameter 'PID' in '(string S, string F, string M, string NID, string VID, string DID, string PID, string SSID, string GENDER, string DOB, string ADD1, string ADD2, string ADD3, string ADD4, string HTEL, string WTEL, string GMOB) Home.GurantorDataConvertor(string S, string F, string M, string NID, string VID, string DID, string PID, string SSID, string GENDER, string DOB, string ADD1, string ADD2, string ADD3, string ADD4, string HTEL, string WTEL, string GMOB, string ind1_bus2)'. [D:\AB3\clnsr_prjct\CleanserBlazorUI\CleanserBlazorUI.csproj]
         D:\AB3\clnsr_prjct\CleanserBlazorUI\Components\Pages\Home.razor(6244,32): warning CS8604: Possible null reference argument for parameter 'SSID' in '(string S, string F, string M, string NID, string VID, string DID, string PID, string SSID, string GENDER, string DOB, string ADD1, string ADD2, string ADD3, string ADD4, string HTEL, string WTEL, string GMOB) Home.GurantorDataConvertor(string S, string F, string M, string NID, string VID, string DID, string PID, string SSID, string GENDER, string DOB, string ADD1, string ADD2, string ADD3, string ADD4, string HTEL, string WTEL, string GMOB, string ind1_bus2)'. [D:\AB3\clnsr_prjct\CleanserBlazorUI\CleanserBlazorUI.csproj]
         D:\AB3\clnsr_prjct\CleanserBlazorUI\Components\Pages\Home.razor(6244,47): warning CS8604: Possible null reference argument for parameter 'GENDER' in '(string S, string F, string M, string NID, string VID, string DID, string PID, string SSID, string GENDER, string DOB, string ADD1, string ADD2, string ADD3, string ADD4, string HTEL, string WTEL, string GMOB) Home.GurantorDataConvertor(string S, string F, string M, string NID, string VID, string DID, string PID, string SSID, string GENDER, string DOB, string ADD1, string ADD2, string ADD3, string ADD4, string HTEL, string WTEL, string GMOB, string ind1_bus2)'. [D:\AB3\clnsr_prjct\CleanserBlazorUI\CleanserBlazorUI.csproj]
         D:\AB3\clnsr_prjct\CleanserBlazorUI\Components\Pages\Home.razor(6244,65): warning CS8604: Possible null reference argument for parameter 'DOB' in '(string S, string F, string M, string NID, string VID, string DID, string PID, string SSID, string GENDER, string DOB, string ADD1, string ADD2, string ADD3, string ADD4, string HTEL, string WTEL, string GMOB) Home.GurantorDataConvertor(string S, string F, string M, string NID, string VID, string DID, string PID, string SSID, string GENDER, string DOB, string ADD1, string ADD2, string ADD3, string ADD4, string HTEL, string WTEL, string GMOB, string ind1_bus2)'. [D:\AB3\clnsr_prjct\CleanserBlazorUI\CleanserBlazorUI.csproj]
         D:\AB3\clnsr_prjct\CleanserBlazorUI\Components\Pages\Home.razor(6244,80): warning CS8604: Possible null reference argument for parameter 'ADD1' in '(string S, string F, string M, string NID, string VID, string DID, string PID, string SSID, string GENDER, string DOB, string ADD1, string ADD2, string ADD3, string ADD4, string HTEL, string WTEL, string GMOB) Home.GurantorDataConvertor(string S, string F, string M, string NID, string VID, string DID, string PID, string SSID, string GENDER, string DOB, string ADD1, string ADD2, string ADD3, string ADD4, string HTEL, string WTEL, string GMOB, string ind1_bus2)'. [D:\AB3\clnsr_prjct\CleanserBlazorUI\CleanserBlazorUI.csproj]
         D:\AB3\clnsr_prjct\CleanserBlazorUI\Components\Pages\Home.razor(6244,96): warning CS8604: Possible null reference argument for parameter 'ADD2' in '(string S, string F, string M, string NID, string VID, string DID, string PID, string SSID, string GENDER, string DOB, string ADD1, string ADD2, string ADD3, string ADD4, string HTEL, string WTEL, string GMOB) Home.GurantorDataConvertor(string S, string F, string M, string NID, string VID, string DID, string PID, string SSID, string GENDER, string DOB, string ADD1, string ADD2, string ADD3, string ADD4, string HTEL, string WTEL, string GMOB, string ind1_bus2)'. [D:\AB3\clnsr_prjct\CleanserBlazorUI\CleanserBlazorUI.csproj]
         D:\AB3\clnsr_prjct\CleanserBlazorUI\Components\Pages\Home.razor(6244,112): warning CS8604: Possible null reference argument for parameter 'ADD3' in '(string S, string F, string M, string NID, string VID, string DID, string PID, string SSID, string GENDER, string DOB, string ADD1, string ADD2, string ADD3, string ADD4, string HTEL, string WTEL, string GMOB) Home.GurantorDataConvertor(string S, string F, string M, string NID, string VID, string DID, string PID, string SSID, string GENDER, string DOB, string ADD1, string ADD2, string ADD3, string ADD4, string HTEL, string WTEL, string GMOB, string ind1_bus2)'. [D:\AB3\clnsr_prjct\CleanserBlazorUI\CleanserBlazorUI.csproj]
         D:\AB3\clnsr_prjct\CleanserBlazorUI\Components\Pages\Home.razor(6244,142): warning CS8604: Possible null reference argument for parameter 'HTEL' in '(string S, string F, string M, string NID, string VID, string DID, string PID, string SSID, string GENDER, string DOB, string ADD1, string ADD2, string ADD3, string ADD4, string HTEL, string WTEL, string GMOB) Home.GurantorDataConvertor(string S, string F, string M, string NID, string VID, string DID, string PID, string SSID, string GENDER, string DOB, string ADD1, string ADD2, string ADD3, string ADD4, string HTEL, string WTEL, string GMOB, string ind1_bus2)'. [D:\AB3\clnsr_prjct\CleanserBlazorUI\CleanserBlazorUI.csproj]
         D:\AB3\clnsr_prjct\CleanserBlazorUI\Components\Pages\Home.razor(6245,13): warning CS8604: Possible null reference argument for parameter 'WTEL' in '(string S, string F, string M, string NID, string VID, string DID, string PID, string SSID, string GENDER, string DOB, string ADD1, string ADD2, string ADD3, string ADD4, string HTEL, string WTEL, string GMOB) Home.GurantorDataConvertor(string S, string F, string M, string NID, string VID, string DID, string PID, string SSID, string GENDER, string DOB, string ADD1, string ADD2, string ADD3, string ADD4, string HTEL, string WTEL, string GMOB, string ind1_bus2)'. [D:\AB3\clnsr_prjct\CleanserBlazorUI\CleanserBlazorUI.csproj]
         D:\AB3\clnsr_prjct\CleanserBlazorUI\Components\Pages\Home.razor(6245,32): warning CS8604: Possible null reference argument for parameter 'GMOB' in '(string S, string F, string M, string NID, string VID, string DID, string PID, string SSID, string GENDER, string DOB, string ADD1, string ADD2, string ADD3, string ADD4, string HTEL, string WTEL, string GMOB) Home.GurantorDataConvertor(string S, string F, string M, string NID, string VID, string DID, string PID, string SSID, string GENDER, string DOB, string ADD1, string ADD2, string ADD3, string ADD4, string HTEL, string WTEL, string GMOB, string ind1_bus2)'. [D:\AB3\clnsr_prjct\CleanserBlazorUI\CleanserBlazorUI.csproj]
         D:\AB3\clnsr_prjct\CleanserBlazorUI\Components\Pages\Home.razor(6263,44): warning CS8604: Possible null reference argument for parameter 'S' in '(string S, string F, string M, string NID, string VID, string DID, string PID, string SSID, string GENDER, string DOB, string ADD1, string ADD2, string ADD3, string ADD4, string HTEL, string WTEL, string GMOB) Home.GurantorDataConvertor(string S, string F, string M, string NID, string VID, string DID, string PID, string SSID, string GENDER, string DOB, string ADD1, string ADD2, string ADD3, string ADD4, string HTEL, string WTEL, string GMOB, string ind1_bus2)'. [D:\AB3\clnsr_prjct\CleanserBlazorUI\CleanserBlazorUI.csproj]
         D:\AB3\clnsr_prjct\CleanserBlazorUI\Components\Pages\Home.razor(6263,63): warning CS8604: Possible null reference argument for parameter 'F' in '(string S, string F, string M, string NID, string VID, string DID, string PID, string SSID, string GENDER, string DOB, string ADD1, string ADD2, string ADD3, string ADD4, string HTEL, string WTEL, string GMOB) Home.GurantorDataConvertor(string S, string F, string M, string NID, string VID, string DID, string PID, string SSID, string GENDER, string DOB, string ADD1, string ADD2, string ADD3, string ADD4, string HTEL, string WTEL, string GMOB, string ind1_bus2)'. [D:\AB3\clnsr_prjct\CleanserBlazorUI\CleanserBlazorUI.csproj]
         D:\AB3\clnsr_prjct\CleanserBlazorUI\Components\Pages\Home.razor(6263,84): warning CS8604: Possible null reference argument for parameter 'M' in '(string S, string F, string M, string NID, string VID, string DID, string PID, string SSID, string GENDER, string DOB, string ADD1, string ADD2, string ADD3, string ADD4, string HTEL, string WTEL, string GMOB) Home.GurantorDataConvertor(string S, string F, string M, string NID, string VID, string DID, string PID, string SSID, string GENDER, string DOB, string ADD1, string ADD2, string ADD3, string ADD4, string HTEL, string WTEL, string GMOB, string ind1_bus2)'. [D:\AB3\clnsr_prjct\CleanserBlazorUI\CleanserBlazorUI.csproj]
         D:\AB3\clnsr_prjct\CleanserBlazorUI\Components\Pages\Home.razor(6263,107): warning CS8604: Possible null reference argument for parameter 'NID' in '(string S, string F, string M, string NID, string VID, string DID, string PID, string SSID, string GENDER, string DOB, string ADD1, string ADD2, string ADD3, string ADD4, string HTEL, string WTEL, string GMOB) Home.GurantorDataConvertor(string S, string F, string M, string NID, string VID, string DID, string PID, string SSID, string GENDER, string DOB, string ADD1, string ADD2, string ADD3, string ADD4, string HTEL, string WTEL, string GMOB, string ind1_bus2)'. [D:\AB3\clnsr_prjct\CleanserBlazorUI\CleanserBlazorUI.csproj]
         D:\AB3\clnsr_prjct\CleanserBlazorUI\Components\Pages\Home.razor(6263,124): warning CS8604: Possible null reference argument for parameter 'VID' in '(string S, string F, string M, string NID, string VID, string DID, string PID, string SSID, string GENDER, string DOB, string ADD1, string ADD2, string ADD3, string ADD4, string HTEL, string WTEL, string GMOB) Home.GurantorDataConvertor(string S, string F, string M, string NID, string VID, string DID, string PID, string SSID, string GENDER, string DOB, string ADD1, string ADD2, string ADD3, string ADD4, string HTEL, string WTEL, string GMOB, string ind1_bus2)'. [D:\AB3\clnsr_prjct\CleanserBlazorUI\CleanserBlazorUI.csproj]
         D:\AB3\clnsr_prjct\CleanserBlazorUI\Components\Pages\Home.razor(6263,141): warning CS8604: Possible null reference argument for parameter 'DID' in '(string S, string F, string M, string NID, string VID, string DID, string PID, string SSID, string GENDER, string DOB, string ADD1, string ADD2, string ADD3, string ADD4, string HTEL, string WTEL, string GMOB) Home.GurantorDataConvertor(string S, string F, string M, string NID, string VID, string DID, string PID, string SSID, string GENDER, string DOB, string ADD1, string ADD2, string ADD3, string ADD4, string HTEL, string WTEL, string GMOB, string ind1_bus2)'. [D:\AB3\clnsr_prjct\CleanserBlazorUI\CleanserBlazorUI.csproj]
         D:\AB3\clnsr_prjct\CleanserBlazorUI\Components\Pages\Home.razor(6264,13): warning CS8604: Possible null reference argument for parameter 'PID' in '(string S, string F, string M, string NID, string VID, string DID, string PID, string SSID, string GENDER, string DOB, string ADD1, string ADD2, string ADD3, string ADD4, string HTEL, string WTEL, string GMOB) Home.GurantorDataConvertor(string S, string F, string M, string NID, string VID, string DID, string PID, string SSID, string GENDER, string DOB, string ADD1, string ADD2, string ADD3, string ADD4, string HTEL, string WTEL, string GMOB, string ind1_bus2)'. [D:\AB3\clnsr_prjct\CleanserBlazorUI\CleanserBlazorUI.csproj]
         D:\AB3\clnsr_prjct\CleanserBlazorUI\Components\Pages\Home.razor(6264,32): warning CS8604: Possible null reference argument for parameter 'SSID' in '(string S, string F, string M, string NID, string VID, string DID, string PID, string SSID, string GENDER, string DOB, string ADD1, string ADD2, string ADD3, string ADD4, string HTEL, string WTEL, string GMOB) Home.GurantorDataConvertor(string S, string F, string M, string NID, string VID, string DID, string PID, string SSID, string GENDER, string DOB, string ADD1, string ADD2, string ADD3, string ADD4, string HTEL, string WTEL, string GMOB, string ind1_bus2)'. [D:\AB3\clnsr_prjct\CleanserBlazorUI\CleanserBlazorUI.csproj]
         D:\AB3\clnsr_prjct\CleanserBlazorUI\Components\Pages\Home.razor(6264,47): warning CS8604: Possible null reference argument for parameter 'GENDER' in '(string S, string F, string M, string NID, string VID, string DID, string PID, string SSID, string GENDER, string DOB, string ADD1, string ADD2, string ADD3, string ADD4, string HTEL, string WTEL, string GMOB) Home.GurantorDataConvertor(string S, string F, string M, string NID, string VID, string DID, string PID, string SSID, string GENDER, string DOB, string ADD1, string ADD2, string ADD3, string ADD4, string HTEL, string WTEL, string GMOB, string ind1_bus2)'. [D:\AB3\clnsr_prjct\CleanserBlazorUI\CleanserBlazorUI.csproj]
         D:\AB3\clnsr_prjct\CleanserBlazorUI\Components\Pages\Home.razor(6264,65): warning CS8604: Possible null reference argument for parameter 'DOB' in '(string S, string F, string M, string NID, string VID, string DID, string PID, string SSID, string GENDER, string DOB, string ADD1, string ADD2, string ADD3, string ADD4, string HTEL, string WTEL, string GMOB) Home.GurantorDataConvertor(string S, string F, string M, string NID, string VID, string DID, string PID, string SSID, string GENDER, string DOB, string ADD1, string ADD2, string ADD3, string ADD4, string HTEL, string WTEL, string GMOB, string ind1_bus2)'. [D:\AB3\clnsr_prjct\CleanserBlazorUI\CleanserBlazorUI.csproj]
         D:\AB3\clnsr_prjct\CleanserBlazorUI\Components\Pages\Home.razor(6264,80): warning CS8604: Possible null reference argument for parameter 'ADD1' in '(string S, string F, string M, string NID, string VID, string DID, string PID, string SSID, string GENDER, string DOB, string ADD1, string ADD2, string ADD3, string ADD4, string HTEL, string WTEL, string GMOB) Home.GurantorDataConvertor(string S, string F, string M, string NID, string VID, string DID, string PID, string SSID, string GENDER, string DOB, string ADD1, string ADD2, string ADD3, string ADD4, string HTEL, string WTEL, string GMOB, string ind1_bus2)'. [D:\AB3\clnsr_prjct\CleanserBlazorUI\CleanserBlazorUI.csproj]
         D:\AB3\clnsr_prjct\CleanserBlazorUI\Components\Pages\Home.razor(6264,96): warning CS8604: Possible null reference argument for parameter 'ADD2' in '(string S, string F, string M, string NID, string VID, string DID, string PID, string SSID, string GENDER, string DOB, string ADD1, string ADD2, string ADD3, string ADD4, string HTEL, string WTEL, string GMOB) Home.GurantorDataConvertor(string S, string F, string M, string NID, string VID, string DID, string PID, string SSID, string GENDER, string DOB, string ADD1, string ADD2, string ADD3, string ADD4, string HTEL, string WTEL, string GMOB, string ind1_bus2)'. [D:\AB3\clnsr_prjct\CleanserBlazorUI\CleanserBlazorUI.csproj]
         D:\AB3\clnsr_prjct\CleanserBlazorUI\Components\Pages\Home.razor(6264,112): warning CS8604: Possible null reference argument for parameter 'ADD3' in '(string S, string F, string M, string NID, string VID, string DID, string PID, string SSID, string GENDER, string DOB, string ADD1, string ADD2, string ADD3, string ADD4, string HTEL, string WTEL, string GMOB) Home.GurantorDataConvertor(string S, string F, string M, string NID, string VID, string DID, string PID, string SSID, string GENDER, string DOB, string ADD1, string ADD2, string ADD3, string ADD4, string HTEL, string WTEL, string GMOB, string ind1_bus2)'. [D:\AB3\clnsr_prjct\CleanserBlazorUI\CleanserBlazorUI.csproj]
         D:\AB3\clnsr_prjct\CleanserBlazorUI\Components\Pages\Home.razor(6264,142): warning CS8604: Possible null reference argument for parameter 'HTEL' in '(string S, string F, string M, string NID, string VID, string DID, string PID, string SSID, string GENDER, string DOB, string ADD1, string ADD2, string ADD3, string ADD4, string HTEL, string WTEL, string GMOB) Home.GurantorDataConvertor(string S, string F, string M, string NID, string VID, string DID, string PID, string SSID, string GENDER, string DOB, string ADD1, string ADD2, string ADD3, string ADD4, string HTEL, string WTEL, string GMOB, string ind1_bus2)'. [D:\AB3\clnsr_prjct\CleanserBlazorUI\CleanserBlazorUI.csproj]
         D:\AB3\clnsr_prjct\CleanserBlazorUI\Components\Pages\Home.razor(6265,13): warning CS8604: Possible null reference argument for parameter 'WTEL' in '(string S, string F, string M, string NID, string VID, string DID, string PID, string SSID, string GENDER, string DOB, string ADD1, string ADD2, string ADD3, string ADD4, string HTEL, string WTEL, string GMOB) Home.GurantorDataConvertor(string S, string F, string M, string NID, string VID, string DID, string PID, string SSID, string GENDER, string DOB, string ADD1, string ADD2, string ADD3, string ADD4, string HTEL, string WTEL, string GMOB, string ind1_bus2)'. [D:\AB3\clnsr_prjct\CleanserBlazorUI\CleanserBlazorUI.csproj]
         D:\AB3\clnsr_prjct\CleanserBlazorUI\Components\Pages\Home.razor(6265,32): warning CS8604: Possible null reference argument for parameter 'GMOB' in '(string S, string F, string M, string NID, string VID, string DID, string PID, string SSID, string GENDER, string DOB, string ADD1, string ADD2, string ADD3, string ADD4, string HTEL, string WTEL, string GMOB) Home.GurantorDataConvertor(string S, string F, string M, string NID, string VID, string DID, string PID, string SSID, string GENDER, string DOB, string ADD1, string ADD2, string ADD3, string ADD4, string HTEL, string WTEL, string GMOB, string ind1_bus2)'. [D:\AB3\clnsr_prjct\CleanserBlazorUI\CleanserBlazorUI.csproj]
         D:\AB3\clnsr_prjct\CleanserBlazorUI\Components\Pages\Home.razor(6318,112): warning CS8602: Dereference of a possibly null reference. [D:\AB3\clnsr_prjct\CleanserBlazorUI\CleanserBlazorUI.csproj]
         D:\AB3\clnsr_prjct\CleanserBlazorUI\Components\Pages\Home.razor(6318,112): warning CS8604: Possible null reference argument for parameter 'natureOfComGua' in '(string _surname, string _natureOfComGua, string _nameOfComGuaran) Home.Surname_Nature_NameOfComGuarantorNormalizer(string surname, string natureOfComGua, string nameOfComGuaran)'. [D:\AB3\clnsr_prjct\CleanserBlazorUI\CleanserBlazorUI.csproj]
         D:\AB3\clnsr_prjct\CleanserBlazorUI\Components\Pages\Home.razor(6324,112): warning CS8604: Possible null reference argument for parameter 'natureOfComGua' in '(string _surname, string _natureOfComGua, string _nameOfComGuaran) Home.Surname_Nature_NameOfComGuarantorNormalizer(string surname, string natureOfComGua, string nameOfComGuaran)'. [D:\AB3\clnsr_prjct\CleanserBlazorUI\CleanserBlazorUI.csproj]
         D:\AB3\clnsr_prjct\CleanserBlazorUI\Components\Pages\Home.razor(6330,112): warning CS8604: Possible null reference argument for parameter 'natureOfComGua' in '(string _surname, string _natureOfComGua, string _nameOfComGuaran) Home.Surname_Nature_NameOfComGuarantorNormalizer(string surname, string natureOfComGua, string nameOfComGuaran)'. [D:\AB3\clnsr_prjct\CleanserBlazorUI\CleanserBlazorUI.csproj]
         D:\AB3\clnsr_prjct\CleanserBlazorUI\Components\Pages\Home.razor(6336,112): warning CS8604: Possible null reference argument for parameter 'natureOfComGua' in '(string _surname, string _natureOfComGua, string _nameOfComGuaran) Home.Surname_Nature_NameOfComGuarantorNormalizer(string surname, string natureOfComGua, string nameOfComGuaran)'. [D:\AB3\clnsr_prjct\CleanserBlazorUI\CleanserBlazorUI.csproj]
         D:\AB3\clnsr_prjct\CleanserBlazorUI\Components\Pages\Home.razor(6342,13): warning CS8602: Dereference of a possibly null reference. [D:\AB3\clnsr_prjct\CleanserBlazorUI\CleanserBlazorUI.csproj]
         D:\AB3\clnsr_prjct\CleanserBlazorUI\Components\Pages\Home.razor(6342,70): warning CS8604: Possible null reference argument for parameter 'input' in 'string Home.ConvertBusinessShortFormToLongForm(string input)'. [D:\AB3\clnsr_prjct\CleanserBlazorUI\CleanserBlazorUI.csproj]
         D:\AB3\clnsr_prjct\CleanserBlazorUI\Components\Pages\Home.razor(6351,49): warning CS8602: Dereference of a possibly null reference. [D:\AB3\clnsr_prjct\CleanserBlazorUI\CleanserBlazorUI.csproj]
         D:\AB3\clnsr_prjct\CleanserBlazorUI\Components\Pages\Home.razor(6351,49): warning CS8604: Possible null reference argument for parameter 'dateString' in '(bool IsValidFormat, bool IsEighteenOrAbove, bool IsFutureDate, DateTime TheDate) StringHelper.CheckDate(string dateString)'. [D:\AB3\clnsr_prjct\CleanserBlazorUI\CleanserBlazorUI.csproj]
         D:\AB3\clnsr_prjct\CleanserBlazorUI\Components\Pages\Home.razor(6369,17): warning CS8602: Dereference of a possibly null reference. [D:\AB3\clnsr_prjct\CleanserBlazorUI\CleanserBlazorUI.csproj]
         D:\AB3\clnsr_prjct\CleanserBlazorUI\Components\Pages\Home.razor(6370,17): warning CS8602: Dereference of a possibly null reference. [D:\AB3\clnsr_prjct\CleanserBlazorUI\CleanserBlazorUI.csproj]
         D:\AB3\clnsr_prjct\CleanserBlazorUI\Components\Pages\Home.razor(6376,17): warning CS8602: Dereference of a possibly null reference. [D:\AB3\clnsr_prjct\CleanserBlazorUI\CleanserBlazorUI.csproj]
         D:\AB3\clnsr_prjct\CleanserBlazorUI\Components\Pages\Home.razor(6377,17): warning CS8602: Dereference of a possibly null reference. [D:\AB3\clnsr_prjct\CleanserBlazorUI\CleanserBlazorUI.csproj]
         D:\AB3\clnsr_prjct\CleanserBlazorUI\Components\Pages\Home.razor(6381,17): warning CS8602: Dereference of a possibly null reference. [D:\AB3\clnsr_prjct\CleanserBlazorUI\CleanserBlazorUI.csproj]
         D:\AB3\clnsr_prjct\CleanserBlazorUI\Components\Pages\Home.razor(6382,17): warning CS8602: Dereference of a possibly null reference. [D:\AB3\clnsr_prjct\CleanserBlazorUI\CleanserBlazorUI.csproj]
         D:\AB3\clnsr_prjct\CleanserBlazorUI\Components\Pages\Home.razor(6409,26): warning CS8602: Dereference of a possibly null reference. [D:\AB3\clnsr_prjct\CleanserBlazorUI\CleanserBlazorUI.csproj]
         D:\AB3\clnsr_prjct\CleanserBlazorUI\Components\Pages\Home.razor(6409,26): warning CS8604: Possible null reference argument for parameter 'input' in 'bool Home.IsLetter(string input)'. [D:\AB3\clnsr_prjct\CleanserBlazorUI\CleanserBlazorUI.csproj]
         D:\AB3\clnsr_prjct\CleanserBlazorUI\Components\Pages\Home.razor(6437,17): warning CS8602: Dereference of a possibly null reference. [D:\AB3\clnsr_prjct\CleanserBlazorUI\CleanserBlazorUI.csproj]
         D:\AB3\clnsr_prjct\CleanserBlazorUI\Components\Pages\Home.razor(6443,63): warning CS8602: Dereference of a possibly null reference. [D:\AB3\clnsr_prjct\CleanserBlazorUI\CleanserBlazorUI.csproj]
         D:\AB3\clnsr_prjct\CleanserBlazorUI\Components\Pages\Home.razor(6443,63): warning CS8604: Possible null reference argument for parameter 'input' in 'bool StringHelper.AccountCustomerInValidCharacter(string input)'. [D:\AB3\clnsr_prjct\CleanserBlazorUI\CleanserBlazorUI.csproj]
         D:\AB3\clnsr_prjct\CleanserBlazorUI\Components\Pages\Home.razor(6449,63): warning CS8604: Possible null reference argument for parameter 'input' in 'bool StringHelper.AccountCustomerInValidCharacter(string input)'. [D:\AB3\clnsr_prjct\CleanserBlazorUI\CleanserBlazorUI.csproj]
         D:\AB3\clnsr_prjct\CleanserBlazorUI\Components\Pages\Home.razor(6453,63): warning CS8604: Possible null reference argument for parameter 'input' in 'bool StringHelper.AccountCustomerInValidCharacter(string input)'. [D:\AB3\clnsr_prjct\CleanserBlazorUI\CleanserBlazorUI.csproj]
         D:\AB3\clnsr_prjct\CleanserBlazorUI\Components\Pages\Home.razor(6464,30): warning CS8602: Dereference of a possibly null reference. [D:\AB3\clnsr_prjct\CleanserBlazorUI\CleanserBlazorUI.csproj]
         D:\AB3\clnsr_prjct\CleanserBlazorUI\Components\Pages\Home.razor(6470,37): warning CS8602: Dereference of a possibly null reference. [D:\AB3\clnsr_prjct\CleanserBlazorUI\CleanserBlazorUI.csproj]
         D:\AB3\clnsr_prjct\CleanserBlazorUI\Components\Pages\Home.razor(6487,13): warning CS8602: Dereference of a possibly null reference. [D:\AB3\clnsr_prjct\CleanserBlazorUI\CleanserBlazorUI.csproj]
         D:\AB3\clnsr_prjct\CleanserBlazorUI\Components\Pages\Home.razor(6488,13): warning CS8602: Dereference of a possibly null reference. [D:\AB3\clnsr_prjct\CleanserBlazorUI\CleanserBlazorUI.csproj]
         D:\AB3\clnsr_prjct\CleanserBlazorUI\Components\Pages\Home.razor(6491,17): warning CS8602: Dereference of a possibly null reference. [D:\AB3\clnsr_prjct\CleanserBlazorUI\CleanserBlazorUI.csproj]
         D:\AB3\clnsr_prjct\CleanserBlazorUI\Components\Pages\Home.razor(6492,17): warning CS8602: Dereference of a possibly null reference. [D:\AB3\clnsr_prjct\CleanserBlazorUI\CleanserBlazorUI.csproj]
         D:\AB3\clnsr_prjct\CleanserBlazorUI\Components\Pages\Home.razor(6493,17): warning CS8602: Dereference of a possibly null reference. [D:\AB3\clnsr_prjct\CleanserBlazorUI\CleanserBlazorUI.csproj]
         D:\AB3\clnsr_prjct\CleanserBlazorUI\Components\Pages\Home.razor(6494,17): warning CS8602: Dereference of a possibly null reference. [D:\AB3\clnsr_prjct\CleanserBlazorUI\CleanserBlazorUI.csproj]
         D:\AB3\clnsr_prjct\CleanserBlazorUI\Components\Pages\Home.razor(6495,17): warning CS8602: Dereference of a possibly null reference. [D:\AB3\clnsr_prjct\CleanserBlazorUI\CleanserBlazorUI.csproj]
         D:\AB3\clnsr_prjct\CleanserBlazorUI\Components\Pages\Home.razor(6496,17): warning CS8602: Dereference of a possibly null reference. [D:\AB3\clnsr_prjct\CleanserBlazorUI\CleanserBlazorUI.csproj]
         D:\AB3\clnsr_prjct\CleanserBlazorUI\Components\Pages\Home.razor(6497,17): warning CS8602: Dereference of a possibly null reference. [D:\AB3\clnsr_prjct\CleanserBlazorUI\CleanserBlazorUI.csproj]
         D:\AB3\clnsr_prjct\CleanserBlazorUI\Components\Pages\Home.razor(6491,17): warning CS8604: Possible null reference argument for parameter 'nationalID' in 'CellDataAndStatus[] StringHelper.ValidateIDsMain1(string nationalID, string voterID, string driver, string dassport, string sSNIT, string otherIDs, string disbur_inputDate)'. [D:\AB3\clnsr_prjct\CleanserBlazorUI\CleanserBlazorUI.csproj]
         D:\AB3\clnsr_prjct\CleanserBlazorUI\Components\Pages\Home.razor(6492,17): warning CS8604: Possible null reference argument for parameter 'voterID' in 'CellDataAndStatus[] StringHelper.ValidateIDsMain1(string nationalID, string voterID, string driver, string dassport, string sSNIT, string otherIDs, string disbur_inputDate)'. [D:\AB3\clnsr_prjct\CleanserBlazorUI\CleanserBlazorUI.csproj]
         D:\AB3\clnsr_prjct\CleanserBlazorUI\Components\Pages\Home.razor(6493,17): warning CS8604: Possible null reference argument for parameter 'driver' in 'CellDataAndStatus[] StringHelper.ValidateIDsMain1(string nationalID, string voterID, string driver, string dassport, string sSNIT, string otherIDs, string disbur_inputDate)'. [D:\AB3\clnsr_prjct\CleanserBlazorUI\CleanserBlazorUI.csproj]
         D:\AB3\clnsr_prjct\CleanserBlazorUI\Components\Pages\Home.razor(6494,17): warning CS8604: Possible null reference argument for parameter 'dassport' in 'CellDataAndStatus[] StringHelper.ValidateIDsMain1(string nationalID, string voterID, string driver, string dassport, string sSNIT, string otherIDs, string disbur_inputDate)'. [D:\AB3\clnsr_prjct\CleanserBlazorUI\CleanserBlazorUI.csproj]
         D:\AB3\clnsr_prjct\CleanserBlazorUI\Components\Pages\Home.razor(6495,17): warning CS8604: Possible null reference argument for parameter 'sSNIT' in 'CellDataAndStatus[] StringHelper.ValidateIDsMain1(string nationalID, string voterID, string driver, string dassport, string sSNIT, string otherIDs, string disbur_inputDate)'. [D:\AB3\clnsr_prjct\CleanserBlazorUI\CleanserBlazorUI.csproj]
         D:\AB3\clnsr_prjct\CleanserBlazorUI\Components\Pages\Home.razor(6496,17): warning CS8604: Possible null reference argument for parameter 'otherIDs' in 'CellDataAndStatus[] StringHelper.ValidateIDsMain1(string nationalID, string voterID, string driver, string dassport, string sSNIT, string otherIDs, string disbur_inputDate)'. [D:\AB3\clnsr_prjct\CleanserBlazorUI\CleanserBlazorUI.csproj]
         D:\AB3\clnsr_prjct\CleanserBlazorUI\Components\Pages\Home.razor(6497,17): warning CS8604: Possible null reference argument for parameter 'disbur_inputDate' in 'CellDataAndStatus[] StringHelper.ValidateIDsMain1(string nationalID, string voterID, string driver, string dassport, string sSNIT, string otherIDs, string disbur_inputDate)'. [D:\AB3\clnsr_prjct\CleanserBlazorUI\CleanserBlazorUI.csproj]
         D:\AB3\clnsr_prjct\CleanserBlazorUI\Components\Pages\Home.razor(6508,17): warning CS8602: Dereference of a possibly null reference. [D:\AB3\clnsr_prjct\CleanserBlazorUI\CleanserBlazorUI.csproj]
         D:\AB3\clnsr_prjct\CleanserBlazorUI\Components\Pages\Home.razor(6514,17): warning CS8602: Dereference of a possibly null reference. [D:\AB3\clnsr_prjct\CleanserBlazorUI\CleanserBlazorUI.csproj]
         D:\AB3\clnsr_prjct\CleanserBlazorUI\Components\Pages\Home.razor(6520,17): warning CS8602: Dereference of a possibly null reference. [D:\AB3\clnsr_prjct\CleanserBlazorUI\CleanserBlazorUI.csproj]
         D:\AB3\clnsr_prjct\CleanserBlazorUI\Components\Pages\Home.razor(6525,17): warning CS8602: Dereference of a possibly null reference. [D:\AB3\clnsr_prjct\CleanserBlazorUI\CleanserBlazorUI.csproj]
         D:\AB3\clnsr_prjct\CleanserBlazorUI\Components\Pages\Home.razor(6529,17): warning CS8602: Dereference of a possibly null reference. [D:\AB3\clnsr_prjct\CleanserBlazorUI\CleanserBlazorUI.csproj]
         D:\AB3\clnsr_prjct\CleanserBlazorUI\Components\Pages\Home.razor(6581,16): warning CS8602: Dereference of a possibly null reference. [D:\AB3\clnsr_prjct\CleanserBlazorUI\CleanserBlazorUI.csproj]
         D:\AB3\clnsr_prjct\CleanserBlazorUI\Components\Pages\Home.razor(6582,16): warning CS8602: Dereference of a possibly null reference. [D:\AB3\clnsr_prjct\CleanserBlazorUI\CleanserBlazorUI.csproj]
         D:\AB3\clnsr_prjct\CleanserBlazorUI\Components\Pages\Home.razor(6583,16): warning CS8602: Dereference of a possibly null reference. [D:\AB3\clnsr_prjct\CleanserBlazorUI\CleanserBlazorUI.csproj]
         D:\AB3\clnsr_prjct\CleanserBlazorUI\Components\Pages\Home.razor(6584,16): warning CS8602: Dereference of a possibly null reference. [D:\AB3\clnsr_prjct\CleanserBlazorUI\CleanserBlazorUI.csproj]
         D:\AB3\clnsr_prjct\CleanserBlazorUI\Components\Pages\Home.razor(6585,16): warning CS8602: Dereference of a possibly null reference. [D:\AB3\clnsr_prjct\CleanserBlazorUI\CleanserBlazorUI.csproj]
         D:\AB3\clnsr_prjct\CleanserBlazorUI\Components\Pages\Home.razor(6581,16): warning CS8604: Possible null reference argument for parameter 'nationalID' in 'CellDataAndStatus[] StringHelper.ValidateIDsMain1_G(string nationalID, string voterID, string driver, string dassport, string sSNIT, string otherIDs, string d_date)'. [D:\AB3\clnsr_prjct\CleanserBlazorUI\CleanserBlazorUI.csproj]
         D:\AB3\clnsr_prjct\CleanserBlazorUI\Components\Pages\Home.razor(6582,16): warning CS8604: Possible null reference argument for parameter 'voterID' in 'CellDataAndStatus[] StringHelper.ValidateIDsMain1_G(string nationalID, string voterID, string driver, string dassport, string sSNIT, string otherIDs, string d_date)'. [D:\AB3\clnsr_prjct\CleanserBlazorUI\CleanserBlazorUI.csproj]
         D:\AB3\clnsr_prjct\CleanserBlazorUI\Components\Pages\Home.razor(6583,16): warning CS8604: Possible null reference argument for parameter 'driver' in 'CellDataAndStatus[] StringHelper.ValidateIDsMain1_G(string nationalID, string voterID, string driver, string dassport, string sSNIT, string otherIDs, string d_date)'. [D:\AB3\clnsr_prjct\CleanserBlazorUI\CleanserBlazorUI.csproj]
         D:\AB3\clnsr_prjct\CleanserBlazorUI\Components\Pages\Home.razor(6584,16): warning CS8604: Possible null reference argument for parameter 'dassport' in 'CellDataAndStatus[] StringHelper.ValidateIDsMain1_G(string nationalID, string voterID, string driver, string dassport, string sSNIT, string otherIDs, string d_date)'. [D:\AB3\clnsr_prjct\CleanserBlazorUI\CleanserBlazorUI.csproj]
         D:\AB3\clnsr_prjct\CleanserBlazorUI\Components\Pages\Home.razor(6585,16): warning CS8604: Possible null reference argument for parameter 'sSNIT' in 'CellDataAndStatus[] StringHelper.ValidateIDsMain1_G(string nationalID, string voterID, string driver, string dassport, string sSNIT, string otherIDs, string d_date)'. [D:\AB3\clnsr_prjct\CleanserBlazorUI\CleanserBlazorUI.csproj]
         D:\AB3\clnsr_prjct\CleanserBlazorUI\Components\Pages\Home.razor(6597,19): warning CS8602: Dereference of a possibly null reference. [D:\AB3\clnsr_prjct\CleanserBlazorUI\CleanserBlazorUI.csproj]
         D:\AB3\clnsr_prjct\CleanserBlazorUI\Components\Pages\Home.razor(6598,19): warning CS8602: Dereference of a possibly null reference. [D:\AB3\clnsr_prjct\CleanserBlazorUI\CleanserBlazorUI.csproj]
         D:\AB3\clnsr_prjct\CleanserBlazorUI\Components\Pages\Home.razor(6599,19): warning CS8602: Dereference of a possibly null reference. [D:\AB3\clnsr_prjct\CleanserBlazorUI\CleanserBlazorUI.csproj]
         D:\AB3\clnsr_prjct\CleanserBlazorUI\Components\Pages\Home.razor(6600,19): warning CS8602: Dereference of a possibly null reference. [D:\AB3\clnsr_prjct\CleanserBlazorUI\CleanserBlazorUI.csproj]
         D:\AB3\clnsr_prjct\CleanserBlazorUI\Components\Pages\Home.razor(6601,19): warning CS8602: Dereference of a possibly null reference. [D:\AB3\clnsr_prjct\CleanserBlazorUI\CleanserBlazorUI.csproj]
         D:\AB3\clnsr_prjct\CleanserBlazorUI\Components\Pages\Home.razor(6597,19): warning CS8604: Possible null reference argument for parameter 'nationalID' in 'CellDataAndStatus[] StringHelper.ValidateIDsMain1_G(string nationalID, string voterID, string driver, string dassport, string sSNIT, string otherIDs, string d_date)'. [D:\AB3\clnsr_prjct\CleanserBlazorUI\CleanserBlazorUI.csproj]
         D:\AB3\clnsr_prjct\CleanserBlazorUI\Components\Pages\Home.razor(6598,19): warning CS8604: Possible null reference argument for parameter 'voterID' in 'CellDataAndStatus[] StringHelper.ValidateIDsMain1_G(string nationalID, string voterID, string driver, string dassport, string sSNIT, string otherIDs, string d_date)'. [D:\AB3\clnsr_prjct\CleanserBlazorUI\CleanserBlazorUI.csproj]
         D:\AB3\clnsr_prjct\CleanserBlazorUI\Components\Pages\Home.razor(6599,19): warning CS8604: Possible null reference argument for parameter 'driver' in 'CellDataAndStatus[] StringHelper.ValidateIDsMain1_G(string nationalID, string voterID, string driver, string dassport, string sSNIT, string otherIDs, string d_date)'. [D:\AB3\clnsr_prjct\CleanserBlazorUI\CleanserBlazorUI.csproj]
         D:\AB3\clnsr_prjct\CleanserBlazorUI\Components\Pages\Home.razor(6600,19): warning CS8604: Possible null reference argument for parameter 'dassport' in 'CellDataAndStatus[] StringHelper.ValidateIDsMain1_G(string nationalID, string voterID, string driver, string dassport, string sSNIT, string otherIDs, string d_date)'. [D:\AB3\clnsr_prjct\CleanserBlazorUI\CleanserBlazorUI.csproj]
         D:\AB3\clnsr_prjct\CleanserBlazorUI\Components\Pages\Home.razor(6601,19): warning CS8604: Possible null reference argument for parameter 'sSNIT' in 'CellDataAndStatus[] StringHelper.ValidateIDsMain1_G(string nationalID, string voterID, string driver, string dassport, string sSNIT, string otherIDs, string d_date)'. [D:\AB3\clnsr_prjct\CleanserBlazorUI\CleanserBlazorUI.csproj]
         D:\AB3\clnsr_prjct\CleanserBlazorUI\Components\Pages\Home.razor(6613,18): warning CS8602: Dereference of a possibly null reference. [D:\AB3\clnsr_prjct\CleanserBlazorUI\CleanserBlazorUI.csproj]
         D:\AB3\clnsr_prjct\CleanserBlazorUI\Components\Pages\Home.razor(6614,18): warning CS8602: Dereference of a possibly null reference. [D:\AB3\clnsr_prjct\CleanserBlazorUI\CleanserBlazorUI.csproj]
         D:\AB3\clnsr_prjct\CleanserBlazorUI\Components\Pages\Home.razor(6615,18): warning CS8602: Dereference of a possibly null reference. [D:\AB3\clnsr_prjct\CleanserBlazorUI\CleanserBlazorUI.csproj]
         D:\AB3\clnsr_prjct\CleanserBlazorUI\Components\Pages\Home.razor(6616,18): warning CS8602: Dereference of a possibly null reference. [D:\AB3\clnsr_prjct\CleanserBlazorUI\CleanserBlazorUI.csproj]
         D:\AB3\clnsr_prjct\CleanserBlazorUI\Components\Pages\Home.razor(6617,18): warning CS8602: Dereference of a possibly null reference. [D:\AB3\clnsr_prjct\CleanserBlazorUI\CleanserBlazorUI.csproj]
         D:\AB3\clnsr_prjct\CleanserBlazorUI\Components\Pages\Home.razor(6613,18): warning CS8604: Possible null reference argument for parameter 'nationalID' in 'CellDataAndStatus[] StringHelper.ValidateIDsMain1_G(string nationalID, string voterID, string driver, string dassport, string sSNIT, string otherIDs, string d_date)'. [D:\AB3\clnsr_prjct\CleanserBlazorUI\CleanserBlazorUI.csproj]
         D:\AB3\clnsr_prjct\CleanserBlazorUI\Components\Pages\Home.razor(6614,18): warning CS8604: Possible null reference argument for parameter 'voterID' in 'CellDataAndStatus[] StringHelper.ValidateIDsMain1_G(string nationalID, string voterID, string driver, string dassport, string sSNIT, string otherIDs, string d_date)'. [D:\AB3\clnsr_prjct\CleanserBlazorUI\CleanserBlazorUI.csproj]
         D:\AB3\clnsr_prjct\CleanserBlazorUI\Components\Pages\Home.razor(6615,18): warning CS8604: Possible null reference argument for parameter 'driver' in 'CellDataAndStatus[] StringHelper.ValidateIDsMain1_G(string nationalID, string voterID, string driver, string dassport, string sSNIT, string otherIDs, string d_date)'. [D:\AB3\clnsr_prjct\CleanserBlazorUI\CleanserBlazorUI.csproj]
         D:\AB3\clnsr_prjct\CleanserBlazorUI\Components\Pages\Home.razor(6616,18): warning CS8604: Possible null reference argument for parameter 'dassport' in 'CellDataAndStatus[] StringHelper.ValidateIDsMain1_G(string nationalID, string voterID, string driver, string dassport, string sSNIT, string otherIDs, string d_date)'. [D:\AB3\clnsr_prjct\CleanserBlazorUI\CleanserBlazorUI.csproj]
         D:\AB3\clnsr_prjct\CleanserBlazorUI\Components\Pages\Home.razor(6617,18): warning CS8604: Possible null reference argument for parameter 'sSNIT' in 'CellDataAndStatus[] StringHelper.ValidateIDsMain1_G(string nationalID, string voterID, string driver, string dassport, string sSNIT, string otherIDs, string d_date)'. [D:\AB3\clnsr_prjct\CleanserBlazorUI\CleanserBlazorUI.csproj]
         D:\AB3\clnsr_prjct\CleanserBlazorUI\Components\Pages\Home.razor(6629,18): warning CS8602: Dereference of a possibly null reference. [D:\AB3\clnsr_prjct\CleanserBlazorUI\CleanserBlazorUI.csproj]
         D:\AB3\clnsr_prjct\CleanserBlazorUI\Components\Pages\Home.razor(6630,18): warning CS8602: Dereference of a possibly null reference. [D:\AB3\clnsr_prjct\CleanserBlazorUI\CleanserBlazorUI.csproj]
         D:\AB3\clnsr_prjct\CleanserBlazorUI\Components\Pages\Home.razor(6631,18): warning CS8602: Dereference of a possibly null reference. [D:\AB3\clnsr_prjct\CleanserBlazorUI\CleanserBlazorUI.csproj]
         D:\AB3\clnsr_prjct\CleanserBlazorUI\Components\Pages\Home.razor(6632,18): warning CS8602: Dereference of a possibly null reference. [D:\AB3\clnsr_prjct\CleanserBlazorUI\CleanserBlazorUI.csproj]
         D:\AB3\clnsr_prjct\CleanserBlazorUI\Components\Pages\Home.razor(6633,18): warning CS8602: Dereference of a possibly null reference. [D:\AB3\clnsr_prjct\CleanserBlazorUI\CleanserBlazorUI.csproj]
         D:\AB3\clnsr_prjct\CleanserBlazorUI\Components\Pages\Home.razor(6629,18): warning CS8604: Possible null reference argument for parameter 'nationalID' in 'CellDataAndStatus[] StringHelper.ValidateIDsMain1_G(string nationalID, string voterID, string driver, string dassport, string sSNIT, string otherIDs, string d_date)'. [D:\AB3\clnsr_prjct\CleanserBlazorUI\CleanserBlazorUI.csproj]
         D:\AB3\clnsr_prjct\CleanserBlazorUI\Components\Pages\Home.razor(6630,18): warning CS8604: Possible null reference argument for parameter 'voterID' in 'CellDataAndStatus[] StringHelper.ValidateIDsMain1_G(string nationalID, string voterID, string driver, string dassport, string sSNIT, string otherIDs, string d_date)'. [D:\AB3\clnsr_prjct\CleanserBlazorUI\CleanserBlazorUI.csproj]
         D:\AB3\clnsr_prjct\CleanserBlazorUI\Components\Pages\Home.razor(6631,18): warning CS8604: Possible null reference argument for parameter 'driver' in 'CellDataAndStatus[] StringHelper.ValidateIDsMain1_G(string nationalID, string voterID, string driver, string dassport, string sSNIT, string otherIDs, string d_date)'. [D:\AB3\clnsr_prjct\CleanserBlazorUI\CleanserBlazorUI.csproj]
         D:\AB3\clnsr_prjct\CleanserBlazorUI\Components\Pages\Home.razor(6632,18): warning CS8604: Possible null reference argument for parameter 'dassport' in 'CellDataAndStatus[] StringHelper.ValidateIDsMain1_G(string nationalID, string voterID, string driver, string dassport, string sSNIT, string otherIDs, string d_date)'. [D:\AB3\clnsr_prjct\CleanserBlazorUI\CleanserBlazorUI.csproj]
         D:\AB3\clnsr_prjct\CleanserBlazorUI\Components\Pages\Home.razor(6633,18): warning CS8604: Possible null reference argument for parameter 'sSNIT' in 'CellDataAndStatus[] StringHelper.ValidateIDsMain1_G(string nationalID, string voterID, string driver, string dassport, string sSNIT, string otherIDs, string d_date)'. [D:\AB3\clnsr_prjct\CleanserBlazorUI\CleanserBlazorUI.csproj]
         D:\AB3\clnsr_prjct\CleanserBlazorUI\Components\Pages\Home.razor(6643,98): warning CS8602: Dereference of a possibly null reference. [D:\AB3\clnsr_prjct\CleanserBlazorUI\CleanserBlazorUI.csproj]
         D:\AB3\clnsr_prjct\CleanserBlazorUI\Components\Pages\Home.razor(6643,78): warning CS8604: Possible null reference argument for parameter 'otherIDNum' in 'CellDataAndStatus[] StringHelper.OtherIdAndOtherIDType(string otherIDNum, string otherIDType)'. [D:\AB3\clnsr_prjct\CleanserBlazorUI\CleanserBlazorUI.csproj]
         D:\AB3\clnsr_prjct\CleanserBlazorUI\Components\Pages\Home.razor(6643,98): warning CS8604: Possible null reference argument for parameter 'otherIDType' in 'CellDataAndStatus[] StringHelper.OtherIdAndOtherIDType(string otherIDNum, string otherIDType)'. [D:\AB3\clnsr_prjct\CleanserBlazorUI\CleanserBlazorUI.csproj]
         D:\AB3\clnsr_prjct\CleanserBlazorUI\Components\Pages\Home.razor(6647,69): warning CS8602: Dereference of a possibly null reference. [D:\AB3\clnsr_prjct\CleanserBlazorUI\CleanserBlazorUI.csproj]
         D:\AB3\clnsr_prjct\CleanserBlazorUI\Components\Pages\Home.razor(6647,86): warning CS8602: Dereference of a possibly null reference. [D:\AB3\clnsr_prjct\CleanserBlazorUI\CleanserBlazorUI.csproj]
         D:\AB3\clnsr_prjct\CleanserBlazorUI\Components\Pages\Home.razor(6647,105): warning CS8602: Dereference of a possibly null reference. [D:\AB3\clnsr_prjct\CleanserBlazorUI\CleanserBlazorUI.csproj]
         D:\AB3\clnsr_prjct\CleanserBlazorUI\Components\Pages\Home.razor(6647,69): warning CS8604: Possible null reference argument for parameter 'surname' in 'CellDataAndStatus[] StringHelper.Surname_FirtName_MiddleName(string surname, string firsname, string middlename)'. [D:\AB3\clnsr_prjct\CleanserBlazorUI\CleanserBlazorUI.csproj]
         D:\AB3\clnsr_prjct\CleanserBlazorUI\Components\Pages\Home.razor(6647,86): warning CS8604: Possible null reference argument for parameter 'firsname' in 'CellDataAndStatus[] StringHelper.Surname_FirtName_MiddleName(string surname, string firsname, string middlename)'. [D:\AB3\clnsr_prjct\CleanserBlazorUI\CleanserBlazorUI.csproj]
         D:\AB3\clnsr_prjct\CleanserBlazorUI\Components\Pages\Home.razor(6647,105): warning CS8604: Possible null reference argument for parameter 'middlename' in 'CellDataAndStatus[] StringHelper.Surname_FirtName_MiddleName(string surname, string firsname, string middlename)'. [D:\AB3\clnsr_prjct\CleanserBlazorUI\CleanserBlazorUI.csproj]
         D:\AB3\clnsr_prjct\CleanserBlazorUI\Components\Pages\Home.razor(6653,17): warning CS8602: Dereference of a possibly null reference. [D:\AB3\clnsr_prjct\CleanserBlazorUI\CleanserBlazorUI.csproj]
         D:\AB3\clnsr_prjct\CleanserBlazorUI\Components\Pages\Home.razor(6653,50): warning CS8602: Dereference of a possibly null reference. [D:\AB3\clnsr_prjct\CleanserBlazorUI\CleanserBlazorUI.csproj]
         D:\AB3\clnsr_prjct\CleanserBlazorUI\Components\Pages\Home.razor(6653,85): warning CS8602: Dereference of a possibly null reference. [D:\AB3\clnsr_prjct\CleanserBlazorUI\CleanserBlazorUI.csproj]
         D:\AB3\clnsr_prjct\CleanserBlazorUI\Components\Pages\Home.razor(6659,83): warning CS8604: Possible null reference argument for parameter 'input' in 'bool Home.ContainsRestrictedWord(string input)'. [D:\AB3\clnsr_prjct\CleanserBlazorUI\CleanserBlazorUI.csproj]
         D:\AB3\clnsr_prjct\CleanserBlazorUI\Components\Pages\Home.razor(6659,128): warning CS8604: Possible null reference argument for parameter 'input' in 'bool Home.ContainsRestrictedWord(string input)'. [D:\AB3\clnsr_prjct\CleanserBlazorUI\CleanserBlazorUI.csproj]
         D:\AB3\clnsr_prjct\CleanserBlazorUI\Components\Pages\Home.razor(6694,21): warning CS8602: Dereference of a possibly null reference. [D:\AB3\clnsr_prjct\CleanserBlazorUI\CleanserBlazorUI.csproj]
         D:\AB3\clnsr_prjct\CleanserBlazorUI\Components\Pages\Home.razor(6695,21): warning CS8602: Dereference of a possibly null reference. [D:\AB3\clnsr_prjct\CleanserBlazorUI\CleanserBlazorUI.csproj]
         D:\AB3\clnsr_prjct\CleanserBlazorUI\Components\Pages\Home.razor(6703,21): warning CS8602: Dereference of a possibly null reference. [D:\AB3\clnsr_prjct\CleanserBlazorUI\CleanserBlazorUI.csproj]
         D:\AB3\clnsr_prjct\CleanserBlazorUI\Components\Pages\Home.razor(6704,21): warning CS8602: Dereference of a possibly null reference. [D:\AB3\clnsr_prjct\CleanserBlazorUI\CleanserBlazorUI.csproj]
         D:\AB3\clnsr_prjct\CleanserBlazorUI\Components\Pages\Home.razor(6717,90): warning CS8602: Dereference of a possibly null reference. [D:\AB3\clnsr_prjct\CleanserBlazorUI\CleanserBlazorUI.csproj]
         D:\AB3\clnsr_prjct\CleanserBlazorUI\Components\Pages\Home.razor(6717,114): warning CS8602: Dereference of a possibly null reference. [D:\AB3\clnsr_prjct\CleanserBlazorUI\CleanserBlazorUI.csproj]
         D:\AB3\clnsr_prjct\CleanserBlazorUI\Components\Pages\Home.razor(6717,90): warning CS8604: Possible null reference argument for parameter 'proofOfAddType' in 'CellDataAndStatus[] StringHelper.ProofOfAddType_ProofOfAddNum(string proofOfAddType, string proofOfAddNum)'. [D:\AB3\clnsr_prjct\CleanserBlazorUI\CleanserBlazorUI.csproj]
         D:\AB3\clnsr_prjct\CleanserBlazorUI\Components\Pages\Home.razor(6717,114): warning CS8604: Possible null reference argument for parameter 'proofOfAddNum' in 'CellDataAndStatus[] StringHelper.ProofOfAddType_ProofOfAddNum(string proofOfAddType, string proofOfAddNum)'. [D:\AB3\clnsr_prjct\CleanserBlazorUI\CleanserBlazorUI.csproj]
         D:\AB3\clnsr_prjct\CleanserBlazorUI\Components\Pages\Home.razor(6722,57): warning CS8602: Dereference of a possibly null reference. [D:\AB3\clnsr_prjct\CleanserBlazorUI\CleanserBlazorUI.csproj]
         D:\AB3\clnsr_prjct\CleanserBlazorUI\Components\Pages\Home.razor(6722,78): warning CS8602: Dereference of a possibly null reference. [D:\AB3\clnsr_prjct\CleanserBlazorUI\CleanserBlazorUI.csproj]
         D:\AB3\clnsr_prjct\CleanserBlazorUI\Components\Pages\Home.razor(6722,99): warning CS8602: Dereference of a possibly null reference. [D:\AB3\clnsr_prjct\CleanserBlazorUI\CleanserBlazorUI.csproj]
         D:\AB3\clnsr_prjct\CleanserBlazorUI\Components\Pages\Home.razor(6722,120): warning CS8602: Dereference of a possibly null reference. [D:\AB3\clnsr_prjct\CleanserBlazorUI\CleanserBlazorUI.csproj]
         D:\AB3\clnsr_prjct\CleanserBlazorUI\Components\Pages\Home.razor(6722,57): warning CS8604: Possible null reference argument for parameter 'addr1' in 'CellDataAndStatus[] StringHelper.CleanAddresses(string addr1, string addr2, string addr3, string addr4)'. [D:\AB3\clnsr_prjct\CleanserBlazorUI\CleanserBlazorUI.csproj]
         D:\AB3\clnsr_prjct\CleanserBlazorUI\Components\Pages\Home.razor(6722,78): warning CS8604: Possible null reference argument for parameter 'addr2' in 'CellDataAndStatus[] StringHelper.CleanAddresses(string addr1, string addr2, string addr3, string addr4)'. [D:\AB3\clnsr_prjct\CleanserBlazorUI\CleanserBlazorUI.csproj]
         D:\AB3\clnsr_prjct\CleanserBlazorUI\Components\Pages\Home.razor(6722,99): warning CS8604: Possible null reference argument for parameter 'addr3' in 'CellDataAndStatus[] StringHelper.CleanAddresses(string addr1, string addr2, string addr3, string addr4)'. [D:\AB3\clnsr_prjct\CleanserBlazorUI\CleanserBlazorUI.csproj]
         D:\AB3\clnsr_prjct\CleanserBlazorUI\Components\Pages\Home.razor(6722,120): warning CS8604: Possible null reference argument for parameter 'addr4' in 'CellDataAndStatus[] StringHelper.CleanAddresses(string addr1, string addr2, string addr3, string addr4)'. [D:\AB3\clnsr_prjct\CleanserBlazorUI\CleanserBlazorUI.csproj]
         D:\AB3\clnsr_prjct\CleanserBlazorUI\Components\Pages\Home.razor(6729,59): warning CS8602: Dereference of a possibly null reference. [D:\AB3\clnsr_prjct\CleanserBlazorUI\CleanserBlazorUI.csproj]
         D:\AB3\clnsr_prjct\CleanserBlazorUI\Components\Pages\Home.razor(6729,81): warning CS8602: Dereference of a possibly null reference. [D:\AB3\clnsr_prjct\CleanserBlazorUI\CleanserBlazorUI.csproj]
         D:\AB3\clnsr_prjct\CleanserBlazorUI\Components\Pages\Home.razor(6729,103): warning CS8602: Dereference of a possibly null reference. [D:\AB3\clnsr_prjct\CleanserBlazorUI\CleanserBlazorUI.csproj]
         D:\AB3\clnsr_prjct\CleanserBlazorUI\Components\Pages\Home.razor(6729,125): warning CS8602: Dereference of a possibly null reference. [D:\AB3\clnsr_prjct\CleanserBlazorUI\CleanserBlazorUI.csproj]
         D:\AB3\clnsr_prjct\CleanserBlazorUI\Components\Pages\Home.razor(6729,59): warning CS8604: Possible null reference argument for parameter 'addr1' in 'CellDataAndStatus[] StringHelper.CleanAddresses(string addr1, string addr2, string addr3, string addr4)'. [D:\AB3\clnsr_prjct\CleanserBlazorUI\CleanserBlazorUI.csproj]
         D:\AB3\clnsr_prjct\CleanserBlazorUI\Components\Pages\Home.razor(6729,81): warning CS8604: Possible null reference argument for parameter 'addr2' in 'CellDataAndStatus[] StringHelper.CleanAddresses(string addr1, string addr2, string addr3, string addr4)'. [D:\AB3\clnsr_prjct\CleanserBlazorUI\CleanserBlazorUI.csproj]
         D:\AB3\clnsr_prjct\CleanserBlazorUI\Components\Pages\Home.razor(6729,103): warning CS8604: Possible null reference argument for parameter 'addr3' in 'CellDataAndStatus[] StringHelper.CleanAddresses(string addr1, string addr2, string addr3, string addr4)'. [D:\AB3\clnsr_prjct\CleanserBlazorUI\CleanserBlazorUI.csproj]
         D:\AB3\clnsr_prjct\CleanserBlazorUI\Components\Pages\Home.razor(6729,125): warning CS8604: Possible null reference argument for parameter 'addr4' in 'CellDataAndStatus[] StringHelper.CleanAddresses(string addr1, string addr2, string addr3, string addr4)'. [D:\AB3\clnsr_prjct\CleanserBlazorUI\CleanserBlazorUI.csproj]
         D:\AB3\clnsr_prjct\CleanserBlazorUI\Components\Pages\Home.razor(6736,60): warning CS8602: Dereference of a possibly null reference. [D:\AB3\clnsr_prjct\CleanserBlazorUI\CleanserBlazorUI.csproj]
         D:\AB3\clnsr_prjct\CleanserBlazorUI\Components\Pages\Home.razor(6736,83): warning CS8602: Dereference of a possibly null reference. [D:\AB3\clnsr_prjct\CleanserBlazorUI\CleanserBlazorUI.csproj]
         D:\AB3\clnsr_prjct\CleanserBlazorUI\Components\Pages\Home.razor(6736,106): warning CS8602: Dereference of a possibly null reference. [D:\AB3\clnsr_prjct\CleanserBlazorUI\CleanserBlazorUI.csproj]
         D:\AB3\clnsr_prjct\CleanserBlazorUI\Components\Pages\Home.razor(6736,129): warning CS8602: Dereference of a possibly null reference. [D:\AB3\clnsr_prjct\CleanserBlazorUI\CleanserBlazorUI.csproj]
         D:\AB3\clnsr_prjct\CleanserBlazorUI\Components\Pages\Home.razor(6736,60): warning CS8604: Possible null reference argument for parameter 'addr1' in 'CellDataAndStatus[] StringHelper.CleanAddresses(string addr1, string addr2, string addr3, string addr4)'. [D:\AB3\clnsr_prjct\CleanserBlazorUI\CleanserBlazorUI.csproj]
         D:\AB3\clnsr_prjct\CleanserBlazorUI\Components\Pages\Home.razor(6736,83): warning CS8604: Possible null reference argument for parameter 'addr2' in 'CellDataAndStatus[] StringHelper.CleanAddresses(string addr1, string addr2, string addr3, string addr4)'. [D:\AB3\clnsr_prjct\CleanserBlazorUI\CleanserBlazorUI.csproj]
         D:\AB3\clnsr_prjct\CleanserBlazorUI\Components\Pages\Home.razor(6736,106): warning CS8604: Possible null reference argument for parameter 'addr3' in 'CellDataAndStatus[] StringHelper.CleanAddresses(string addr1, string addr2, string addr3, string addr4)'. [D:\AB3\clnsr_prjct\CleanserBlazorUI\CleanserBlazorUI.csproj]
         D:\AB3\clnsr_prjct\CleanserBlazorUI\Components\Pages\Home.razor(6736,129): warning CS8604: Possible null reference argument for parameter 'addr4' in 'CellDataAndStatus[] StringHelper.CleanAddresses(string addr1, string addr2, string addr3, string addr4)'. [D:\AB3\clnsr_prjct\CleanserBlazorUI\CleanserBlazorUI.csproj]
         D:\AB3\clnsr_prjct\CleanserBlazorUI\Components\Pages\Home.razor(6745,64): warning CS8602: Dereference of a possibly null reference. [D:\AB3\clnsr_prjct\CleanserBlazorUI\CleanserBlazorUI.csproj]
         D:\AB3\clnsr_prjct\CleanserBlazorUI\Components\Pages\Home.razor(6745,64): warning CS8602: Dereference of a possibly null reference. [D:\AB3\clnsr_prjct\CleanserBlazorUI\CleanserBlazorUI.csproj]
         D:\AB3\clnsr_prjct\CleanserBlazorUI\Components\Pages\Home.razor(6745,135): warning CS8602: Dereference of a possibly null reference. [D:\AB3\clnsr_prjct\CleanserBlazorUI\CleanserBlazorUI.csproj]
         D:\AB3\clnsr_prjct\CleanserBlazorUI\Components\Pages\Home.razor(6745,135): warning CS8602: Dereference of a possibly null reference. [D:\AB3\clnsr_prjct\CleanserBlazorUI\CleanserBlazorUI.csproj]
         D:\AB3\clnsr_prjct\CleanserBlazorUI\Components\Pages\Home.razor(6749,67): warning CS8602: Dereference of a possibly null reference. [D:\AB3\clnsr_prjct\CleanserBlazorUI\CleanserBlazorUI.csproj]
         D:\AB3\clnsr_prjct\CleanserBlazorUI\Components\Pages\Home.razor(6749,67): warning CS8602: Dereference of a possibly null reference. [D:\AB3\clnsr_prjct\CleanserBlazorUI\CleanserBlazorUI.csproj]
         D:\AB3\clnsr_prjct\CleanserBlazorUI\Components\Pages\Home.razor(6749,136): warning CS8602: Dereference of a possibly null reference. [D:\AB3\clnsr_prjct\CleanserBlazorUI\CleanserBlazorUI.csproj]
         D:\AB3\clnsr_prjct\CleanserBlazorUI\Components\Pages\Home.razor(6749,136): warning CS8602: Dereference of a possibly null reference. [D:\AB3\clnsr_prjct\CleanserBlazorUI\CleanserBlazorUI.csproj]
         D:\AB3\clnsr_prjct\CleanserBlazorUI\Components\Pages\Home.razor(6753,67): warning CS8602: Dereference of a possibly null reference. [D:\AB3\clnsr_prjct\CleanserBlazorUI\CleanserBlazorUI.csproj]
         D:\AB3\clnsr_prjct\CleanserBlazorUI\Components\Pages\Home.razor(6753,67): warning CS8602: Dereference of a possibly null reference. [D:\AB3\clnsr_prjct\CleanserBlazorUI\CleanserBlazorUI.csproj]
         D:\AB3\clnsr_prjct\CleanserBlazorUI\Components\Pages\Home.razor(6753,136): warning CS8602: Dereference of a possibly null reference. [D:\AB3\clnsr_prjct\CleanserBlazorUI\CleanserBlazorUI.csproj]
         D:\AB3\clnsr_prjct\CleanserBlazorUI\Components\Pages\Home.razor(6753,136): warning CS8602: Dereference of a possibly null reference. [D:\AB3\clnsr_prjct\CleanserBlazorUI\CleanserBlazorUI.csproj]
         D:\AB3\clnsr_prjct\CleanserBlazorUI\Components\Pages\Home.razor(6757,67): warning CS8602: Dereference of a possibly null reference. [D:\AB3\clnsr_prjct\CleanserBlazorUI\CleanserBlazorUI.csproj]
         D:\AB3\clnsr_prjct\CleanserBlazorUI\Components\Pages\Home.razor(6757,67): warning CS8602: Dereference of a possibly null reference. [D:\AB3\clnsr_prjct\CleanserBlazorUI\CleanserBlazorUI.csproj]
         D:\AB3\clnsr_prjct\CleanserBlazorUI\Components\Pages\Home.razor(6757,136): warning CS8602: Dereference of a possibly null reference. [D:\AB3\clnsr_prjct\CleanserBlazorUI\CleanserBlazorUI.csproj]
         D:\AB3\clnsr_prjct\CleanserBlazorUI\Components\Pages\Home.razor(6757,136): warning CS8602: Dereference of a possibly null reference. [D:\AB3\clnsr_prjct\CleanserBlazorUI\CleanserBlazorUI.csproj]
         D:\AB3\clnsr_prjct\CleanserBlazorUI\Components\Pages\Home.razor(6761,67): warning CS8602: Dereference of a possibly null reference. [D:\AB3\clnsr_prjct\CleanserBlazorUI\CleanserBlazorUI.csproj]
         D:\AB3\clnsr_prjct\CleanserBlazorUI\Components\Pages\Home.razor(6761,67): warning CS8602: Dereference of a possibly null reference. [D:\AB3\clnsr_prjct\CleanserBlazorUI\CleanserBlazorUI.csproj]
         D:\AB3\clnsr_prjct\CleanserBlazorUI\Components\Pages\Home.razor(6761,136): warning CS8602: Dereference of a possibly null reference. [D:\AB3\clnsr_prjct\CleanserBlazorUI\CleanserBlazorUI.csproj]
         D:\AB3\clnsr_prjct\CleanserBlazorUI\Components\Pages\Home.razor(6761,136): warning CS8602: Dereference of a possibly null reference. [D:\AB3\clnsr_prjct\CleanserBlazorUI\CleanserBlazorUI.csproj]
         D:\AB3\clnsr_prjct\CleanserBlazorUI\Components\Pages\Home.razor(6767,17): warning CS8602: Dereference of a possibly null reference. [D:\AB3\clnsr_prjct\CleanserBlazorUI\CleanserBlazorUI.csproj]
         D:\AB3\clnsr_prjct\CleanserBlazorUI\Components\Pages\Home.razor(6769,36): warning CS8602: Dereference of a possibly null reference. [D:\AB3\clnsr_prjct\CleanserBlazorUI\CleanserBlazorUI.csproj]
         D:\AB3\clnsr_prjct\CleanserBlazorUI\Components\Pages\Home.razor(6786,55): warning CS8602: Dereference of a possibly null reference. [D:\AB3\clnsr_prjct\CleanserBlazorUI\CleanserBlazorUI.csproj]
         D:\AB3\clnsr_prjct\CleanserBlazorUI\Components\Pages\Home.razor(6786,73): warning CS8602: Dereference of a possibly null reference. [D:\AB3\clnsr_prjct\CleanserBlazorUI\CleanserBlazorUI.csproj]
         D:\AB3\clnsr_prjct\CleanserBlazorUI\Components\Pages\Home.razor(6786,91): warning CS8602: Dereference of a possibly null reference. [D:\AB3\clnsr_prjct\CleanserBlazorUI\CleanserBlazorUI.csproj]
         D:\AB3\clnsr_prjct\CleanserBlazorUI\Components\Pages\Home.razor(6786,109): warning CS8602: Dereference of a possibly null reference. [D:\AB3\clnsr_prjct\CleanserBlazorUI\CleanserBlazorUI.csproj]
         D:\AB3\clnsr_prjct\CleanserBlazorUI\Components\Pages\Home.razor(6786,55): warning CS8604: Possible null reference argument for parameter 'addr1' in 'CellDataAndStatus[] StringHelper.CleanAddresses(string addr1, string addr2, string addr3, string addr4)'. [D:\AB3\clnsr_prjct\CleanserBlazorUI\CleanserBlazorUI.csproj]
         D:\AB3\clnsr_prjct\CleanserBlazorUI\Components\Pages\Home.razor(6786,73): warning CS8604: Possible null reference argument for parameter 'addr2' in 'CellDataAndStatus[] StringHelper.CleanAddresses(string addr1, string addr2, string addr3, string addr4)'. [D:\AB3\clnsr_prjct\CleanserBlazorUI\CleanserBlazorUI.csproj]
         D:\AB3\clnsr_prjct\CleanserBlazorUI\Components\Pages\Home.razor(6786,91): warning CS8604: Possible null reference argument for parameter 'addr3' in 'CellDataAndStatus[] StringHelper.CleanAddresses(string addr1, string addr2, string addr3, string addr4)'. [D:\AB3\clnsr_prjct\CleanserBlazorUI\CleanserBlazorUI.csproj]
         D:\AB3\clnsr_prjct\CleanserBlazorUI\Components\Pages\Home.razor(6786,109): warning CS8604: Possible null reference argument for parameter 'addr4' in 'CellDataAndStatus[] StringHelper.CleanAddresses(string addr1, string addr2, string addr3, string addr4)'. [D:\AB3\clnsr_prjct\CleanserBlazorUI\CleanserBlazorUI.csproj]
         D:\AB3\clnsr_prjct\CleanserBlazorUI\Components\Pages\Home.razor(6793,146): warning CS8602: Dereference of a possibly null reference. [D:\AB3\clnsr_prjct\CleanserBlazorUI\CleanserBlazorUI.csproj]
         D:\AB3\clnsr_prjct\CleanserBlazorUI\Components\Pages\Home.razor(6793,170): warning CS8602: Dereference of a possibly null reference. [D:\AB3\clnsr_prjct\CleanserBlazorUI\CleanserBlazorUI.csproj]
         D:\AB3\clnsr_prjct\CleanserBlazorUI\Components\Pages\Home.razor(6793,186): warning CS8602: Dereference of a possibly null reference. [D:\AB3\clnsr_prjct\CleanserBlazorUI\CleanserBlazorUI.csproj]
         D:\AB3\clnsr_prjct\CleanserBlazorUI\Components\Pages\Home.razor(6793,210): warning CS8602: Dereference of a possibly null reference. [D:\AB3\clnsr_prjct\CleanserBlazorUI\CleanserBlazorUI.csproj]
         D:\AB3\clnsr_prjct\CleanserBlazorUI\Components\Pages\Home.razor(6793,146): warning CS8604: Possible null reference argument for parameter 'incomeCurrency' in 'CellDataAndStatus[] StringHelper.IncomeCurrency_Income_jointOrSoleAcc_NoParticipantsInAcc(string incomeCurrency, string income, string jointOrSoleAcc, string noParticipantsInAcc)'. [D:\AB3\clnsr_prjct\CleanserBlazorUI\CleanserBlazorUI.csproj]
         D:\AB3\clnsr_prjct\CleanserBlazorUI\Components\Pages\Home.razor(6793,170): warning CS8604: Possible null reference argument for parameter 'income' in 'CellDataAndStatus[] StringHelper.IncomeCurrency_Income_jointOrSoleAcc_NoParticipantsInAcc(string incomeCurrency, string income, string jointOrSoleAcc, string noParticipantsInAcc)'. [D:\AB3\clnsr_prjct\CleanserBlazorUI\CleanserBlazorUI.csproj]
         D:\AB3\clnsr_prjct\CleanserBlazorUI\Components\Pages\Home.razor(6793,186): warning CS8604: Possible null reference argument for parameter 'jointOrSoleAcc' in 'CellDataAndStatus[] StringHelper.IncomeCurrency_Income_jointOrSoleAcc_NoParticipantsInAcc(string incomeCurrency, string income, string jointOrSoleAcc, string noParticipantsInAcc)'. [D:\AB3\clnsr_prjct\CleanserBlazorUI\CleanserBlazorUI.csproj]
         D:\AB3\clnsr_prjct\CleanserBlazorUI\Components\Pages\Home.razor(6793,210): warning CS8604: Possible null reference argument for parameter 'noParticipantsInAcc' in 'CellDataAndStatus[] StringHelper.IncomeCurrency_Income_jointOrSoleAcc_NoParticipantsInAcc(string incomeCurrency, string income, string jointOrSoleAcc, string noParticipantsInAcc)'. [D:\AB3\clnsr_prjct\CleanserBlazorUI\CleanserBlazorUI.csproj]
         D:\AB3\clnsr_prjct\CleanserBlazorUI\Components\Pages\Home.razor(6800,87): warning CS8602: Dereference of a possibly null reference. [D:\AB3\clnsr_prjct\CleanserBlazorUI\CleanserBlazorUI.csproj]
         D:\AB3\clnsr_prjct\CleanserBlazorUI\Components\Pages\Home.razor(6800,111): warning CS8602: Dereference of a possibly null reference. [D:\AB3\clnsr_prjct\CleanserBlazorUI\CleanserBlazorUI.csproj]
         D:\AB3\clnsr_prjct\CleanserBlazorUI\Components\Pages\Home.razor(6800,87): warning CS8604: Possible null reference argument for parameter 'facilityAmount' in 'CellDataAndStatus[] StringHelper.FacilityAmount_DisbursementAmt(string facilityAmount, string disbursementAmt)'. [D:\AB3\clnsr_prjct\CleanserBlazorUI\CleanserBlazorUI.csproj]
         D:\AB3\clnsr_prjct\CleanserBlazorUI\Components\Pages\Home.razor(6800,111): warning CS8604: Possible null reference argument for parameter 'disbursementAmt' in 'CellDataAndStatus[] StringHelper.FacilityAmount_DisbursementAmt(string facilityAmount, string disbursementAmt)'. [D:\AB3\clnsr_prjct\CleanserBlazorUI\CleanserBlazorUI.csproj]
         D:\AB3\clnsr_prjct\CleanserBlazorUI\Components\Pages\Home.razor(6805,126): warning CS8602: Dereference of a possibly null reference. [D:\AB3\clnsr_prjct\CleanserBlazorUI\CleanserBlazorUI.csproj]
         D:\AB3\clnsr_prjct\CleanserBlazorUI\Components\Pages\Home.razor(6805,142): warning CS8602: Dereference of a possibly null reference. [D:\AB3\clnsr_prjct\CleanserBlazorUI\CleanserBlazorUI.csproj]
         D:\AB3\clnsr_prjct\CleanserBlazorUI\Components\Pages\Home.razor(6805,167): warning CS8602: Dereference of a possibly null reference. [D:\AB3\clnsr_prjct\CleanserBlazorUI\CleanserBlazorUI.csproj]
         D:\AB3\clnsr_prjct\CleanserBlazorUI\Components\Pages\Home.razor(6805,204): warning CS8602: Dereference of a possibly null reference. [D:\AB3\clnsr_prjct\CleanserBlazorUI\CleanserBlazorUI.csproj]
         D:\AB3\clnsr_prjct\CleanserBlazorUI\Components\Pages\Home.razor(6805,232): warning CS8602: Dereference of a possibly null reference. [D:\AB3\clnsr_prjct\CleanserBlazorUI\CleanserBlazorUI.csproj]
         D:\AB3\clnsr_prjct\CleanserBlazorUI\Components\Pages\Home.razor(6805,126): warning CS8604: Possible null reference argument for parameter 'currentBalance' in 'CellDataAndStatus[] StringHelper.CurBal0_AmtOverdue1_WOffAmount2_NDIA3_Fsc4_d_Date5(string currentBalance, string amtInArrears, string writtenOffAmount, string nDIA, string fcode, string f_isDate, string filename)'. [D:\AB3\clnsr_prjct\CleanserBlazorUI\CleanserBlazorUI.csproj]
         D:\AB3\clnsr_prjct\CleanserBlazorUI\Components\Pages\Home.razor(6805,142): warning CS8604: Possible null reference argument for parameter 'amtInArrears' in 'CellDataAndStatus[] StringHelper.CurBal0_AmtOverdue1_WOffAmount2_NDIA3_Fsc4_d_Date5(string currentBalance, string amtInArrears, string writtenOffAmount, string nDIA, string fcode, string f_isDate, string filename)'. [D:\AB3\clnsr_prjct\CleanserBlazorUI\CleanserBlazorUI.csproj]
         D:\AB3\clnsr_prjct\CleanserBlazorUI\Components\Pages\Home.razor(6805,167): warning CS8604: Possible null reference argument for parameter 'writtenOffAmount' in 'CellDataAndStatus[] StringHelper.CurBal0_AmtOverdue1_WOffAmount2_NDIA3_Fsc4_d_Date5(string currentBalance, string amtInArrears, string writtenOffAmount, string nDIA, string fcode, string f_isDate, string filename)'. [D:\AB3\clnsr_prjct\CleanserBlazorUI\CleanserBlazorUI.csproj]
         D:\AB3\clnsr_prjct\CleanserBlazorUI\Components\Pages\Home.razor(6805,190): warning CS8604: Possible null reference argument for parameter 'nDIA' in 'CellDataAndStatus[] StringHelper.CurBal0_AmtOverdue1_WOffAmount2_NDIA3_Fsc4_d_Date5(string currentBalance, string amtInArrears, string writtenOffAmount, string nDIA, string fcode, string f_isDate, string filename)'. [D:\AB3\clnsr_prjct\CleanserBlazorUI\CleanserBlazorUI.csproj]
         D:\AB3\clnsr_prjct\CleanserBlazorUI\Components\Pages\Home.razor(6805,204): warning CS8604: Possible null reference argument for parameter 'fcode' in 'CellDataAndStatus[] StringHelper.CurBal0_AmtOverdue1_WOffAmount2_NDIA3_Fsc4_d_Date5(string currentBalance, string amtInArrears, string writtenOffAmount, string nDIA, string fcode, string f_isDate, string filename)'. [D:\AB3\clnsr_prjct\CleanserBlazorUI\CleanserBlazorUI.csproj]
         D:\AB3\clnsr_prjct\CleanserBlazorUI\Components\Pages\Home.razor(6805,232): warning CS8604: Possible null reference argument for parameter 'f_isDate' in 'CellDataAndStatus[] StringHelper.CurBal0_AmtOverdue1_WOffAmount2_NDIA3_Fsc4_d_Date5(string currentBalance, string amtInArrears, string writtenOffAmount, string nDIA, string fcode, string f_isDate, string filename)'. [D:\AB3\clnsr_prjct\CleanserBlazorUI\CleanserBlazorUI.csproj]
         D:\AB3\clnsr_prjct\CleanserBlazorUI\Components\Pages\Home.razor(6820,53): warning CS8602: Dereference of a possibly null reference. [D:\AB3\clnsr_prjct\CleanserBlazorUI\CleanserBlazorUI.csproj]
         D:\AB3\clnsr_prjct\CleanserBlazorUI\Components\Pages\Home.razor(6820,69): warning CS8602: Dereference of a possibly null reference. [D:\AB3\clnsr_prjct\CleanserBlazorUI\CleanserBlazorUI.csproj]
         D:\AB3\clnsr_prjct\CleanserBlazorUI\Components\Pages\Home.razor(6820,85): warning CS8602: Dereference of a possibly null reference. [D:\AB3\clnsr_prjct\CleanserBlazorUI\CleanserBlazorUI.csproj]
         D:\AB3\clnsr_prjct\CleanserBlazorUI\Components\Pages\Home.razor(6820,53): warning CS8604: Possible null reference argument for parameter 'addr1' in 'CellDataAndStatus[] StringHelper.CleanAddresses(string addr1, string addr2, string addr3, string addr4)'. [D:\AB3\clnsr_prjct\CleanserBlazorUI\CleanserBlazorUI.csproj]
         D:\AB3\clnsr_prjct\CleanserBlazorUI\Components\Pages\Home.razor(6820,69): warning CS8604: Possible null reference argument for parameter 'addr2' in 'CellDataAndStatus[] StringHelper.CleanAddresses(string addr1, string addr2, string addr3, string addr4)'. [D:\AB3\clnsr_prjct\CleanserBlazorUI\CleanserBlazorUI.csproj]
         D:\AB3\clnsr_prjct\CleanserBlazorUI\Components\Pages\Home.razor(6820,85): warning CS8604: Possible null reference argument for parameter 'addr3' in 'CellDataAndStatus[] StringHelper.CleanAddresses(string addr1, string addr2, string addr3, string addr4)'. [D:\AB3\clnsr_prjct\CleanserBlazorUI\CleanserBlazorUI.csproj]
         D:\AB3\clnsr_prjct\CleanserBlazorUI\Components\Pages\Home.razor(6826,53): warning CS8602: Dereference of a possibly null reference. [D:\AB3\clnsr_prjct\CleanserBlazorUI\CleanserBlazorUI.csproj]
         D:\AB3\clnsr_prjct\CleanserBlazorUI\Components\Pages\Home.razor(6826,69): warning CS8602: Dereference of a possibly null reference. [D:\AB3\clnsr_prjct\CleanserBlazorUI\CleanserBlazorUI.csproj]
         D:\AB3\clnsr_prjct\CleanserBlazorUI\Components\Pages\Home.razor(6826,85): warning CS8602: Dereference of a possibly null reference. [D:\AB3\clnsr_prjct\CleanserBlazorUI\CleanserBlazorUI.csproj]
         D:\AB3\clnsr_prjct\CleanserBlazorUI\Components\Pages\Home.razor(6826,53): warning CS8604: Possible null reference argument for parameter 'addr1' in 'CellDataAndStatus[] StringHelper.CleanAddresses(string addr1, string addr2, string addr3, string addr4)'. [D:\AB3\clnsr_prjct\CleanserBlazorUI\CleanserBlazorUI.csproj]
         D:\AB3\clnsr_prjct\CleanserBlazorUI\Components\Pages\Home.razor(6826,69): warning CS8604: Possible null reference argument for parameter 'addr2' in 'CellDataAndStatus[] StringHelper.CleanAddresses(string addr1, string addr2, string addr3, string addr4)'. [D:\AB3\clnsr_prjct\CleanserBlazorUI\CleanserBlazorUI.csproj]
         D:\AB3\clnsr_prjct\CleanserBlazorUI\Components\Pages\Home.razor(6826,85): warning CS8604: Possible null reference argument for parameter 'addr3' in 'CellDataAndStatus[] StringHelper.CleanAddresses(string addr1, string addr2, string addr3, string addr4)'. [D:\AB3\clnsr_prjct\CleanserBlazorUI\CleanserBlazorUI.csproj]
         D:\AB3\clnsr_prjct\CleanserBlazorUI\Components\Pages\Home.razor(6832,53): warning CS8602: Dereference of a possibly null reference. [D:\AB3\clnsr_prjct\CleanserBlazorUI\CleanserBlazorUI.csproj]
         D:\AB3\clnsr_prjct\CleanserBlazorUI\Components\Pages\Home.razor(6832,69): warning CS8602: Dereference of a possibly null reference. [D:\AB3\clnsr_prjct\CleanserBlazorUI\CleanserBlazorUI.csproj]
         D:\AB3\clnsr_prjct\CleanserBlazorUI\Components\Pages\Home.razor(6832,85): warning CS8602: Dereference of a possibly null reference. [D:\AB3\clnsr_prjct\CleanserBlazorUI\CleanserBlazorUI.csproj]
         D:\AB3\clnsr_prjct\CleanserBlazorUI\Components\Pages\Home.razor(6832,53): warning CS8604: Possible null reference argument for parameter 'addr1' in 'CellDataAndStatus[] StringHelper.CleanAddresses(string addr1, string addr2, string addr3, string addr4)'. [D:\AB3\clnsr_prjct\CleanserBlazorUI\CleanserBlazorUI.csproj]
         D:\AB3\clnsr_prjct\CleanserBlazorUI\Components\Pages\Home.razor(6832,69): warning CS8604: Possible null reference argument for parameter 'addr2' in 'CellDataAndStatus[] StringHelper.CleanAddresses(string addr1, string addr2, string addr3, string addr4)'. [D:\AB3\clnsr_prjct\CleanserBlazorUI\CleanserBlazorUI.csproj]
         D:\AB3\clnsr_prjct\CleanserBlazorUI\Components\Pages\Home.razor(6832,85): warning CS8604: Possible null reference argument for parameter 'addr3' in 'CellDataAndStatus[] StringHelper.CleanAddresses(string addr1, string addr2, string addr3, string addr4)'. [D:\AB3\clnsr_prjct\CleanserBlazorUI\CleanserBlazorUI.csproj]
         D:\AB3\clnsr_prjct\CleanserBlazorUI\Components\Pages\Home.razor(6838,53): warning CS8602: Dereference of a possibly null reference. [D:\AB3\clnsr_prjct\CleanserBlazorUI\CleanserBlazorUI.csproj]
         D:\AB3\clnsr_prjct\CleanserBlazorUI\Components\Pages\Home.razor(6838,69): warning CS8602: Dereference of a possibly null reference. [D:\AB3\clnsr_prjct\CleanserBlazorUI\CleanserBlazorUI.csproj]
         D:\AB3\clnsr_prjct\CleanserBlazorUI\Components\Pages\Home.razor(6838,85): warning CS8602: Dereference of a possibly null reference. [D:\AB3\clnsr_prjct\CleanserBlazorUI\CleanserBlazorUI.csproj]
         D:\AB3\clnsr_prjct\CleanserBlazorUI\Components\Pages\Home.razor(6838,53): warning CS8604: Possible null reference argument for parameter 'addr1' in 'CellDataAndStatus[] StringHelper.CleanAddresses(string addr1, string addr2, string addr3, string addr4)'. [D:\AB3\clnsr_prjct\CleanserBlazorUI\CleanserBlazorUI.csproj]
         D:\AB3\clnsr_prjct\CleanserBlazorUI\Components\Pages\Home.razor(6838,69): warning CS8604: Possible null reference argument for parameter 'addr2' in 'CellDataAndStatus[] StringHelper.CleanAddresses(string addr1, string addr2, string addr3, string addr4)'. [D:\AB3\clnsr_prjct\CleanserBlazorUI\CleanserBlazorUI.csproj]
         D:\AB3\clnsr_prjct\CleanserBlazorUI\Components\Pages\Home.razor(6838,85): warning CS8604: Possible null reference argument for parameter 'addr3' in 'CellDataAndStatus[] StringHelper.CleanAddresses(string addr1, string addr2, string addr3, string addr4)'. [D:\AB3\clnsr_prjct\CleanserBlazorUI\CleanserBlazorUI.csproj]
         D:\AB3\clnsr_prjct\CleanserBlazorUI\Components\Pages\Home.razor(6844,47): warning CS8602: Dereference of a possibly null reference. [D:\AB3\clnsr_prjct\CleanserBlazorUI\CleanserBlazorUI.csproj]
         D:\AB3\clnsr_prjct\CleanserBlazorUI\Components\Pages\Home.razor(6844,47): warning CS8604: Possible null reference argument for parameter 'input' in 'string Home.FilterBusinessKeywords(string input)'. [D:\AB3\clnsr_prjct\CleanserBlazorUI\CleanserBlazorUI.csproj]
         D:\AB3\clnsr_prjct\CleanserBlazorUI\Components\Pages\Home.razor(6848,17): warning CS8602: Dereference of a possibly null reference. [D:\AB3\clnsr_prjct\CleanserBlazorUI\CleanserBlazorUI.csproj]
         D:\AB3\clnsr_prjct\CleanserBlazorUI\Components\Pages\Home.razor(6860,44): warning CS8602: Dereference of a possibly null reference. [D:\AB3\clnsr_prjct\CleanserBlazorUI\CleanserBlazorUI.csproj]
         D:\AB3\clnsr_prjct\CleanserBlazorUI\Components\Pages\Home.razor(6860,63): warning CS8602: Dereference of a possibly null reference. [D:\AB3\clnsr_prjct\CleanserBlazorUI\CleanserBlazorUI.csproj]
         D:\AB3\clnsr_prjct\CleanserBlazorUI\Components\Pages\Home.razor(6860,84): warning CS8602: Dereference of a possibly null reference. [D:\AB3\clnsr_prjct\CleanserBlazorUI\CleanserBlazorUI.csproj]
         D:\AB3\clnsr_prjct\CleanserBlazorUI\Components\Pages\Home.razor(6861,47): warning CS8602: Dereference of a possibly null reference. [D:\AB3\clnsr_prjct\CleanserBlazorUI\CleanserBlazorUI.csproj]
         D:\AB3\clnsr_prjct\CleanserBlazorUI\Components\Pages\Home.razor(6861,65): warning CS8602: Dereference of a possibly null reference. [D:\AB3\clnsr_prjct\CleanserBlazorUI\CleanserBlazorUI.csproj]
         D:\AB3\clnsr_prjct\CleanserBlazorUI\Components\Pages\Home.razor(6862,13): warning CS8602: Dereference of a possibly null reference. [D:\AB3\clnsr_prjct\CleanserBlazorUI\CleanserBlazorUI.csproj]
         D:\AB3\clnsr_prjct\CleanserBlazorUI\Components\Pages\Home.razor(6860,44): warning CS8604: Possible null reference argument for parameter 'S' in '(string S, string F, string M, string NID, string VID, string DID, string PID, string SSID, string GENDER, string DOB, string ADD1, string ADD2, string ADD3, string ADD4, string HTEL, string WTEL, string GMOB) Home.GurantorDataConvertor(string S, string F, string M, string NID, string VID, string DID, string PID, string SSID, string GENDER, string DOB, string ADD1, string ADD2, string ADD3, string ADD4, string HTEL, string WTEL, string GMOB, string ind1_bus2)'. [D:\AB3\clnsr_prjct\CleanserBlazorUI\CleanserBlazorUI.csproj]
         D:\AB3\clnsr_prjct\CleanserBlazorUI\Components\Pages\Home.razor(6860,63): warning CS8604: Possible null reference argument for parameter 'F' in '(string S, string F, string M, string NID, string VID, string DID, string PID, string SSID, string GENDER, string DOB, string ADD1, string ADD2, string ADD3, string ADD4, string HTEL, string WTEL, string GMOB) Home.GurantorDataConvertor(string S, string F, string M, string NID, string VID, string DID, string PID, string SSID, string GENDER, string DOB, string ADD1, string ADD2, string ADD3, string ADD4, string HTEL, string WTEL, string GMOB, string ind1_bus2)'. [D:\AB3\clnsr_prjct\CleanserBlazorUI\CleanserBlazorUI.csproj]
         D:\AB3\clnsr_prjct\CleanserBlazorUI\Components\Pages\Home.razor(6860,84): warning CS8604: Possible null reference argument for parameter 'M' in '(string S, string F, string M, string NID, string VID, string DID, string PID, string SSID, string GENDER, string DOB, string ADD1, string ADD2, string ADD3, string ADD4, string HTEL, string WTEL, string GMOB) Home.GurantorDataConvertor(string S, string F, string M, string NID, string VID, string DID, string PID, string SSID, string GENDER, string DOB, string ADD1, string ADD2, string ADD3, string ADD4, string HTEL, string WTEL, string GMOB, string ind1_bus2)'. [D:\AB3\clnsr_prjct\CleanserBlazorUI\CleanserBlazorUI.csproj]
         D:\AB3\clnsr_prjct\CleanserBlazorUI\Components\Pages\Home.razor(6860,107): warning CS8604: Possible null reference argument for parameter 'NID' in '(string S, string F, string M, string NID, string VID, string DID, string PID, string SSID, string GENDER, string DOB, string ADD1, string ADD2, string ADD3, string ADD4, string HTEL, string WTEL, string GMOB) Home.GurantorDataConvertor(string S, string F, string M, string NID, string VID, string DID, string PID, string SSID, string GENDER, string DOB, string ADD1, string ADD2, string ADD3, string ADD4, string HTEL, string WTEL, string GMOB, string ind1_bus2)'. [D:\AB3\clnsr_prjct\CleanserBlazorUI\CleanserBlazorUI.csproj]
         D:\AB3\clnsr_prjct\CleanserBlazorUI\Components\Pages\Home.razor(6860,124): warning CS8604: Possible null reference argument for parameter 'VID' in '(string S, string F, string M, string NID, string VID, string DID, string PID, string SSID, string GENDER, string DOB, string ADD1, string ADD2, string ADD3, string ADD4, string HTEL, string WTEL, string GMOB) Home.GurantorDataConvertor(string S, string F, string M, string NID, string VID, string DID, string PID, string SSID, string GENDER, string DOB, string ADD1, string ADD2, string ADD3, string ADD4, string HTEL, string WTEL, string GMOB, string ind1_bus2)'. [D:\AB3\clnsr_prjct\CleanserBlazorUI\CleanserBlazorUI.csproj]
         D:\AB3\clnsr_prjct\CleanserBlazorUI\Components\Pages\Home.razor(6860,141): warning CS8604: Possible null reference argument for parameter 'DID' in '(string S, string F, string M, string NID, string VID, string DID, string PID, string SSID, string GENDER, string DOB, string ADD1, string ADD2, string ADD3, string ADD4, string HTEL, string WTEL, string GMOB) Home.GurantorDataConvertor(string S, string F, string M, string NID, string VID, string DID, string PID, string SSID, string GENDER, string DOB, string ADD1, string ADD2, string ADD3, string ADD4, string HTEL, string WTEL, string GMOB, string ind1_bus2)'. [D:\AB3\clnsr_prjct\CleanserBlazorUI\CleanserBlazorUI.csproj]
         D:\AB3\clnsr_prjct\CleanserBlazorUI\Components\Pages\Home.razor(6861,13): warning CS8604: Possible null reference argument for parameter 'PID' in '(string S, string F, string M, string NID, string VID, string DID, string PID, string SSID, string GENDER, string DOB, string ADD1, string ADD2, string ADD3, string ADD4, string HTEL, string WTEL, string GMOB) Home.GurantorDataConvertor(string S, string F, string M, string NID, string VID, string DID, string PID, string SSID, string GENDER, string DOB, string ADD1, string ADD2, string ADD3, string ADD4, string HTEL, string WTEL, string GMOB, string ind1_bus2)'. [D:\AB3\clnsr_prjct\CleanserBlazorUI\CleanserBlazorUI.csproj]
         D:\AB3\clnsr_prjct\CleanserBlazorUI\Components\Pages\Home.razor(6861,32): warning CS8604: Possible null reference argument for parameter 'SSID' in '(string S, string F, string M, string NID, string VID, string DID, string PID, string SSID, string GENDER, string DOB, string ADD1, string ADD2, string ADD3, string ADD4, string HTEL, string WTEL, string GMOB) Home.GurantorDataConvertor(string S, string F, string M, string NID, string VID, string DID, string PID, string SSID, string GENDER, string DOB, string ADD1, string ADD2, string ADD3, string ADD4, string HTEL, string WTEL, string GMOB, string ind1_bus2)'. [D:\AB3\clnsr_prjct\CleanserBlazorUI\CleanserBlazorUI.csproj]
         D:\AB3\clnsr_prjct\CleanserBlazorUI\Components\Pages\Home.razor(6861,47): warning CS8604: Possible null reference argument for parameter 'GENDER' in '(string S, string F, string M, string NID, string VID, string DID, string PID, string SSID, string GENDER, string DOB, string ADD1, string ADD2, string ADD3, string ADD4, string HTEL, string WTEL, string GMOB) Home.GurantorDataConvertor(string S, string F, string M, string NID, string VID, string DID, string PID, string SSID, string GENDER, string DOB, string ADD1, string ADD2, string ADD3, string ADD4, string HTEL, string WTEL, string GMOB, string ind1_bus2)'. [D:\AB3\clnsr_prjct\CleanserBlazorUI\CleanserBlazorUI.csproj]
         D:\AB3\clnsr_prjct\CleanserBlazorUI\Components\Pages\Home.razor(6861,65): warning CS8604: Possible null reference argument for parameter 'DOB' in '(string S, string F, string M, string NID, string VID, string DID, string PID, string SSID, string GENDER, string DOB, string ADD1, string ADD2, string ADD3, string ADD4, string HTEL, string WTEL, string GMOB) Home.GurantorDataConvertor(string S, string F, string M, string NID, string VID, string DID, string PID, string SSID, string GENDER, string DOB, string ADD1, string ADD2, string ADD3, string ADD4, string HTEL, string WTEL, string GMOB, string ind1_bus2)'. [D:\AB3\clnsr_prjct\CleanserBlazorUI\CleanserBlazorUI.csproj]
         D:\AB3\clnsr_prjct\CleanserBlazorUI\Components\Pages\Home.razor(6861,80): warning CS8604: Possible null reference argument for parameter 'ADD1' in '(string S, string F, string M, string NID, string VID, string DID, string PID, string SSID, string GENDER, string DOB, string ADD1, string ADD2, string ADD3, string ADD4, string HTEL, string WTEL, string GMOB) Home.GurantorDataConvertor(string S, string F, string M, string NID, string VID, string DID, string PID, string SSID, string GENDER, string DOB, string ADD1, string ADD2, string ADD3, string ADD4, string HTEL, string WTEL, string GMOB, string ind1_bus2)'. [D:\AB3\clnsr_prjct\CleanserBlazorUI\CleanserBlazorUI.csproj]
         D:\AB3\clnsr_prjct\CleanserBlazorUI\Components\Pages\Home.razor(6861,96): warning CS8604: Possible null reference argument for parameter 'ADD2' in '(string S, string F, string M, string NID, string VID, string DID, string PID, string SSID, string GENDER, string DOB, string ADD1, string ADD2, string ADD3, string ADD4, string HTEL, string WTEL, string GMOB) Home.GurantorDataConvertor(string S, string F, string M, string NID, string VID, string DID, string PID, string SSID, string GENDER, string DOB, string ADD1, string ADD2, string ADD3, string ADD4, string HTEL, string WTEL, string GMOB, string ind1_bus2)'. [D:\AB3\clnsr_prjct\CleanserBlazorUI\CleanserBlazorUI.csproj]
         D:\AB3\clnsr_prjct\CleanserBlazorUI\Components\Pages\Home.razor(6861,112): warning CS8604: Possible null reference argument for parameter 'ADD3' in '(string S, string F, string M, string NID, string VID, string DID, string PID, string SSID, string GENDER, string DOB, string ADD1, string ADD2, string ADD3, string ADD4, string HTEL, string WTEL, string GMOB) Home.GurantorDataConvertor(string S, string F, string M, string NID, string VID, string DID, string PID, string SSID, string GENDER, string DOB, string ADD1, string ADD2, string ADD3, string ADD4, string HTEL, string WTEL, string GMOB, string ind1_bus2)'. [D:\AB3\clnsr_prjct\CleanserBlazorUI\CleanserBlazorUI.csproj]
         D:\AB3\clnsr_prjct\CleanserBlazorUI\Components\Pages\Home.razor(6861,142): warning CS8604: Possible null reference argument for parameter 'HTEL' in '(string S, string F, string M, string NID, string VID, string DID, string PID, string SSID, string GENDER, string DOB, string ADD1, string ADD2, string ADD3, string ADD4, string HTEL, string WTEL, string GMOB) Home.GurantorDataConvertor(string S, string F, string M, string NID, string VID, string DID, string PID, string SSID, string GENDER, string DOB, string ADD1, string ADD2, string ADD3, string ADD4, string HTEL, string WTEL, string GMOB, string ind1_bus2)'. [D:\AB3\clnsr_prjct\CleanserBlazorUI\CleanserBlazorUI.csproj]
         D:\AB3\clnsr_prjct\CleanserBlazorUI\Components\Pages\Home.razor(6862,13): warning CS8604: Possible null reference argument for parameter 'WTEL' in '(string S, string F, string M, string NID, string VID, string DID, string PID, string SSID, string GENDER, string DOB, string ADD1, string ADD2, string ADD3, string ADD4, string HTEL, string WTEL, string GMOB) Home.GurantorDataConvertor(string S, string F, string M, string NID, string VID, string DID, string PID, string SSID, string GENDER, string DOB, string ADD1, string ADD2, string ADD3, string ADD4, string HTEL, string WTEL, string GMOB, string ind1_bus2)'. [D:\AB3\clnsr_prjct\CleanserBlazorUI\CleanserBlazorUI.csproj]
         D:\AB3\clnsr_prjct\CleanserBlazorUI\Components\Pages\Home.razor(6862,32): warning CS8604: Possible null reference argument for parameter 'GMOB' in '(string S, string F, string M, string NID, string VID, string DID, string PID, string SSID, string GENDER, string DOB, string ADD1, string ADD2, string ADD3, string ADD4, string HTEL, string WTEL, string GMOB) Home.GurantorDataConvertor(string S, string F, string M, string NID, string VID, string DID, string PID, string SSID, string GENDER, string DOB, string ADD1, string ADD2, string ADD3, string ADD4, string HTEL, string WTEL, string GMOB, string ind1_bus2)'. [D:\AB3\clnsr_prjct\CleanserBlazorUI\CleanserBlazorUI.csproj]
         D:\AB3\clnsr_prjct\CleanserBlazorUI\Components\Pages\Home.razor(6881,44): warning CS8602: Dereference of a possibly null reference. [D:\AB3\clnsr_prjct\CleanserBlazorUI\CleanserBlazorUI.csproj]
         D:\AB3\clnsr_prjct\CleanserBlazorUI\Components\Pages\Home.razor(6881,63): warning CS8602: Dereference of a possibly null reference. [D:\AB3\clnsr_prjct\CleanserBlazorUI\CleanserBlazorUI.csproj]
         D:\AB3\clnsr_prjct\CleanserBlazorUI\Components\Pages\Home.razor(6881,84): warning CS8602: Dereference of a possibly null reference. [D:\AB3\clnsr_prjct\CleanserBlazorUI\CleanserBlazorUI.csproj]
         D:\AB3\clnsr_prjct\CleanserBlazorUI\Components\Pages\Home.razor(6882,46): warning CS8602: Dereference of a possibly null reference. [D:\AB3\clnsr_prjct\CleanserBlazorUI\CleanserBlazorUI.csproj]
         D:\AB3\clnsr_prjct\CleanserBlazorUI\Components\Pages\Home.razor(6882,64): warning CS8602: Dereference of a possibly null reference. [D:\AB3\clnsr_prjct\CleanserBlazorUI\CleanserBlazorUI.csproj]
         D:\AB3\clnsr_prjct\CleanserBlazorUI\Components\Pages\Home.razor(6883,12): warning CS8602: Dereference of a possibly null reference. [D:\AB3\clnsr_prjct\CleanserBlazorUI\CleanserBlazorUI.csproj]
         D:\AB3\clnsr_prjct\CleanserBlazorUI\Components\Pages\Home.razor(6881,44): warning CS8604: Possible null reference argument for parameter 'S' in '(string S, string F, string M, string NID, string VID, string DID, string PID, string SSID, string GENDER, string DOB, string ADD1, string ADD2, string ADD3, string ADD4, string HTEL, string WTEL, string GMOB) Home.GurantorDataConvertor(string S, string F, string M, string NID, string VID, string DID, string PID, string SSID, string GENDER, string DOB, string ADD1, string ADD2, string ADD3, string ADD4, string HTEL, string WTEL, string GMOB, string ind1_bus2)'. [D:\AB3\clnsr_prjct\CleanserBlazorUI\CleanserBlazorUI.csproj]
         D:\AB3\clnsr_prjct\CleanserBlazorUI\Components\Pages\Home.razor(6881,63): warning CS8604: Possible null reference argument for parameter 'F' in '(string S, string F, string M, string NID, string VID, string DID, string PID, string SSID, string GENDER, string DOB, string ADD1, string ADD2, string ADD3, string ADD4, string HTEL, string WTEL, string GMOB) Home.GurantorDataConvertor(string S, string F, string M, string NID, string VID, string DID, string PID, string SSID, string GENDER, string DOB, string ADD1, string ADD2, string ADD3, string ADD4, string HTEL, string WTEL, string GMOB, string ind1_bus2)'. [D:\AB3\clnsr_prjct\CleanserBlazorUI\CleanserBlazorUI.csproj]
         D:\AB3\clnsr_prjct\CleanserBlazorUI\Components\Pages\Home.razor(6881,84): warning CS8604: Possible null reference argument for parameter 'M' in '(string S, string F, string M, string NID, string VID, string DID, string PID, string SSID, string GENDER, string DOB, string ADD1, string ADD2, string ADD3, string ADD4, string HTEL, string WTEL, string GMOB) Home.GurantorDataConvertor(string S, string F, string M, string NID, string VID, string DID, string PID, string SSID, string GENDER, string DOB, string ADD1, string ADD2, string ADD3, string ADD4, string HTEL, string WTEL, string GMOB, string ind1_bus2)'. [D:\AB3\clnsr_prjct\CleanserBlazorUI\CleanserBlazorUI.csproj]
         D:\AB3\clnsr_prjct\CleanserBlazorUI\Components\Pages\Home.razor(6881,107): warning CS8604: Possible null reference argument for parameter 'NID' in '(string S, string F, string M, string NID, string VID, string DID, string PID, string SSID, string GENDER, string DOB, string ADD1, string ADD2, string ADD3, string ADD4, string HTEL, string WTEL, string GMOB) Home.GurantorDataConvertor(string S, string F, string M, string NID, string VID, string DID, string PID, string SSID, string GENDER, string DOB, string ADD1, string ADD2, string ADD3, string ADD4, string HTEL, string WTEL, string GMOB, string ind1_bus2)'. [D:\AB3\clnsr_prjct\CleanserBlazorUI\CleanserBlazorUI.csproj]
         D:\AB3\clnsr_prjct\CleanserBlazorUI\Components\Pages\Home.razor(6881,124): warning CS8604: Possible null reference argument for parameter 'VID' in '(string S, string F, string M, string NID, string VID, string DID, string PID, string SSID, string GENDER, string DOB, string ADD1, string ADD2, string ADD3, string ADD4, string HTEL, string WTEL, string GMOB) Home.GurantorDataConvertor(string S, string F, string M, string NID, string VID, string DID, string PID, string SSID, string GENDER, string DOB, string ADD1, string ADD2, string ADD3, string ADD4, string HTEL, string WTEL, string GMOB, string ind1_bus2)'. [D:\AB3\clnsr_prjct\CleanserBlazorUI\CleanserBlazorUI.csproj]
         D:\AB3\clnsr_prjct\CleanserBlazorUI\Components\Pages\Home.razor(6881,141): warning CS8604: Possible null reference argument for parameter 'DID' in '(string S, string F, string M, string NID, string VID, string DID, string PID, string SSID, string GENDER, string DOB, string ADD1, string ADD2, string ADD3, string ADD4, string HTEL, string WTEL, string GMOB) Home.GurantorDataConvertor(string S, string F, string M, string NID, string VID, string DID, string PID, string SSID, string GENDER, string DOB, string ADD1, string ADD2, string ADD3, string ADD4, string HTEL, string WTEL, string GMOB, string ind1_bus2)'. [D:\AB3\clnsr_prjct\CleanserBlazorUI\CleanserBlazorUI.csproj]
         D:\AB3\clnsr_prjct\CleanserBlazorUI\Components\Pages\Home.razor(6882,12): warning CS8604: Possible null reference argument for parameter 'PID' in '(string S, string F, string M, string NID, string VID, string DID, string PID, string SSID, string GENDER, string DOB, string ADD1, string ADD2, string ADD3, string ADD4, string HTEL, string WTEL, string GMOB) Home.GurantorDataConvertor(string S, string F, string M, string NID, string VID, string DID, string PID, string SSID, string GENDER, string DOB, string ADD1, string ADD2, string ADD3, string ADD4, string HTEL, string WTEL, string GMOB, string ind1_bus2)'. [D:\AB3\clnsr_prjct\CleanserBlazorUI\CleanserBlazorUI.csproj]
         D:\AB3\clnsr_prjct\CleanserBlazorUI\Components\Pages\Home.razor(6882,31): warning CS8604: Possible null reference argument for parameter 'SSID' in '(string S, string F, string M, string NID, string VID, string DID, string PID, string SSID, string GENDER, string DOB, string ADD1, string ADD2, string ADD3, string ADD4, string HTEL, string WTEL, string GMOB) Home.GurantorDataConvertor(string S, string F, string M, string NID, string VID, string DID, string PID, string SSID, string GENDER, string DOB, string ADD1, string ADD2, string ADD3, string ADD4, string HTEL, string WTEL, string GMOB, string ind1_bus2)'. [D:\AB3\clnsr_prjct\CleanserBlazorUI\CleanserBlazorUI.csproj]
         D:\AB3\clnsr_prjct\CleanserBlazorUI\Components\Pages\Home.razor(6882,46): warning CS8604: Possible null reference argument for parameter 'GENDER' in '(string S, string F, string M, string NID, string VID, string DID, string PID, string SSID, string GENDER, string DOB, string ADD1, string ADD2, string ADD3, string ADD4, string HTEL, string WTEL, string GMOB) Home.GurantorDataConvertor(string S, string F, string M, string NID, string VID, string DID, string PID, string SSID, string GENDER, string DOB, string ADD1, string ADD2, string ADD3, string ADD4, string HTEL, string WTEL, string GMOB, string ind1_bus2)'. [D:\AB3\clnsr_prjct\CleanserBlazorUI\CleanserBlazorUI.csproj]
         D:\AB3\clnsr_prjct\CleanserBlazorUI\Components\Pages\Home.razor(6882,64): warning CS8604: Possible null reference argument for parameter 'DOB' in '(string S, string F, string M, string NID, string VID, string DID, string PID, string SSID, string GENDER, string DOB, string ADD1, string ADD2, string ADD3, string ADD4, string HTEL, string WTEL, string GMOB) Home.GurantorDataConvertor(string S, string F, string M, string NID, string VID, string DID, string PID, string SSID, string GENDER, string DOB, string ADD1, string ADD2, string ADD3, string ADD4, string HTEL, string WTEL, string GMOB, string ind1_bus2)'. [D:\AB3\clnsr_prjct\CleanserBlazorUI\CleanserBlazorUI.csproj]
         D:\AB3\clnsr_prjct\CleanserBlazorUI\Components\Pages\Home.razor(6882,79): warning CS8604: Possible null reference argument for parameter 'ADD1' in '(string S, string F, string M, string NID, string VID, string DID, string PID, string SSID, string GENDER, string DOB, string ADD1, string ADD2, string ADD3, string ADD4, string HTEL, string WTEL, string GMOB) Home.GurantorDataConvertor(string S, string F, string M, string NID, string VID, string DID, string PID, string SSID, string GENDER, string DOB, string ADD1, string ADD2, string ADD3, string ADD4, string HTEL, string WTEL, string GMOB, string ind1_bus2)'. [D:\AB3\clnsr_prjct\CleanserBlazorUI\CleanserBlazorUI.csproj]
         D:\AB3\clnsr_prjct\CleanserBlazorUI\Components\Pages\Home.razor(6882,95): warning CS8604: Possible null reference argument for parameter 'ADD2' in '(string S, string F, string M, string NID, string VID, string DID, string PID, string SSID, string GENDER, string DOB, string ADD1, string ADD2, string ADD3, string ADD4, string HTEL, string WTEL, string GMOB) Home.GurantorDataConvertor(string S, string F, string M, string NID, string VID, string DID, string PID, string SSID, string GENDER, string DOB, string ADD1, string ADD2, string ADD3, string ADD4, string HTEL, string WTEL, string GMOB, string ind1_bus2)'. [D:\AB3\clnsr_prjct\CleanserBlazorUI\CleanserBlazorUI.csproj]
         D:\AB3\clnsr_prjct\CleanserBlazorUI\Components\Pages\Home.razor(6882,111): warning CS8604: Possible null reference argument for parameter 'ADD3' in '(string S, string F, string M, string NID, string VID, string DID, string PID, string SSID, string GENDER, string DOB, string ADD1, string ADD2, string ADD3, string ADD4, string HTEL, string WTEL, string GMOB) Home.GurantorDataConvertor(string S, string F, string M, string NID, string VID, string DID, string PID, string SSID, string GENDER, string DOB, string ADD1, string ADD2, string ADD3, string ADD4, string HTEL, string WTEL, string GMOB, string ind1_bus2)'. [D:\AB3\clnsr_prjct\CleanserBlazorUI\CleanserBlazorUI.csproj]
         D:\AB3\clnsr_prjct\CleanserBlazorUI\Components\Pages\Home.razor(6882,141): warning CS8604: Possible null reference argument for parameter 'HTEL' in '(string S, string F, string M, string NID, string VID, string DID, string PID, string SSID, string GENDER, string DOB, string ADD1, string ADD2, string ADD3, string ADD4, string HTEL, string WTEL, string GMOB) Home.GurantorDataConvertor(string S, string F, string M, string NID, string VID, string DID, string PID, string SSID, string GENDER, string DOB, string ADD1, string ADD2, string ADD3, string ADD4, string HTEL, string WTEL, string GMOB, string ind1_bus2)'. [D:\AB3\clnsr_prjct\CleanserBlazorUI\CleanserBlazorUI.csproj]
         D:\AB3\clnsr_prjct\CleanserBlazorUI\Components\Pages\Home.razor(6883,12): warning CS8604: Possible null reference argument for parameter 'WTEL' in '(string S, string F, string M, string NID, string VID, string DID, string PID, string SSID, string GENDER, string DOB, string ADD1, string ADD2, string ADD3, string ADD4, string HTEL, string WTEL, string GMOB) Home.GurantorDataConvertor(string S, string F, string M, string NID, string VID, string DID, string PID, string SSID, string GENDER, string DOB, string ADD1, string ADD2, string ADD3, string ADD4, string HTEL, string WTEL, string GMOB, string ind1_bus2)'. [D:\AB3\clnsr_prjct\CleanserBlazorUI\CleanserBlazorUI.csproj]
         D:\AB3\clnsr_prjct\CleanserBlazorUI\Components\Pages\Home.razor(6883,31): warning CS8604: Possible null reference argument for parameter 'GMOB' in '(string S, string F, string M, string NID, string VID, string DID, string PID, string SSID, string GENDER, string DOB, string ADD1, string ADD2, string ADD3, string ADD4, string HTEL, string WTEL, string GMOB) Home.GurantorDataConvertor(string S, string F, string M, string NID, string VID, string DID, string PID, string SSID, string GENDER, string DOB, string ADD1, string ADD2, string ADD3, string ADD4, string HTEL, string WTEL, string GMOB, string ind1_bus2)'. [D:\AB3\clnsr_prjct\CleanserBlazorUI\CleanserBlazorUI.csproj]
         D:\AB3\clnsr_prjct\CleanserBlazorUI\Components\Pages\Home.razor(6902,44): warning CS8602: Dereference of a possibly null reference. [D:\AB3\clnsr_prjct\CleanserBlazorUI\CleanserBlazorUI.csproj]
         D:\AB3\clnsr_prjct\CleanserBlazorUI\Components\Pages\Home.razor(6902,63): warning CS8602: Dereference of a possibly null reference. [D:\AB3\clnsr_prjct\CleanserBlazorUI\CleanserBlazorUI.csproj]
         D:\AB3\clnsr_prjct\CleanserBlazorUI\Components\Pages\Home.razor(6902,84): warning CS8602: Dereference of a possibly null reference. [D:\AB3\clnsr_prjct\CleanserBlazorUI\CleanserBlazorUI.csproj]
         D:\AB3\clnsr_prjct\CleanserBlazorUI\Components\Pages\Home.razor(6903,46): warning CS8602: Dereference of a possibly null reference. [D:\AB3\clnsr_prjct\CleanserBlazorUI\CleanserBlazorUI.csproj]
         D:\AB3\clnsr_prjct\CleanserBlazorUI\Components\Pages\Home.razor(6903,64): warning CS8602: Dereference of a possibly null reference. [D:\AB3\clnsr_prjct\CleanserBlazorUI\CleanserBlazorUI.csproj]
         D:\AB3\clnsr_prjct\CleanserBlazorUI\Components\Pages\Home.razor(6904,12): warning CS8602: Dereference of a possibly null reference. [D:\AB3\clnsr_prjct\CleanserBlazorUI\CleanserBlazorUI.csproj]
         D:\AB3\clnsr_prjct\CleanserBlazorUI\Components\Pages\Home.razor(6902,44): warning CS8604: Possible null reference argument for parameter 'S' in '(string S, string F, string M, string NID, string VID, string DID, string PID, string SSID, string GENDER, string DOB, string ADD1, string ADD2, string ADD3, string ADD4, string HTEL, string WTEL, string GMOB) Home.GurantorDataConvertor(string S, string F, string M, string NID, string VID, string DID, string PID, string SSID, string GENDER, string DOB, string ADD1, string ADD2, string ADD3, string ADD4, string HTEL, string WTEL, string GMOB, string ind1_bus2)'. [D:\AB3\clnsr_prjct\CleanserBlazorUI\CleanserBlazorUI.csproj]
         D:\AB3\clnsr_prjct\CleanserBlazorUI\Components\Pages\Home.razor(6902,63): warning CS8604: Possible null reference argument for parameter 'F' in '(string S, string F, string M, string NID, string VID, string DID, string PID, string SSID, string GENDER, string DOB, string ADD1, string ADD2, string ADD3, string ADD4, string HTEL, string WTEL, string GMOB) Home.GurantorDataConvertor(string S, string F, string M, string NID, string VID, string DID, string PID, string SSID, string GENDER, string DOB, string ADD1, string ADD2, string ADD3, string ADD4, string HTEL, string WTEL, string GMOB, string ind1_bus2)'. [D:\AB3\clnsr_prjct\CleanserBlazorUI\CleanserBlazorUI.csproj]
         D:\AB3\clnsr_prjct\CleanserBlazorUI\Components\Pages\Home.razor(6902,84): warning CS8604: Possible null reference argument for parameter 'M' in '(string S, string F, string M, string NID, string VID, string DID, string PID, string SSID, string GENDER, string DOB, string ADD1, string ADD2, string ADD3, string ADD4, string HTEL, string WTEL, string GMOB) Home.GurantorDataConvertor(string S, string F, string M, string NID, string VID, string DID, string PID, string SSID, string GENDER, string DOB, string ADD1, string ADD2, string ADD3, string ADD4, string HTEL, string WTEL, string GMOB, string ind1_bus2)'. [D:\AB3\clnsr_prjct\CleanserBlazorUI\CleanserBlazorUI.csproj]
         D:\AB3\clnsr_prjct\CleanserBlazorUI\Components\Pages\Home.razor(6902,107): warning CS8604: Possible null reference argument for parameter 'NID' in '(string S, string F, string M, string NID, string VID, string DID, string PID, string SSID, string GENDER, string DOB, string ADD1, string ADD2, string ADD3, string ADD4, string HTEL, string WTEL, string GMOB) Home.GurantorDataConvertor(string S, string F, string M, string NID, string VID, string DID, string PID, string SSID, string GENDER, string DOB, string ADD1, string ADD2, string ADD3, string ADD4, string HTEL, string WTEL, string GMOB, string ind1_bus2)'. [D:\AB3\clnsr_prjct\CleanserBlazorUI\CleanserBlazorUI.csproj]
         D:\AB3\clnsr_prjct\CleanserBlazorUI\Components\Pages\Home.razor(6902,124): warning CS8604: Possible null reference argument for parameter 'VID' in '(string S, string F, string M, string NID, string VID, string DID, string PID, string SSID, string GENDER, string DOB, string ADD1, string ADD2, string ADD3, string ADD4, string HTEL, string WTEL, string GMOB) Home.GurantorDataConvertor(string S, string F, string M, string NID, string VID, string DID, string PID, string SSID, string GENDER, string DOB, string ADD1, string ADD2, string ADD3, string ADD4, string HTEL, string WTEL, string GMOB, string ind1_bus2)'. [D:\AB3\clnsr_prjct\CleanserBlazorUI\CleanserBlazorUI.csproj]
         D:\AB3\clnsr_prjct\CleanserBlazorUI\Components\Pages\Home.razor(6902,141): warning CS8604: Possible null reference argument for parameter 'DID' in '(string S, string F, string M, string NID, string VID, string DID, string PID, string SSID, string GENDER, string DOB, string ADD1, string ADD2, string ADD3, string ADD4, string HTEL, string WTEL, string GMOB) Home.GurantorDataConvertor(string S, string F, string M, string NID, string VID, string DID, string PID, string SSID, string GENDER, string DOB, string ADD1, string ADD2, string ADD3, string ADD4, string HTEL, string WTEL, string GMOB, string ind1_bus2)'. [D:\AB3\clnsr_prjct\CleanserBlazorUI\CleanserBlazorUI.csproj]
         D:\AB3\clnsr_prjct\CleanserBlazorUI\Components\Pages\Home.razor(6903,12): warning CS8604: Possible null reference argument for parameter 'PID' in '(string S, string F, string M, string NID, string VID, string DID, string PID, string SSID, string GENDER, string DOB, string ADD1, string ADD2, string ADD3, string ADD4, string HTEL, string WTEL, string GMOB) Home.GurantorDataConvertor(string S, string F, string M, string NID, string VID, string DID, string PID, string SSID, string GENDER, string DOB, string ADD1, string ADD2, string ADD3, string ADD4, string HTEL, string WTEL, string GMOB, string ind1_bus2)'. [D:\AB3\clnsr_prjct\CleanserBlazorUI\CleanserBlazorUI.csproj]
         D:\AB3\clnsr_prjct\CleanserBlazorUI\Components\Pages\Home.razor(6903,31): warning CS8604: Possible null reference argument for parameter 'SSID' in '(string S, string F, string M, string NID, string VID, string DID, string PID, string SSID, string GENDER, string DOB, string ADD1, string ADD2, string ADD3, string ADD4, string HTEL, string WTEL, string GMOB) Home.GurantorDataConvertor(string S, string F, string M, string NID, string VID, string DID, string PID, string SSID, string GENDER, string DOB, string ADD1, string ADD2, string ADD3, string ADD4, string HTEL, string WTEL, string GMOB, string ind1_bus2)'. [D:\AB3\clnsr_prjct\CleanserBlazorUI\CleanserBlazorUI.csproj]
         D:\AB3\clnsr_prjct\CleanserBlazorUI\Components\Pages\Home.razor(6903,46): warning CS8604: Possible null reference argument for parameter 'GENDER' in '(string S, string F, string M, string NID, string VID, string DID, string PID, string SSID, string GENDER, string DOB, string ADD1, string ADD2, string ADD3, string ADD4, string HTEL, string WTEL, string GMOB) Home.GurantorDataConvertor(string S, string F, string M, string NID, string VID, string DID, string PID, string SSID, string GENDER, string DOB, string ADD1, string ADD2, string ADD3, string ADD4, string HTEL, string WTEL, string GMOB, string ind1_bus2)'. [D:\AB3\clnsr_prjct\CleanserBlazorUI\CleanserBlazorUI.csproj]
         D:\AB3\clnsr_prjct\CleanserBlazorUI\Components\Pages\Home.razor(6903,64): warning CS8604: Possible null reference argument for parameter 'DOB' in '(string S, string F, string M, string NID, string VID, string DID, string PID, string SSID, string GENDER, string DOB, string ADD1, string ADD2, string ADD3, string ADD4, string HTEL, string WTEL, string GMOB) Home.GurantorDataConvertor(string S, string F, string M, string NID, string VID, string DID, string PID, string SSID, string GENDER, string DOB, string ADD1, string ADD2, string ADD3, string ADD4, string HTEL, string WTEL, string GMOB, string ind1_bus2)'. [D:\AB3\clnsr_prjct\CleanserBlazorUI\CleanserBlazorUI.csproj]
         D:\AB3\clnsr_prjct\CleanserBlazorUI\Components\Pages\Home.razor(6903,79): warning CS8604: Possible null reference argument for parameter 'ADD1' in '(string S, string F, string M, string NID, string VID, string DID, string PID, string SSID, string GENDER, string DOB, string ADD1, string ADD2, string ADD3, string ADD4, string HTEL, string WTEL, string GMOB) Home.GurantorDataConvertor(string S, string F, string M, string NID, string VID, string DID, string PID, string SSID, string GENDER, string DOB, string ADD1, string ADD2, string ADD3, string ADD4, string HTEL, string WTEL, string GMOB, string ind1_bus2)'. [D:\AB3\clnsr_prjct\CleanserBlazorUI\CleanserBlazorUI.csproj]
         D:\AB3\clnsr_prjct\CleanserBlazorUI\Components\Pages\Home.razor(6903,95): warning CS8604: Possible null reference argument for parameter 'ADD2' in '(string S, string F, string M, string NID, string VID, string DID, string PID, string SSID, string GENDER, string DOB, string ADD1, string ADD2, string ADD3, string ADD4, string HTEL, string WTEL, string GMOB) Home.GurantorDataConvertor(string S, string F, string M, string NID, string VID, string DID, string PID, string SSID, string GENDER, string DOB, string ADD1, string ADD2, string ADD3, string ADD4, string HTEL, string WTEL, string GMOB, string ind1_bus2)'. [D:\AB3\clnsr_prjct\CleanserBlazorUI\CleanserBlazorUI.csproj]
         D:\AB3\clnsr_prjct\CleanserBlazorUI\Components\Pages\Home.razor(6903,111): warning CS8604: Possible null reference argument for parameter 'ADD3' in '(string S, string F, string M, string NID, string VID, string DID, string PID, string SSID, string GENDER, string DOB, string ADD1, string ADD2, string ADD3, string ADD4, string HTEL, string WTEL, string GMOB) Home.GurantorDataConvertor(string S, string F, string M, string NID, string VID, string DID, string PID, string SSID, string GENDER, string DOB, string ADD1, string ADD2, string ADD3, string ADD4, string HTEL, string WTEL, string GMOB, string ind1_bus2)'. [D:\AB3\clnsr_prjct\CleanserBlazorUI\CleanserBlazorUI.csproj]
         D:\AB3\clnsr_prjct\CleanserBlazorUI\Components\Pages\Home.razor(6903,141): warning CS8604: Possible null reference argument for parameter 'HTEL' in '(string S, string F, string M, string NID, string VID, string DID, string PID, string SSID, string GENDER, string DOB, string ADD1, string ADD2, string ADD3, string ADD4, string HTEL, string WTEL, string GMOB) Home.GurantorDataConvertor(string S, string F, string M, string NID, string VID, string DID, string PID, string SSID, string GENDER, string DOB, string ADD1, string ADD2, string ADD3, string ADD4, string HTEL, string WTEL, string GMOB, string ind1_bus2)'. [D:\AB3\clnsr_prjct\CleanserBlazorUI\CleanserBlazorUI.csproj]
         D:\AB3\clnsr_prjct\CleanserBlazorUI\Components\Pages\Home.razor(6904,12): warning CS8604: Possible null reference argument for parameter 'WTEL' in '(string S, string F, string M, string NID, string VID, string DID, string PID, string SSID, string GENDER, string DOB, string ADD1, string ADD2, string ADD3, string ADD4, string HTEL, string WTEL, string GMOB) Home.GurantorDataConvertor(string S, string F, string M, string NID, string VID, string DID, string PID, string SSID, string GENDER, string DOB, string ADD1, string ADD2, string ADD3, string ADD4, string HTEL, string WTEL, string GMOB, string ind1_bus2)'. [D:\AB3\clnsr_prjct\CleanserBlazorUI\CleanserBlazorUI.csproj]
         D:\AB3\clnsr_prjct\CleanserBlazorUI\Components\Pages\Home.razor(6904,31): warning CS8604: Possible null reference argument for parameter 'GMOB' in '(string S, string F, string M, string NID, string VID, string DID, string PID, string SSID, string GENDER, string DOB, string ADD1, string ADD2, string ADD3, string ADD4, string HTEL, string WTEL, string GMOB) Home.GurantorDataConvertor(string S, string F, string M, string NID, string VID, string DID, string PID, string SSID, string GENDER, string DOB, string ADD1, string ADD2, string ADD3, string ADD4, string HTEL, string WTEL, string GMOB, string ind1_bus2)'. [D:\AB3\clnsr_prjct\CleanserBlazorUI\CleanserBlazorUI.csproj]
         D:\AB3\clnsr_prjct\CleanserBlazorUI\Components\Pages\Home.razor(6923,44): warning CS8602: Dereference of a possibly null reference. [D:\AB3\clnsr_prjct\CleanserBlazorUI\CleanserBlazorUI.csproj]
         D:\AB3\clnsr_prjct\CleanserBlazorUI\Components\Pages\Home.razor(6923,63): warning CS8602: Dereference of a possibly null reference. [D:\AB3\clnsr_prjct\CleanserBlazorUI\CleanserBlazorUI.csproj]
         D:\AB3\clnsr_prjct\CleanserBlazorUI\Components\Pages\Home.razor(6923,84): warning CS8602: Dereference of a possibly null reference. [D:\AB3\clnsr_prjct\CleanserBlazorUI\CleanserBlazorUI.csproj]
         D:\AB3\clnsr_prjct\CleanserBlazorUI\Components\Pages\Home.razor(6924,46): warning CS8602: Dereference of a possibly null reference. [D:\AB3\clnsr_prjct\CleanserBlazorUI\CleanserBlazorUI.csproj]
         D:\AB3\clnsr_prjct\CleanserBlazorUI\Components\Pages\Home.razor(6924,64): warning CS8602: Dereference of a possibly null reference. [D:\AB3\clnsr_prjct\CleanserBlazorUI\CleanserBlazorUI.csproj]
         D:\AB3\clnsr_prjct\CleanserBlazorUI\Components\Pages\Home.razor(6925,12): warning CS8602: Dereference of a possibly null reference. [D:\AB3\clnsr_prjct\CleanserBlazorUI\CleanserBlazorUI.csproj]
         D:\AB3\clnsr_prjct\CleanserBlazorUI\Components\Pages\Home.razor(6923,44): warning CS8604: Possible null reference argument for parameter 'S' in '(string S, string F, string M, string NID, string VID, string DID, string PID, string SSID, string GENDER, string DOB, string ADD1, string ADD2, string ADD3, string ADD4, string HTEL, string WTEL, string GMOB) Home.GurantorDataConvertor(string S, string F, string M, string NID, string VID, string DID, string PID, string SSID, string GENDER, string DOB, string ADD1, string ADD2, string ADD3, string ADD4, string HTEL, string WTEL, string GMOB, string ind1_bus2)'. [D:\AB3\clnsr_prjct\CleanserBlazorUI\CleanserBlazorUI.csproj]
         D:\AB3\clnsr_prjct\CleanserBlazorUI\Components\Pages\Home.razor(6923,63): warning CS8604: Possible null reference argument for parameter 'F' in '(string S, string F, string M, string NID, string VID, string DID, string PID, string SSID, string GENDER, string DOB, string ADD1, string ADD2, string ADD3, string ADD4, string HTEL, string WTEL, string GMOB) Home.GurantorDataConvertor(string S, string F, string M, string NID, string VID, string DID, string PID, string SSID, string GENDER, string DOB, string ADD1, string ADD2, string ADD3, string ADD4, string HTEL, string WTEL, string GMOB, string ind1_bus2)'. [D:\AB3\clnsr_prjct\CleanserBlazorUI\CleanserBlazorUI.csproj]
         D:\AB3\clnsr_prjct\CleanserBlazorUI\Components\Pages\Home.razor(6923,84): warning CS8604: Possible null reference argument for parameter 'M' in '(string S, string F, string M, string NID, string VID, string DID, string PID, string SSID, string GENDER, string DOB, string ADD1, string ADD2, string ADD3, string ADD4, string HTEL, string WTEL, string GMOB) Home.GurantorDataConvertor(string S, string F, string M, string NID, string VID, string DID, string PID, string SSID, string GENDER, string DOB, string ADD1, string ADD2, string ADD3, string ADD4, string HTEL, string WTEL, string GMOB, string ind1_bus2)'. [D:\AB3\clnsr_prjct\CleanserBlazorUI\CleanserBlazorUI.csproj]
         D:\AB3\clnsr_prjct\CleanserBlazorUI\Components\Pages\Home.razor(6923,107): warning CS8604: Possible null reference argument for parameter 'NID' in '(string S, string F, string M, string NID, string VID, string DID, string PID, string SSID, string GENDER, string DOB, string ADD1, string ADD2, string ADD3, string ADD4, string HTEL, string WTEL, string GMOB) Home.GurantorDataConvertor(string S, string F, string M, string NID, string VID, string DID, string PID, string SSID, string GENDER, string DOB, string ADD1, string ADD2, string ADD3, string ADD4, string HTEL, string WTEL, string GMOB, string ind1_bus2)'. [D:\AB3\clnsr_prjct\CleanserBlazorUI\CleanserBlazorUI.csproj]
         D:\AB3\clnsr_prjct\CleanserBlazorUI\Components\Pages\Home.razor(6923,124): warning CS8604: Possible null reference argument for parameter 'VID' in '(string S, string F, string M, string NID, string VID, string DID, string PID, string SSID, string GENDER, string DOB, string ADD1, string ADD2, string ADD3, string ADD4, string HTEL, string WTEL, string GMOB) Home.GurantorDataConvertor(string S, string F, string M, string NID, string VID, string DID, string PID, string SSID, string GENDER, string DOB, string ADD1, string ADD2, string ADD3, string ADD4, string HTEL, string WTEL, string GMOB, string ind1_bus2)'. [D:\AB3\clnsr_prjct\CleanserBlazorUI\CleanserBlazorUI.csproj]
         D:\AB3\clnsr_prjct\CleanserBlazorUI\Components\Pages\Home.razor(6923,141): warning CS8604: Possible null reference argument for parameter 'DID' in '(string S, string F, string M, string NID, string VID, string DID, string PID, string SSID, string GENDER, string DOB, string ADD1, string ADD2, string ADD3, string ADD4, string HTEL, string WTEL, string GMOB) Home.GurantorDataConvertor(string S, string F, string M, string NID, string VID, string DID, string PID, string SSID, string GENDER, string DOB, string ADD1, string ADD2, string ADD3, string ADD4, string HTEL, string WTEL, string GMOB, string ind1_bus2)'. [D:\AB3\clnsr_prjct\CleanserBlazorUI\CleanserBlazorUI.csproj]
         D:\AB3\clnsr_prjct\CleanserBlazorUI\Components\Pages\Home.razor(6924,12): warning CS8604: Possible null reference argument for parameter 'PID' in '(string S, string F, string M, string NID, string VID, string DID, string PID, string SSID, string GENDER, string DOB, string ADD1, string ADD2, string ADD3, string ADD4, string HTEL, string WTEL, string GMOB) Home.GurantorDataConvertor(string S, string F, string M, string NID, string VID, string DID, string PID, string SSID, string GENDER, string DOB, string ADD1, string ADD2, string ADD3, string ADD4, string HTEL, string WTEL, string GMOB, string ind1_bus2)'. [D:\AB3\clnsr_prjct\CleanserBlazorUI\CleanserBlazorUI.csproj]
         D:\AB3\clnsr_prjct\CleanserBlazorUI\Components\Pages\Home.razor(6924,31): warning CS8604: Possible null reference argument for parameter 'SSID' in '(string S, string F, string M, string NID, string VID, string DID, string PID, string SSID, string GENDER, string DOB, string ADD1, string ADD2, string ADD3, string ADD4, string HTEL, string WTEL, string GMOB) Home.GurantorDataConvertor(string S, string F, string M, string NID, string VID, string DID, string PID, string SSID, string GENDER, string DOB, string ADD1, string ADD2, string ADD3, string ADD4, string HTEL, string WTEL, string GMOB, string ind1_bus2)'. [D:\AB3\clnsr_prjct\CleanserBlazorUI\CleanserBlazorUI.csproj]
         D:\AB3\clnsr_prjct\CleanserBlazorUI\Components\Pages\Home.razor(6924,46): warning CS8604: Possible null reference argument for parameter 'GENDER' in '(string S, string F, string M, string NID, string VID, string DID, string PID, string SSID, string GENDER, string DOB, string ADD1, string ADD2, string ADD3, string ADD4, string HTEL, string WTEL, string GMOB) Home.GurantorDataConvertor(string S, string F, string M, string NID, string VID, string DID, string PID, string SSID, string GENDER, string DOB, string ADD1, string ADD2, string ADD3, string ADD4, string HTEL, string WTEL, string GMOB, string ind1_bus2)'. [D:\AB3\clnsr_prjct\CleanserBlazorUI\CleanserBlazorUI.csproj]
         D:\AB3\clnsr_prjct\CleanserBlazorUI\Components\Pages\Home.razor(6924,64): warning CS8604: Possible null reference argument for parameter 'DOB' in '(string S, string F, string M, string NID, string VID, string DID, string PID, string SSID, string GENDER, string DOB, string ADD1, string ADD2, string ADD3, string ADD4, string HTEL, string WTEL, string GMOB) Home.GurantorDataConvertor(string S, string F, string M, string NID, string VID, string DID, string PID, string SSID, string GENDER, string DOB, string ADD1, string ADD2, string ADD3, string ADD4, string HTEL, string WTEL, string GMOB, string ind1_bus2)'. [D:\AB3\clnsr_prjct\CleanserBlazorUI\CleanserBlazorUI.csproj]
         D:\AB3\clnsr_prjct\CleanserBlazorUI\Components\Pages\Home.razor(6924,79): warning CS8604: Possible null reference argument for parameter 'ADD1' in '(string S, string F, string M, string NID, string VID, string DID, string PID, string SSID, string GENDER, string DOB, string ADD1, string ADD2, string ADD3, string ADD4, string HTEL, string WTEL, string GMOB) Home.GurantorDataConvertor(string S, string F, string M, string NID, string VID, string DID, string PID, string SSID, string GENDER, string DOB, string ADD1, string ADD2, string ADD3, string ADD4, string HTEL, string WTEL, string GMOB, string ind1_bus2)'. [D:\AB3\clnsr_prjct\CleanserBlazorUI\CleanserBlazorUI.csproj]
         D:\AB3\clnsr_prjct\CleanserBlazorUI\Components\Pages\Home.razor(6924,95): warning CS8604: Possible null reference argument for parameter 'ADD2' in '(string S, string F, string M, string NID, string VID, string DID, string PID, string SSID, string GENDER, string DOB, string ADD1, string ADD2, string ADD3, string ADD4, string HTEL, string WTEL, string GMOB) Home.GurantorDataConvertor(string S, string F, string M, string NID, string VID, string DID, string PID, string SSID, string GENDER, string DOB, string ADD1, string ADD2, string ADD3, string ADD4, string HTEL, string WTEL, string GMOB, string ind1_bus2)'. [D:\AB3\clnsr_prjct\CleanserBlazorUI\CleanserBlazorUI.csproj]
         D:\AB3\clnsr_prjct\CleanserBlazorUI\Components\Pages\Home.razor(6924,111): warning CS8604: Possible null reference argument for parameter 'ADD3' in '(string S, string F, string M, string NID, string VID, string DID, string PID, string SSID, string GENDER, string DOB, string ADD1, string ADD2, string ADD3, string ADD4, string HTEL, string WTEL, string GMOB) Home.GurantorDataConvertor(string S, string F, string M, string NID, string VID, string DID, string PID, string SSID, string GENDER, string DOB, string ADD1, string ADD2, string ADD3, string ADD4, string HTEL, string WTEL, string GMOB, string ind1_bus2)'. [D:\AB3\clnsr_prjct\CleanserBlazorUI\CleanserBlazorUI.csproj]
         D:\AB3\clnsr_prjct\CleanserBlazorUI\Components\Pages\Home.razor(6924,141): warning CS8604: Possible null reference argument for parameter 'HTEL' in '(string S, string F, string M, string NID, string VID, string DID, string PID, string SSID, string GENDER, string DOB, string ADD1, string ADD2, string ADD3, string ADD4, string HTEL, string WTEL, string GMOB) Home.GurantorDataConvertor(string S, string F, string M, string NID, string VID, string DID, string PID, string SSID, string GENDER, string DOB, string ADD1, string ADD2, string ADD3, string ADD4, string HTEL, string WTEL, string GMOB, string ind1_bus2)'. [D:\AB3\clnsr_prjct\CleanserBlazorUI\CleanserBlazorUI.csproj]
         D:\AB3\clnsr_prjct\CleanserBlazorUI\Components\Pages\Home.razor(6925,12): warning CS8604: Possible null reference argument for parameter 'WTEL' in '(string S, string F, string M, string NID, string VID, string DID, string PID, string SSID, string GENDER, string DOB, string ADD1, string ADD2, string ADD3, string ADD4, string HTEL, string WTEL, string GMOB) Home.GurantorDataConvertor(string S, string F, string M, string NID, string VID, string DID, string PID, string SSID, string GENDER, string DOB, string ADD1, string ADD2, string ADD3, string ADD4, string HTEL, string WTEL, string GMOB, string ind1_bus2)'. [D:\AB3\clnsr_prjct\CleanserBlazorUI\CleanserBlazorUI.csproj]
         D:\AB3\clnsr_prjct\CleanserBlazorUI\Components\Pages\Home.razor(6925,31): warning CS8604: Possible null reference argument for parameter 'GMOB' in '(string S, string F, string M, string NID, string VID, string DID, string PID, string SSID, string GENDER, string DOB, string ADD1, string ADD2, string ADD3, string ADD4, string HTEL, string WTEL, string GMOB) Home.GurantorDataConvertor(string S, string F, string M, string NID, string VID, string DID, string PID, string SSID, string GENDER, string DOB, string ADD1, string ADD2, string ADD3, string ADD4, string HTEL, string WTEL, string GMOB, string ind1_bus2)'. [D:\AB3\clnsr_prjct\CleanserBlazorUI\CleanserBlazorUI.csproj]
         D:\AB3\clnsr_prjct\CleanserBlazorUI\Components\Pages\Home.razor(6945,49): warning CS8602: Dereference of a possibly null reference. [D:\AB3\clnsr_prjct\CleanserBlazorUI\CleanserBlazorUI.csproj]
         D:\AB3\clnsr_prjct\CleanserBlazorUI\Components\Pages\Home.razor(6945,49): warning CS8604: Possible null reference argument for parameter 'dateString' in '(bool IsValidFormat, bool IsEighteenOrAbove, bool IsFutureDate, DateTime TheDate) StringHelper.CheckDate(string dateString)'. [D:\AB3\clnsr_prjct\CleanserBlazorUI\CleanserBlazorUI.csproj]
         D:\AB3\clnsr_prjct\CleanserBlazorUI\Components\Pages\Home.razor(6963,17): warning CS8602: Dereference of a possibly null reference. [D:\AB3\clnsr_prjct\CleanserBlazorUI\CleanserBlazorUI.csproj]
         D:\AB3\clnsr_prjct\CleanserBlazorUI\Components\Pages\Home.razor(6964,17): warning CS8602: Dereference of a possibly null reference. [D:\AB3\clnsr_prjct\CleanserBlazorUI\CleanserBlazorUI.csproj]
         D:\AB3\clnsr_prjct\CleanserBlazorUI\Components\Pages\Home.razor(6970,17): warning CS8602: Dereference of a possibly null reference. [D:\AB3\clnsr_prjct\CleanserBlazorUI\CleanserBlazorUI.csproj]
         D:\AB3\clnsr_prjct\CleanserBlazorUI\Components\Pages\Home.razor(6971,17): warning CS8602: Dereference of a possibly null reference. [D:\AB3\clnsr_prjct\CleanserBlazorUI\CleanserBlazorUI.csproj]
         D:\AB3\clnsr_prjct\CleanserBlazorUI\Components\Pages\Home.razor(6975,17): warning CS8602: Dereference of a possibly null reference. [D:\AB3\clnsr_prjct\CleanserBlazorUI\CleanserBlazorUI.csproj]
         D:\AB3\clnsr_prjct\CleanserBlazorUI\Components\Pages\Home.razor(6976,17): warning CS8602: Dereference of a possibly null reference. [D:\AB3\clnsr_prjct\CleanserBlazorUI\CleanserBlazorUI.csproj]
         D:\AB3\clnsr_prjct\CleanserBlazorUI\Components\Pages\Home.razor(6992,17): warning CS8602: Dereference of a possibly null reference. [D:\AB3\clnsr_prjct\CleanserBlazorUI\CleanserBlazorUI.csproj]
         D:\AB3\clnsr_prjct\CleanserBlazorUI\Components\Pages\Home.razor(6997,17): warning CS8602: Dereference of a possibly null reference. [D:\AB3\clnsr_prjct\CleanserBlazorUI\CleanserBlazorUI.csproj]
         D:\AB3\clnsr_prjct\CleanserBlazorUI\Components\Pages\Home.razor(7002,111): warning CS8602: Dereference of a possibly null reference. [D:\AB3\clnsr_prjct\CleanserBlazorUI\CleanserBlazorUI.csproj]
         D:\AB3\clnsr_prjct\CleanserBlazorUI\Components\Pages\Home.razor(7002,111): warning CS8604: Possible null reference argument for parameter 'natureOfComGua' in '(string _surname, string _natureOfComGua, string _nameOfComGuaran) Home.Surname_Nature_NameOfComGuarantorNormalizer(string surname, string natureOfComGua, string nameOfComGuaran)'. [D:\AB3\clnsr_prjct\CleanserBlazorUI\CleanserBlazorUI.csproj]
         D:\AB3\clnsr_prjct\CleanserBlazorUI\Components\Pages\Home.razor(7020,26): warning CS8602: Dereference of a possibly null reference. [D:\AB3\clnsr_prjct\CleanserBlazorUI\CleanserBlazorUI.csproj]
         D:\AB3\clnsr_prjct\CleanserBlazorUI\Components\Pages\Home.razor(7020,26): warning CS8604: Possible null reference argument for parameter 'input' in 'bool Home.IsLetter(string input)'. [D:\AB3\clnsr_prjct\CleanserBlazorUI\CleanserBlazorUI.csproj]
         D:\AB3\clnsr_prjct\CleanserBlazorUI\Components\Pages\Home.razor(7034,17): warning CS8602: Dereference of a possibly null reference. [D:\AB3\clnsr_prjct\CleanserBlazorUI\CleanserBlazorUI.csproj]
         D:\AB3\clnsr_prjct\CleanserBlazorUI\Components\Pages\Home.razor(7040,17): warning CS8602: Dereference of a possibly null reference. [D:\AB3\clnsr_prjct\CleanserBlazorUI\CleanserBlazorUI.csproj]
         D:\AB3\clnsr_prjct\CleanserBlazorUI\Components\Pages\Home.razor(7045,17): warning CS8602: Dereference of a possibly null reference. [D:\AB3\clnsr_prjct\CleanserBlazorUI\CleanserBlazorUI.csproj]
         D:\AB3\clnsr_prjct\CleanserBlazorUI\Components\Pages\Home.razor(7137,63): warning CS8602: Dereference of a possibly null reference. [D:\AB3\clnsr_prjct\CleanserBlazorUI\CleanserBlazorUI.csproj]
         D:\AB3\clnsr_prjct\CleanserBlazorUI\Components\Pages\Home.razor(7137,63): warning CS8604: Possible null reference argument for parameter 'input' in 'bool StringHelper.AccountCustomerInValidCharacter(string input)'. [D:\AB3\clnsr_prjct\CleanserBlazorUI\CleanserBlazorUI.csproj]
         D:\AB3\clnsr_prjct\CleanserBlazorUI\Components\Pages\Home.razor(7141,63): warning CS8602: Dereference of a possibly null reference. [D:\AB3\clnsr_prjct\CleanserBlazorUI\CleanserBlazorUI.csproj]
         D:\AB3\clnsr_prjct\CleanserBlazorUI\Components\Pages\Home.razor(7141,63): warning CS8604: Possible null reference argument for parameter 'input' in 'bool StringHelper.AccountCustomerInValidCharacter(string input)'. [D:\AB3\clnsr_prjct\CleanserBlazorUI\CleanserBlazorUI.csproj]
         D:\AB3\clnsr_prjct\CleanserBlazorUI\Components\Pages\Home.razor(7150,27): warning CS8602: Dereference of a possibly null reference. [D:\AB3\clnsr_prjct\CleanserBlazorUI\CleanserBlazorUI.csproj]
         D:\AB3\clnsr_prjct\CleanserBlazorUI\Components\Pages\Home.razor(7151,27): warning CS8602: Dereference of a possibly null reference. [D:\AB3\clnsr_prjct\CleanserBlazorUI\CleanserBlazorUI.csproj]
         D:\AB3\clnsr_prjct\CleanserBlazorUI\Components\Pages\Home.razor(7152,32): warning CS8602: Dereference of a possibly null reference. [D:\AB3\clnsr_prjct\CleanserBlazorUI\CleanserBlazorUI.csproj]
         D:\AB3\clnsr_prjct\CleanserBlazorUI\Components\Pages\Home.razor(7154,37): warning CS8602: Dereference of a possibly null reference. [D:\AB3\clnsr_prjct\CleanserBlazorUI\CleanserBlazorUI.csproj]
         D:\AB3\clnsr_prjct\CleanserBlazorUI\Components\Pages\Home.razor(7167,40): warning CS8600: Converting null literal or possible null value to non-nullable type. [D:\AB3\clnsr_prjct\CleanserBlazorUI\CleanserBlazorUI.csproj]
         D:\AB3\clnsr_prjct\CleanserBlazorUI\Components\Pages\Home.razor(7170,52): warning CS8602: Dereference of a possibly null reference. [D:\AB3\clnsr_prjct\CleanserBlazorUI\CleanserBlazorUI.csproj]
         D:\AB3\clnsr_prjct\CleanserBlazorUI\Components\Pages\Home.razor(7170,52): warning CS8602: Dereference of a possibly null reference. [D:\AB3\clnsr_prjct\CleanserBlazorUI\CleanserBlazorUI.csproj]
         D:\AB3\clnsr_prjct\CleanserBlazorUI\Components\Pages\Home.razor(7170,52): warning CS8604: Possible null reference argument for parameter 'input' in 'bool StringHelper.StartsWithFourXOrZero(string input)'. [D:\AB3\clnsr_prjct\CleanserBlazorUI\CleanserBlazorUI.csproj]
         D:\AB3\clnsr_prjct\CleanserBlazorUI\Components\Pages\Home.razor(7174,52): warning CS8602: Dereference of a possibly null reference. [D:\AB3\clnsr_prjct\CleanserBlazorUI\CleanserBlazorUI.csproj]
         D:\AB3\clnsr_prjct\CleanserBlazorUI\Components\Pages\Home.razor(7174,52): warning CS8604: Possible null reference argument for parameter 'input' in 'bool StringHelper.StartsWithFourXOrZero(string input)'. [D:\AB3\clnsr_prjct\CleanserBlazorUI\CleanserBlazorUI.csproj]
         D:\AB3\clnsr_prjct\CleanserBlazorUI\Components\Pages\Home.razor(7195,88): warning CS8602: Dereference of a possibly null reference. [D:\AB3\clnsr_prjct\CleanserBlazorUI\CleanserBlazorUI.csproj]
         D:\AB3\clnsr_prjct\CleanserBlazorUI\Components\Pages\Home.razor(7195,114): warning CS8602: Dereference of a possibly null reference. [D:\AB3\clnsr_prjct\CleanserBlazorUI\CleanserBlazorUI.csproj]
         D:\AB3\clnsr_prjct\CleanserBlazorUI\Components\Pages\Home.razor(7195,88): warning CS8604: Possible null reference argument for parameter '_sectorindcode' in 'string[] StringHelper.Sectorindcode_Subsecindcode(string _sectorindcode, string _subsecindcode)'. [D:\AB3\clnsr_prjct\CleanserBlazorUI\CleanserBlazorUI.csproj]
         D:\AB3\clnsr_prjct\CleanserBlazorUI\Components\Pages\Home.razor(7195,114): warning CS8604: Possible null reference argument for parameter '_subsecindcode' in 'string[] StringHelper.Sectorindcode_Subsecindcode(string _sectorindcode, string _subsecindcode)'. [D:\AB3\clnsr_prjct\CleanserBlazorUI\CleanserBlazorUI.csproj]
         D:\AB3\clnsr_prjct\CleanserBlazorUI\Components\Pages\Home.razor(7199,48): warning CS8602: Dereference of a possibly null reference. [D:\AB3\clnsr_prjct\CleanserBlazorUI\CleanserBlazorUI.csproj]
         D:\AB3\clnsr_prjct\CleanserBlazorUI\Components\Pages\Home.razor(7199,48): warning CS8604: Possible null reference argument for parameter 'input' in 'string Home.FilterBusinessKeywords(string input)'. [D:\AB3\clnsr_prjct\CleanserBlazorUI\CleanserBlazorUI.csproj]
         D:\AB3\clnsr_prjct\CleanserBlazorUI\Components\Pages\Home.razor(7210,90): warning CS8604: Possible null reference argument for parameter 'input' in '(bool thisIsAGhanaCard, bool hasSixUniqueCharactersCharacters) StringHelper.IsGhanacardAndNotRepeatingCharcters(string input)'. [D:\AB3\clnsr_prjct\CleanserBlazorUI\CleanserBlazorUI.csproj]
         D:\AB3\clnsr_prjct\CleanserBlazorUI\Components\Pages\Home.razor(7211,86): warning CS8604: Possible null reference argument for parameter 'input' in '(bool thisIsAGhanaCard, bool hasSixUniqueCharactersCharacters) StringHelper.IsGhanacardAndNotRepeatingCharcters(string input)'. [D:\AB3\clnsr_prjct\CleanserBlazorUI\CleanserBlazorUI.csproj]
         D:\AB3\clnsr_prjct\CleanserBlazorUI\Components\Pages\Home.razor(7215,17): warning CS8602: Dereference of a possibly null reference. [D:\AB3\clnsr_prjct\CleanserBlazorUI\CleanserBlazorUI.csproj]
         D:\AB3\clnsr_prjct\CleanserBlazorUI\Components\Pages\Home.razor(7246,90): warning CS8602: Dereference of a possibly null reference. [D:\AB3\clnsr_prjct\CleanserBlazorUI\CleanserBlazorUI.csproj]
         D:\AB3\clnsr_prjct\CleanserBlazorUI\Components\Pages\Home.razor(7246,117): warning CS8602: Dereference of a possibly null reference. [D:\AB3\clnsr_prjct\CleanserBlazorUI\CleanserBlazorUI.csproj]
         D:\AB3\clnsr_prjct\CleanserBlazorUI\Components\Pages\Home.razor(7246,90): warning CS8604: Possible null reference argument for parameter 'proofOfAddType' in 'CellDataAndStatus[] StringHelper.ProofOfAddType_ProofOfAddNum(string proofOfAddType, string proofOfAddNum)'. [D:\AB3\clnsr_prjct\CleanserBlazorUI\CleanserBlazorUI.csproj]
         D:\AB3\clnsr_prjct\CleanserBlazorUI\Components\Pages\Home.razor(7246,117): warning CS8604: Possible null reference argument for parameter 'proofOfAddNum' in 'CellDataAndStatus[] StringHelper.ProofOfAddType_ProofOfAddNum(string proofOfAddType, string proofOfAddNum)'. [D:\AB3\clnsr_prjct\CleanserBlazorUI\CleanserBlazorUI.csproj]
         D:\AB3\clnsr_prjct\CleanserBlazorUI\Components\Pages\Home.razor(7252,57): warning CS8602: Dereference of a possibly null reference. [D:\AB3\clnsr_prjct\CleanserBlazorUI\CleanserBlazorUI.csproj]
         D:\AB3\clnsr_prjct\CleanserBlazorUI\Components\Pages\Home.razor(7252,80): warning CS8602: Dereference of a possibly null reference. [D:\AB3\clnsr_prjct\CleanserBlazorUI\CleanserBlazorUI.csproj]
         D:\AB3\clnsr_prjct\CleanserBlazorUI\Components\Pages\Home.razor(7252,103): warning CS8602: Dereference of a possibly null reference. [D:\AB3\clnsr_prjct\CleanserBlazorUI\CleanserBlazorUI.csproj]
         D:\AB3\clnsr_prjct\CleanserBlazorUI\Components\Pages\Home.razor(7252,126): warning CS8602: Dereference of a possibly null reference. [D:\AB3\clnsr_prjct\CleanserBlazorUI\CleanserBlazorUI.csproj]
         D:\AB3\clnsr_prjct\CleanserBlazorUI\Components\Pages\Home.razor(7252,57): warning CS8604: Possible null reference argument for parameter 'addr1' in 'CellDataAndStatus[] StringHelper.CleanAddresses(string addr1, string addr2, string addr3, string addr4)'. [D:\AB3\clnsr_prjct\CleanserBlazorUI\CleanserBlazorUI.csproj]
         D:\AB3\clnsr_prjct\CleanserBlazorUI\Components\Pages\Home.razor(7252,80): warning CS8604: Possible null reference argument for parameter 'addr2' in 'CellDataAndStatus[] StringHelper.CleanAddresses(string addr1, string addr2, string addr3, string addr4)'. [D:\AB3\clnsr_prjct\CleanserBlazorUI\CleanserBlazorUI.csproj]
         D:\AB3\clnsr_prjct\CleanserBlazorUI\Components\Pages\Home.razor(7252,103): warning CS8604: Possible null reference argument for parameter 'addr3' in 'CellDataAndStatus[] StringHelper.CleanAddresses(string addr1, string addr2, string addr3, string addr4)'. [D:\AB3\clnsr_prjct\CleanserBlazorUI\CleanserBlazorUI.csproj]
         D:\AB3\clnsr_prjct\CleanserBlazorUI\Components\Pages\Home.razor(7252,126): warning CS8604: Possible null reference argument for parameter 'addr4' in 'CellDataAndStatus[] StringHelper.CleanAddresses(string addr1, string addr2, string addr3, string addr4)'. [D:\AB3\clnsr_prjct\CleanserBlazorUI\CleanserBlazorUI.csproj]
         D:\AB3\clnsr_prjct\CleanserBlazorUI\Components\Pages\Home.razor(7258,60): warning CS8602: Dereference of a possibly null reference. [D:\AB3\clnsr_prjct\CleanserBlazorUI\CleanserBlazorUI.csproj]
         D:\AB3\clnsr_prjct\CleanserBlazorUI\Components\Pages\Home.razor(7258,86): warning CS8602: Dereference of a possibly null reference. [D:\AB3\clnsr_prjct\CleanserBlazorUI\CleanserBlazorUI.csproj]
         D:\AB3\clnsr_prjct\CleanserBlazorUI\Components\Pages\Home.razor(7258,112): warning CS8602: Dereference of a possibly null reference. [D:\AB3\clnsr_prjct\CleanserBlazorUI\CleanserBlazorUI.csproj]
         D:\AB3\clnsr_prjct\CleanserBlazorUI\Components\Pages\Home.razor(7258,138): warning CS8602: Dereference of a possibly null reference. [D:\AB3\clnsr_prjct\CleanserBlazorUI\CleanserBlazorUI.csproj]
         D:\AB3\clnsr_prjct\CleanserBlazorUI\Components\Pages\Home.razor(7258,60): warning CS8604: Possible null reference argument for parameter 'addr1' in 'CellDataAndStatus[] StringHelper.CleanAddresses(string addr1, string addr2, string addr3, string addr4)'. [D:\AB3\clnsr_prjct\CleanserBlazorUI\CleanserBlazorUI.csproj]
         D:\AB3\clnsr_prjct\CleanserBlazorUI\Components\Pages\Home.razor(7258,86): warning CS8604: Possible null reference argument for parameter 'addr2' in 'CellDataAndStatus[] StringHelper.CleanAddresses(string addr1, string addr2, string addr3, string addr4)'. [D:\AB3\clnsr_prjct\CleanserBlazorUI\CleanserBlazorUI.csproj]
         D:\AB3\clnsr_prjct\CleanserBlazorUI\Components\Pages\Home.razor(7258,112): warning CS8604: Possible null reference argument for parameter 'addr3' in 'CellDataAndStatus[] StringHelper.CleanAddresses(string addr1, string addr2, string addr3, string addr4)'. [D:\AB3\clnsr_prjct\CleanserBlazorUI\CleanserBlazorUI.csproj]
         D:\AB3\clnsr_prjct\CleanserBlazorUI\Components\Pages\Home.razor(7258,138): warning CS8604: Possible null reference argument for parameter 'addr4' in 'CellDataAndStatus[] StringHelper.CleanAddresses(string addr1, string addr2, string addr3, string addr4)'. [D:\AB3\clnsr_prjct\CleanserBlazorUI\CleanserBlazorUI.csproj]
         D:\AB3\clnsr_prjct\CleanserBlazorUI\Components\Pages\Home.razor(7267,64): warning CS8602: Dereference of a possibly null reference. [D:\AB3\clnsr_prjct\CleanserBlazorUI\CleanserBlazorUI.csproj]
         D:\AB3\clnsr_prjct\CleanserBlazorUI\Components\Pages\Home.razor(7267,64): warning CS8602: Dereference of a possibly null reference. [D:\AB3\clnsr_prjct\CleanserBlazorUI\CleanserBlazorUI.csproj]
         D:\AB3\clnsr_prjct\CleanserBlazorUI\Components\Pages\Home.razor(7267,138): warning CS8602: Dereference of a possibly null reference. [D:\AB3\clnsr_prjct\CleanserBlazorUI\CleanserBlazorUI.csproj]
         D:\AB3\clnsr_prjct\CleanserBlazorUI\Components\Pages\Home.razor(7267,138): warning CS8602: Dereference of a possibly null reference. [D:\AB3\clnsr_prjct\CleanserBlazorUI\CleanserBlazorUI.csproj]
         D:\AB3\clnsr_prjct\CleanserBlazorUI\Components\Pages\Home.razor(7277,13): warning CS8602: Dereference of a possibly null reference. [D:\AB3\clnsr_prjct\CleanserBlazorUI\CleanserBlazorUI.csproj]
         D:\AB3\clnsr_prjct\CleanserBlazorUI\Components\Pages\Home.razor(7277,73): warning CS8604: Possible null reference argument for parameter 'input' in 'string Home.ConvertBusinessShortFormToLongForm(string input)'. [D:\AB3\clnsr_prjct\CleanserBlazorUI\CleanserBlazorUI.csproj]
         D:\AB3\clnsr_prjct\CleanserBlazorUI\Components\Pages\Home.razor(7280,13): warning CS8602: Dereference of a possibly null reference. [D:\AB3\clnsr_prjct\CleanserBlazorUI\CleanserBlazorUI.csproj]
         D:\AB3\clnsr_prjct\CleanserBlazorUI\Components\Pages\Home.razor(7280,39): warning CS8602: Dereference of a possibly null reference. [D:\AB3\clnsr_prjct\CleanserBlazorUI\CleanserBlazorUI.csproj]
         D:\AB3\clnsr_prjct\CleanserBlazorUI\Components\Pages\Home.razor(7285,63): warning CS8604: Possible null reference argument for parameter 'input' in 'bool StringHelper.AccountCustomerInValidCharacter(string input)'. [D:\AB3\clnsr_prjct\CleanserBlazorUI\CleanserBlazorUI.csproj]
         D:\AB3\clnsr_prjct\CleanserBlazorUI\Components\Pages\Home.razor(7290,63): warning CS8602: Dereference of a possibly null reference. [D:\AB3\clnsr_prjct\CleanserBlazorUI\CleanserBlazorUI.csproj]
         D:\AB3\clnsr_prjct\CleanserBlazorUI\Components\Pages\Home.razor(7290,63): warning CS8604: Possible null reference argument for parameter 'input' in 'bool StringHelper.AccountCustomerInValidCharacter(string input)'. [D:\AB3\clnsr_prjct\CleanserBlazorUI\CleanserBlazorUI.csproj]
         D:\AB3\clnsr_prjct\CleanserBlazorUI\Components\Pages\Home.razor(7312,31): warning CS8602: Dereference of a possibly null reference. [D:\AB3\clnsr_prjct\CleanserBlazorUI\CleanserBlazorUI.csproj]
         D:\AB3\clnsr_prjct\CleanserBlazorUI\Components\Pages\Home.razor(7313,32): warning CS8602: Dereference of a possibly null reference. [D:\AB3\clnsr_prjct\CleanserBlazorUI\CleanserBlazorUI.csproj]
         D:\AB3\clnsr_prjct\CleanserBlazorUI\Components\Pages\Home.razor(7314,33): warning CS8602: Dereference of a possibly null reference. [D:\AB3\clnsr_prjct\CleanserBlazorUI\CleanserBlazorUI.csproj]
         D:\AB3\clnsr_prjct\CleanserBlazorUI\Components\Pages\Home.razor(7327,13): warning CS8602: Dereference of a possibly null reference. [D:\AB3\clnsr_prjct\CleanserBlazorUI\CleanserBlazorUI.csproj]
         D:\AB3\clnsr_prjct\CleanserBlazorUI\Components\Pages\Home.razor(7330,17): warning CS8602: Dereference of a possibly null reference. [D:\AB3\clnsr_prjct\CleanserBlazorUI\CleanserBlazorUI.csproj]
         D:\AB3\clnsr_prjct\CleanserBlazorUI\Components\Pages\Home.razor(7331,17): warning CS8602: Dereference of a possibly null reference. [D:\AB3\clnsr_prjct\CleanserBlazorUI\CleanserBlazorUI.csproj]
         D:\AB3\clnsr_prjct\CleanserBlazorUI\Components\Pages\Home.razor(7332,17): warning CS8602: Dereference of a possibly null reference. [D:\AB3\clnsr_prjct\CleanserBlazorUI\CleanserBlazorUI.csproj]
         D:\AB3\clnsr_prjct\CleanserBlazorUI\Components\Pages\Home.razor(7333,17): warning CS8602: Dereference of a possibly null reference. [D:\AB3\clnsr_prjct\CleanserBlazorUI\CleanserBlazorUI.csproj]
         D:\AB3\clnsr_prjct\CleanserBlazorUI\Components\Pages\Home.razor(7334,17): warning CS8602: Dereference of a possibly null reference. [D:\AB3\clnsr_prjct\CleanserBlazorUI\CleanserBlazorUI.csproj]
         D:\AB3\clnsr_prjct\CleanserBlazorUI\Components\Pages\Home.razor(7335,17): warning CS8602: Dereference of a possibly null reference. [D:\AB3\clnsr_prjct\CleanserBlazorUI\CleanserBlazorUI.csproj]
         D:\AB3\clnsr_prjct\CleanserBlazorUI\Components\Pages\Home.razor(7330,17): warning CS8604: Possible null reference argument for parameter 'nationalID' in 'CellDataAndStatus[] StringHelper.ValidateIDsMain1_DUD(string nationalID, string voterID, string driver, string dassport, string sSNIT, string otherIDs)'. [D:\AB3\clnsr_prjct\CleanserBlazorUI\CleanserBlazorUI.csproj]
         D:\AB3\clnsr_prjct\CleanserBlazorUI\Components\Pages\Home.razor(7331,17): warning CS8604: Possible null reference argument for parameter 'voterID' in 'CellDataAndStatus[] StringHelper.ValidateIDsMain1_DUD(string nationalID, string voterID, string driver, string dassport, string sSNIT, string otherIDs)'. [D:\AB3\clnsr_prjct\CleanserBlazorUI\CleanserBlazorUI.csproj]
         D:\AB3\clnsr_prjct\CleanserBlazorUI\Components\Pages\Home.razor(7332,17): warning CS8604: Possible null reference argument for parameter 'driver' in 'CellDataAndStatus[] StringHelper.ValidateIDsMain1_DUD(string nationalID, string voterID, string driver, string dassport, string sSNIT, string otherIDs)'. [D:\AB3\clnsr_prjct\CleanserBlazorUI\CleanserBlazorUI.csproj]
         D:\AB3\clnsr_prjct\CleanserBlazorUI\Components\Pages\Home.razor(7333,17): warning CS8604: Possible null reference argument for parameter 'dassport' in 'CellDataAndStatus[] StringHelper.ValidateIDsMain1_DUD(string nationalID, string voterID, string driver, string dassport, string sSNIT, string otherIDs)'. [D:\AB3\clnsr_prjct\CleanserBlazorUI\CleanserBlazorUI.csproj]
         D:\AB3\clnsr_prjct\CleanserBlazorUI\Components\Pages\Home.razor(7334,17): warning CS8604: Possible null reference argument for parameter 'sSNIT' in 'CellDataAndStatus[] StringHelper.ValidateIDsMain1_DUD(string nationalID, string voterID, string driver, string dassport, string sSNIT, string otherIDs)'. [D:\AB3\clnsr_prjct\CleanserBlazorUI\CleanserBlazorUI.csproj]
         D:\AB3\clnsr_prjct\CleanserBlazorUI\Components\Pages\Home.razor(7335,17): warning CS8604: Possible null reference argument for parameter 'otherIDs' in 'CellDataAndStatus[] StringHelper.ValidateIDsMain1_DUD(string nationalID, string voterID, string driver, string dassport, string sSNIT, string otherIDs)'. [D:\AB3\clnsr_prjct\CleanserBlazorUI\CleanserBlazorUI.csproj]
         D:\AB3\clnsr_prjct\CleanserBlazorUI\Components\Pages\Home.razor(7361,101): warning CS8602: Dereference of a possibly null reference. [D:\AB3\clnsr_prjct\CleanserBlazorUI\CleanserBlazorUI.csproj]
         D:\AB3\clnsr_prjct\CleanserBlazorUI\Components\Pages\Home.razor(7361,78): warning CS8604: Possible null reference argument for parameter 'otherIDNum' in 'CellDataAndStatus[] StringHelper.OtherIdAndOtherIDType(string otherIDNum, string otherIDType)'. [D:\AB3\clnsr_prjct\CleanserBlazorUI\CleanserBlazorUI.csproj]
         D:\AB3\clnsr_prjct\CleanserBlazorUI\Components\Pages\Home.razor(7361,101): warning CS8604: Possible null reference argument for parameter 'otherIDType' in 'CellDataAndStatus[] StringHelper.OtherIdAndOtherIDType(string otherIDNum, string otherIDType)'. [D:\AB3\clnsr_prjct\CleanserBlazorUI\CleanserBlazorUI.csproj]
         D:\AB3\clnsr_prjct\CleanserBlazorUI\Components\Pages\Home.razor(7365,69): warning CS8602: Dereference of a possibly null reference. [D:\AB3\clnsr_prjct\CleanserBlazorUI\CleanserBlazorUI.csproj]
         D:\AB3\clnsr_prjct\CleanserBlazorUI\Components\Pages\Home.razor(7365,89): warning CS8602: Dereference of a possibly null reference. [D:\AB3\clnsr_prjct\CleanserBlazorUI\CleanserBlazorUI.csproj]
         D:\AB3\clnsr_prjct\CleanserBlazorUI\Components\Pages\Home.razor(7365,111): warning CS8602: Dereference of a possibly null reference. [D:\AB3\clnsr_prjct\CleanserBlazorUI\CleanserBlazorUI.csproj]
         D:\AB3\clnsr_prjct\CleanserBlazorUI\Components\Pages\Home.razor(7365,69): warning CS8604: Possible null reference argument for parameter 'surname' in 'CellDataAndStatus[] StringHelper.Surname_FirtName_MiddleName(string surname, string firsname, string middlename)'. [D:\AB3\clnsr_prjct\CleanserBlazorUI\CleanserBlazorUI.csproj]
         D:\AB3\clnsr_prjct\CleanserBlazorUI\Components\Pages\Home.razor(7365,89): warning CS8604: Possible null reference argument for parameter 'firsname' in 'CellDataAndStatus[] StringHelper.Surname_FirtName_MiddleName(string surname, string firsname, string middlename)'. [D:\AB3\clnsr_prjct\CleanserBlazorUI\CleanserBlazorUI.csproj]
         D:\AB3\clnsr_prjct\CleanserBlazorUI\Components\Pages\Home.razor(7365,111): warning CS8604: Possible null reference argument for parameter 'middlename' in 'CellDataAndStatus[] StringHelper.Surname_FirtName_MiddleName(string surname, string firsname, string middlename)'. [D:\AB3\clnsr_prjct\CleanserBlazorUI\CleanserBlazorUI.csproj]
         D:\AB3\clnsr_prjct\CleanserBlazorUI\Components\Pages\Home.razor(7371,17): warning CS8602: Dereference of a possibly null reference. [D:\AB3\clnsr_prjct\CleanserBlazorUI\CleanserBlazorUI.csproj]
         D:\AB3\clnsr_prjct\CleanserBlazorUI\Components\Pages\Home.razor(7371,53): warning CS8602: Dereference of a possibly null reference. [D:\AB3\clnsr_prjct\CleanserBlazorUI\CleanserBlazorUI.csproj]
         D:\AB3\clnsr_prjct\CleanserBlazorUI\Components\Pages\Home.razor(7371,91): warning CS8602: Dereference of a possibly null reference. [D:\AB3\clnsr_prjct\CleanserBlazorUI\CleanserBlazorUI.csproj]
         D:\AB3\clnsr_prjct\CleanserBlazorUI\Components\Pages\Home.razor(7377,86): warning CS8604: Possible null reference argument for parameter 'input' in 'bool Home.ContainsRestrictedWord(string input)'. [D:\AB3\clnsr_prjct\CleanserBlazorUI\CleanserBlazorUI.csproj]
         D:\AB3\clnsr_prjct\CleanserBlazorUI\Components\Pages\Home.razor(7377,134): warning CS8604: Possible null reference argument for parameter 'input' in 'bool Home.ContainsRestrictedWord(string input)'. [D:\AB3\clnsr_prjct\CleanserBlazorUI\CleanserBlazorUI.csproj]
         D:\AB3\clnsr_prjct\CleanserBlazorUI\Components\Pages\Home.razor(7383,90): warning CS8602: Dereference of a possibly null reference. [D:\AB3\clnsr_prjct\CleanserBlazorUI\CleanserBlazorUI.csproj]
         D:\AB3\clnsr_prjct\CleanserBlazorUI\Components\Pages\Home.razor(7383,117): warning CS8602: Dereference of a possibly null reference. [D:\AB3\clnsr_prjct\CleanserBlazorUI\CleanserBlazorUI.csproj]
         D:\AB3\clnsr_prjct\CleanserBlazorUI\Components\Pages\Home.razor(7383,90): warning CS8604: Possible null reference argument for parameter 'proofOfAddType' in 'CellDataAndStatus[] StringHelper.ProofOfAddType_ProofOfAddNum(string proofOfAddType, string proofOfAddNum)'. [D:\AB3\clnsr_prjct\CleanserBlazorUI\CleanserBlazorUI.csproj]
         D:\AB3\clnsr_prjct\CleanserBlazorUI\Components\Pages\Home.razor(7383,117): warning CS8604: Possible null reference argument for parameter 'proofOfAddNum' in 'CellDataAndStatus[] StringHelper.ProofOfAddType_ProofOfAddNum(string proofOfAddType, string proofOfAddNum)'. [D:\AB3\clnsr_prjct\CleanserBlazorUI\CleanserBlazorUI.csproj]
         D:\AB3\clnsr_prjct\CleanserBlazorUI\Components\Pages\Home.razor(7388,57): warning CS8602: Dereference of a possibly null reference. [D:\AB3\clnsr_prjct\CleanserBlazorUI\CleanserBlazorUI.csproj]
         D:\AB3\clnsr_prjct\CleanserBlazorUI\Components\Pages\Home.razor(7388,81): warning CS8602: Dereference of a possibly null reference. [D:\AB3\clnsr_prjct\CleanserBlazorUI\CleanserBlazorUI.csproj]
         D:\AB3\clnsr_prjct\CleanserBlazorUI\Components\Pages\Home.razor(7388,105): warning CS8602: Dereference of a possibly null reference. [D:\AB3\clnsr_prjct\CleanserBlazorUI\CleanserBlazorUI.csproj]
         D:\AB3\clnsr_prjct\CleanserBlazorUI\Components\Pages\Home.razor(7388,129): warning CS8602: Dereference of a possibly null reference. [D:\AB3\clnsr_prjct\CleanserBlazorUI\CleanserBlazorUI.csproj]
         D:\AB3\clnsr_prjct\CleanserBlazorUI\Components\Pages\Home.razor(7388,57): warning CS8604: Possible null reference argument for parameter 'addr1' in 'CellDataAndStatus[] StringHelper.CleanAddresses(string addr1, string addr2, string addr3, string addr4)'. [D:\AB3\clnsr_prjct\CleanserBlazorUI\CleanserBlazorUI.csproj]
         D:\AB3\clnsr_prjct\CleanserBlazorUI\Components\Pages\Home.razor(7388,81): warning CS8604: Possible null reference argument for parameter 'addr2' in 'CellDataAndStatus[] StringHelper.CleanAddresses(string addr1, string addr2, string addr3, string addr4)'. [D:\AB3\clnsr_prjct\CleanserBlazorUI\CleanserBlazorUI.csproj]
         D:\AB3\clnsr_prjct\CleanserBlazorUI\Components\Pages\Home.razor(7388,105): warning CS8604: Possible null reference argument for parameter 'addr3' in 'CellDataAndStatus[] StringHelper.CleanAddresses(string addr1, string addr2, string addr3, string addr4)'. [D:\AB3\clnsr_prjct\CleanserBlazorUI\CleanserBlazorUI.csproj]
         D:\AB3\clnsr_prjct\CleanserBlazorUI\Components\Pages\Home.razor(7388,129): warning CS8604: Possible null reference argument for parameter 'addr4' in 'CellDataAndStatus[] StringHelper.CleanAddresses(string addr1, string addr2, string addr3, string addr4)'. [D:\AB3\clnsr_prjct\CleanserBlazorUI\CleanserBlazorUI.csproj]
         D:\AB3\clnsr_prjct\CleanserBlazorUI\Components\Pages\Home.razor(7395,59): warning CS8602: Dereference of a possibly null reference. [D:\AB3\clnsr_prjct\CleanserBlazorUI\CleanserBlazorUI.csproj]
         D:\AB3\clnsr_prjct\CleanserBlazorUI\Components\Pages\Home.razor(7395,84): warning CS8602: Dereference of a possibly null reference. [D:\AB3\clnsr_prjct\CleanserBlazorUI\CleanserBlazorUI.csproj]
         D:\AB3\clnsr_prjct\CleanserBlazorUI\Components\Pages\Home.razor(7395,109): warning CS8602: Dereference of a possibly null reference. [D:\AB3\clnsr_prjct\CleanserBlazorUI\CleanserBlazorUI.csproj]
         D:\AB3\clnsr_prjct\CleanserBlazorUI\Components\Pages\Home.razor(7395,134): warning CS8602: Dereference of a possibly null reference. [D:\AB3\clnsr_prjct\CleanserBlazorUI\CleanserBlazorUI.csproj]
         D:\AB3\clnsr_prjct\CleanserBlazorUI\Components\Pages\Home.razor(7395,59): warning CS8604: Possible null reference argument for parameter 'addr1' in 'CellDataAndStatus[] StringHelper.CleanAddresses(string addr1, string addr2, string addr3, string addr4)'. [D:\AB3\clnsr_prjct\CleanserBlazorUI\CleanserBlazorUI.csproj]
         D:\AB3\clnsr_prjct\CleanserBlazorUI\Components\Pages\Home.razor(7395,84): warning CS8604: Possible null reference argument for parameter 'addr2' in 'CellDataAndStatus[] StringHelper.CleanAddresses(string addr1, string addr2, string addr3, string addr4)'. [D:\AB3\clnsr_prjct\CleanserBlazorUI\CleanserBlazorUI.csproj]
         D:\AB3\clnsr_prjct\CleanserBlazorUI\Components\Pages\Home.razor(7395,109): warning CS8604: Possible null reference argument for parameter 'addr3' in 'CellDataAndStatus[] StringHelper.CleanAddresses(string addr1, string addr2, string addr3, string addr4)'. [D:\AB3\clnsr_prjct\CleanserBlazorUI\CleanserBlazorUI.csproj]
         D:\AB3\clnsr_prjct\CleanserBlazorUI\Components\Pages\Home.razor(7395,134): warning CS8604: Possible null reference argument for parameter 'addr4' in 'CellDataAndStatus[] StringHelper.CleanAddresses(string addr1, string addr2, string addr3, string addr4)'. [D:\AB3\clnsr_prjct\CleanserBlazorUI\CleanserBlazorUI.csproj]
         D:\AB3\clnsr_prjct\CleanserBlazorUI\Components\Pages\Home.razor(7402,60): warning CS8602: Dereference of a possibly null reference. [D:\AB3\clnsr_prjct\CleanserBlazorUI\CleanserBlazorUI.csproj]
         D:\AB3\clnsr_prjct\CleanserBlazorUI\Components\Pages\Home.razor(7402,86): warning CS8602: Dereference of a possibly null reference. [D:\AB3\clnsr_prjct\CleanserBlazorUI\CleanserBlazorUI.csproj]
         D:\AB3\clnsr_prjct\CleanserBlazorUI\Components\Pages\Home.razor(7402,112): warning CS8602: Dereference of a possibly null reference. [D:\AB3\clnsr_prjct\CleanserBlazorUI\CleanserBlazorUI.csproj]
         D:\AB3\clnsr_prjct\CleanserBlazorUI\Components\Pages\Home.razor(7402,138): warning CS8602: Dereference of a possibly null reference. [D:\AB3\clnsr_prjct\CleanserBlazorUI\CleanserBlazorUI.csproj]
         D:\AB3\clnsr_prjct\CleanserBlazorUI\Components\Pages\Home.razor(7402,60): warning CS8604: Possible null reference argument for parameter 'addr1' in 'CellDataAndStatus[] StringHelper.CleanAddresses(string addr1, string addr2, string addr3, string addr4)'. [D:\AB3\clnsr_prjct\CleanserBlazorUI\CleanserBlazorUI.csproj]
         D:\AB3\clnsr_prjct\CleanserBlazorUI\Components\Pages\Home.razor(7402,86): warning CS8604: Possible null reference argument for parameter 'addr2' in 'CellDataAndStatus[] StringHelper.CleanAddresses(string addr1, string addr2, string addr3, string addr4)'. [D:\AB3\clnsr_prjct\CleanserBlazorUI\CleanserBlazorUI.csproj]
         D:\AB3\clnsr_prjct\CleanserBlazorUI\Components\Pages\Home.razor(7402,112): warning CS8604: Possible null reference argument for parameter 'addr3' in 'CellDataAndStatus[] StringHelper.CleanAddresses(string addr1, string addr2, string addr3, string addr4)'. [D:\AB3\clnsr_prjct\CleanserBlazorUI\CleanserBlazorUI.csproj]
         D:\AB3\clnsr_prjct\CleanserBlazorUI\Components\Pages\Home.razor(7402,138): warning CS8604: Possible null reference argument for parameter 'addr4' in 'CellDataAndStatus[] StringHelper.CleanAddresses(string addr1, string addr2, string addr3, string addr4)'. [D:\AB3\clnsr_prjct\CleanserBlazorUI\CleanserBlazorUI.csproj]
         D:\AB3\clnsr_prjct\CleanserBlazorUI\Components\Pages\Home.razor(7411,64): warning CS8602: Dereference of a possibly null reference. [D:\AB3\clnsr_prjct\CleanserBlazorUI\CleanserBlazorUI.csproj]
         D:\AB3\clnsr_prjct\CleanserBlazorUI\Components\Pages\Home.razor(7411,64): warning CS8602: Dereference of a possibly null reference. [D:\AB3\clnsr_prjct\CleanserBlazorUI\CleanserBlazorUI.csproj]
         D:\AB3\clnsr_prjct\CleanserBlazorUI\Components\Pages\Home.razor(7411,138): warning CS8602: Dereference of a possibly null reference. [D:\AB3\clnsr_prjct\CleanserBlazorUI\CleanserBlazorUI.csproj]
         D:\AB3\clnsr_prjct\CleanserBlazorUI\Components\Pages\Home.razor(7411,138): warning CS8602: Dereference of a possibly null reference. [D:\AB3\clnsr_prjct\CleanserBlazorUI\CleanserBlazorUI.csproj]
         D:\AB3\clnsr_prjct\CleanserBlazorUI\Components\Pages\Home.razor(7418,17): warning CS8602: Dereference of a possibly null reference. [D:\AB3\clnsr_prjct\CleanserBlazorUI\CleanserBlazorUI.csproj]
         D:\AB3\clnsr_prjct\CleanserBlazorUI\Components\Pages\Home.razor(7420,39): warning CS8602: Dereference of a possibly null reference. [D:\AB3\clnsr_prjct\CleanserBlazorUI\CleanserBlazorUI.csproj]
         D:\AB3\clnsr_prjct\CleanserBlazorUI\Components\Pages\Home.razor(7437,55): warning CS8602: Dereference of a possibly null reference. [D:\AB3\clnsr_prjct\CleanserBlazorUI\CleanserBlazorUI.csproj]
         D:\AB3\clnsr_prjct\CleanserBlazorUI\Components\Pages\Home.razor(7437,76): warning CS8602: Dereference of a possibly null reference. [D:\AB3\clnsr_prjct\CleanserBlazorUI\CleanserBlazorUI.csproj]
         D:\AB3\clnsr_prjct\CleanserBlazorUI\Components\Pages\Home.razor(7437,97): warning CS8602: Dereference of a possibly null reference. [D:\AB3\clnsr_prjct\CleanserBlazorUI\CleanserBlazorUI.csproj]
         D:\AB3\clnsr_prjct\CleanserBlazorUI\Components\Pages\Home.razor(7437,118): warning CS8602: Dereference of a possibly null reference. [D:\AB3\clnsr_prjct\CleanserBlazorUI\CleanserBlazorUI.csproj]
         D:\AB3\clnsr_prjct\CleanserBlazorUI\Components\Pages\Home.razor(7437,55): warning CS8604: Possible null reference argument for parameter 'addr1' in 'CellDataAndStatus[] StringHelper.CleanAddresses(string addr1, string addr2, string addr3, string addr4)'. [D:\AB3\clnsr_prjct\CleanserBlazorUI\CleanserBlazorUI.csproj]
         D:\AB3\clnsr_prjct\CleanserBlazorUI\Components\Pages\Home.razor(7437,76): warning CS8604: Possible null reference argument for parameter 'addr2' in 'CellDataAndStatus[] StringHelper.CleanAddresses(string addr1, string addr2, string addr3, string addr4)'. [D:\AB3\clnsr_prjct\CleanserBlazorUI\CleanserBlazorUI.csproj]
         D:\AB3\clnsr_prjct\CleanserBlazorUI\Components\Pages\Home.razor(7437,97): warning CS8604: Possible null reference argument for parameter 'addr3' in 'CellDataAndStatus[] StringHelper.CleanAddresses(string addr1, string addr2, string addr3, string addr4)'. [D:\AB3\clnsr_prjct\CleanserBlazorUI\CleanserBlazorUI.csproj]
         D:\AB3\clnsr_prjct\CleanserBlazorUI\Components\Pages\Home.razor(7437,118): warning CS8604: Possible null reference argument for parameter 'addr4' in 'CellDataAndStatus[] StringHelper.CleanAddresses(string addr1, string addr2, string addr3, string addr4)'. [D:\AB3\clnsr_prjct\CleanserBlazorUI\CleanserBlazorUI.csproj]
         D:\AB3\clnsr_prjct\CleanserBlazorUI\Components\Pages\Home.razor(7444,13): warning CS8602: Dereference of a possibly null reference. [D:\AB3\clnsr_prjct\CleanserBlazorUI\CleanserBlazorUI.csproj]
         D:\AB3\clnsr_prjct\CleanserBlazorUI\Components\Pages\Home.razor(7444,39): warning CS8602: Dereference of a possibly null reference. [D:\AB3\clnsr_prjct\CleanserBlazorUI\CleanserBlazorUI.csproj]
         D:\AB3\clnsr_prjct\CleanserBlazorUI\Components\Pages\Home.razor(7448,146): warning CS8602: Dereference of a possibly null reference. [D:\AB3\clnsr_prjct\CleanserBlazorUI\CleanserBlazorUI.csproj]
         D:\AB3\clnsr_prjct\CleanserBlazorUI\Components\Pages\Home.razor(7448,173): warning CS8602: Dereference of a possibly null reference. [D:\AB3\clnsr_prjct\CleanserBlazorUI\CleanserBlazorUI.csproj]
         D:\AB3\clnsr_prjct\CleanserBlazorUI\Components\Pages\Home.razor(7448,192): warning CS8602: Dereference of a possibly null reference. [D:\AB3\clnsr_prjct\CleanserBlazorUI\CleanserBlazorUI.csproj]
         D:\AB3\clnsr_prjct\CleanserBlazorUI\Components\Pages\Home.razor(7448,219): warning CS8602: Dereference of a possibly null reference. [D:\AB3\clnsr_prjct\CleanserBlazorUI\CleanserBlazorUI.csproj]
         D:\AB3\clnsr_prjct\CleanserBlazorUI\Components\Pages\Home.razor(7448,146): warning CS8604: Possible null reference argument for parameter 'incomeCurrency' in 'CellDataAndStatus[] StringHelper.IncomeCurrency_Income_jointOrSoleAcc_NoParticipantsInAcc(string incomeCurrency, string income, string jointOrSoleAcc, string noParticipantsInAcc)'. [D:\AB3\clnsr_prjct\CleanserBlazorUI\CleanserBlazorUI.csproj]
         D:\AB3\clnsr_prjct\CleanserBlazorUI\Components\Pages\Home.razor(7448,173): warning CS8604: Possible null reference argument for parameter 'income' in 'CellDataAndStatus[] StringHelper.IncomeCurrency_Income_jointOrSoleAcc_NoParticipantsInAcc(string incomeCurrency, string income, string jointOrSoleAcc, string noParticipantsInAcc)'. [D:\AB3\clnsr_prjct\CleanserBlazorUI\CleanserBlazorUI.csproj]
         D:\AB3\clnsr_prjct\CleanserBlazorUI\Components\Pages\Home.razor(7448,192): warning CS8604: Possible null reference argument for parameter 'jointOrSoleAcc' in 'CellDataAndStatus[] StringHelper.IncomeCurrency_Income_jointOrSoleAcc_NoParticipantsInAcc(string incomeCurrency, string income, string jointOrSoleAcc, string noParticipantsInAcc)'. [D:\AB3\clnsr_prjct\CleanserBlazorUI\CleanserBlazorUI.csproj]
         D:\AB3\clnsr_prjct\CleanserBlazorUI\Components\Pages\Home.razor(7448,219): warning CS8604: Possible null reference argument for parameter 'noParticipantsInAcc' in 'CellDataAndStatus[] StringHelper.IncomeCurrency_Income_jointOrSoleAcc_NoParticipantsInAcc(string incomeCurrency, string income, string jointOrSoleAcc, string noParticipantsInAcc)'. [D:\AB3\clnsr_prjct\CleanserBlazorUI\CleanserBlazorUI.csproj]
         D:\AB3\clnsr_prjct\CleanserBlazorUI\Components\Pages\Home.razor(7456,63): warning CS8604: Possible null reference argument for parameter 'input' in 'bool StringHelper.AccountCustomerInValidCharacter(string input)'. [D:\AB3\clnsr_prjct\CleanserBlazorUI\CleanserBlazorUI.csproj]
         D:\AB3\clnsr_prjct\CleanserBlazorUI\Components\Pages\Home.razor(7460,63): warning CS8602: Dereference of a possibly null reference. [D:\AB3\clnsr_prjct\CleanserBlazorUI\CleanserBlazorUI.csproj]
         D:\AB3\clnsr_prjct\CleanserBlazorUI\Components\Pages\Home.razor(7460,63): warning CS8604: Possible null reference argument for parameter 'input' in 'bool StringHelper.AccountCustomerInValidCharacter(string input)'. [D:\AB3\clnsr_prjct\CleanserBlazorUI\CleanserBlazorUI.csproj]
         D:\AB3\clnsr_prjct\CleanserBlazorUI\Components\Pages\Home.razor(7472,32): warning CS8602: Dereference of a possibly null reference. [D:\AB3\clnsr_prjct\CleanserBlazorUI\CleanserBlazorUI.csproj]
         D:\AB3\clnsr_prjct\CleanserBlazorUI\Components\Pages\Home.razor(7474,31): warning CS8602: Dereference of a possibly null reference. [D:\AB3\clnsr_prjct\CleanserBlazorUI\CleanserBlazorUI.csproj]
         D:\AB3\clnsr_prjct\CleanserBlazorUI\Components\Pages\Home.razor(7475,32): warning CS8602: Dereference of a possibly null reference. [D:\AB3\clnsr_prjct\CleanserBlazorUI\CleanserBlazorUI.csproj]
         D:\AB3\clnsr_prjct\CleanserBlazorUI\Components\Pages\Home.razor(7476,33): warning CS8602: Dereference of a possibly null reference. [D:\AB3\clnsr_prjct\CleanserBlazorUI\CleanserBlazorUI.csproj]
         D:\AB3\clnsr_prjct\CleanserBlazorUI\Components\Pages\Home.razor(7537,82): warning CS8600: Converting null literal or possible null value to non-nullable type. [D:\AB3\clnsr_prjct\CleanserBlazorUI\CleanserBlazorUI.csproj]
         D:\AB3\clnsr_prjct\CleanserBlazorUI\Components\Pages\Home.razor(7537,98): warning CS8600: Converting null literal or possible null value to non-nullable type. [D:\AB3\clnsr_prjct\CleanserBlazorUI\CleanserBlazorUI.csproj]
         D:\AB3\clnsr_prjct\CleanserBlazorUI\Components\Pages\Home.razor(7537,114): warning CS8600: Converting null literal or possible null value to non-nullable type. [D:\AB3\clnsr_prjct\CleanserBlazorUI\CleanserBlazorUI.csproj]
         D:\AB3\clnsr_prjct\CleanserBlazorUI\Components\Pages\Home.razor(7568,46): warning CS8604: Possible null reference argument for parameter 'input' in 'string Home.FilterBusinessKeywords(string input)'. [D:\AB3\clnsr_prjct\CleanserBlazorUI\CleanserBlazorUI.csproj]
         D:\AB3\clnsr_prjct\CleanserBlazorUI\Components\Pages\Home.razor(7595,47): warning CS8604: Possible null reference argument for parameter 'input' in 'bool Home.ContainsRestrictedWord(string input)'. [D:\AB3\clnsr_prjct\CleanserBlazorUI\CleanserBlazorUI.csproj]
         D:\AB3\clnsr_prjct\CleanserBlazorUI\Components\Pages\Home.razor(7700,32): warning CS8600: Converting null literal or possible null value to non-nullable type. [D:\AB3\clnsr_prjct\CleanserBlazorUI\CleanserBlazorUI.csproj]
         D:\AB3\clnsr_prjct\CleanserBlazorUI\Components\Pages\Home.razor(7701,76): warning CS8604: Possible null reference argument for parameter 'input' in 'string StringHelper.GetFirstPartExcludeLastPart(string input, int n)'. [D:\AB3\clnsr_prjct\CleanserBlazorUI\CleanserBlazorUI.csproj]
         D:\AB3\clnsr_prjct\CleanserBlazorUI\Components\Pages\Home.razor(7698,22): warning CS1998: This async method lacks 'await' operators and will run synchronously. Consider using the 'await' operator to await non-blocking API calls, or 'await Task.Run(...)' to do CPU-bound work on a background thread. [D:\AB3\clnsr_prjct\CleanserBlazorUI\CleanserBlazorUI.csproj]
         D:\AB3\clnsr_prjct\CleanserBlazorUI\Components\Pages\Home.razor(7733,9): warning CS8602: Dereference of a possibly null reference. [D:\AB3\clnsr_prjct\CleanserBlazorUI\CleanserBlazorUI.csproj]
         D:\AB3\clnsr_prjct\CleanserBlazorUI\Components\Pages\Home.razor(7734,9): warning CS8602: Dereference of a possibly null reference. [D:\AB3\clnsr_prjct\CleanserBlazorUI\CleanserBlazorUI.csproj]
         D:\AB3\clnsr_prjct\CleanserBlazorUI\Components\Pages\Home.razor(7749,9): warning CS8602: Dereference of a possibly null reference. [D:\AB3\clnsr_prjct\CleanserBlazorUI\CleanserBlazorUI.csproj]
         D:\AB3\clnsr_prjct\CleanserBlazorUI\Components\Pages\Home.razor(7750,9): warning CS8602: Dereference of a possibly null reference. [D:\AB3\clnsr_prjct\CleanserBlazorUI\CleanserBlazorUI.csproj]
         D:\AB3\clnsr_prjct\CleanserBlazorUI\Components\Pages\Home.razor(7759,9): warning CS8602: Dereference of a possibly null reference. [D:\AB3\clnsr_prjct\CleanserBlazorUI\CleanserBlazorUI.csproj]
         D:\AB3\clnsr_prjct\CleanserBlazorUI\Components\Pages\Home.razor(7760,13): warning CS0219: The variable 'rejectedFiles' is assigned but its value is never used [D:\AB3\clnsr_prjct\CleanserBlazorUI\CleanserBlazorUI.csproj]
         D:\AB3\clnsr_prjct\CleanserBlazorUI\Components\Pages\Home.razor(7847,27): warning CS8622: Nullability of reference types in type of parameter 'sender' of 'void Home.OnTimerElapsed(object sender, ElapsedEventArgs e)' doesn't match the target delegate 'ElapsedEventHandler' (possibly because of nullability attributes). [D:\AB3\clnsr_prjct\CleanserBlazorUI\CleanserBlazorUI.csproj]
         D:\AB3\clnsr_prjct\CleanserBlazorUI\Components\Pages\Home.razor(7881,9): warning CS1717: Assignment made to same variable; did you mean to assign something else? [D:\AB3\clnsr_prjct\CleanserBlazorUI\CleanserBlazorUI.csproj]
         D:\AB3\clnsr_prjct\CleanserBlazorUI\Components\Pages\Home.razor(7882,9): warning CS1717: Assignment made to same variable; did you mean to assign something else? [D:\AB3\clnsr_prjct\CleanserBlazorUI\CleanserBlazorUI.csproj]
         D:\AB3\clnsr_prjct\CleanserBlazorUI\Components\Pages\Home.razor(256,12): warning CS8618: Non-nullable field 'correctDateOfBirth' must contain a non-null value when exiting constructor. Consider adding the 'required' modifier or declaring the field as nullable. [D:\AB3\clnsr_prjct\CleanserBlazorUI\CleanserBlazorUI.csproj]
         D:\AB3\clnsr_prjct\CleanserBlazorUI\Components\Pages\Home.razor(256,39): warning CS8618: Non-nullable field 'dobIssues' must contain a non-null value when exiting constructor. Consider adding the 'required' modifier or declaring the field as nullable. [D:\AB3\clnsr_prjct\CleanserBlazorUI\CleanserBlazorUI.csproj]
         D:\AB3\clnsr_prjct\CleanserBlazorUI\Components\Pages\Home.razor(256,57): warning CS8618: Non-nullable field 'matchdata' must contain a non-null value when exiting constructor. Consider adding the 'required' modifier or declaring the field as nullable. [D:\AB3\clnsr_prjct\CleanserBlazorUI\CleanserBlazorUI.csproj]
         D:\AB3\clnsr_prjct\CleanserBlazorUI\Components\Pages\Home.razor(256,75): warning CS8618: Non-nullable field 'newdata' must contain a non-null value when exiting constructor. Consider adding the 'required' modifier or declaring the field as nullable. [D:\AB3\clnsr_prjct\CleanserBlazorUI\CleanserBlazorUI.csproj]
         D:\AB3\clnsr_prjct\CleanserBlazorUI\Components\Pages\Home.razor(256,91): warning CS8618: Non-nullable field 'duplicateCount' must contain a non-null value when exiting constructor. Consider adding the 'required' modifier or declaring the field as nullable. [D:\AB3\clnsr_prjct\CleanserBlazorUI\CleanserBlazorUI.csproj]
         D:\AB3\clnsr_prjct\CleanserBlazorUI\Components\Pages\Home.razor(280,12): warning CS8618: Non-nullable field 'AlertSeverityMessage' must contain a non-null value when exiting constructor. Consider adding the 'required' modifier or declaring the field as nullable. [D:\AB3\clnsr_prjct\CleanserBlazorUI\CleanserBlazorUI.csproj]
         D:\AB3\clnsr_prjct\CleanserBlazorUI\Components\Pages\Home.razor(281,25): warning CS8618: Non-nullable field '_timer' must contain a non-null value when exiting constructor. Consider adding the 'required' modifier or declaring the field as nullable. [D:\AB3\clnsr_prjct\CleanserBlazorUI\CleanserBlazorUI.csproj]
         D:\AB3\clnsr_prjct\CleanserBlazorUI\Components\Pages\BusinessNamesNormalizer.razor(81,17): warning CS0649: Field 'BusinessNamesNormalizer.id' is never assigned to, and will always have its default value 0 [D:\AB3\clnsr_prjct\CleanserBlazorUI\CleanserBlazorUI.csproj]
         D:\AB3\clnsr_prjct\CleanserBlazorUI\Components\Pages\BusinessNamesNormalizer.razor(82,30): warning CS0169: The field 'BusinessNamesNormalizer.dataType' is never used [D:\AB3\clnsr_prjct\CleanserBlazorUI\CleanserBlazorUI.csproj]
         D:\AB3\clnsr_prjct\CleanserBlazorUI\Components\Account\Pages\RegisterConfirmation.razor(32,21): warning CS0649: Field 'RegisterConfirmation.emailConfirmationLink' is never assigned to, and will always have its default value null [D:\AB3\clnsr_prjct\CleanserBlazorUI\CleanserBlazorUI.csproj]
         D:\AB3\clnsr_prjct\CleanserBlazorUI\Components\Pages\BusinessNamesNormalizer.razor(84,22): warning CS0649: Field 'BusinessNamesNormalizer.dateModified' is never assigned to, and will always have its default value [D:\AB3\clnsr_prjct\CleanserBlazorUI\CleanserBlazorUI.csproj]
         D:\AB3\clnsr_prjct\CleanserBlazorUI\Components\Pages\Manageroles.razor(88,41): warning CS0649: Field 'Manageroles.identityErrors' is never assigned to, and will always have its default value null [D:\AB3\clnsr_prjct\CleanserBlazorUI\CleanserBlazorUI.csproj]
         D:\AB3\clnsr_prjct\CleanserBlazorUI\Components\Pages\Home.razor(296,10): warning CS0414: The field 'Home.IsProcessingExcelLoadingBarVisible' is assigned but its value is never used [D:\AB3\clnsr_prjct\CleanserBlazorUI\CleanserBlazorUI.csproj]
         D:\AB3\clnsr_prjct\CleanserBlazorUI\Components\Pages\Home.razor(283,10): warning CS0414: The field 'Home._isRunning' is assigned but its value is never used [D:\AB3\clnsr_prjct\CleanserBlazorUI\CleanserBlazorUI.csproj]
         D:\AB3\clnsr_prjct\CleanserBlazorUI\Components\Pages\Home.razor(323,12): warning CS0414: The field 'Home._buttonText' is assigned but its value is never used [D:\AB3\clnsr_prjct\CleanserBlazorUI\CleanserBlazorUI.csproj]
         D:\AB3\clnsr_prjct\CleanserBlazorUI\Components\Pages\Ref.razor(223,18): warning CS0414: The field 'Ref.IsProcessingExcelLoadingBarVisible' is assigned but its value is never used [D:\AB3\clnsr_prjct\CleanserBlazorUI\CleanserBlazorUI.csproj]
         D:\AB3\clnsr_prjct\CleanserBlazorUI\Components\Pages\Home.razor(322,12): warning CS0414: The field 'Home.showMainPage' is assigned but its value is never used [D:\AB3\clnsr_prjct\CleanserBlazorUI\CleanserBlazorUI.csproj]
         D:\AB3\clnsr_prjct\CleanserBlazorUI\Components\Pages\Ref.razor(245,9): warning CS0414: The field 'Ref.countclick' is assigned but its value is never used [D:\AB3\clnsr_prjct\CleanserBlazorUI\CleanserBlazorUI.csproj]
         D:\AB3\clnsr_prjct\CleanserBlazorUI\Components\Pages\Ref.razor(235,9): warning CS0414: The field 'Ref.currentRowCount' is assigned but its value is never used [D:\AB3\clnsr_prjct\CleanserBlazorUI\CleanserBlazorUI.csproj]
         D:\AB3\clnsr_prjct\CleanserBlazorUI\Components\Pages\Home.razor(292,9): warning CS0414: The field 'Home.FILE_NAME_LENGHT' is assigned but its value is never used [D:\AB3\clnsr_prjct\CleanserBlazorUI\CleanserBlazorUI.csproj]
         D:\AB3\clnsr_prjct\CleanserBlazorUI\Components\Pages\Home.razor(321,12): warning CS0414: The field 'Home.showSkeleton' is assigned but its value is never used [D:\AB3\clnsr_prjct\CleanserBlazorUI\CleanserBlazorUI.csproj]
         D:\AB3\clnsr_prjct\CleanserBlazorUI\Components\Pages\Ref.razor(209,18): warning CS0414: The field 'Ref._isRunning' is assigned but its value is never used [D:\AB3\clnsr_prjct\CleanserBlazorUI\CleanserBlazorUI.csproj]
         D:\AB3\clnsr_prjct\CleanserBlazorUI\Components\Pages\Businessnames.razor(1,1): warning MUD0002: Illegal Attribute 'Icon' on 'MudButton' using pattern 'LowerCase' source location '(462,20)-(470,21)' (https://mudblazor.com/features/analyzers) [D:\AB3\clnsr_prjct\CleanserBlazorUI\CleanserBlazorUI.csproj]
         D:\AB3\clnsr_prjct\CleanserBlazorUI\Components\Pages\Businessnames.razor(1,1): warning MUD0002: Illegal Attribute 'Icon' on 'MudButton' using pattern 'LowerCase' source location '(512,20)-(520,21)' (https://mudblazor.com/features/analyzers) [D:\AB3\clnsr_prjct\CleanserBlazorUI\CleanserBlazorUI.csproj]
         D:\AB3\clnsr_prjct\CleanserBlazorUI\Components\Pages\BusinessNamesNormalizer.razor(1,1): warning MUD0002: Illegal Attribute 'Icon' on 'MudButton' using pattern 'LowerCase' source location '(407,20)-(415,21)' (https://mudblazor.com/features/analyzers) [D:\AB3\clnsr_prjct\CleanserBlazorUI\CleanserBlazorUI.csproj]
         D:\AB3\clnsr_prjct\CleanserBlazorUI\Components\Pages\BusinessNamesNormalizer.razor(1,1): warning MUD0002: Illegal Attribute 'Icon' on 'MudButton' using pattern 'LowerCase' source location '(449,20)-(457,21)' (https://mudblazor.com/features/analyzers) [D:\AB3\clnsr_prjct\CleanserBlazorUI\CleanserBlazorUI.csproj]
         D:\AB3\clnsr_prjct\CleanserBlazorUI\Components\Pages\BusinessNamesNormalizer.razor(1,1): warning MUD0002: Illegal Attribute 'Icon' on 'MudButton' using pattern 'LowerCase' source location '(491,20)-(499,21)' (https://mudblazor.com/features/analyzers) [D:\AB3\clnsr_prjct\CleanserBlazorUI\CleanserBlazorUI.csproj]
         D:\AB3\clnsr_prjct\CleanserBlazorUI\Components\Pages\BusinessNamesNormalizer.razor(1,1): warning MUD0002: Illegal Attribute 'Icon' on 'MudButton' using pattern 'LowerCase' source location '(533,20)-(541,21)' (https://mudblazor.com/features/analyzers) [D:\AB3\clnsr_prjct\CleanserBlazorUI\CleanserBlazorUI.csproj]
         D:\AB3\clnsr_prjct\CleanserBlazorUI\Components\Pages\BusinessNamesNormalizer.razor(1,1): warning MUD0002: Illegal Attribute 'Icon' on 'MudButton' using pattern 'LowerCase' source location '(575,20)-(583,21)' (https://mudblazor.com/features/analyzers) [D:\AB3\clnsr_prjct\CleanserBlazorUI\CleanserBlazorUI.csproj]
         D:\AB3\clnsr_prjct\CleanserBlazorUI\Components\Pages\BusinessNamesNormalizer.razor(1,1): warning MUD0002: Illegal Attribute 'Icon' on 'MudButton' using pattern 'LowerCase' source location '(830,20)-(838,21)' (https://mudblazor.com/features/analyzers) [D:\AB3\clnsr_prjct\CleanserBlazorUI\CleanserBlazorUI.csproj]
         D:\AB3\clnsr_prjct\CleanserBlazorUI\Components\Pages\BusinessNamesNormalizer.razor(1,1): warning MUD0002: Illegal Attribute 'Icon' on 'MudButton' using pattern 'LowerCase' source location '(872,20)-(880,21)' (https://mudblazor.com/features/analyzers) [D:\AB3\clnsr_prjct\CleanserBlazorUI\CleanserBlazorUI.csproj]
         D:\AB3\clnsr_prjct\CleanserBlazorUI\Components\Pages\Manageroles.razor(1,1): warning MUD0002: Illegal Attribute 'Icon' on 'MudButton' using pattern 'LowerCase' source location '(526,20)-(534,21)' (https://mudblazor.com/features/analyzers) [D:\AB3\clnsr_prjct\CleanserBlazorUI\CleanserBlazorUI.csproj]
         D:\AB3\clnsr_prjct\CleanserBlazorUI\Components\Pages\Manageroles.razor(1,1): warning MUD0002: Illegal Attribute 'Icon' on 'MudButton' using pattern 'LowerCase' source location '(593,20)-(601,21)' (https://mudblazor.com/features/analyzers) [D:\AB3\clnsr_prjct\CleanserBlazorUI\CleanserBlazorUI.csproj]
         D:\AB3\clnsr_prjct\CleanserBlazorUI\Components\Pages\Manageroles.razor(1,1): warning MUD0002: Illegal Attribute 'Icon' on 'MudButton' using pattern 'LowerCase' source location '(715,20)-(723,21)' (https://mudblazor.com/features/analyzers) [D:\AB3\clnsr_prjct\CleanserBlazorUI\CleanserBlazorUI.csproj]
         D:\AB3\clnsr_prjct\CleanserBlazorUI\Components\Pages\Manageroles.razor(1,1): warning MUD0002: Illegal Attribute 'Icon' on 'MudButton' using pattern 'LowerCase' source location '(765,20)-(773,21)' (https://mudblazor.com/features/analyzers) [D:\AB3\clnsr_prjct\CleanserBlazorUI\CleanserBlazorUI.csproj]

    1387 Warning(s)
    0 Error(s)

Time Elapsed 00:00:20.96
